tools/scaninc/scaninc -M build/emerald/data/event_scripts.d -g build/assets -I include -I "" data/event_scripts.s
python3 tools/learnset_helpers/make_tutors.py tools/learnset_helpers/build/all_tutors.json
/usr/lib/gcc/arm-none-eabi/10.3.1/cc1 -quiet <flags> -o build/emerald/src/assertf.o src/assertf.c
/usr/lib/gcc/arm-none-eabi/10.3.1/cc1 -quiet <flags> -o build/emerald/src/battle_factory_screen.o src/battle_factory_screen.c
/usr/lib/gcc/arm-none-eabi/10.3.1/cc1 -quiet <flags> -o build/emerald/src/battle_gimmick.o src/battle_gimmick.c
/usr/lib/gcc/arm-none-eabi/10.3.1/cc1 -quiet <flags> -o build/emerald/src/battle_interface.o src/battle_interface.c
/usr/lib/gcc/arm-none-eabi/10.3.1/cc1 -quiet <flags> -o build/emerald/src/battle_records.o src/battle_records.c
tools/compresSmol/compresSmol -w build/assets/graphics/battle_interface/level_up_banner.png.4bpp build/assets/graphics/battle_interface/level_up_banner.png.4bpp.smol
tools/compresSmol/compresSmol -w build/assets/graphics/battle_transitions/frontier_logo.png.4bpp build/assets/graphics/battle_transitions/frontier_logo.png.4bpp.smol
tools/compresSmol/compresSmol -w build/assets/graphics/battle_transitions/groudon.png.4bpp build/assets/graphics/battle_transitions/groudon.png.4bpp.smol
tools/compresSmol/compresSmol -w build/assets/graphics/battle_transitions/kyogre.png.4bpp build/assets/graphics/battle_transitions/kyogre.png.4bpp.smol
tools/compresSmol/compresSmol -w build/assets/graphics/battle_transitions/team_aqua.png.4bpp build/assets/graphics/battle_transitions/team_aqua.png.4bpp.smol
tools/compresSmol/compresSmol -w build/assets/graphics/battle_transitions/team_magma.png.4bpp build/assets/graphics/battle_transitions/team_magma.png.4bpp.smol
tools/compresSmol/compresSmol -w build/assets/graphics/battle_transitions/frontier_logo_center.png_num_tiles_43__Wnum_tiles.4bpp build/assets/graphics/battle_transitions/frontier_logo_center.png_num_tiles_43__Wnum_tiles.4bpp.smol
tools/compresSmol/compresSmol -w build/assets/graphics/battle_transitions/frontier_logo_circles.png.4bpp build/assets/graphics/battle_transitions/frontier_logo_circles.png.4bpp.smol
/usr/lib/gcc/arm-none-eabi/10.3.1/cc1 -quiet <flags> -o build/emerald/src/berry_blender.o src/berry_blender.c
tools/compresSmol/compresSmol -w build/assets/graphics/berry_crush/crusher_base.png.4bpp build/assets/graphics/berry_crush/crusher_base.png.4bpp.smol
tools/compresSmol/compresSmol -w build/assets/graphics/berry_crush/impact.png.4bpp build/assets/graphics/berry_crush/impact.png.4bpp.smol
tools/compresSmol/compresSmol -w build/assets/graphics/berry_crush/sparkle.png.4bpp build/assets/graphics/berry_crush/sparkle.png.4bpp.smol
tools/compresSmol/compresSmol -w build/assets/graphics/berry_crush/timer_digits.png.4bpp build/assets/graphics/berry_crush/timer_digits.png.4bpp.smol
/usr/lib/gcc/arm-none-eabi/10.3.1/cc1 -quiet <flags> -o build/emerald/src/berry_fix_program.o src/berry_fix_program.c
/usr/lib/gcc/arm-none-eabi/10.3.1/cc1 -quiet <flags> -o build/emerald/src/berry_tag_screen.o src/berry_tag_screen.c
/usr/lib/gcc/arm-none-eabi/10.3.1/cc1 -quiet <flags> -o build/emerald/src/braille.o src/braille.c
/usr/lib/gcc/arm-none-eabi/10.3.1/cc1 -quiet <flags> -o build/emerald/src/cable_car.o src/cable_car.c
/usr/lib/gcc/arm-none-eabi/10.3.1/cc1 -quiet <flags> -o build/emerald/src/contest.o src/contest.c
tools/compresSmol/compresSmol -w build/assets/graphics/picture_frame/beauty.png.4bpp build/assets/graphics/picture_frame/beauty.png.4bpp.smol
tools/compresSmol/compresSmol -w build/assets/graphics/picture_frame/cool.png.4bpp build/assets/graphics/picture_frame/cool.png.4bpp.smol
tools/compresSmol/compresSmol -w build/assets/graphics/picture_frame/cute.png.4bpp build/assets/graphics/picture_frame/cute.png.4bpp.smol
tools/compresSmol/compresSmol -w build/assets/graphics/picture_frame/lobby.png_num_tiles_86__Wnum_tiles.4bpp build/assets/graphics/picture_frame/lobby.png_num_tiles_86__Wnum_tiles.4bpp.smol
tools/compresSmol/compresSmol -w build/assets/graphics/picture_frame/smart.png.4bpp build/assets/graphics/picture_frame/smart.png.4bpp.smol
tools/compresSmol/compresSmol -w build/assets/graphics/picture_frame/tough.png.4bpp build/assets/graphics/picture_frame/tough.png.4bpp.smol
/usr/lib/gcc/arm-none-eabi/10.3.1/cc1 -quiet <flags> -o build/emerald/src/contest_util.o src/contest_util.c
tools/compresSmol/compresSmol -w build/assets/graphics/credits/the_end_copyright.png.4bpp build/assets/graphics/credits/the_end_copyright.png.4bpp.smol
tools/compresSmol/compresSmol -w build/assets/graphics/credits_frlg/blastoise_1.png.4bpp build/assets/graphics/credits_frlg/blastoise_1.png.4bpp.smol
tools/compresSmol/compresSmol -w build/assets/graphics/credits_frlg/blastoise_2.png.4bpp build/assets/graphics/credits_frlg/blastoise_2.png.4bpp.smol
tools/compresSmol/compresSmol -w build/assets/graphics/credits_frlg/charizard_1.png.4bpp build/assets/graphics/credits_frlg/charizard_1.png.4bpp.smol
tools/compresSmol/compresSmol -w build/assets/graphics/credits_frlg/charizard_2.png.4bpp build/assets/graphics/credits_frlg/charizard_2.png.4bpp.smol
tools/compresSmol/compresSmol -w build/assets/graphics/credits_frlg/copyright.png.4bpp build/assets/graphics/credits_frlg/copyright.png.4bpp.smol
tools/compresSmol/compresSmol -w build/assets/graphics/credits_frlg/ground_city.png.4bpp build/assets/graphics/credits_frlg/ground_city.png.4bpp.smol
tools/compresSmol/compresSmol -w build/assets/graphics/credits_frlg/ground_dirt.png.4bpp build/assets/graphics/credits_frlg/ground_dirt.png.4bpp.smol
tools/compresSmol/compresSmol -w build/assets/graphics/credits_frlg/ground_grass.png.4bpp build/assets/graphics/credits_frlg/ground_grass.png.4bpp.smol
tools/compresSmol/compresSmol -w build/assets/graphics/credits_frlg/pikachu_1.png.4bpp build/assets/graphics/credits_frlg/pikachu_1.png.4bpp.smol
tools/compresSmol/compresSmol -w build/assets/graphics/credits_frlg/pikachu_2.png.4bpp build/assets/graphics/credits_frlg/pikachu_2.png.4bpp.smol
tools/compresSmol/compresSmol -w build/assets/graphics/credits_frlg/player_female.png.4bpp build/assets/graphics/credits_frlg/player_female.png.4bpp.smol
tools/compresSmol/compresSmol -w build/assets/graphics/credits_frlg/player_male.png.4bpp build/assets/graphics/credits_frlg/player_male.png.4bpp.smol
tools/compresSmol/compresSmol -w build/assets/graphics/credits_frlg/pokeball.png.4bpp build/assets/graphics/credits_frlg/pokeball.png.4bpp.smol
tools/compresSmol/compresSmol -w build/assets/graphics/credits_frlg/rival.png.4bpp build/assets/graphics/credits_frlg/rival.png.4bpp.smol
tools/compresSmol/compresSmol -w build/assets/graphics/credits_frlg/the_end.png.4bpp build/assets/graphics/credits_frlg/the_end.png.4bpp.smol
tools/compresSmol/compresSmol -w build/assets/graphics/credits_frlg/venusaur_1.png.4bpp build/assets/graphics/credits_frlg/venusaur_1.png.4bpp.smol
tools/compresSmol/compresSmol -w build/assets/graphics/credits_frlg/venusaur_2.png.4bpp build/assets/graphics/credits_frlg/venusaur_2.png.4bpp.smol
tools/compresSmol/compresSmol -w build/assets/graphics/credits_frlg/venusaur_unused.png.4bpp build/assets/graphics/credits_frlg/venusaur_unused.png.4bpp.smol
tools/compresSmol/compresSmol -w build/assets/graphics/credits_frlg/white_circle.png.8bpp build/assets/graphics/credits_frlg/white_circle.png.8bpp.smol
tools/compresSmol/compresSmol -w build/assets/graphics/link/minigame_digits.png.4bpp build/assets/graphics/link/minigame_digits.png.4bpp.smol
tools/compresSmol/compresSmol -w build/assets/graphics/link/minigame_digits2.png.4bpp build/assets/graphics/link/minigame_digits2.png.4bpp.smol
/usr/lib/gcc/arm-none-eabi/10.3.1/cc1 -quiet <flags> -o build/emerald/src/decoration.o src/decoration.c
tools/compresSmol/compresSmol -w build/assets/graphics/dexnav/captured_all.png.4bpp build/assets/graphics/dexnav/captured_all.png.4bpp.smol
tools/compresSmol/compresSmol -w build/assets/graphics/dexnav/cursor.png.4bpp build/assets/graphics/dexnav/cursor.png.4bpp.smol
tools/compresSmol/compresSmol -w build/assets/graphics/dexnav/gui_tiles.png.4bpp build/assets/graphics/dexnav/gui_tiles.png.4bpp.smol
tools/compresSmol/compresSmol -w build/assets/graphics/dexnav/hidden.png.4bpp build/assets/graphics/dexnav/hidden.png.4bpp.smol
tools/compresSmol/compresSmol -w build/assets/graphics/dexnav/hidden_search.png.4bpp build/assets/graphics/dexnav/hidden_search.png.4bpp.smol
tools/compresSmol/compresSmol -w build/assets/graphics/dexnav/no_data.png.4bpp build/assets/graphics/dexnav/no_data.png.4bpp.smol
tools/compresSmol/compresSmol -w build/assets/graphics/dexnav/owned_icon.png.4bpp build/assets/graphics/dexnav/owned_icon.png.4bpp.smol
tools/compresSmol/compresSmol -w build/assets/graphics/dexnav/star.png.4bpp build/assets/graphics/dexnav/star.png.4bpp.smol
tools/compresSmol/compresSmol -w build/assets/graphics/diploma/tiles.png.4bpp build/assets/graphics/diploma/tiles.png.4bpp.smol
tools/compresSmol/compresSmol -w build/assets/graphics/dodrio_berry_picking/berries.png.4bpp build/assets/graphics/dodrio_berry_picking/berries.png.4bpp.smol
tools/compresSmol/compresSmol -w build/assets/graphics/dodrio_berry_picking/bg.png.4bpp build/assets/graphics/dodrio_berry_picking/bg.png.4bpp.smol
tools/compresSmol/compresSmol -w build/assets/graphics/dodrio_berry_picking/cloud.png.4bpp build/assets/graphics/dodrio_berry_picking/cloud.png.4bpp.smol
tools/compresSmol/compresSmol -w build/assets/graphics/dodrio_berry_picking/dodrio.png.4bpp build/assets/graphics/dodrio_berry_picking/dodrio.png.4bpp.smol
tools/compresSmol/compresSmol -w build/assets/graphics/dodrio_berry_picking/status.png.4bpp build/assets/graphics/dodrio_berry_picking/status.png.4bpp.smol
tools/compresSmol/compresSmol -w build/assets/graphics/dodrio_berry_picking/tree_border.png.4bpp build/assets/graphics/dodrio_berry_picking/tree_border.png.4bpp.smol
tools/compresSmol/compresSmol -w graphics/dodrio_berry_picking/berries.4bpp graphics/dodrio_berry_picking/berries.4bpp.smol
tools/compresSmol/compresSmol -w graphics/dodrio_berry_picking/bg.4bpp graphics/dodrio_berry_picking/bg.4bpp.smol
tools/compresSmol/compresSmol -w graphics/dodrio_berry_picking/cloud.4bpp graphics/dodrio_berry_picking/cloud.4bpp.smol
tools/compresSmol/compresSmol -w graphics/dodrio_berry_picking/dodrio.4bpp graphics/dodrio_berry_picking/dodrio.4bpp.smol
tools/compresSmol/compresSmol -w graphics/dodrio_berry_picking/status.4bpp graphics/dodrio_berry_picking/status.4bpp.smol
tools/compresSmol/compresSmol -w graphics/dodrio_berry_picking/tree_border.4bpp graphics/dodrio_berry_picking/tree_border.4bpp.smol
tools/compresSmol/compresSmol -w build/assets/graphics/easy_chat/interview_frame.png.4bpp build/assets/graphics/easy_chat/interview_frame.png.4bpp.smol
tools/compresSmol/compresSmol -w build/assets/graphics/easy_chat/text_input_frame.png.4bpp build/assets/graphics/easy_chat/text_input_frame.png.4bpp.smol
/usr/lib/gcc/arm-none-eabi/10.3.1/cc1 -quiet <flags> -o build/emerald/src/egg_hatch.o src/egg_hatch.c
/usr/lib/gcc/arm-none-eabi/10.3.1/cc1 -quiet <flags> -o build/emerald/src/event_object_movement.o src/event_object_movement.c
tools/compresSmol/compresSmol -w build/assets/graphics/misc/evo_sparkle.png.4bpp build/assets/graphics/misc/evo_sparkle.png.4bpp.smol
tools/compresSmol/compresSmol -w build/assets/graphics/evolution_scene/bg.png.4bpp build/assets/graphics/evolution_scene/bg.png.4bpp.smol
tools/compresSmol/compresSmol -w build/assets/graphics/expansion_intro/powered_by.png.4bpp build/assets/graphics/expansion_intro/powered_by.png.4bpp.smol
tools/compresSmol/compresSmol -w build/assets/graphics/expansion_intro/rhh_credits.png.8bpp build/assets/graphics/expansion_intro/rhh_credits.png.8bpp.smol
tools/compresSmol/compresSmol -w build/assets/graphics/expansion_intro/sprites/dizzy_egg.png.4bpp build/assets/graphics/expansion_intro/sprites/dizzy_egg.png.4bpp.smol
tools/compresSmol/compresSmol -w build/assets/graphics/expansion_intro/sprites/porygon.png.4bpp build/assets/graphics/expansion_intro/sprites/porygon.png.4bpp.smol
/usr/lib/gcc/arm-none-eabi/10.3.1/cc1 -quiet <flags> -o build/emerald/src/field_door.o src/field_door.c
/usr/lib/gcc/arm-none-eabi/10.3.1/cc1 -quiet <flags> -o build/emerald/src/field_effect.o src/field_effect.c
/usr/lib/gcc/arm-none-eabi/10.3.1/cc1 -quiet <flags> -o build/emerald/src/field_name_box.o src/field_name_box.c
/usr/lib/gcc/arm-none-eabi/10.3.1/cc1 -quiet <flags> -o build/emerald/src/field_specials.o src/field_specials.c
/usr/lib/gcc/arm-none-eabi/10.3.1/cc1 -quiet <flags> -o build/emerald/src/field_weather.o src/field_weather.c
/usr/lib/gcc/arm-none-eabi/10.3.1/cc1 -quiet <flags> -o build/emerald/src/field_weather_effect.o src/field_weather_effect.c
tools/compresSmol/compresSmol -w build/assets/graphics/cave_transition/tiles.png.4bpp build/assets/graphics/cave_transition/tiles.png.4bpp.smol
/usr/lib/gcc/arm-none-eabi/10.3.1/cc1 -quiet <flags> -o build/emerald/src/fldeff_misc.o src/fldeff_misc.c
/usr/lib/gcc/arm-none-eabi/10.3.1/cc1 -quiet <flags> -o build/emerald/src/fonts.o src/fonts.c
tools/compresSmol/compresSmol -w build/assets/graphics/frontier_pass/cursor.png.4bpp build/assets/graphics/frontier_pass/cursor.png.4bpp.smol
tools/compresSmol/compresSmol -w build/assets/graphics/frontier_pass/map_cursor.png.4bpp build/assets/graphics/frontier_pass/map_cursor.png.4bpp.smol
tools/compresSmol/compresSmol -w build/assets/graphics/frontier_pass/map_heads.png.4bpp build/assets/graphics/frontier_pass/map_heads.png.4bpp.smol
tools/compresSmol/compresSmol -w build/assets/graphics/frontier_pass/map_screen.png.4bpp build/assets/graphics/frontier_pass/map_screen.png.4bpp.smol
tools/compresSmol/compresSmol -w build/assets/data/tilesets/primary/general/tiles.png.4bpp build/assets/data/tilesets/primary/general/tiles.png.4bpp.smol
tools/compresSmol/compresSmol -w build/assets/graphics/bag/bag_female.png.4bpp build/assets/graphics/bag/bag_female.png.4bpp.smol
tools/compresSmol/compresSmol -w build/assets/graphics/bag/bag_male.png.4bpp build/assets/graphics/bag/bag_male.png.4bpp.smol
tools/compresSmol/compresSmol -w build/assets/graphics/bag/bag_pyramid.png.4bpp build/assets/graphics/bag/bag_pyramid.png.4bpp.smol
tools/compresSmol/compresSmol -w build/assets/graphics/bag/check_berry.png.4bpp build/assets/graphics/bag/check_berry.png.4bpp.smol
tools/compresSmol/compresSmol -w build/assets/graphics/bag/check_berry_circle.png.4bpp build/assets/graphics/bag/check_berry_circle.png.4bpp.smol
tools/compresSmol/compresSmol -w build/assets/graphics/bag/menu.png_num_tiles_53__Wnum_tiles.4bpp build/assets/graphics/bag/menu.png_num_tiles_53__Wnum_tiles.4bpp.smol
tools/compresSmol/compresSmol -w build/assets/graphics/balls/beast.png.4bpp build/assets/graphics/balls/beast.png.4bpp.smol
tools/compresSmol/compresSmol -w build/assets/graphics/balls/cherish.png.4bpp build/assets/graphics/balls/cherish.png.4bpp.smol
tools/compresSmol/compresSmol -w build/assets/graphics/balls/dive.png.4bpp build/assets/graphics/balls/dive.png.4bpp.smol
tools/compresSmol/compresSmol -w build/assets/graphics/balls/dream.png.4bpp build/assets/graphics/balls/dream.png.4bpp.smol
tools/compresSmol/compresSmol -w build/assets/graphics/balls/dusk.png.4bpp build/assets/graphics/balls/dusk.png.4bpp.smol
tools/compresSmol/compresSmol -w build/assets/graphics/balls/fast.png.4bpp build/assets/graphics/balls/fast.png.4bpp.smol
tools/compresSmol/compresSmol -w build/assets/graphics/balls/friend.png.4bpp build/assets/graphics/balls/friend.png.4bpp.smol
tools/compresSmol/compresSmol -w build/assets/graphics/balls/great.png.4bpp build/assets/graphics/balls/great.png.4bpp.smol
tools/compresSmol/compresSmol -w build/assets/graphics/balls/heal.png.4bpp build/assets/graphics/balls/heal.png.4bpp.smol
tools/compresSmol/compresSmol -w build/assets/graphics/balls/heavy.png.4bpp build/assets/graphics/balls/heavy.png.4bpp.smol
tools/compresSmol/compresSmol -w build/assets/graphics/balls/level.png.4bpp build/assets/graphics/balls/level.png.4bpp.smol
tools/compresSmol/compresSmol -w build/assets/graphics/balls/love.png.4bpp build/assets/graphics/balls/love.png.4bpp.smol
tools/compresSmol/compresSmol -w build/assets/graphics/balls/lure.png.4bpp build/assets/graphics/balls/lure.png.4bpp.smol
tools/compresSmol/compresSmol -w build/assets/graphics/balls/luxury.png.4bpp build/assets/graphics/balls/luxury.png.4bpp.smol
tools/compresSmol/compresSmol -w build/assets/graphics/balls/master.png.4bpp build/assets/graphics/balls/master.png.4bpp.smol
tools/compresSmol/compresSmol -w build/assets/graphics/balls/moon.png.4bpp build/assets/graphics/balls/moon.png.4bpp.smol
tools/compresSmol/compresSmol -w build/assets/graphics/balls/nest.png.4bpp build/assets/graphics/balls/nest.png.4bpp.smol
tools/compresSmol/compresSmol -w build/assets/graphics/balls/net.png.4bpp build/assets/graphics/balls/net.png.4bpp.smol
tools/compresSmol/compresSmol -w build/assets/graphics/balls/open.png.4bpp build/assets/graphics/balls/open.png.4bpp.smol
tools/compresSmol/compresSmol -w build/assets/graphics/balls/park.png.4bpp build/assets/graphics/balls/park.png.4bpp.smol
tools/compresSmol/compresSmol -w build/assets/graphics/balls/poke.png.4bpp build/assets/graphics/balls/poke.png.4bpp.smol
tools/compresSmol/compresSmol -w build/assets/graphics/balls/premier.png.4bpp build/assets/graphics/balls/premier.png.4bpp.smol
tools/compresSmol/compresSmol -w build/assets/graphics/balls/quick.png.4bpp build/assets/graphics/balls/quick.png.4bpp.smol
tools/compresSmol/compresSmol -w build/assets/graphics/balls/repeat.png.4bpp build/assets/graphics/balls/repeat.png.4bpp.smol
tools/compresSmol/compresSmol -w build/assets/graphics/balls/safari.png.4bpp build/assets/graphics/balls/safari.png.4bpp.smol
tools/compresSmol/compresSmol -w build/assets/graphics/balls/sport.png.4bpp build/assets/graphics/balls/sport.png.4bpp.smol
tools/compresSmol/compresSmol -w build/assets/graphics/balls/strange.png.4bpp build/assets/graphics/balls/strange.png.4bpp.smol
tools/compresSmol/compresSmol -w build/assets/graphics/balls/timer.png.4bpp build/assets/graphics/balls/timer.png.4bpp.smol
tools/compresSmol/compresSmol -w build/assets/graphics/balls/ultra.png.4bpp build/assets/graphics/balls/ultra.png.4bpp.smol
tools/compresSmol/compresSmol -w build/assets/graphics/battle_anims/backgrounds/aeroblast_tiles.png.4bpp build/assets/graphics/battle_anims/backgrounds/aeroblast_tiles.png.4bpp.smol
tools/compresSmol/compresSmol -w build/assets/graphics/battle_anims/backgrounds/attract.png.4bpp build/assets/graphics/battle_anims/backgrounds/attract.png.4bpp.smol
tools/compresSmol/compresSmol -w build/assets/graphics/battle_anims/backgrounds/aurora.png.4bpp build/assets/graphics/battle_anims/backgrounds/aurora.png.4bpp.smol
tools/compresSmol/compresSmol -w build/assets/graphics/battle_anims/backgrounds/blackhole_eclipse.png.4bpp build/assets/graphics/battle_anims/backgrounds/blackhole_eclipse.png.4bpp.smol
tools/compresSmol/compresSmol -w build/assets/graphics/battle_anims/backgrounds/bloom_doom.png.4bpp build/assets/graphics/battle_anims/backgrounds/bloom_doom.png.4bpp.smol
tools/compresSmol/compresSmol -w build/assets/graphics/battle_anims/backgrounds/bolt_strike.png.4bpp build/assets/graphics/battle_anims/backgrounds/bolt_strike.png.4bpp.smol
tools/compresSmol/compresSmol -w build/assets/graphics/battle_anims/backgrounds/clangorous_soulblaze.png.4bpp build/assets/graphics/battle_anims/backgrounds/clangorous_soulblaze.png.4bpp.smol
tools/compresSmol/compresSmol -w build/assets/graphics/battle_anims/backgrounds/cosmic.png.4bpp build/assets/graphics/battle_anims/backgrounds/cosmic.png.4bpp.smol
tools/compresSmol/compresSmol -w build/assets/graphics/battle_anims/backgrounds/dark.png.4bpp build/assets/graphics/battle_anims/backgrounds/dark.png.4bpp.smol
tools/compresSmol/compresSmol -w build/assets/graphics/battle_anims/backgrounds/drill.png.4bpp build/assets/graphics/battle_anims/backgrounds/drill.png.4bpp.smol
tools/compresSmol/compresSmol -w build/assets/graphics/battle_anims/backgrounds/electric_terrain.png.4bpp build/assets/graphics/battle_anims/backgrounds/electric_terrain.png.4bpp.smol
tools/compresSmol/compresSmol -w build/assets/graphics/battle_anims/backgrounds/fire1.png.4bpp build/assets/graphics/battle_anims/backgrounds/fire1.png.4bpp.smol
tools/compresSmol/compresSmol -w build/assets/graphics/battle_anims/backgrounds/fissure.png.4bpp build/assets/graphics/battle_anims/backgrounds/fissure.png.4bpp.smol
tools/compresSmol/compresSmol -w build/assets/graphics/battle_anims/backgrounds/focus_blast.png.4bpp build/assets/graphics/battle_anims/backgrounds/focus_blast.png.4bpp.smol
tools/compresSmol/compresSmol -w build/assets/graphics/battle_anims/backgrounds/ghost.png.4bpp build/assets/graphics/battle_anims/backgrounds/ghost.png.4bpp.smol
tools/compresSmol/compresSmol -w build/assets/graphics/battle_anims/backgrounds/giga_impact.png.4bpp build/assets/graphics/battle_anims/backgrounds/giga_impact.png.4bpp.smol
tools/compresSmol/compresSmol -w build/assets/graphics/battle_anims/backgrounds/giga_impact_contest.png.4bpp build/assets/graphics/battle_anims/backgrounds/giga_impact_contest.png.4bpp.smol
tools/compresSmol/compresSmol -w build/assets/graphics/battle_anims/backgrounds/grassy_terrain.png.4bpp build/assets/graphics/battle_anims/backgrounds/grassy_terrain.png.4bpp.smol
tools/compresSmol/compresSmol -w build/assets/graphics/battle_anims/backgrounds/guillotine.png.4bpp build/assets/graphics/battle_anims/backgrounds/guillotine.png.4bpp.smol
tools/compresSmol/compresSmol -w build/assets/graphics/battle_anims/backgrounds/highspeed.png.4bpp build/assets/graphics/battle_anims/backgrounds/highspeed.png.4bpp.smol
tools/compresSmol/compresSmol -w build/assets/graphics/battle_anims/backgrounds/hurricane.png.4bpp build/assets/graphics/battle_anims/backgrounds/hurricane.png.4bpp.smol
tools/compresSmol/compresSmol -w build/assets/graphics/battle_anims/backgrounds/hydro_cannon.png.4bpp build/assets/graphics/battle_anims/backgrounds/hydro_cannon.png.4bpp.smol
tools/compresSmol/compresSmol -w build/assets/graphics/battle_anims/backgrounds/hydro_pump.png.4bpp build/assets/graphics/battle_anims/backgrounds/hydro_pump.png.4bpp.smol
tools/compresSmol/compresSmol -w build/assets/graphics/battle_anims/backgrounds/ice.png.4bpp build/assets/graphics/battle_anims/backgrounds/ice.png.4bpp.smol
tools/compresSmol/compresSmol -w build/assets/graphics/battle_anims/backgrounds/impact.png.4bpp build/assets/graphics/battle_anims/backgrounds/impact.png.4bpp.smol
tools/compresSmol/compresSmol -w build/assets/graphics/battle_anims/backgrounds/in_air.png.4bpp build/assets/graphics/battle_anims/backgrounds/in_air.png.4bpp.smol
tools/compresSmol/compresSmol -w build/assets/graphics/battle_anims/backgrounds/inferno_overdrive.png.4bpp build/assets/graphics/battle_anims/backgrounds/inferno_overdrive.png.4bpp.smol
tools/compresSmol/compresSmol -w build/assets/graphics/battle_anims/backgrounds/leaf_storm.png.4bpp build/assets/graphics/battle_anims/backgrounds/leaf_storm.png.4bpp.smol
tools/compresSmol/compresSmol -w build/assets/graphics/battle_anims/backgrounds/malicious_moonsault.png.4bpp build/assets/graphics/battle_anims/backgrounds/malicious_moonsault.png.4bpp.smol
tools/compresSmol/compresSmol -w build/assets/graphics/battle_anims/backgrounds/max_lightning.png.4bpp build/assets/graphics/battle_anims/backgrounds/max_lightning.png.4bpp.smol
tools/compresSmol/compresSmol -w build/assets/graphics/battle_anims/backgrounds/misty_terrain.png.4bpp build/assets/graphics/battle_anims/backgrounds/misty_terrain.png.4bpp.smol
tools/compresSmol/compresSmol -w build/assets/graphics/battle_anims/backgrounds/neverending_nightmare.png.4bpp build/assets/graphics/battle_anims/backgrounds/neverending_nightmare.png.4bpp.smol
tools/compresSmol/compresSmol -w build/assets/graphics/battle_anims/backgrounds/new_electric_terrain.png.4bpp build/assets/graphics/battle_anims/backgrounds/new_electric_terrain.png.4bpp.smol
tools/compresSmol/compresSmol -w build/assets/graphics/battle_anims/backgrounds/new_grassy_terrain.png.4bpp build/assets/graphics/battle_anims/backgrounds/new_grassy_terrain.png.4bpp.smol
tools/compresSmol/compresSmol -w build/assets/graphics/battle_anims/backgrounds/new_misty_terrain.png.4bpp build/assets/graphics/battle_anims/backgrounds/new_misty_terrain.png.4bpp.smol
tools/compresSmol/compresSmol -w build/assets/graphics/battle_anims/backgrounds/new_psychic_terrain.png.4bpp build/assets/graphics/battle_anims/backgrounds/new_psychic_terrain.png.4bpp.smol
tools/compresSmol/compresSmol -w build/assets/graphics/battle_anims/backgrounds/nightmare.png.4bpp build/assets/graphics/battle_anims/backgrounds/nightmare.png.4bpp.smol
tools/compresSmol/compresSmol -w build/assets/graphics/battle_anims/backgrounds/psychic.png.4bpp build/assets/graphics/battle_anims/backgrounds/psychic.png.4bpp.smol
tools/compresSmol/compresSmol -w build/assets/graphics/battle_anims/backgrounds/psychic_terrain.png.4bpp build/assets/graphics/battle_anims/backgrounds/psychic_terrain.png.4bpp.smol
tools/compresSmol/compresSmol -w build/assets/graphics/battle_anims/backgrounds/rainbow_opponent_tile.png.4bpp build/assets/graphics/battle_anims/backgrounds/rainbow_opponent_tile.png.4bpp.smol
tools/compresSmol/compresSmol -w build/assets/graphics/battle_anims/backgrounds/rainbow_player_tile.png.4bpp build/assets/graphics/battle_anims/backgrounds/rainbow_player_tile.png.4bpp.smol
tools/compresSmol/compresSmol -w build/assets/graphics/battle_anims/backgrounds/rock_field.png.4bpp build/assets/graphics/battle_anims/backgrounds/rock_field.png.4bpp.smol
tools/compresSmol/compresSmol -w build/assets/graphics/battle_anims/backgrounds/sandstorm_brew.png.4bpp build/assets/graphics/battle_anims/backgrounds/sandstorm_brew.png.4bpp.smol
tools/compresSmol/compresSmol -w build/assets/graphics/battle_anims/backgrounds/scary_face.png.4bpp build/assets/graphics/battle_anims/backgrounds/scary_face.png.4bpp.smol
tools/compresSmol/compresSmol -w build/assets/graphics/battle_anims/backgrounds/shattered_psyche.png.4bpp build/assets/graphics/battle_anims/backgrounds/shattered_psyche.png.4bpp.smol
tools/compresSmol/compresSmol -w build/assets/graphics/battle_anims/backgrounds/snuggle_forever.png.4bpp build/assets/graphics/battle_anims/backgrounds/snuggle_forever.png.4bpp.smol
tools/compresSmol/compresSmol -w build/assets/graphics/battle_anims/backgrounds/soulstealing_7star_strike.png.4bpp build/assets/graphics/battle_anims/backgrounds/soulstealing_7star_strike.png.4bpp.smol
tools/compresSmol/compresSmol -w build/assets/graphics/battle_anims/backgrounds/spacial_rend.png.4bpp build/assets/graphics/battle_anims/backgrounds/spacial_rend.png.4bpp.smol
tools/compresSmol/compresSmol -w build/assets/graphics/battle_anims/backgrounds/swampswizzle.png.4bpp build/assets/graphics/battle_anims/backgrounds/swampswizzle.png.4bpp.smol
tools/compresSmol/compresSmol -w build/assets/graphics/battle_anims/backgrounds/thunder.png.4bpp build/assets/graphics/battle_anims/backgrounds/thunder.png.4bpp.smol
tools/compresSmol/compresSmol -w build/assets/graphics/battle_anims/backgrounds/trick_room.png.4bpp build/assets/graphics/battle_anims/backgrounds/trick_room.png.4bpp.smol
tools/compresSmol/compresSmol -w build/assets/graphics/battle_anims/backgrounds/twinkle_tackle.png.4bpp build/assets/graphics/battle_anims/backgrounds/twinkle_tackle.png.4bpp.smol
tools/compresSmol/compresSmol -w build/assets/graphics/battle_anims/backgrounds/water.png.4bpp build/assets/graphics/battle_anims/backgrounds/water.png.4bpp.smol
tools/compresSmol/compresSmol -w build/assets/graphics/battle_anims/backgrounds/water_pulse.png.4bpp build/assets/graphics/battle_anims/backgrounds/water_pulse.png.4bpp.smol
tools/compresSmol/compresSmol -w build/assets/graphics/battle_anims/backgrounds/waterfall.png.4bpp build/assets/graphics/battle_anims/backgrounds/waterfall.png.4bpp.smol
tools/compresSmol/compresSmol -w build/assets/graphics/battle_anims/backgrounds/zmove_activate.png.4bpp build/assets/graphics/battle_anims/backgrounds/zmove_activate.png.4bpp.smol
tools/compresSmol/compresSmol -w build/assets/graphics/battle_anims/backgrounds/zmove_mountain.png.4bpp build/assets/graphics/battle_anims/backgrounds/zmove_mountain.png.4bpp.smol
tools/compresSmol/compresSmol -w build/assets/graphics/battle_anims/masks/cure_bubbles.png.4bpp build/assets/graphics/battle_anims/masks/cure_bubbles.png.4bpp.smol
tools/compresSmol/compresSmol -w build/assets/graphics/battle_anims/masks/curse.png.4bpp build/assets/graphics/battle_anims/masks/curse.png.4bpp.smol
tools/compresSmol/compresSmol -w build/assets/graphics/battle_anims/masks/light_beam.png.4bpp build/assets/graphics/battle_anims/masks/light_beam.png.4bpp.smol
tools/compresSmol/compresSmol -w build/assets/graphics/battle_anims/masks/metal_shine.png.4bpp build/assets/graphics/battle_anims/masks/metal_shine.png.4bpp.smol
tools/compresSmol/compresSmol -w build/assets/graphics/battle_anims/masks/unused_level_up.png_num_tiles_14__Wnum_tiles.4bpp build/assets/graphics/battle_anims/masks/unused_level_up.png_num_tiles_14__Wnum_tiles.4bpp.smol
tools/compresSmol/compresSmol -w build/assets/graphics/battle_anims/sprites/acupressure.png.4bpp build/assets/graphics/battle_anims/sprites/acupressure.png.4bpp.smol
tools/compresSmol/compresSmol -w build/assets/graphics/battle_anims/sprites/air_slash.png.4bpp build/assets/graphics/battle_anims/sprites/air_slash.png.4bpp.smol
tools/compresSmol/compresSmol -w build/assets/graphics/battle_anims/sprites/air_wave.png.4bpp build/assets/graphics/battle_anims/sprites/air_wave.png.4bpp.smol
tools/compresSmol/compresSmol -w build/assets/graphics/battle_anims/sprites/air_wave_2.png.4bpp build/assets/graphics/battle_anims/sprites/air_wave_2.png.4bpp.smol
tools/compresSmol/compresSmol -w build/assets/graphics/battle_anims/sprites/alert.png.4bpp build/assets/graphics/battle_anims/sprites/alert.png.4bpp.smol
tools/compresSmol/compresSmol -w build/assets/graphics/battle_anims/sprites/alpha_stone.png.4bpp build/assets/graphics/battle_anims/sprites/alpha_stone.png.4bpp.smol
tools/compresSmol/compresSmol -w build/assets/graphics/battle_anims/sprites/alpha_symbol.png.4bpp build/assets/graphics/battle_anims/sprites/alpha_symbol.png.4bpp.smol
tools/compresSmol/compresSmol -w build/assets/graphics/battle_anims/sprites/amnesia.png.4bpp build/assets/graphics/battle_anims/sprites/amnesia.png.4bpp.smol
tools/compresSmol/compresSmol -w build/assets/graphics/battle_anims/sprites/anchor.png.4bpp build/assets/graphics/battle_anims/sprites/anchor.png.4bpp.smol
tools/compresSmol/compresSmol -w build/assets/graphics/battle_anims/sprites/angel.png.4bpp build/assets/graphics/battle_anims/sprites/angel.png.4bpp.smol
tools/compresSmol/compresSmol -w build/assets/graphics/battle_anims/sprites/anger.png.4bpp build/assets/graphics/battle_anims/sprites/anger.png.4bpp.smol
tools/compresSmol/compresSmol -w build/assets/graphics/battle_anims/sprites/apple.png.4bpp build/assets/graphics/battle_anims/sprites/apple.png.4bpp.smol
tools/compresSmol/compresSmol -w build/assets/graphics/battle_anims/sprites/arrows.png.4bpp build/assets/graphics/battle_anims/sprites/arrows.png.4bpp.smol
tools/compresSmol/compresSmol -w build/assets/graphics/battle_anims/sprites/assurance_hand.png.4bpp build/assets/graphics/battle_anims/sprites/assurance_hand.png.4bpp.smol
tools/compresSmol/compresSmol -w build/assets/graphics/battle_anims/sprites/attack_order.png.4bpp build/assets/graphics/battle_anims/sprites/attack_order.png.4bpp.smol
tools/compresSmol/compresSmol -w build/assets/graphics/battle_anims/sprites/aura_sphere.png.4bpp build/assets/graphics/battle_anims/sprites/aura_sphere.png.4bpp.smol
tools/compresSmol/compresSmol -w build/assets/graphics/battle_anims/sprites/baton_pass_ball.png.4bpp build/assets/graphics/battle_anims/sprites/baton_pass_ball.png.4bpp.smol
tools/compresSmol/compresSmol -w build/assets/graphics/battle_anims/sprites/beam.png.4bpp build/assets/graphics/battle_anims/sprites/beam.png.4bpp.smol
tools/compresSmol/compresSmol -w build/assets/graphics/battle_anims/sprites/bell.png.4bpp build/assets/graphics/battle_anims/sprites/bell.png.4bpp.smol
tools/compresSmol/compresSmol -w build/assets/graphics/battle_anims/sprites/bell_2.png.4bpp build/assets/graphics/battle_anims/sprites/bell_2.png.4bpp.smol
tools/compresSmol/compresSmol -w build/assets/graphics/battle_anims/sprites/bent_spoon.png.4bpp build/assets/graphics/battle_anims/sprites/bent_spoon.png.4bpp.smol
tools/compresSmol/compresSmol -w build/assets/graphics/battle_anims/sprites/berry_eaten.png.4bpp build/assets/graphics/battle_anims/sprites/berry_eaten.png.4bpp.smol
tools/compresSmol/compresSmol -w build/assets/graphics/battle_anims/sprites/berry_normal.png.4bpp build/assets/graphics/battle_anims/sprites/berry_normal.png.4bpp.smol
tools/compresSmol/compresSmol -w build/assets/graphics/battle_anims/sprites/big_rock.png.4bpp build/assets/graphics/battle_anims/sprites/big_rock.png.4bpp.smol
tools/compresSmol/compresSmol -w build/assets/graphics/battle_anims/sprites/bird.png.4bpp build/assets/graphics/battle_anims/sprites/bird.png.4bpp.smol
tools/compresSmol/compresSmol -w build/assets/graphics/battle_anims/sprites/blacephalon_head.png.4bpp build/assets/graphics/battle_anims/sprites/blacephalon_head.png.4bpp.smol
tools/compresSmol/compresSmol -w build/assets/graphics/battle_anims/sprites/black_ball.png.4bpp build/assets/graphics/battle_anims/sprites/black_ball.png.4bpp.smol
tools/compresSmol/compresSmol -w build/assets/graphics/battle_anims/sprites/black_ball_2.png.4bpp build/assets/graphics/battle_anims/sprites/black_ball_2.png.4bpp.smol
tools/compresSmol/compresSmol -w build/assets/graphics/battle_anims/sprites/black_smoke.png.4bpp build/assets/graphics/battle_anims/sprites/black_smoke.png.4bpp.smol
tools/compresSmol/compresSmol -w build/assets/graphics/battle_anims/sprites/blood_moon.png.4bpp build/assets/graphics/battle_anims/sprites/blood_moon.png.4bpp.smol
tools/compresSmol/compresSmol -w build/assets/graphics/battle_anims/sprites/blue_burst.png.4bpp build/assets/graphics/battle_anims/sprites/blue_burst.png.4bpp.smol
tools/compresSmol/compresSmol -w build/assets/graphics/battle_anims/sprites/blue_flames.png.4bpp build/assets/graphics/battle_anims/sprites/blue_flames.png.4bpp.smol
tools/compresSmol/compresSmol -w build/assets/graphics/battle_anims/sprites/blue_flames_2.png.4bpp build/assets/graphics/battle_anims/sprites/blue_flames_2.png.4bpp.smol
tools/compresSmol/compresSmol -w build/assets/graphics/battle_anims/sprites/blue_lines.png.4bpp build/assets/graphics/battle_anims/sprites/blue_lines.png.4bpp.smol
tools/compresSmol/compresSmol -w build/assets/graphics/battle_anims/sprites/blue_shards.png.4bpp build/assets/graphics/battle_anims/sprites/blue_shards.png.4bpp.smol
tools/compresSmol/compresSmol -w build/assets/graphics/battle_anims/sprites/blue_star.png.4bpp build/assets/graphics/battle_anims/sprites/blue_star.png.4bpp.smol
tools/compresSmol/compresSmol -w build/assets/graphics/battle_anims/sprites/bluegreen_orb.png.4bpp build/assets/graphics/battle_anims/sprites/bluegreen_orb.png.4bpp.smol
tools/compresSmol/compresSmol -w build/assets/graphics/battle_anims/sprites/bone.png.4bpp build/assets/graphics/battle_anims/sprites/bone.png.4bpp.smol
tools/compresSmol/compresSmol -w build/assets/graphics/battle_anims/sprites/bone_2.png.4bpp build/assets/graphics/battle_anims/sprites/bone_2.png.4bpp.smol
tools/compresSmol/compresSmol -w build/assets/graphics/battle_anims/sprites/branch.png.4bpp build/assets/graphics/battle_anims/sprites/branch.png.4bpp.smol
tools/compresSmol/compresSmol -w build/assets/graphics/battle_anims/sprites/breaking_egg.png.4bpp build/assets/graphics/battle_anims/sprites/breaking_egg.png.4bpp.smol
tools/compresSmol/compresSmol -w build/assets/graphics/battle_anims/sprites/breath.png.4bpp build/assets/graphics/battle_anims/sprites/breath.png.4bpp.smol
tools/compresSmol/compresSmol -w build/assets/graphics/battle_anims/sprites/brine.png.4bpp build/assets/graphics/battle_anims/sprites/brine.png.4bpp.smol
tools/compresSmol/compresSmol -w build/assets/graphics/battle_anims/sprites/brown_triangle.png.4bpp build/assets/graphics/battle_anims/sprites/brown_triangle.png.4bpp.smol
tools/compresSmol/compresSmol -w build/assets/graphics/battle_anims/sprites/bubble.png.4bpp build/assets/graphics/battle_anims/sprites/bubble.png.4bpp.smol
tools/compresSmol/compresSmol -w build/assets/graphics/battle_anims/sprites/bubble_burst.png.4bpp build/assets/graphics/battle_anims/sprites/bubble_burst.png.4bpp.smol
tools/compresSmol/compresSmol -w build/assets/graphics/battle_anims/sprites/bubble_burst_2.png.4bpp build/assets/graphics/battle_anims/sprites/bubble_burst_2.png.4bpp.smol
tools/compresSmol/compresSmol -w build/assets/graphics/battle_anims/sprites/cacoon.png.4bpp build/assets/graphics/battle_anims/sprites/cacoon.png.4bpp.smol
tools/compresSmol/compresSmol -w build/assets/graphics/battle_anims/sprites/chain_link.png.4bpp build/assets/graphics/battle_anims/sprites/chain_link.png.4bpp.smol
tools/compresSmol/compresSmol -w build/assets/graphics/battle_anims/sprites/chop.png.4bpp build/assets/graphics/battle_anims/sprites/chop.png.4bpp.smol
tools/compresSmol/compresSmol -w build/assets/graphics/battle_anims/sprites/circle_impact.png.4bpp build/assets/graphics/battle_anims/sprites/circle_impact.png.4bpp.smol
tools/compresSmol/compresSmol -w build/assets/graphics/battle_anims/sprites/circle_of_light.png.4bpp build/assets/graphics/battle_anims/sprites/circle_of_light.png.4bpp.smol
tools/compresSmol/compresSmol -w build/assets/graphics/battle_anims/sprites/clamp.png.4bpp build/assets/graphics/battle_anims/sprites/clamp.png.4bpp.smol
tools/compresSmol/compresSmol -w build/assets/graphics/battle_anims/sprites/clapping.png.4bpp build/assets/graphics/battle_anims/sprites/clapping.png.4bpp.smol
tools/compresSmol/compresSmol -w build/assets/graphics/battle_anims/sprites/claw_slash.png.4bpp build/assets/graphics/battle_anims/sprites/claw_slash.png.4bpp.smol
tools/compresSmol/compresSmol -w build/assets/graphics/battle_anims/sprites/claw_slash_2.png.4bpp build/assets/graphics/battle_anims/sprites/claw_slash_2.png.4bpp.smol
tools/compresSmol/compresSmol -w build/assets/graphics/battle_anims/sprites/closing_eye.png.4bpp build/assets/graphics/battle_anims/sprites/closing_eye.png.4bpp.smol
tools/compresSmol/compresSmol -w build/assets/graphics/battle_anims/sprites/closing_eye_2.png.4bpp build/assets/graphics/battle_anims/sprites/closing_eye_2.png.4bpp.smol
tools/compresSmol/compresSmol -w build/assets/graphics/battle_anims/sprites/coin.png.4bpp build/assets/graphics/battle_anims/sprites/coin.png.4bpp.smol
tools/compresSmol/compresSmol -w build/assets/graphics/battle_anims/sprites/colored_orbs.png.4bpp build/assets/graphics/battle_anims/sprites/colored_orbs.png.4bpp.smol
tools/compresSmol/compresSmol -w build/assets/graphics/battle_anims/sprites/confetti.png.4bpp build/assets/graphics/battle_anims/sprites/confetti.png.4bpp.smol
tools/compresSmol/compresSmol -w build/assets/graphics/battle_anims/sprites/confide.png.4bpp build/assets/graphics/battle_anims/sprites/confide.png.4bpp.smol
tools/compresSmol/compresSmol -w build/assets/graphics/battle_anims/sprites/conversion.png.4bpp build/assets/graphics/battle_anims/sprites/conversion.png.4bpp.smol
tools/compresSmol/compresSmol -w build/assets/graphics/battle_anims/sprites/cracked_egg.png.4bpp build/assets/graphics/battle_anims/sprites/cracked_egg.png.4bpp.smol
tools/compresSmol/compresSmol -w build/assets/graphics/battle_anims/sprites/crafty_shield.png.4bpp build/assets/graphics/battle_anims/sprites/crafty_shield.png.4bpp.smol
tools/compresSmol/compresSmol -w build/assets/graphics/battle_anims/sprites/cross_impact.png.4bpp build/assets/graphics/battle_anims/sprites/cross_impact.png.4bpp.smol
tools/compresSmol/compresSmol -w build/assets/graphics/battle_anims/sprites/cudgel.png.4bpp build/assets/graphics/battle_anims/sprites/cudgel.png.4bpp.smol
tools/compresSmol/compresSmol -w build/assets/graphics/battle_anims/sprites/curse_nail.png.4bpp build/assets/graphics/battle_anims/sprites/curse_nail.png.4bpp.smol
tools/compresSmol/compresSmol -w build/assets/graphics/battle_anims/sprites/cut.png.4bpp build/assets/graphics/battle_anims/sprites/cut.png.4bpp.smol
tools/compresSmol/compresSmol -w build/assets/graphics/battle_anims/sprites/devil.png.4bpp build/assets/graphics/battle_anims/sprites/devil.png.4bpp.smol
tools/compresSmol/compresSmol -w build/assets/graphics/battle_anims/sprites/dirt_mound.png.4bpp build/assets/graphics/battle_anims/sprites/dirt_mound.png.4bpp.smol
tools/compresSmol/compresSmol -w build/assets/graphics/battle_anims/sprites/dragon_pulse.png.4bpp build/assets/graphics/battle_anims/sprites/dragon_pulse.png.4bpp.smol
tools/compresSmol/compresSmol -w build/assets/graphics/battle_anims/sprites/dragon_pulse_ring.png.4bpp build/assets/graphics/battle_anims/sprites/dragon_pulse_ring.png.4bpp.smol
tools/compresSmol/compresSmol -w build/assets/graphics/battle_anims/sprites/dreepy_missile.png.4bpp build/assets/graphics/battle_anims/sprites/dreepy_missile.png.4bpp.smol
tools/compresSmol/compresSmol -w build/assets/graphics/battle_anims/sprites/drill.png.4bpp build/assets/graphics/battle_anims/sprites/drill.png.4bpp.smol
tools/compresSmol/compresSmol -w build/assets/graphics/battle_anims/sprites/duck.png.4bpp build/assets/graphics/battle_anims/sprites/duck.png.4bpp.smol
tools/compresSmol/compresSmol -w build/assets/graphics/battle_anims/sprites/eclipsing_orb.png.4bpp build/assets/graphics/battle_anims/sprites/eclipsing_orb.png.4bpp.smol
tools/compresSmol/compresSmol -w build/assets/graphics/battle_anims/sprites/electric_orbs.png.4bpp build/assets/graphics/battle_anims/sprites/electric_orbs.png.4bpp.smol
tools/compresSmol/compresSmol -w build/assets/graphics/battle_anims/sprites/electricity.png.4bpp build/assets/graphics/battle_anims/sprites/electricity.png.4bpp.smol
tools/compresSmol/compresSmol -w build/assets/graphics/battle_anims/sprites/embers.png.4bpp build/assets/graphics/battle_anims/sprites/embers.png.4bpp.smol
tools/compresSmol/compresSmol -w build/assets/graphics/battle_anims/sprites/energy_ball.png.4bpp build/assets/graphics/battle_anims/sprites/energy_ball.png.4bpp.smol
tools/compresSmol/compresSmol -w build/assets/graphics/battle_anims/sprites/explosion.png.4bpp build/assets/graphics/battle_anims/sprites/explosion.png.4bpp.smol
tools/compresSmol/compresSmol -w build/assets/graphics/battle_anims/sprites/explosion_2.png.4bpp build/assets/graphics/battle_anims/sprites/explosion_2.png.4bpp.smol
tools/compresSmol/compresSmol -w build/assets/graphics/battle_anims/sprites/explosion_3.png.4bpp build/assets/graphics/battle_anims/sprites/explosion_3.png.4bpp.smol
tools/compresSmol/compresSmol -w build/assets/graphics/battle_anims/sprites/explosion_4.png.4bpp build/assets/graphics/battle_anims/sprites/explosion_4.png.4bpp.smol
tools/compresSmol/compresSmol -w build/assets/graphics/battle_anims/sprites/explosion_5.png.4bpp build/assets/graphics/battle_anims/sprites/explosion_5.png.4bpp.smol
tools/compresSmol/compresSmol -w build/assets/graphics/battle_anims/sprites/explosion_6.png.4bpp build/assets/graphics/battle_anims/sprites/explosion_6.png.4bpp.smol
tools/compresSmol/compresSmol -w build/assets/graphics/battle_anims/sprites/eye.png.4bpp build/assets/graphics/battle_anims/sprites/eye.png.4bpp.smol
tools/compresSmol/compresSmol -w build/assets/graphics/battle_anims/sprites/eye_sparkle.png.4bpp build/assets/graphics/battle_anims/sprites/eye_sparkle.png.4bpp.smol
tools/compresSmol/compresSmol -w build/assets/graphics/battle_anims/sprites/fairy_lock_chains.png.4bpp build/assets/graphics/battle_anims/sprites/fairy_lock_chains.png.4bpp.smol
tools/compresSmol/compresSmol -w build/assets/graphics/battle_anims/sprites/fang_attack.png.4bpp build/assets/graphics/battle_anims/sprites/fang_attack.png.4bpp.smol
tools/compresSmol/compresSmol -w build/assets/graphics/battle_anims/sprites/fangs.png.4bpp build/assets/graphics/battle_anims/sprites/fangs.png.4bpp.smol
tools/compresSmol/compresSmol -w build/assets/graphics/battle_anims/sprites/feint_punch.png.4bpp build/assets/graphics/battle_anims/sprites/feint_punch.png.4bpp.smol
tools/compresSmol/compresSmol -w build/assets/graphics/battle_anims/sprites/finger.png.4bpp build/assets/graphics/battle_anims/sprites/finger.png.4bpp.smol
tools/compresSmol/compresSmol -w build/assets/graphics/battle_anims/sprites/finger_2.png.4bpp build/assets/graphics/battle_anims/sprites/finger_2.png.4bpp.smol
tools/compresSmol/compresSmol -w build/assets/graphics/battle_anims/sprites/fire.png.4bpp build/assets/graphics/battle_anims/sprites/fire.png.4bpp.smol
tools/compresSmol/compresSmol -w build/assets/graphics/battle_anims/sprites/fire_plume.png.4bpp build/assets/graphics/battle_anims/sprites/fire_plume.png.4bpp.smol
tools/compresSmol/compresSmol -w build/assets/graphics/battle_anims/sprites/fishies.png.4bpp build/assets/graphics/battle_anims/sprites/fishies.png.4bpp.smol
tools/compresSmol/compresSmol -w build/assets/graphics/battle_anims/sprites/flash_cannon_ball.png.4bpp build/assets/graphics/battle_anims/sprites/flash_cannon_ball.png.4bpp.smol
tools/compresSmol/compresSmol -w build/assets/graphics/battle_anims/sprites/flat_rock.png.4bpp build/assets/graphics/battle_anims/sprites/flat_rock.png.4bpp.smol
tools/compresSmol/compresSmol -w build/assets/graphics/battle_anims/sprites/fly.png.4bpp build/assets/graphics/battle_anims/sprites/fly.png.4bpp.smol
tools/compresSmol/compresSmol -w build/assets/graphics/battle_anims/sprites/flying_dirt.png.4bpp build/assets/graphics/battle_anims/sprites/flying_dirt.png.4bpp.smol
tools/compresSmol/compresSmol -w build/assets/graphics/battle_anims/sprites/focus_energy.png.4bpp build/assets/graphics/battle_anims/sprites/focus_energy.png.4bpp.smol
tools/compresSmol/compresSmol -w build/assets/graphics/battle_anims/sprites/fresh_egg.png.4bpp build/assets/graphics/battle_anims/sprites/fresh_egg.png.4bpp.smol
tools/compresSmol/compresSmol -w build/assets/graphics/battle_anims/sprites/fury_swipes.png.4bpp build/assets/graphics/battle_anims/sprites/fury_swipes.png.4bpp.smol
tools/compresSmol/compresSmol -w build/assets/graphics/battle_anims/sprites/gear.png.4bpp build/assets/graphics/battle_anims/sprites/gear.png.4bpp.smol
tools/compresSmol/compresSmol -w build/assets/graphics/battle_anims/sprites/gem_1.png.4bpp build/assets/graphics/battle_anims/sprites/gem_1.png.4bpp.smol
tools/compresSmol/compresSmol -w build/assets/graphics/battle_anims/sprites/gem_2.png.4bpp build/assets/graphics/battle_anims/sprites/gem_2.png.4bpp.smol
tools/compresSmol/compresSmol -w build/assets/graphics/battle_anims/sprites/gem_3.png.4bpp build/assets/graphics/battle_anims/sprites/gem_3.png.4bpp.smol
tools/compresSmol/compresSmol -w build/assets/graphics/battle_anims/sprites/ghostly_spirit.png.4bpp build/assets/graphics/battle_anims/sprites/ghostly_spirit.png.4bpp.smol
tools/compresSmol/compresSmol -w build/assets/graphics/battle_anims/sprites/gigavolt_havoc_spear.png.4bpp build/assets/graphics/battle_anims/sprites/gigavolt_havoc_spear.png.4bpp.smol
tools/compresSmol/compresSmol -w build/assets/graphics/battle_anims/sprites/glass.png.4bpp build/assets/graphics/battle_anims/sprites/glass.png.4bpp.smol
tools/compresSmol/compresSmol -w build/assets/graphics/battle_anims/sprites/glass_2.png.4bpp build/assets/graphics/battle_anims/sprites/glass_2.png.4bpp.smol
tools/compresSmol/compresSmol -w build/assets/graphics/battle_anims/sprites/glowy_red_orb.png.4bpp build/assets/graphics/battle_anims/sprites/glowy_red_orb.png.4bpp.smol
tools/compresSmol/compresSmol -w build/assets/graphics/battle_anims/sprites/gold_ring.png.4bpp build/assets/graphics/battle_anims/sprites/gold_ring.png.4bpp.smol
tools/compresSmol/compresSmol -w build/assets/graphics/battle_anims/sprites/gold_stars.png.4bpp build/assets/graphics/battle_anims/sprites/gold_stars.png.4bpp.smol
tools/compresSmol/compresSmol -w build/assets/graphics/battle_anims/sprites/golden_apple.png.4bpp build/assets/graphics/battle_anims/sprites/golden_apple.png.4bpp.smol
tools/compresSmol/compresSmol -w build/assets/graphics/battle_anims/sprites/gray_orb.png.4bpp build/assets/graphics/battle_anims/sprites/gray_orb.png.4bpp.smol
tools/compresSmol/compresSmol -w build/assets/graphics/battle_anims/sprites/gray_smoke.png.4bpp build/assets/graphics/battle_anims/sprites/gray_smoke.png.4bpp.smol
tools/compresSmol/compresSmol -w build/assets/graphics/battle_anims/sprites/green_light_wall.png.4bpp build/assets/graphics/battle_anims/sprites/green_light_wall.png.4bpp.smol
tools/compresSmol/compresSmol -w build/assets/graphics/battle_anims/sprites/green_sparkle.png.4bpp build/assets/graphics/battle_anims/sprites/green_sparkle.png.4bpp.smol
tools/compresSmol/compresSmol -w build/assets/graphics/battle_anims/sprites/green_spike.png.4bpp build/assets/graphics/battle_anims/sprites/green_spike.png.4bpp.smol
tools/compresSmol/compresSmol -w build/assets/graphics/battle_anims/sprites/green_star.png.4bpp build/assets/graphics/battle_anims/sprites/green_star.png.4bpp.smol
tools/compresSmol/compresSmol -w build/assets/graphics/battle_anims/sprites/green_star_new.png.4bpp build/assets/graphics/battle_anims/sprites/green_star_new.png.4bpp.smol
tools/compresSmol/compresSmol -w build/assets/graphics/battle_anims/sprites/guard_ring.png.4bpp build/assets/graphics/battle_anims/sprites/guard_ring.png.4bpp.smol
tools/compresSmol/compresSmol -w build/assets/graphics/battle_anims/sprites/gust.png.4bpp build/assets/graphics/battle_anims/sprites/gust.png.4bpp.smol
tools/compresSmol/compresSmol -w build/assets/graphics/battle_anims/sprites/hail.png.4bpp build/assets/graphics/battle_anims/sprites/hail.png.4bpp.smol
tools/compresSmol/compresSmol -w build/assets/graphics/battle_anims/sprites/hands_and_feet.png.4bpp build/assets/graphics/battle_anims/sprites/hands_and_feet.png.4bpp.smol
tools/compresSmol/compresSmol -w build/assets/graphics/battle_anims/sprites/hands_and_feet_new.png.4bpp build/assets/graphics/battle_anims/sprites/hands_and_feet_new.png.4bpp.smol
tools/compresSmol/compresSmol -w build/assets/graphics/battle_anims/sprites/hatched_egg.png.4bpp build/assets/graphics/battle_anims/sprites/hatched_egg.png.4bpp.smol
tools/compresSmol/compresSmol -w build/assets/graphics/battle_anims/sprites/heart_stamp.png.4bpp build/assets/graphics/battle_anims/sprites/heart_stamp.png.4bpp.smol
tools/compresSmol/compresSmol -w build/assets/graphics/battle_anims/sprites/hexes.png.4bpp build/assets/graphics/battle_anims/sprites/hexes.png.4bpp.smol
tools/compresSmol/compresSmol -w build/assets/graphics/battle_anims/sprites/hit.png.4bpp build/assets/graphics/battle_anims/sprites/hit.png.4bpp.smol
tools/compresSmol/compresSmol -w build/assets/graphics/battle_anims/sprites/hit_duplicate.png.4bpp build/assets/graphics/battle_anims/sprites/hit_duplicate.png.4bpp.smol
tools/compresSmol/compresSmol -w build/assets/graphics/battle_anims/sprites/hollow_orb.png.4bpp build/assets/graphics/battle_anims/sprites/hollow_orb.png.4bpp.smol
tools/compresSmol/compresSmol -w build/assets/graphics/battle_anims/sprites/hoopa_hand.png.4bpp build/assets/graphics/battle_anims/sprites/hoopa_hand.png.4bpp.smol
tools/compresSmol/compresSmol -w build/assets/graphics/battle_anims/sprites/hoopa_ring.png.4bpp build/assets/graphics/battle_anims/sprites/hoopa_ring.png.4bpp.smol
tools/compresSmol/compresSmol -w build/assets/graphics/battle_anims/sprites/horn_hit.png.4bpp build/assets/graphics/battle_anims/sprites/horn_hit.png.4bpp.smol
tools/compresSmol/compresSmol -w build/assets/graphics/battle_anims/sprites/horn_hit_2.png.4bpp build/assets/graphics/battle_anims/sprites/horn_hit_2.png.4bpp.smol
tools/compresSmol/compresSmol -w build/assets/graphics/battle_anims/sprites/horn_hit_new.png.4bpp build/assets/graphics/battle_anims/sprites/horn_hit_new.png.4bpp.smol
tools/compresSmol/compresSmol -w build/assets/graphics/battle_anims/sprites/horn_leech.png.4bpp build/assets/graphics/battle_anims/sprites/horn_leech.png.4bpp.smol
tools/compresSmol/compresSmol -w build/assets/graphics/battle_anims/sprites/horseshoe_fist.png.4bpp build/assets/graphics/battle_anims/sprites/horseshoe_fist.png.4bpp.smol
tools/compresSmol/compresSmol -w build/assets/graphics/battle_anims/sprites/humanoid_foot.png.4bpp build/assets/graphics/battle_anims/sprites/humanoid_foot.png.4bpp.smol
tools/compresSmol/compresSmol -w build/assets/graphics/battle_anims/sprites/humanoid_hand.png.4bpp build/assets/graphics/battle_anims/sprites/humanoid_hand.png.4bpp.smol
tools/compresSmol/compresSmol -w build/assets/graphics/battle_anims/sprites/hydro_pump.png.4bpp build/assets/graphics/battle_anims/sprites/hydro_pump.png.4bpp.smol
tools/compresSmol/compresSmol -w build/assets/graphics/battle_anims/sprites/ice_chunk.png.4bpp build/assets/graphics/battle_anims/sprites/ice_chunk.png.4bpp.smol
tools/compresSmol/compresSmol -w build/assets/graphics/battle_anims/sprites/ice_rock.png.4bpp build/assets/graphics/battle_anims/sprites/ice_rock.png.4bpp.smol
tools/compresSmol/compresSmol -w build/assets/graphics/battle_anims/sprites/ice_spikes.png.4bpp build/assets/graphics/battle_anims/sprites/ice_spikes.png.4bpp.smol
tools/compresSmol/compresSmol -w build/assets/graphics/battle_anims/sprites/icicle_spear.png.4bpp build/assets/graphics/battle_anims/sprites/icicle_spear.png.4bpp.smol
tools/compresSmol/compresSmol -w build/assets/graphics/battle_anims/sprites/impact.png.4bpp build/assets/graphics/battle_anims/sprites/impact.png.4bpp.smol
tools/compresSmol/compresSmol -w build/assets/graphics/battle_anims/sprites/impact_2.png.4bpp build/assets/graphics/battle_anims/sprites/impact_2.png.4bpp.smol
tools/compresSmol/compresSmol -w build/assets/graphics/battle_anims/sprites/impact_3.png.4bpp build/assets/graphics/battle_anims/sprites/impact_3.png.4bpp.smol
tools/compresSmol/compresSmol -w build/assets/graphics/battle_anims/sprites/item_bag.png.4bpp build/assets/graphics/battle_anims/sprites/item_bag.png.4bpp.smol
tools/compresSmol/compresSmol -w build/assets/graphics/battle_anims/sprites/jagged_music_note.png.4bpp build/assets/graphics/battle_anims/sprites/jagged_music_note.png.4bpp.smol
tools/compresSmol/compresSmol -w build/assets/graphics/battle_anims/sprites/large_fresh_egg.png.4bpp build/assets/graphics/battle_anims/sprites/large_fresh_egg.png.4bpp.smol
tools/compresSmol/compresSmol -w build/assets/graphics/battle_anims/sprites/large_spike.png.4bpp build/assets/graphics/battle_anims/sprites/large_spike.png.4bpp.smol
tools/compresSmol/compresSmol -w build/assets/graphics/battle_anims/sprites/leaf.png.4bpp build/assets/graphics/battle_anims/sprites/leaf.png.4bpp.smol
tools/compresSmol/compresSmol -w build/assets/graphics/battle_anims/sprites/leaves.png.4bpp build/assets/graphics/battle_anims/sprites/leaves.png.4bpp.smol
tools/compresSmol/compresSmol -w build/assets/graphics/battle_anims/sprites/leech_seed.png.4bpp build/assets/graphics/battle_anims/sprites/leech_seed.png.4bpp.smol
tools/compresSmol/compresSmol -w build/assets/graphics/battle_anims/sprites/leer.png.4bpp build/assets/graphics/battle_anims/sprites/leer.png.4bpp.smol
tools/compresSmol/compresSmol -w build/assets/graphics/battle_anims/sprites/letter_z.png.4bpp build/assets/graphics/battle_anims/sprites/letter_z.png.4bpp.smol
tools/compresSmol/compresSmol -w build/assets/graphics/battle_anims/sprites/lick.png.4bpp build/assets/graphics/battle_anims/sprites/lick.png.4bpp.smol
tools/compresSmol/compresSmol -w build/assets/graphics/battle_anims/sprites/lightbulb.png.4bpp build/assets/graphics/battle_anims/sprites/lightbulb.png.4bpp.smol
tools/compresSmol/compresSmol -w build/assets/graphics/battle_anims/sprites/lightning.png.4bpp build/assets/graphics/battle_anims/sprites/lightning.png.4bpp.smol
tools/compresSmol/compresSmol -w build/assets/graphics/battle_anims/sprites/lightning_2.png.4bpp build/assets/graphics/battle_anims/sprites/lightning_2.png.4bpp.smol
tools/compresSmol/compresSmol -w build/assets/graphics/battle_anims/sprites/lightning_rain.png.4bpp build/assets/graphics/battle_anims/sprites/lightning_rain.png.4bpp.smol
tools/compresSmol/compresSmol -w build/assets/graphics/battle_anims/sprites/lock_on.png.4bpp build/assets/graphics/battle_anims/sprites/lock_on.png.4bpp.smol
tools/compresSmol/compresSmol -w build/assets/graphics/battle_anims/sprites/magenta_heart.png.4bpp build/assets/graphics/battle_anims/sprites/magenta_heart.png.4bpp.smol
tools/compresSmol/compresSmol -w build/assets/graphics/battle_anims/sprites/magnifying_glass.png.4bpp build/assets/graphics/battle_anims/sprites/magnifying_glass.png.4bpp.smol
tools/compresSmol/compresSmol -w build/assets/graphics/battle_anims/sprites/mean_look.png.4bpp build/assets/graphics/battle_anims/sprites/mean_look.png.4bpp.smol
tools/compresSmol/compresSmol -w build/assets/graphics/battle_anims/sprites/mega_particles.png.4bpp build/assets/graphics/battle_anims/sprites/mega_particles.png.4bpp.smol
tools/compresSmol/compresSmol -w build/assets/graphics/battle_anims/sprites/mega_stone.png.4bpp build/assets/graphics/battle_anims/sprites/mega_stone.png.4bpp.smol
tools/compresSmol/compresSmol -w build/assets/graphics/battle_anims/sprites/mega_symbol.png.4bpp build/assets/graphics/battle_anims/sprites/mega_symbol.png.4bpp.smol
tools/compresSmol/compresSmol -w build/assets/graphics/battle_anims/sprites/metal_ball.png.4bpp build/assets/graphics/battle_anims/sprites/metal_ball.png.4bpp.smol
tools/compresSmol/compresSmol -w build/assets/graphics/battle_anims/sprites/metal_bits.png.4bpp build/assets/graphics/battle_anims/sprites/metal_bits.png.4bpp.smol
tools/compresSmol/compresSmol -w build/assets/graphics/battle_anims/sprites/metal_sound_waves.png.4bpp build/assets/graphics/battle_anims/sprites/metal_sound_waves.png.4bpp.smol
tools/compresSmol/compresSmol -w build/assets/graphics/battle_anims/sprites/meteor.png.4bpp build/assets/graphics/battle_anims/sprites/meteor.png.4bpp.smol
tools/compresSmol/compresSmol -w build/assets/graphics/battle_anims/sprites/milk_bottle.png.4bpp build/assets/graphics/battle_anims/sprites/milk_bottle.png.4bpp.smol
tools/compresSmol/compresSmol -w build/assets/graphics/battle_anims/sprites/mist_cloud.png.4bpp build/assets/graphics/battle_anims/sprites/mist_cloud.png.4bpp.smol
tools/compresSmol/compresSmol -w build/assets/graphics/battle_anims/sprites/monster_doll.png.4bpp build/assets/graphics/battle_anims/sprites/monster_doll.png.4bpp.smol
tools/compresSmol/compresSmol -w build/assets/graphics/battle_anims/sprites/monster_doll_gba.png.4bpp build/assets/graphics/battle_anims/sprites/monster_doll_gba.png.4bpp.smol
tools/compresSmol/compresSmol -w build/assets/graphics/battle_anims/sprites/monster_foot.png.4bpp build/assets/graphics/battle_anims/sprites/monster_foot.png.4bpp.smol
tools/compresSmol/compresSmol -w build/assets/graphics/battle_anims/sprites/moon.png.4bpp build/assets/graphics/battle_anims/sprites/moon.png.4bpp.smol
tools/compresSmol/compresSmol -w build/assets/graphics/battle_anims/sprites/movement_waves.png.4bpp build/assets/graphics/battle_anims/sprites/movement_waves.png.4bpp.smol
tools/compresSmol/compresSmol -w build/assets/graphics/battle_anims/sprites/mud_bomb.png.4bpp build/assets/graphics/battle_anims/sprites/mud_bomb.png.4bpp.smol
tools/compresSmol/compresSmol -w build/assets/graphics/battle_anims/sprites/mud_unk.png.4bpp build/assets/graphics/battle_anims/sprites/mud_unk.png.4bpp.smol
tools/compresSmol/compresSmol -w build/assets/graphics/battle_anims/sprites/mushroom.png.4bpp build/assets/graphics/battle_anims/sprites/mushroom.png.4bpp.smol
tools/compresSmol/compresSmol -w build/assets/graphics/battle_anims/sprites/music_notes.png.4bpp build/assets/graphics/battle_anims/sprites/music_notes.png.4bpp.smol
tools/compresSmol/compresSmol -w build/assets/graphics/battle_anims/sprites/music_notes_2.png.4bpp build/assets/graphics/battle_anims/sprites/music_notes_2.png.4bpp.smol
tools/compresSmol/compresSmol -w build/assets/graphics/battle_anims/sprites/nail.png.4bpp build/assets/graphics/battle_anims/sprites/nail.png.4bpp.smol
tools/compresSmol/compresSmol -w build/assets/graphics/battle_anims/sprites/necrozma_star.png.4bpp build/assets/graphics/battle_anims/sprites/necrozma_star.png.4bpp.smol
tools/compresSmol/compresSmol -w build/assets/graphics/battle_anims/sprites/needle.png.4bpp build/assets/graphics/battle_anims/sprites/needle.png.4bpp.smol
tools/compresSmol/compresSmol -w build/assets/graphics/battle_anims/sprites/new/teapot.png.4bpp build/assets/graphics/battle_anims/sprites/new/teapot.png.4bpp.smol
tools/compresSmol/compresSmol -w build/assets/graphics/battle_anims/sprites/noise_line.png.4bpp build/assets/graphics/battle_anims/sprites/noise_line.png.4bpp.smol
tools/compresSmol/compresSmol -w build/assets/graphics/battle_anims/sprites/obstruct.png.4bpp build/assets/graphics/battle_anims/sprites/obstruct.png.4bpp.smol
tools/compresSmol/compresSmol -w build/assets/graphics/battle_anims/sprites/omega_stone.png.4bpp build/assets/graphics/battle_anims/sprites/omega_stone.png.4bpp.smol
tools/compresSmol/compresSmol -w build/assets/graphics/battle_anims/sprites/omega_symbol.png.4bpp build/assets/graphics/battle_anims/sprites/omega_symbol.png.4bpp.smol
tools/compresSmol/compresSmol -w build/assets/graphics/battle_anims/sprites/opening_eye.png.4bpp build/assets/graphics/battle_anims/sprites/opening_eye.png.4bpp.smol
tools/compresSmol/compresSmol -w build/assets/graphics/battle_anims/sprites/orange.png.4bpp build/assets/graphics/battle_anims/sprites/orange.png.4bpp.smol
tools/compresSmol/compresSmol -w build/assets/graphics/battle_anims/sprites/orb.png.4bpp build/assets/graphics/battle_anims/sprites/orb.png.4bpp.smol
tools/compresSmol/compresSmol -w build/assets/graphics/battle_anims/sprites/orbs.png.4bpp build/assets/graphics/battle_anims/sprites/orbs.png.4bpp.smol
tools/compresSmol/compresSmol -w build/assets/graphics/battle_anims/sprites/pain_split.png.4bpp build/assets/graphics/battle_anims/sprites/pain_split.png.4bpp.smol
tools/compresSmol/compresSmol -w build/assets/graphics/battle_anims/sprites/particles.png.4bpp build/assets/graphics/battle_anims/sprites/particles.png.4bpp.smol
tools/compresSmol/compresSmol -w build/assets/graphics/battle_anims/sprites/particles2.png.4bpp build/assets/graphics/battle_anims/sprites/particles2.png.4bpp.smol
tools/compresSmol/compresSmol -w build/assets/graphics/battle_anims/sprites/paw_print.png.4bpp build/assets/graphics/battle_anims/sprites/paw_print.png.4bpp.smol
tools/compresSmol/compresSmol -w build/assets/graphics/battle_anims/sprites/pencil.png.4bpp build/assets/graphics/battle_anims/sprites/pencil.png.4bpp.smol
tools/compresSmol/compresSmol -w build/assets/graphics/battle_anims/sprites/pencil_2.png.4bpp build/assets/graphics/battle_anims/sprites/pencil_2.png.4bpp.smol
tools/compresSmol/compresSmol -w build/assets/graphics/battle_anims/sprites/petal.png.4bpp build/assets/graphics/battle_anims/sprites/petal.png.4bpp.smol
tools/compresSmol/compresSmol -w build/assets/graphics/battle_anims/sprites/pink_cloud.png.4bpp build/assets/graphics/battle_anims/sprites/pink_cloud.png.4bpp.smol
tools/compresSmol/compresSmol -w build/assets/graphics/battle_anims/sprites/pink_diamond.png.4bpp build/assets/graphics/battle_anims/sprites/pink_diamond.png.4bpp.smol
tools/compresSmol/compresSmol -w build/assets/graphics/battle_anims/sprites/pink_glove.png.4bpp build/assets/graphics/battle_anims/sprites/pink_glove.png.4bpp.smol
tools/compresSmol/compresSmol -w build/assets/graphics/battle_anims/sprites/pink_heart_2.png.4bpp build/assets/graphics/battle_anims/sprites/pink_heart_2.png.4bpp.smol
tools/compresSmol/compresSmol -w build/assets/graphics/battle_anims/sprites/pink_orb.png.4bpp build/assets/graphics/battle_anims/sprites/pink_orb.png.4bpp.smol
tools/compresSmol/compresSmol -w build/assets/graphics/battle_anims/sprites/pink_petal.png.4bpp build/assets/graphics/battle_anims/sprites/pink_petal.png.4bpp.smol
tools/compresSmol/compresSmol -w build/assets/graphics/battle_anims/sprites/pinkvio_orb.png.4bpp build/assets/graphics/battle_anims/sprites/pinkvio_orb.png.4bpp.smol
tools/compresSmol/compresSmol -w build/assets/graphics/battle_anims/sprites/poison_bubble.png.4bpp build/assets/graphics/battle_anims/sprites/poison_bubble.png.4bpp.smol
tools/compresSmol/compresSmol -w build/assets/graphics/battle_anims/sprites/poison_column.png.4bpp build/assets/graphics/battle_anims/sprites/poison_column.png.4bpp.smol
tools/compresSmol/compresSmol -w build/assets/graphics/battle_anims/sprites/poison_jab.png.4bpp build/assets/graphics/battle_anims/sprites/poison_jab.png.4bpp.smol
tools/compresSmol/compresSmol -w build/assets/graphics/battle_anims/sprites/poison_powder.png.4bpp build/assets/graphics/battle_anims/sprites/poison_powder.png.4bpp.smol
tools/compresSmol/compresSmol -w build/assets/graphics/battle_anims/sprites/pokeball.png.4bpp build/assets/graphics/battle_anims/sprites/pokeball.png.4bpp.smol
tools/compresSmol/compresSmol -w build/assets/graphics/battle_anims/sprites/pokeblock.png.4bpp build/assets/graphics/battle_anims/sprites/pokeblock.png.4bpp.smol
tools/compresSmol/compresSmol -w build/assets/graphics/battle_anims/sprites/power_gem.png.4bpp build/assets/graphics/battle_anims/sprites/power_gem.png.4bpp.smol
tools/compresSmol/compresSmol -w build/assets/graphics/battle_anims/sprites/power_trick.png.4bpp build/assets/graphics/battle_anims/sprites/power_trick.png.4bpp.smol
tools/compresSmol/compresSmol -w build/assets/graphics/battle_anims/sprites/protect.png.4bpp build/assets/graphics/battle_anims/sprites/protect.png.4bpp.smol
tools/compresSmol/compresSmol -w build/assets/graphics/battle_anims/sprites/psycho_cut.png.4bpp build/assets/graphics/battle_anims/sprites/psycho_cut.png.4bpp.smol
tools/compresSmol/compresSmol -w build/assets/graphics/battle_anims/sprites/punch_impact.png.4bpp build/assets/graphics/battle_anims/sprites/punch_impact.png.4bpp.smol
tools/compresSmol/compresSmol -w build/assets/graphics/battle_anims/sprites/punishment.png.4bpp build/assets/graphics/battle_anims/sprites/punishment.png.4bpp.smol
tools/compresSmol/compresSmol -w build/assets/graphics/battle_anims/sprites/purple_chain.png.4bpp build/assets/graphics/battle_anims/sprites/purple_chain.png.4bpp.smol
tools/compresSmol/compresSmol -w build/assets/graphics/battle_anims/sprites/purple_coral.png.4bpp build/assets/graphics/battle_anims/sprites/purple_coral.png.4bpp.smol
tools/compresSmol/compresSmol -w build/assets/graphics/battle_anims/sprites/purple_drake.png.4bpp build/assets/graphics/battle_anims/sprites/purple_drake.png.4bpp.smol
tools/compresSmol/compresSmol -w build/assets/graphics/battle_anims/sprites/purple_droplet.png.4bpp build/assets/graphics/battle_anims/sprites/purple_droplet.png.4bpp.smol
tools/compresSmol/compresSmol -w build/assets/graphics/battle_anims/sprites/purple_flame.png.4bpp build/assets/graphics/battle_anims/sprites/purple_flame.png.4bpp.smol
tools/compresSmol/compresSmol -w build/assets/graphics/battle_anims/sprites/purple_green_unk.png.4bpp build/assets/graphics/battle_anims/sprites/purple_green_unk.png.4bpp.smol
tools/compresSmol/compresSmol -w build/assets/graphics/battle_anims/sprites/purple_hand_outline.png.4bpp build/assets/graphics/battle_anims/sprites/purple_hand_outline.png.4bpp.smol
tools/compresSmol/compresSmol -w build/assets/graphics/battle_anims/sprites/purple_jab.png.4bpp build/assets/graphics/battle_anims/sprites/purple_jab.png.4bpp.smol
tools/compresSmol/compresSmol -w build/assets/graphics/battle_anims/sprites/purple_scratch.png.4bpp build/assets/graphics/battle_anims/sprites/purple_scratch.png.4bpp.smol
tools/compresSmol/compresSmol -w build/assets/graphics/battle_anims/sprites/purple_swipe.png.4bpp build/assets/graphics/battle_anims/sprites/purple_swipe.png.4bpp.smol
tools/compresSmol/compresSmol -w build/assets/graphics/battle_anims/sprites/quick_guard.png.4bpp build/assets/graphics/battle_anims/sprites/quick_guard.png.4bpp.smol
tools/compresSmol/compresSmol -w build/assets/graphics/battle_anims/sprites/rain_drops.png.4bpp build/assets/graphics/battle_anims/sprites/rain_drops.png.4bpp.smol
tools/compresSmol/compresSmol -w build/assets/graphics/battle_anims/sprites/rainbow_rings.png.4bpp build/assets/graphics/battle_anims/sprites/rainbow_rings.png.4bpp.smol
tools/compresSmol/compresSmol -w build/assets/graphics/battle_anims/sprites/rapid_spin.png.4bpp build/assets/graphics/battle_anims/sprites/rapid_spin.png.4bpp.smol
tools/compresSmol/compresSmol -w build/assets/graphics/battle_anims/sprites/razor_leaf.png.4bpp build/assets/graphics/battle_anims/sprites/razor_leaf.png.4bpp.smol
tools/compresSmol/compresSmol -w build/assets/graphics/battle_anims/sprites/razor_shell.png.4bpp build/assets/graphics/battle_anims/sprites/razor_shell.png.4bpp.smol
tools/compresSmol/compresSmol -w build/assets/graphics/battle_anims/sprites/recycle.png.4bpp build/assets/graphics/battle_anims/sprites/recycle.png.4bpp.smol
tools/compresSmol/compresSmol -w build/assets/graphics/battle_anims/sprites/red_ball.png.4bpp build/assets/graphics/battle_anims/sprites/red_ball.png.4bpp.smol
tools/compresSmol/compresSmol -w build/assets/graphics/battle_anims/sprites/red_explosion.png.4bpp build/assets/graphics/battle_anims/sprites/red_explosion.png.4bpp.smol
tools/compresSmol/compresSmol -w build/assets/graphics/battle_anims/sprites/red_fist.png.4bpp build/assets/graphics/battle_anims/sprites/red_fist.png.4bpp.smol
tools/compresSmol/compresSmol -w build/assets/graphics/battle_anims/sprites/red_orb.png.4bpp build/assets/graphics/battle_anims/sprites/red_orb.png.4bpp.smol
tools/compresSmol/compresSmol -w build/assets/graphics/battle_anims/sprites/red_particles.png.4bpp build/assets/graphics/battle_anims/sprites/red_particles.png.4bpp.smol
tools/compresSmol/compresSmol -w build/assets/graphics/battle_anims/sprites/red_tube.png.4bpp build/assets/graphics/battle_anims/sprites/red_tube.png.4bpp.smol
tools/compresSmol/compresSmol -w build/assets/graphics/battle_anims/sprites/red_wand.png.4bpp build/assets/graphics/battle_anims/sprites/red_wand.png.4bpp.smol
tools/compresSmol/compresSmol -w build/assets/graphics/battle_anims/sprites/reticle.png.4bpp build/assets/graphics/battle_anims/sprites/reticle.png.4bpp.smol
tools/compresSmol/compresSmol -w build/assets/graphics/battle_anims/sprites/ring.png.4bpp build/assets/graphics/battle_anims/sprites/ring.png.4bpp.smol
tools/compresSmol/compresSmol -w build/assets/graphics/battle_anims/sprites/rock_small.png.4bpp build/assets/graphics/battle_anims/sprites/rock_small.png.4bpp.smol
tools/compresSmol/compresSmol -w build/assets/graphics/battle_anims/sprites/rocks.png.4bpp build/assets/graphics/battle_anims/sprites/rocks.png.4bpp.smol
tools/compresSmol/compresSmol -w build/assets/graphics/battle_anims/sprites/rocks_new.png.4bpp build/assets/graphics/battle_anims/sprites/rocks_new.png.4bpp.smol
tools/compresSmol/compresSmol -w build/assets/graphics/battle_anims/sprites/roots.png.4bpp build/assets/graphics/battle_anims/sprites/roots.png.4bpp.smol
tools/compresSmol/compresSmol -w build/assets/graphics/battle_anims/sprites/round_shadow.png.4bpp build/assets/graphics/battle_anims/sprites/round_shadow.png.4bpp.smol
tools/compresSmol/compresSmol -w build/assets/graphics/battle_anims/sprites/round_white_halo.png.4bpp build/assets/graphics/battle_anims/sprites/round_white_halo.png.4bpp.smol
tools/compresSmol/compresSmol -w build/assets/graphics/battle_anims/sprites/salt_particle.png.4bpp build/assets/graphics/battle_anims/sprites/salt_particle.png.4bpp.smol
tools/compresSmol/compresSmol -w build/assets/graphics/battle_anims/sprites/sap_drip.png.4bpp build/assets/graphics/battle_anims/sprites/sap_drip.png.4bpp.smol
tools/compresSmol/compresSmol -w build/assets/graphics/battle_anims/sprites/scratch.png.4bpp build/assets/graphics/battle_anims/sprites/scratch.png.4bpp.smol
tools/compresSmol/compresSmol -w build/assets/graphics/battle_anims/sprites/scratch_2.png.4bpp build/assets/graphics/battle_anims/sprites/scratch_2.png.4bpp.smol
tools/compresSmol/compresSmol -w build/assets/graphics/battle_anims/sprites/scratch_3.png.4bpp build/assets/graphics/battle_anims/sprites/scratch_3.png.4bpp.smol
tools/compresSmol/compresSmol -w build/assets/graphics/battle_anims/sprites/seed.png.4bpp build/assets/graphics/battle_anims/sprites/seed.png.4bpp.smol
tools/compresSmol/compresSmol -w build/assets/graphics/battle_anims/sprites/seed_2.png.4bpp build/assets/graphics/battle_anims/sprites/seed_2.png.4bpp.smol
tools/compresSmol/compresSmol -w build/assets/graphics/battle_anims/sprites/seed_new.png.4bpp build/assets/graphics/battle_anims/sprites/seed_new.png.4bpp.smol
tools/compresSmol/compresSmol -w build/assets/graphics/battle_anims/sprites/shadow_ball.png.4bpp build/assets/graphics/battle_anims/sprites/shadow_ball.png.4bpp.smol
tools/compresSmol/compresSmol -w build/assets/graphics/battle_anims/sprites/sharp_teeth.png.4bpp build/assets/graphics/battle_anims/sprites/sharp_teeth.png.4bpp.smol
tools/compresSmol/compresSmol -w build/assets/graphics/battle_anims/sprites/shell_left.png.4bpp build/assets/graphics/battle_anims/sprites/shell_left.png.4bpp.smol
tools/compresSmol/compresSmol -w build/assets/graphics/battle_anims/sprites/shell_right.png.4bpp build/assets/graphics/battle_anims/sprites/shell_right.png.4bpp.smol
tools/compresSmol/compresSmol -w build/assets/graphics/battle_anims/sprites/shock.png.4bpp build/assets/graphics/battle_anims/sprites/shock.png.4bpp.smol
tools/compresSmol/compresSmol -w build/assets/graphics/battle_anims/sprites/shock_2.png.4bpp build/assets/graphics/battle_anims/sprites/shock_2.png.4bpp.smol
tools/compresSmol/compresSmol -w build/assets/graphics/battle_anims/sprites/shock_3.png.4bpp build/assets/graphics/battle_anims/sprites/shock_3.png.4bpp.smol
tools/compresSmol/compresSmol -w build/assets/graphics/battle_anims/sprites/shock_4.png.4bpp build/assets/graphics/battle_anims/sprites/shock_4.png.4bpp.smol
tools/compresSmol/compresSmol -w build/assets/graphics/battle_anims/sprites/slam_hit.png.4bpp build/assets/graphics/battle_anims/sprites/slam_hit.png.4bpp.smol
tools/compresSmol/compresSmol -w build/assets/graphics/battle_anims/sprites/slam_hit_2.png.4bpp build/assets/graphics/battle_anims/sprites/slam_hit_2.png.4bpp.smol
tools/compresSmol/compresSmol -w build/assets/graphics/battle_anims/sprites/slash.png.4bpp build/assets/graphics/battle_anims/sprites/slash.png.4bpp.smol
tools/compresSmol/compresSmol -w build/assets/graphics/battle_anims/sprites/small_bubbles.png.4bpp build/assets/graphics/battle_anims/sprites/small_bubbles.png.4bpp.smol
tools/compresSmol/compresSmol -w build/assets/graphics/battle_anims/sprites/small_cloud.png.4bpp build/assets/graphics/battle_anims/sprites/small_cloud.png.4bpp.smol
tools/compresSmol/compresSmol -w build/assets/graphics/battle_anims/sprites/small_ember.png.4bpp build/assets/graphics/battle_anims/sprites/small_ember.png.4bpp.smol
tools/compresSmol/compresSmol -w build/assets/graphics/battle_anims/sprites/small_red_eye.png.4bpp build/assets/graphics/battle_anims/sprites/small_red_eye.png.4bpp.smol
tools/compresSmol/compresSmol -w build/assets/graphics/battle_anims/sprites/smellingsalt_effect.png.4bpp build/assets/graphics/battle_anims/sprites/smellingsalt_effect.png.4bpp.smol
tools/compresSmol/compresSmol -w build/assets/graphics/battle_anims/sprites/smoke.png.4bpp build/assets/graphics/battle_anims/sprites/smoke.png.4bpp.smol
tools/compresSmol/compresSmol -w build/assets/graphics/battle_anims/sprites/smoke_2.png.4bpp build/assets/graphics/battle_anims/sprites/smoke_2.png.4bpp.smol
tools/compresSmol/compresSmol -w build/assets/graphics/battle_anims/sprites/smokescreen_impact.png.4bpp build/assets/graphics/battle_anims/sprites/smokescreen_impact.png.4bpp.smol
tools/compresSmol/compresSmol -w build/assets/graphics/battle_anims/sprites/snore_z.png.4bpp build/assets/graphics/battle_anims/sprites/snore_z.png.4bpp.smol
tools/compresSmol/compresSmol -w build/assets/graphics/battle_anims/sprites/snowball.png.4bpp build/assets/graphics/battle_anims/sprites/snowball.png.4bpp.smol
tools/compresSmol/compresSmol -w build/assets/graphics/battle_anims/sprites/snowflakes.png.4bpp build/assets/graphics/battle_anims/sprites/snowflakes.png.4bpp.smol
tools/compresSmol/compresSmol -w build/assets/graphics/battle_anims/sprites/spark_2.png.4bpp build/assets/graphics/battle_anims/sprites/spark_2.png.4bpp.smol
tools/compresSmol/compresSmol -w build/assets/graphics/battle_anims/sprites/spark_h.png.4bpp build/assets/graphics/battle_anims/sprites/spark_h.png.4bpp.smol
tools/compresSmol/compresSmol -w build/assets/graphics/battle_anims/sprites/sparkle_1.png.4bpp build/assets/graphics/battle_anims/sprites/sparkle_1.png.4bpp.smol
tools/compresSmol/compresSmol -w build/assets/graphics/battle_anims/sprites/sparkle_3.png.4bpp build/assets/graphics/battle_anims/sprites/sparkle_3.png.4bpp.smol
tools/compresSmol/compresSmol -w build/assets/graphics/battle_anims/sprites/sparkle_4.png.4bpp build/assets/graphics/battle_anims/sprites/sparkle_4.png.4bpp.smol
tools/compresSmol/compresSmol -w build/assets/graphics/battle_anims/sprites/sparkle_6.png.4bpp build/assets/graphics/battle_anims/sprites/sparkle_6.png.4bpp.smol
tools/compresSmol/compresSmol -w build/assets/graphics/battle_anims/sprites/speed_dust.png.4bpp build/assets/graphics/battle_anims/sprites/speed_dust.png.4bpp.smol
tools/compresSmol/compresSmol -w build/assets/graphics/battle_anims/sprites/sphere_to_cube.png.4bpp build/assets/graphics/battle_anims/sprites/sphere_to_cube.png.4bpp.smol
tools/compresSmol/compresSmol -w build/assets/graphics/battle_anims/sprites/spider_web.png.4bpp build/assets/graphics/battle_anims/sprites/spider_web.png.4bpp.smol
tools/compresSmol/compresSmol -w build/assets/graphics/battle_anims/sprites/spikes.png.4bpp build/assets/graphics/battle_anims/sprites/spikes.png.4bpp.smol
tools/compresSmol/compresSmol -w build/assets/graphics/battle_anims/sprites/spikes_new.png.4bpp build/assets/graphics/battle_anims/sprites/spikes_new.png.4bpp.smol
tools/compresSmol/compresSmol -w build/assets/graphics/battle_anims/sprites/spinning_fire.png.4bpp build/assets/graphics/battle_anims/sprites/spinning_fire.png.4bpp.smol
tools/compresSmol/compresSmol -w build/assets/graphics/battle_anims/sprites/spinning_green_orbs.png.4bpp build/assets/graphics/battle_anims/sprites/spinning_green_orbs.png.4bpp.smol
tools/compresSmol/compresSmol -w build/assets/graphics/battle_anims/sprites/spiral.png.4bpp build/assets/graphics/battle_anims/sprites/spiral.png.4bpp.smol
tools/compresSmol/compresSmol -w build/assets/graphics/battle_anims/sprites/spirit_shackle_arrow.png.4bpp build/assets/graphics/battle_anims/sprites/spirit_shackle_arrow.png.4bpp.smol
tools/compresSmol/compresSmol -w build/assets/graphics/battle_anims/sprites/splash.png.4bpp build/assets/graphics/battle_anims/sprites/splash.png.4bpp.smol
tools/compresSmol/compresSmol -w build/assets/graphics/battle_anims/sprites/spore.png.4bpp build/assets/graphics/battle_anims/sprites/spore.png.4bpp.smol
tools/compresSmol/compresSmol -w build/assets/graphics/battle_anims/sprites/spotlight.png.4bpp build/assets/graphics/battle_anims/sprites/spotlight.png.4bpp.smol
tools/compresSmol/compresSmol -w build/assets/graphics/battle_anims/sprites/sprout.png.4bpp build/assets/graphics/battle_anims/sprites/sprout.png.4bpp.smol
tools/compresSmol/compresSmol -w build/assets/graphics/battle_anims/sprites/starstorm_beam.png.4bpp build/assets/graphics/battle_anims/sprites/starstorm_beam.png.4bpp.smol
tools/compresSmol/compresSmol -w build/assets/graphics/battle_anims/sprites/stealth_rock.png.4bpp build/assets/graphics/battle_anims/sprites/stealth_rock.png.4bpp.smol
tools/compresSmol/compresSmol -w build/assets/graphics/battle_anims/sprites/steam_eruption.png.4bpp build/assets/graphics/battle_anims/sprites/steam_eruption.png.4bpp.smol
tools/compresSmol/compresSmol -w build/assets/graphics/battle_anims/sprites/steamroller.png.4bpp build/assets/graphics/battle_anims/sprites/steamroller.png.4bpp.smol
tools/compresSmol/compresSmol -w build/assets/graphics/battle_anims/sprites/stone_edge.png.4bpp build/assets/graphics/battle_anims/sprites/stone_edge.png.4bpp.smol
tools/compresSmol/compresSmol -w build/assets/graphics/battle_anims/sprites/stone_pillar.png.4bpp build/assets/graphics/battle_anims/sprites/stone_pillar.png.4bpp.smol
tools/compresSmol/compresSmol -w build/assets/graphics/battle_anims/sprites/straight_beam.png.4bpp build/assets/graphics/battle_anims/sprites/straight_beam.png.4bpp.smol
tools/compresSmol/compresSmol -w build/assets/graphics/battle_anims/sprites/string.png.4bpp build/assets/graphics/battle_anims/sprites/string.png.4bpp.smol
tools/compresSmol/compresSmol -w build/assets/graphics/battle_anims/sprites/string_2.png.4bpp build/assets/graphics/battle_anims/sprites/string_2.png.4bpp.smol
tools/compresSmol/compresSmol -w build/assets/graphics/battle_anims/sprites/substitute.png.4bpp build/assets/graphics/battle_anims/sprites/substitute.png.4bpp.smol
tools/compresSmol/compresSmol -w build/assets/graphics/battle_anims/sprites/substitute_back.png.4bpp build/assets/graphics/battle_anims/sprites/substitute_back.png.4bpp.smol
tools/compresSmol/compresSmol -w build/assets/graphics/battle_anims/sprites/substitute_back_gba.png.4bpp build/assets/graphics/battle_anims/sprites/substitute_back_gba.png.4bpp.smol
tools/compresSmol/compresSmol -w build/assets/graphics/battle_anims/sprites/substitute_gba.png.4bpp build/assets/graphics/battle_anims/sprites/substitute_gba.png.4bpp.smol
tools/compresSmol/compresSmol -w build/assets/graphics/battle_anims/sprites/sunlight.png.4bpp build/assets/graphics/battle_anims/sprites/sunlight.png.4bpp.smol
tools/compresSmol/compresSmol -w build/assets/graphics/battle_anims/sprites/sweat_bead.png.4bpp build/assets/graphics/battle_anims/sprites/sweat_bead.png.4bpp.smol
tools/compresSmol/compresSmol -w build/assets/graphics/battle_anims/sprites/sweat_drop.png.4bpp build/assets/graphics/battle_anims/sprites/sweat_drop.png.4bpp.smol
tools/compresSmol/compresSmol -w build/assets/graphics/battle_anims/sprites/swipe.png.4bpp build/assets/graphics/battle_anims/sprites/swipe.png.4bpp.smol
tools/compresSmol/compresSmol -w build/assets/graphics/battle_anims/sprites/sword.png.4bpp build/assets/graphics/battle_anims/sprites/sword.png.4bpp.smol
tools/compresSmol/compresSmol -w build/assets/graphics/battle_anims/sprites/sword_2.png.4bpp build/assets/graphics/battle_anims/sprites/sword_2.png.4bpp.smol
tools/compresSmol/compresSmol -w build/assets/graphics/battle_anims/sprites/sword_new.png.4bpp build/assets/graphics/battle_anims/sprites/sword_new.png.4bpp.smol
tools/compresSmol/compresSmol -w build/assets/graphics/battle_anims/sprites/syrup_bomb_blob.png.4bpp build/assets/graphics/battle_anims/sprites/syrup_bomb_blob.png.4bpp.smol
tools/compresSmol/compresSmol -w build/assets/graphics/battle_anims/sprites/syrup_bomb_shell.png.4bpp build/assets/graphics/battle_anims/sprites/syrup_bomb_shell.png.4bpp.smol
tools/compresSmol/compresSmol -w build/assets/graphics/battle_anims/sprites/syrup_bomb_splat.png.4bpp build/assets/graphics/battle_anims/sprites/syrup_bomb_splat.png.4bpp.smol
tools/compresSmol/compresSmol -w build/assets/graphics/battle_anims/sprites/tag_hand.png.4bpp build/assets/graphics/battle_anims/sprites/tag_hand.png.4bpp.smol
tools/compresSmol/compresSmol -w build/assets/graphics/battle_anims/sprites/tatsugiri_curly.png.4bpp build/assets/graphics/battle_anims/sprites/tatsugiri_curly.png.4bpp.smol
tools/compresSmol/compresSmol -w build/assets/graphics/battle_anims/sprites/tatsugiri_droopy.png.4bpp build/assets/graphics/battle_anims/sprites/tatsugiri_droopy.png.4bpp.smol
tools/compresSmol/compresSmol -w build/assets/graphics/battle_anims/sprites/tatsugiri_stretchy.png.4bpp build/assets/graphics/battle_anims/sprites/tatsugiri_stretchy.png.4bpp.smol
tools/compresSmol/compresSmol -w build/assets/graphics/battle_anims/sprites/teal_alert.png.4bpp build/assets/graphics/battle_anims/sprites/teal_alert.png.4bpp.smol
tools/compresSmol/compresSmol -w build/assets/graphics/battle_anims/sprites/teeth.png.4bpp build/assets/graphics/battle_anims/sprites/teeth.png.4bpp.smol
tools/compresSmol/compresSmol -w build/assets/graphics/battle_anims/sprites/teeth_new.png.4bpp build/assets/graphics/battle_anims/sprites/teeth_new.png.4bpp.smol
tools/compresSmol/compresSmol -w build/assets/graphics/battle_anims/sprites/tendrils.png.4bpp build/assets/graphics/battle_anims/sprites/tendrils.png.4bpp.smol
tools/compresSmol/compresSmol -w build/assets/graphics/battle_anims/sprites/tera_crystal.png.4bpp build/assets/graphics/battle_anims/sprites/tera_crystal.png.4bpp.smol
tools/compresSmol/compresSmol -w build/assets/graphics/battle_anims/sprites/tera_shatter.png.4bpp build/assets/graphics/battle_anims/sprites/tera_shatter.png.4bpp.smol
tools/compresSmol/compresSmol -w build/assets/graphics/battle_anims/sprites/tera_symbol.png.4bpp build/assets/graphics/battle_anims/sprites/tera_symbol.png.4bpp.smol
tools/compresSmol/compresSmol -w build/assets/graphics/battle_anims/sprites/thin_ring.png.4bpp build/assets/graphics/battle_anims/sprites/thin_ring.png.4bpp.smol
tools/compresSmol/compresSmol -w build/assets/graphics/battle_anims/sprites/thought_bubble.png.4bpp build/assets/graphics/battle_anims/sprites/thought_bubble.png.4bpp.smol
tools/compresSmol/compresSmol -w build/assets/graphics/battle_anims/sprites/tied_bag.png.4bpp build/assets/graphics/battle_anims/sprites/tied_bag.png.4bpp.smol
tools/compresSmol/compresSmol -w build/assets/graphics/battle_anims/sprites/tongue.png.4bpp build/assets/graphics/battle_anims/sprites/tongue.png.4bpp.smol
tools/compresSmol/compresSmol -w build/assets/graphics/battle_anims/sprites/torn_metal.png.4bpp build/assets/graphics/battle_anims/sprites/torn_metal.png.4bpp.smol
tools/compresSmol/compresSmol -w build/assets/graphics/battle_anims/sprites/tornado.png.4bpp build/assets/graphics/battle_anims/sprites/tornado.png.4bpp.smol
tools/compresSmol/compresSmol -w build/assets/graphics/battle_anims/sprites/toxic_bubble.png.4bpp build/assets/graphics/battle_anims/sprites/toxic_bubble.png.4bpp.smol
tools/compresSmol/compresSmol -w build/assets/graphics/battle_anims/sprites/tri_attack_triangle.png.4bpp build/assets/graphics/battle_anims/sprites/tri_attack_triangle.png.4bpp.smol
tools/compresSmol/compresSmol -w build/assets/graphics/battle_anims/sprites/trump_card_particles.png.4bpp build/assets/graphics/battle_anims/sprites/trump_card_particles.png.4bpp.smol
tools/compresSmol/compresSmol -w build/assets/graphics/battle_anims/sprites/trump_cards.png.4bpp build/assets/graphics/battle_anims/sprites/trump_cards.png.4bpp.smol
tools/compresSmol/compresSmol -w build/assets/graphics/battle_anims/sprites/unknown.png.4bpp build/assets/graphics/battle_anims/sprites/unknown.png.4bpp.smol
tools/compresSmol/compresSmol -w build/assets/graphics/battle_anims/sprites/vine.png.4bpp build/assets/graphics/battle_anims/sprites/vine.png.4bpp.smol
tools/compresSmol/compresSmol -w build/assets/graphics/battle_anims/sprites/vine_2.png.4bpp build/assets/graphics/battle_anims/sprites/vine_2.png.4bpp.smol
tools/compresSmol/compresSmol -w build/assets/graphics/battle_anims/sprites/void_lines.png.4bpp build/assets/graphics/battle_anims/sprites/void_lines.png.4bpp.smol
tools/compresSmol/compresSmol -w build/assets/graphics/battle_anims/sprites/warm_rock.png.4bpp build/assets/graphics/battle_anims/sprites/warm_rock.png.4bpp.smol
tools/compresSmol/compresSmol -w build/assets/graphics/battle_anims/sprites/water_column.png.4bpp build/assets/graphics/battle_anims/sprites/water_column.png.4bpp.smol
tools/compresSmol/compresSmol -w build/assets/graphics/battle_anims/sprites/water_droplet.png.4bpp build/assets/graphics/battle_anims/sprites/water_droplet.png.4bpp.smol
tools/compresSmol/compresSmol -w build/assets/graphics/battle_anims/sprites/water_droplet_2.png.4bpp build/assets/graphics/battle_anims/sprites/water_droplet_2.png.4bpp.smol
tools/compresSmol/compresSmol -w build/assets/graphics/battle_anims/sprites/water_gun.png.4bpp build/assets/graphics/battle_anims/sprites/water_gun.png.4bpp.smol
tools/compresSmol/compresSmol -w build/assets/graphics/battle_anims/sprites/water_impact.png.4bpp build/assets/graphics/battle_anims/sprites/water_impact.png.4bpp.smol
tools/compresSmol/compresSmol -w build/assets/graphics/battle_anims/sprites/water_orb.png.4bpp build/assets/graphics/battle_anims/sprites/water_orb.png.4bpp.smol
tools/compresSmol/compresSmol -w build/assets/graphics/battle_anims/sprites/waving_hand.png.4bpp build/assets/graphics/battle_anims/sprites/waving_hand.png.4bpp.smol
tools/compresSmol/compresSmol -w build/assets/graphics/battle_anims/sprites/weather_ball.png.4bpp build/assets/graphics/battle_anims/sprites/weather_ball.png.4bpp.smol
tools/compresSmol/compresSmol -w build/assets/graphics/battle_anims/sprites/web.png.4bpp build/assets/graphics/battle_anims/sprites/web.png.4bpp.smol
tools/compresSmol/compresSmol -w build/assets/graphics/battle_anims/sprites/web_thread.png.4bpp build/assets/graphics/battle_anims/sprites/web_thread.png.4bpp.smol
tools/compresSmol/compresSmol -w build/assets/graphics/battle_anims/sprites/whirlwind.png.4bpp build/assets/graphics/battle_anims/sprites/whirlwind.png.4bpp.smol
tools/compresSmol/compresSmol -w build/assets/graphics/battle_anims/sprites/whirlwind_2.png.4bpp build/assets/graphics/battle_anims/sprites/whirlwind_2.png.4bpp.smol
tools/compresSmol/compresSmol -w build/assets/graphics/battle_anims/sprites/whirlwind_lines.png.4bpp build/assets/graphics/battle_anims/sprites/whirlwind_lines.png.4bpp.smol
tools/compresSmol/compresSmol -w build/assets/graphics/battle_anims/sprites/white_bag.png.4bpp build/assets/graphics/battle_anims/sprites/white_bag.png.4bpp.smol
tools/compresSmol/compresSmol -w build/assets/graphics/battle_anims/sprites/white_feather.png.4bpp build/assets/graphics/battle_anims/sprites/white_feather.png.4bpp.smol
tools/compresSmol/compresSmol -w build/assets/graphics/battle_anims/sprites/white_shadow.png.4bpp build/assets/graphics/battle_anims/sprites/white_shadow.png.4bpp.smol
tools/compresSmol/compresSmol -w build/assets/graphics/battle_anims/sprites/white_streak.png.4bpp build/assets/graphics/battle_anims/sprites/white_streak.png.4bpp.smol
tools/compresSmol/compresSmol -w build/assets/graphics/battle_anims/sprites/wisp_fire.png.4bpp build/assets/graphics/battle_anims/sprites/wisp_fire.png.4bpp.smol
tools/compresSmol/compresSmol -w build/assets/graphics/battle_anims/sprites/wisp_orb.png.4bpp build/assets/graphics/battle_anims/sprites/wisp_orb.png.4bpp.smol
tools/compresSmol/compresSmol -w build/assets/graphics/battle_anims/sprites/wood_hammer.png.4bpp build/assets/graphics/battle_anims/sprites/wood_hammer.png.4bpp.smol
tools/compresSmol/compresSmol -w build/assets/graphics/battle_anims/sprites/wood_hammer_hammer.png.4bpp build/assets/graphics/battle_anims/sprites/wood_hammer_hammer.png.4bpp.smol
tools/compresSmol/compresSmol -w build/assets/graphics/battle_anims/sprites/worry_seed.png.4bpp build/assets/graphics/battle_anims/sprites/worry_seed.png.4bpp.smol
tools/compresSmol/compresSmol -w build/assets/graphics/battle_anims/sprites/wring_out.png.4bpp build/assets/graphics/battle_anims/sprites/wring_out.png.4bpp.smol
tools/compresSmol/compresSmol -w build/assets/graphics/battle_anims/sprites/x_sign.png.4bpp build/assets/graphics/battle_anims/sprites/x_sign.png.4bpp.smol
tools/compresSmol/compresSmol -w build/assets/graphics/battle_anims/sprites/yellow_ball.png.4bpp build/assets/graphics/battle_anims/sprites/yellow_ball.png.4bpp.smol
tools/compresSmol/compresSmol -w build/assets/graphics/battle_anims/sprites/yellow_star.png.4bpp build/assets/graphics/battle_anims/sprites/yellow_star.png.4bpp.smol
tools/compresSmol/compresSmol -w build/assets/graphics/battle_anims/sprites/yellow_unk.png.4bpp build/assets/graphics/battle_anims/sprites/yellow_unk.png.4bpp.smol
tools/compresSmol/compresSmol -w build/assets/graphics/battle_anims/sprites/yellow_unk_2.png.4bpp build/assets/graphics/battle_anims/sprites/yellow_unk_2.png.4bpp.smol
tools/compresSmol/compresSmol -w build/assets/graphics/battle_anims/sprites/z.png.4bpp build/assets/graphics/battle_anims/sprites/z.png.4bpp.smol
tools/compresSmol/compresSmol -w build/assets/graphics/battle_anims/sprites/z_move_symbol.png.4bpp build/assets/graphics/battle_anims/sprites/z_move_symbol.png.4bpp.smol
tools/compresSmol/compresSmol -w build/assets/graphics/battle_anims/stat_change/tiles.png.4bpp build/assets/graphics/battle_anims/stat_change/tiles.png.4bpp.smol
tools/compresSmol/compresSmol -w build/assets/graphics/battle_anims/unused/goosuto.png.4bpp build/assets/graphics/battle_anims/unused/goosuto.png.4bpp.smol
tools/compresSmol/compresSmol -w build/assets/graphics/battle_anims/unused/lights.png.4bpp build/assets/graphics/battle_anims/unused/lights.png.4bpp.smol
tools/compresSmol/compresSmol -w build/assets/graphics/battle_anims/unused/line_sketch.png.4bpp build/assets/graphics/battle_anims/unused/line_sketch.png.4bpp.smol
tools/compresSmol/compresSmol -w build/assets/graphics/battle_anims/unused/line_sketch_2.png.8bpp build/assets/graphics/battle_anims/unused/line_sketch_2.png.8bpp.smol
tools/compresSmol/compresSmol -w build/assets/graphics/battle_anims/unused/metronome_hand_small.png.4bpp build/assets/graphics/battle_anims/unused/metronome_hand_small.png.4bpp.smol
tools/compresSmol/compresSmol -w build/assets/graphics/battle_anims/unused/music_notes.png.4bpp build/assets/graphics/battle_anims/unused/music_notes.png.4bpp.smol
tools/compresSmol/compresSmol -w build/assets/graphics/battle_anims/unused/old_beatup.png.4bpp build/assets/graphics/battle_anims/unused/old_beatup.png.4bpp.smol
tools/compresSmol/compresSmol -w build/assets/graphics/battle_anims/unused/spinning_ball.png.4bpp build/assets/graphics/battle_anims/unused/spinning_ball.png.4bpp.smol
tools/compresSmol/compresSmol -w build/assets/graphics/battle_anims/unused/water_splash.png.8bpp build/assets/graphics/battle_anims/unused/water_splash.png.8bpp.smol
tools/compresSmol/compresSmol -w build/assets/graphics/battle_environment/building/anim_tiles.png.4bpp build/assets/graphics/battle_environment/building/anim_tiles.png.4bpp.smol
tools/compresSmol/compresSmol -w build/assets/graphics/battle_environment/building/tiles.png.4bpp build/assets/graphics/battle_environment/building/tiles.png.4bpp.smol
tools/compresSmol/compresSmol -w build/assets/graphics/battle_environment/cave/anim_tiles.png.4bpp build/assets/graphics/battle_environment/cave/anim_tiles.png.4bpp.smol
tools/compresSmol/compresSmol -w build/assets/graphics/battle_environment/cave/tiles.png.4bpp build/assets/graphics/battle_environment/cave/tiles.png.4bpp.smol
tools/compresSmol/compresSmol -w build/assets/graphics/battle_environment/long_grass/anim_tiles.png.4bpp build/assets/graphics/battle_environment/long_grass/anim_tiles.png.4bpp.smol
tools/compresSmol/compresSmol -w build/assets/graphics/battle_environment/long_grass/tiles.png.4bpp build/assets/graphics/battle_environment/long_grass/tiles.png.4bpp.smol
tools/compresSmol/compresSmol -w build/assets/graphics/battle_environment/pond_water/anim_tiles.png.4bpp build/assets/graphics/battle_environment/pond_water/anim_tiles.png.4bpp.smol
tools/compresSmol/compresSmol -w build/assets/graphics/battle_environment/pond_water/tiles.png.4bpp build/assets/graphics/battle_environment/pond_water/tiles.png.4bpp.smol
tools/compresSmol/compresSmol -w build/assets/graphics/battle_environment/rock/anim_tiles.png.4bpp build/assets/graphics/battle_environment/rock/anim_tiles.png.4bpp.smol
tools/compresSmol/compresSmol -w build/assets/graphics/battle_environment/rock/tiles.png.4bpp build/assets/graphics/battle_environment/rock/tiles.png.4bpp.smol
tools/compresSmol/compresSmol -w build/assets/graphics/battle_environment/sand/anim_tiles.png.4bpp build/assets/graphics/battle_environment/sand/anim_tiles.png.4bpp.smol
tools/compresSmol/compresSmol -w build/assets/graphics/battle_environment/sand/tiles.png.4bpp build/assets/graphics/battle_environment/sand/tiles.png.4bpp.smol
tools/compresSmol/compresSmol -w build/assets/graphics/battle_environment/sky/anim_tiles.png.4bpp build/assets/graphics/battle_environment/sky/anim_tiles.png.4bpp.smol
tools/compresSmol/compresSmol -w build/assets/graphics/battle_environment/sky/tiles.png.4bpp build/assets/graphics/battle_environment/sky/tiles.png.4bpp.smol
tools/compresSmol/compresSmol -w build/assets/graphics/battle_environment/stadium/tiles.png.4bpp build/assets/graphics/battle_environment/stadium/tiles.png.4bpp.smol
tools/compresSmol/compresSmol -w build/assets/graphics/battle_environment/tall_grass/anim_tiles.png.4bpp build/assets/graphics/battle_environment/tall_grass/anim_tiles.png.4bpp.smol
tools/compresSmol/compresSmol -w build/assets/graphics/battle_environment/tall_grass/tiles.png.4bpp build/assets/graphics/battle_environment/tall_grass/tiles.png.4bpp.smol
tools/compresSmol/compresSmol -w build/assets/graphics/battle_environment/underwater/anim_tiles.png.4bpp build/assets/graphics/battle_environment/underwater/anim_tiles.png.4bpp.smol
tools/compresSmol/compresSmol -w build/assets/graphics/battle_environment/underwater/tiles.png.4bpp build/assets/graphics/battle_environment/underwater/tiles.png.4bpp.smol
tools/compresSmol/compresSmol -w build/assets/graphics/battle_environment/water/anim_tiles.png.4bpp build/assets/graphics/battle_environment/water/anim_tiles.png.4bpp.smol
tools/compresSmol/compresSmol -w build/assets/graphics/battle_environment/water/tiles.png.4bpp build/assets/graphics/battle_environment/water/tiles.png.4bpp.smol
tools/compresSmol/compresSmol -w build/assets/graphics/battle_frontier/arena_judgment_symbols.png.4bpp build/assets/graphics/battle_frontier/arena_judgment_symbols.png.4bpp.smol
tools/compresSmol/compresSmol -w build/assets/graphics/battle_frontier/tourney_buttons.png.4bpp build/assets/graphics/battle_frontier/tourney_buttons.png.4bpp.smol
tools/compresSmol/compresSmol -w build/assets/graphics/battle_frontier/tourney_info_card.png.4bpp build/assets/graphics/battle_frontier/tourney_info_card.png.4bpp.smol
tools/compresSmol/compresSmol -w build/assets/graphics/battle_frontier/tourney_line.png.4bpp build/assets/graphics/battle_frontier/tourney_line.png.4bpp.smol
tools/compresSmol/compresSmol -w build/assets/graphics/battle_frontier/tourney_tree.png.4bpp build/assets/graphics/battle_frontier/tourney_tree.png.4bpp.smol
tools/compresSmol/compresSmol -w build/assets/graphics/battle_interface/ball_status_bar.png.4bpp build/assets/graphics/battle_interface/ball_status_bar.png.4bpp.smol
tools/compresSmol/compresSmol -w build/assets/graphics/battle_interface/enemy_mon_shadow.png.4bpp build/assets/graphics/battle_interface/enemy_mon_shadow.png.4bpp.smol
tools/compresSmol/compresSmol -w build/assets/graphics/battle_interface/enemy_mon_shadows_sized.png.4bpp build/assets/graphics/battle_interface/enemy_mon_shadows_sized.png.4bpp.smol
tools/compresSmol/compresSmol -w build/assets/graphics/battle_interface/healthbox_doubles_opponent.png_mwidth_8__mheight_4.4bpp build/assets/graphics/battle_interface/healthbox_doubles_opponent.png_mwidth_8__mheight_4.4bpp.smol
tools/compresSmol/compresSmol -w build/assets/graphics/battle_interface/healthbox_doubles_player.png_mwidth_8__mheight_4.4bpp build/assets/graphics/battle_interface/healthbox_doubles_player.png_mwidth_8__mheight_4.4bpp.smol
tools/compresSmol/compresSmol -w build/assets/graphics/battle_interface/healthbox_safari.png_mwidth_8__mheight_8.4bpp build/assets/graphics/battle_interface/healthbox_safari.png_mwidth_8__mheight_8.4bpp.smol
tools/compresSmol/compresSmol -w build/assets/graphics/battle_interface/healthbox_singles_opponent.png_mwidth_8__mheight_4.4bpp build/assets/graphics/battle_interface/healthbox_singles_opponent.png_mwidth_8__mheight_4.4bpp.smol
tools/compresSmol/compresSmol -w build/assets/graphics/battle_interface/healthbox_singles_player.png_mwidth_8__mheight_8.4bpp build/assets/graphics/battle_interface/healthbox_singles_player.png_mwidth_8__mheight_8.4bpp.smol
tools/compresSmol/compresSmol -w build/assets/graphics/battle_interface/hpbar_unused.png.4bpp build/assets/graphics/battle_interface/hpbar_unused.png.4bpp.smol
tools/compresSmol/compresSmol -w build/assets/graphics/battle_interface/textbox.png.4bpp build/assets/graphics/battle_interface/textbox.png.4bpp.smol
tools/compresSmol/compresSmol -w build/assets/graphics/battle_interface/unused_window.png.4bpp build/assets/graphics/battle_interface/unused_window.png.4bpp.smol
tools/compresSmol/compresSmol -w build/assets/graphics/battle_interface/unused_window2.png.4bpp build/assets/graphics/battle_interface/unused_window2.png.4bpp.smol
tools/compresSmol/compresSmol -w build/assets/graphics/battle_interface/unused_window2bar.png_num_tiles_5__Wnum_tiles.4bpp build/assets/graphics/battle_interface/unused_window2bar.png_num_tiles_5__Wnum_tiles.4bpp.smol
tools/compresSmol/compresSmol -w build/assets/graphics/battle_interface/unused_window3.png.4bpp build/assets/graphics/battle_interface/unused_window3.png.4bpp.smol
tools/compresSmol/compresSmol -w build/assets/graphics/battle_interface/unused_window4.png.4bpp build/assets/graphics/battle_interface/unused_window4.png.4bpp.smol
tools/compresSmol/compresSmol -w build/assets/graphics/battle_transitions/vs.png.4bpp build/assets/graphics/battle_transitions/vs.png.4bpp.smol
tools/compresSmol/compresSmol -w build/assets/graphics/battle_transitions/vs_frame.png_num_tiles_16__Wnum_tiles.4bpp build/assets/graphics/battle_transitions/vs_frame.png_num_tiles_16__Wnum_tiles.4bpp.smol
tools/compresSmol/compresSmol -w build/assets/graphics/berries/aguav.png.4bpp build/assets/graphics/berries/aguav.png.4bpp.smol
tools/compresSmol/compresSmol -w build/assets/graphics/berries/apicot.png.4bpp build/assets/graphics/berries/apicot.png.4bpp.smol
tools/compresSmol/compresSmol -w build/assets/graphics/berries/aspear.png.4bpp build/assets/graphics/berries/aspear.png.4bpp.smol
tools/compresSmol/compresSmol -w build/assets/graphics/berries/babiri.png.4bpp build/assets/graphics/berries/babiri.png.4bpp.smol
tools/compresSmol/compresSmol -w build/assets/graphics/berries/belue.png.4bpp build/assets/graphics/berries/belue.png.4bpp.smol
tools/compresSmol/compresSmol -w build/assets/graphics/berries/bluk.png.4bpp build/assets/graphics/berries/bluk.png.4bpp.smol
tools/compresSmol/compresSmol -w build/assets/graphics/berries/charti.png.4bpp build/assets/graphics/berries/charti.png.4bpp.smol
tools/compresSmol/compresSmol -w build/assets/graphics/berries/cheri.png.4bpp build/assets/graphics/berries/cheri.png.4bpp.smol
tools/compresSmol/compresSmol -w build/assets/graphics/berries/chesto.png.4bpp build/assets/graphics/berries/chesto.png.4bpp.smol
tools/compresSmol/compresSmol -w build/assets/graphics/berries/chilan.png.4bpp build/assets/graphics/berries/chilan.png.4bpp.smol
tools/compresSmol/compresSmol -w build/assets/graphics/berries/chople.png.4bpp build/assets/graphics/berries/chople.png.4bpp.smol
tools/compresSmol/compresSmol -w build/assets/graphics/berries/coba.png.4bpp build/assets/graphics/berries/coba.png.4bpp.smol
tools/compresSmol/compresSmol -w build/assets/graphics/berries/colbur.png.4bpp build/assets/graphics/berries/colbur.png.4bpp.smol
tools/compresSmol/compresSmol -w build/assets/graphics/berries/cornn.png.4bpp build/assets/graphics/berries/cornn.png.4bpp.smol
tools/compresSmol/compresSmol -w build/assets/graphics/berries/custap.png.4bpp build/assets/graphics/berries/custap.png.4bpp.smol
tools/compresSmol/compresSmol -w build/assets/graphics/berries/durin.png.4bpp build/assets/graphics/berries/durin.png.4bpp.smol
tools/compresSmol/compresSmol -w build/assets/graphics/berries/enigma.png.4bpp build/assets/graphics/berries/enigma.png.4bpp.smol
tools/compresSmol/compresSmol -w build/assets/graphics/berries/figy.png.4bpp build/assets/graphics/berries/figy.png.4bpp.smol
tools/compresSmol/compresSmol -w build/assets/graphics/berries/ganlon.png.4bpp build/assets/graphics/berries/ganlon.png.4bpp.smol
tools/compresSmol/compresSmol -w build/assets/graphics/berries/grepa.png.4bpp build/assets/graphics/berries/grepa.png.4bpp.smol
tools/compresSmol/compresSmol -w build/assets/graphics/berries/haban.png.4bpp build/assets/graphics/berries/haban.png.4bpp.smol
tools/compresSmol/compresSmol -w build/assets/graphics/berries/hondew.png.4bpp build/assets/graphics/berries/hondew.png.4bpp.smol
tools/compresSmol/compresSmol -w build/assets/graphics/berries/iapapa.png.4bpp build/assets/graphics/berries/iapapa.png.4bpp.smol
tools/compresSmol/compresSmol -w build/assets/graphics/berries/jaboca.png.4bpp build/assets/graphics/berries/jaboca.png.4bpp.smol
tools/compresSmol/compresSmol -w build/assets/graphics/berries/kasib.png.4bpp build/assets/graphics/berries/kasib.png.4bpp.smol
tools/compresSmol/compresSmol -w build/assets/graphics/berries/kebia.png.4bpp build/assets/graphics/berries/kebia.png.4bpp.smol
tools/compresSmol/compresSmol -w build/assets/graphics/berries/kee.png.4bpp build/assets/graphics/berries/kee.png.4bpp.smol
tools/compresSmol/compresSmol -w build/assets/graphics/berries/kelpsy.png.4bpp build/assets/graphics/berries/kelpsy.png.4bpp.smol
tools/compresSmol/compresSmol -w build/assets/graphics/berries/lansat.png.4bpp build/assets/graphics/berries/lansat.png.4bpp.smol
tools/compresSmol/compresSmol -w build/assets/graphics/berries/leppa.png.4bpp build/assets/graphics/berries/leppa.png.4bpp.smol
tools/compresSmol/compresSmol -w build/assets/graphics/berries/liechi.png.4bpp build/assets/graphics/berries/liechi.png.4bpp.smol
tools/compresSmol/compresSmol -w build/assets/graphics/berries/lum.png.4bpp build/assets/graphics/berries/lum.png.4bpp.smol
tools/compresSmol/compresSmol -w build/assets/graphics/berries/mago.png.4bpp build/assets/graphics/berries/mago.png.4bpp.smol
tools/compresSmol/compresSmol -w build/assets/graphics/berries/magost.png.4bpp build/assets/graphics/berries/magost.png.4bpp.smol
tools/compresSmol/compresSmol -w build/assets/graphics/berries/maranga.png.4bpp build/assets/graphics/berries/maranga.png.4bpp.smol
tools/compresSmol/compresSmol -w build/assets/graphics/berries/micle.png.4bpp build/assets/graphics/berries/micle.png.4bpp.smol
tools/compresSmol/compresSmol -w build/assets/graphics/berries/nanab.png.4bpp build/assets/graphics/berries/nanab.png.4bpp.smol
tools/compresSmol/compresSmol -w build/assets/graphics/berries/nomel.png.4bpp build/assets/graphics/berries/nomel.png.4bpp.smol
tools/compresSmol/compresSmol -w build/assets/graphics/berries/occa.png.4bpp build/assets/graphics/berries/occa.png.4bpp.smol
tools/compresSmol/compresSmol -w build/assets/graphics/berries/oran.png.4bpp build/assets/graphics/berries/oran.png.4bpp.smol
tools/compresSmol/compresSmol -w build/assets/graphics/berries/pamtre.png.4bpp build/assets/graphics/berries/pamtre.png.4bpp.smol
tools/compresSmol/compresSmol -w build/assets/graphics/berries/passho.png.4bpp build/assets/graphics/berries/passho.png.4bpp.smol
tools/compresSmol/compresSmol -w build/assets/graphics/berries/payapa.png.4bpp build/assets/graphics/berries/payapa.png.4bpp.smol
tools/compresSmol/compresSmol -w build/assets/graphics/berries/pecha.png.4bpp build/assets/graphics/berries/pecha.png.4bpp.smol
tools/compresSmol/compresSmol -w build/assets/graphics/berries/persim.png.4bpp build/assets/graphics/berries/persim.png.4bpp.smol
tools/compresSmol/compresSmol -w build/assets/graphics/berries/petaya.png.4bpp build/assets/graphics/berries/petaya.png.4bpp.smol
tools/compresSmol/compresSmol -w build/assets/graphics/berries/pinap.png.4bpp build/assets/graphics/berries/pinap.png.4bpp.smol
tools/compresSmol/compresSmol -w build/assets/graphics/berries/pomeg.png.4bpp build/assets/graphics/berries/pomeg.png.4bpp.smol
tools/compresSmol/compresSmol -w build/assets/graphics/berries/qualot.png.4bpp build/assets/graphics/berries/qualot.png.4bpp.smol
tools/compresSmol/compresSmol -w build/assets/graphics/berries/rabuta.png.4bpp build/assets/graphics/berries/rabuta.png.4bpp.smol
tools/compresSmol/compresSmol -w build/assets/graphics/berries/rawst.png.4bpp build/assets/graphics/berries/rawst.png.4bpp.smol
tools/compresSmol/compresSmol -w build/assets/graphics/berries/razz.png.4bpp build/assets/graphics/berries/razz.png.4bpp.smol
tools/compresSmol/compresSmol -w build/assets/graphics/berries/rindo.png.4bpp build/assets/graphics/berries/rindo.png.4bpp.smol
tools/compresSmol/compresSmol -w build/assets/graphics/berries/roseli.png.4bpp build/assets/graphics/berries/roseli.png.4bpp.smol
tools/compresSmol/compresSmol -w build/assets/graphics/berries/rowap.png.4bpp build/assets/graphics/berries/rowap.png.4bpp.smol
tools/compresSmol/compresSmol -w build/assets/graphics/berries/salac.png.4bpp build/assets/graphics/berries/salac.png.4bpp.smol
tools/compresSmol/compresSmol -w build/assets/graphics/berries/shuca.png.4bpp build/assets/graphics/berries/shuca.png.4bpp.smol
tools/compresSmol/compresSmol -w build/assets/graphics/berries/sitrus.png.4bpp build/assets/graphics/berries/sitrus.png.4bpp.smol
tools/compresSmol/compresSmol -w build/assets/graphics/berries/spelon.png.4bpp build/assets/graphics/berries/spelon.png.4bpp.smol
tools/compresSmol/compresSmol -w build/assets/graphics/berries/starf.png.4bpp build/assets/graphics/berries/starf.png.4bpp.smol
tools/compresSmol/compresSmol -w build/assets/graphics/berries/tamato.png.4bpp build/assets/graphics/berries/tamato.png.4bpp.smol
tools/compresSmol/compresSmol -w build/assets/graphics/berries/tanga.png.4bpp build/assets/graphics/berries/tanga.png.4bpp.smol
tools/compresSmol/compresSmol -w build/assets/graphics/berries/wacan.png.4bpp build/assets/graphics/berries/wacan.png.4bpp.smol
tools/compresSmol/compresSmol -w build/assets/graphics/berries/watmel.png.4bpp build/assets/graphics/berries/watmel.png.4bpp.smol
tools/compresSmol/compresSmol -w build/assets/graphics/berries/wepear.png.4bpp build/assets/graphics/berries/wepear.png.4bpp.smol
tools/compresSmol/compresSmol -w build/assets/graphics/berries/wiki.png.4bpp build/assets/graphics/berries/wiki.png.4bpp.smol
tools/compresSmol/compresSmol -w build/assets/graphics/berries/yache.png.4bpp build/assets/graphics/berries/yache.png.4bpp.smol
tools/compresSmol/compresSmol -w build/assets/graphics/berry_blender/center.png.8bpp build/assets/graphics/berry_blender/center.png.8bpp.smol
tools/compresSmol/compresSmol -w build/assets/graphics/berry_blender/outer.png.4bpp build/assets/graphics/berry_blender/outer.png.4bpp.smol
tools/compresSmol/compresSmol -w build/assets/graphics/berry_crush/crusher.png.4bpp build/assets/graphics/berry_crush/crusher.png.4bpp.smol
tools/compresSmol/compresSmol -w build/assets/graphics/berry_fix/gba_connect.png.4bpp build/assets/graphics/berry_fix/gba_connect.png.4bpp.smol
tools/compresSmol/compresSmol -w build/assets/graphics/berry_fix/gba_transfer.png.4bpp build/assets/graphics/berry_fix/gba_transfer.png.4bpp.smol
tools/compresSmol/compresSmol -w build/assets/graphics/berry_fix/gba_transfer_error.png.4bpp build/assets/graphics/berry_fix/gba_transfer_error.png.4bpp.smol
tools/compresSmol/compresSmol -w build/assets/graphics/berry_fix/gba_transfer_highlight.png.4bpp build/assets/graphics/berry_fix/gba_transfer_highlight.png.4bpp.smol
tools/compresSmol/compresSmol -w build/assets/graphics/berry_fix/logo.png.4bpp build/assets/graphics/berry_fix/logo.png.4bpp.smol
tools/compresSmol/compresSmol -w build/assets/graphics/berry_fix/window.png.4bpp build/assets/graphics/berry_fix/window.png.4bpp.smol
tools/compresSmol/compresSmol -w build/assets/graphics/cable_car/bg.png.4bpp build/assets/graphics/cable_car/bg.png.4bpp.smol
tools/compresSmol/compresSmol -w build/assets/graphics/cable_car/cable.png.4bpp build/assets/graphics/cable_car/cable.png.4bpp.smol
tools/compresSmol/compresSmol -w build/assets/graphics/cable_car/cable_car.png.4bpp build/assets/graphics/cable_car/cable_car.png.4bpp.smol
tools/compresSmol/compresSmol -w build/assets/graphics/cable_car/door.png.4bpp build/assets/graphics/cable_car/door.png.4bpp.smol
tools/compresSmol/compresSmol -w build/assets/graphics/contest/applause.png.4bpp build/assets/graphics/contest/applause.png.4bpp.smol
tools/compresSmol/compresSmol -w build/assets/graphics/contest/audience.png.4bpp build/assets/graphics/contest/audience.png.4bpp.smol
tools/compresSmol/compresSmol -w build/assets/graphics/contest/faces.png.4bpp build/assets/graphics/contest/faces.png.4bpp.smol
tools/compresSmol/compresSmol -w build/assets/graphics/contest/interface.png.4bpp build/assets/graphics/contest/interface.png.4bpp.smol
tools/compresSmol/compresSmol -w build/assets/graphics/contest/japanese/voltage.png_num_tiles_36__Wnum_tiles.4bpp build/assets/graphics/contest/japanese/voltage.png_num_tiles_36__Wnum_tiles.4bpp.smol
tools/compresSmol/compresSmol -w build/assets/graphics/contest/judge.png.4bpp build/assets/graphics/contest/judge.png.4bpp.smol
tools/compresSmol/compresSmol -w build/assets/graphics/contest/judge_symbols.png.4bpp build/assets/graphics/contest/judge_symbols.png.4bpp.smol
tools/compresSmol/compresSmol -w build/assets/graphics/contest/nextturn.png.4bpp build/assets/graphics/contest/nextturn.png.4bpp.smol
tools/compresSmol/compresSmol -w build/assets/graphics/contest/results_screen/tiles.png.4bpp build/assets/graphics/contest/results_screen/tiles.png.4bpp.smol
tools/compresSmol/compresSmol -w build/assets/graphics/decorations/attract_mat.png.4bpp build/assets/graphics/decorations/attract_mat.png.4bpp.smol
tools/compresSmol/compresSmol -w build/assets/graphics/decorations/big_plant.png.4bpp build/assets/graphics/decorations/big_plant.png.4bpp.smol
tools/compresSmol/compresSmol -w build/assets/graphics/decorations/blastoise_doll.png.4bpp build/assets/graphics/decorations/blastoise_doll.png.4bpp.smol
tools/compresSmol/compresSmol -w build/assets/graphics/decorations/blue_brick.png.4bpp build/assets/graphics/decorations/blue_brick.png.4bpp.smol
tools/compresSmol/compresSmol -w build/assets/graphics/decorations/blue_tent.png.4bpp build/assets/graphics/decorations/blue_tent.png.4bpp.smol
tools/compresSmol/compresSmol -w build/assets/graphics/decorations/breakable_door.png.4bpp build/assets/graphics/decorations/breakable_door.png.4bpp.smol
tools/compresSmol/compresSmol -w build/assets/graphics/decorations/brick_desk.png.4bpp build/assets/graphics/decorations/brick_desk.png.4bpp.smol
tools/compresSmol/compresSmol -w build/assets/graphics/decorations/camp_desk.png.4bpp build/assets/graphics/decorations/camp_desk.png.4bpp.smol
tools/compresSmol/compresSmol -w build/assets/graphics/decorations/charizard_doll.png.4bpp build/assets/graphics/decorations/charizard_doll.png.4bpp.smol
tools/compresSmol/compresSmol -w build/assets/graphics/decorations/colorful_plant.png.4bpp build/assets/graphics/decorations/colorful_plant.png.4bpp.smol
tools/compresSmol/compresSmol -w build/assets/graphics/decorations/comfort_desk.png.4bpp build/assets/graphics/decorations/comfort_desk.png.4bpp.smol
tools/compresSmol/compresSmol -w build/assets/graphics/decorations/fire_blast_mat.png.4bpp build/assets/graphics/decorations/fire_blast_mat.png.4bpp.smol
tools/compresSmol/compresSmol -w build/assets/graphics/decorations/fissure_mat.png.4bpp build/assets/graphics/decorations/fissure_mat.png.4bpp.smol
tools/compresSmol/compresSmol -w build/assets/graphics/decorations/glass_ornament.png.4bpp build/assets/graphics/decorations/glass_ornament.png.4bpp.smol
tools/compresSmol/compresSmol -w build/assets/graphics/decorations/gorgeous_plant.png.4bpp build/assets/graphics/decorations/gorgeous_plant.png.4bpp.smol
tools/compresSmol/compresSmol -w build/assets/graphics/decorations/hard_desk.png.4bpp build/assets/graphics/decorations/hard_desk.png.4bpp.smol
tools/compresSmol/compresSmol -w build/assets/graphics/decorations/heavy_desk.png.4bpp build/assets/graphics/decorations/heavy_desk.png.4bpp.smol
tools/compresSmol/compresSmol -w build/assets/graphics/decorations/lapras_doll.png.4bpp build/assets/graphics/decorations/lapras_doll.png.4bpp.smol
tools/compresSmol/compresSmol -w build/assets/graphics/decorations/powder_snow_mat.png.4bpp build/assets/graphics/decorations/powder_snow_mat.png.4bpp.smol
tools/compresSmol/compresSmol -w build/assets/graphics/decorations/pretty_desk.png.4bpp build/assets/graphics/decorations/pretty_desk.png.4bpp.smol
tools/compresSmol/compresSmol -w build/assets/graphics/decorations/pretty_flowers.png.4bpp build/assets/graphics/decorations/pretty_flowers.png.4bpp.smol
tools/compresSmol/compresSmol -w build/assets/graphics/decorations/ragged_desk.png.4bpp build/assets/graphics/decorations/ragged_desk.png.4bpp.smol
tools/compresSmol/compresSmol -w build/assets/graphics/decorations/red_brick.png.4bpp build/assets/graphics/decorations/red_brick.png.4bpp.smol
tools/compresSmol/compresSmol -w build/assets/graphics/decorations/red_plant.png.4bpp build/assets/graphics/decorations/red_plant.png.4bpp.smol
tools/compresSmol/compresSmol -w build/assets/graphics/decorations/red_tent.png.4bpp build/assets/graphics/decorations/red_tent.png.4bpp.smol
tools/compresSmol/compresSmol -w build/assets/graphics/decorations/regice_doll.png.4bpp build/assets/graphics/decorations/regice_doll.png.4bpp.smol
tools/compresSmol/compresSmol -w build/assets/graphics/decorations/regirock_doll.png.4bpp build/assets/graphics/decorations/regirock_doll.png.4bpp.smol
tools/compresSmol/compresSmol -w build/assets/graphics/decorations/registeel_doll.png.4bpp build/assets/graphics/decorations/registeel_doll.png.4bpp.smol
tools/compresSmol/compresSmol -w build/assets/graphics/decorations/rhydon_doll.png.4bpp build/assets/graphics/decorations/rhydon_doll.png.4bpp.smol
tools/compresSmol/compresSmol -w build/assets/graphics/decorations/sand_ornament.png.4bpp build/assets/graphics/decorations/sand_ornament.png.4bpp.smol
tools/compresSmol/compresSmol -w build/assets/graphics/decorations/slide.png.4bpp build/assets/graphics/decorations/slide.png.4bpp.smol
tools/compresSmol/compresSmol -w build/assets/graphics/decorations/snorlax_doll.png.4bpp build/assets/graphics/decorations/snorlax_doll.png.4bpp.smol
tools/compresSmol/compresSmol -w build/assets/graphics/decorations/solid_board.png.4bpp build/assets/graphics/decorations/solid_board.png.4bpp.smol
tools/compresSmol/compresSmol -w build/assets/graphics/decorations/spikes_mat.png.4bpp build/assets/graphics/decorations/spikes_mat.png.4bpp.smol
tools/compresSmol/compresSmol -w build/assets/graphics/decorations/stand.png.4bpp build/assets/graphics/decorations/stand.png.4bpp.smol
tools/compresSmol/compresSmol -w build/assets/graphics/decorations/surf_mat.png.4bpp build/assets/graphics/decorations/surf_mat.png.4bpp.smol
tools/compresSmol/compresSmol -w build/assets/graphics/decorations/thunder_mat.png.4bpp build/assets/graphics/decorations/thunder_mat.png.4bpp.smol
tools/compresSmol/compresSmol -w build/assets/graphics/decorations/tire.png.4bpp build/assets/graphics/decorations/tire.png.4bpp.smol
tools/compresSmol/compresSmol -w build/assets/graphics/decorations/tropical_plant.png.4bpp build/assets/graphics/decorations/tropical_plant.png.4bpp.smol
tools/compresSmol/compresSmol -w build/assets/graphics/decorations/venusaur_doll.png.4bpp build/assets/graphics/decorations/venusaur_doll.png.4bpp.smol
tools/compresSmol/compresSmol -w build/assets/graphics/decorations/wailmer_doll.png.4bpp build/assets/graphics/decorations/wailmer_doll.png.4bpp.smol
tools/compresSmol/compresSmol -w build/assets/graphics/decorations/yellow_brick.png.4bpp build/assets/graphics/decorations/yellow_brick.png.4bpp.smol
tools/compresSmol/compresSmol -w build/assets/graphics/easy_chat/button_window.png.4bpp build/assets/graphics/easy_chat/button_window.png.4bpp.smol
tools/compresSmol/compresSmol -w build/assets/graphics/easy_chat/mode.png.4bpp build/assets/graphics/easy_chat/mode.png.4bpp.smol
tools/compresSmol/compresSmol -w build/assets/graphics/easy_chat/rectangle_cursor.png.4bpp build/assets/graphics/easy_chat/rectangle_cursor.png.4bpp.smol
tools/compresSmol/compresSmol -w build/assets/graphics/easy_chat/window.png.4bpp build/assets/graphics/easy_chat/window.png.4bpp.smol
tools/compresSmol/compresSmol -w build/assets/graphics/frontier_pass/bg.png.4bpp build/assets/graphics/frontier_pass/bg.png.4bpp.smol
tools/compresSmol/compresSmol -w build/assets/graphics/frontier_pass/map_and_card.png.8bpp build/assets/graphics/frontier_pass/map_and_card.png.8bpp.smol
tools/compresSmol/compresSmol -w build/assets/graphics/frontier_pass/medals.png.4bpp build/assets/graphics/frontier_pass/medals.png.4bpp.smol
tools/compresSmol/compresSmol -w build/assets/graphics/interface/blank.png.4bpp build/assets/graphics/interface/blank.png.4bpp.smol
tools/compresSmol/compresSmol -w build/assets/graphics/interface/category_icons.png.4bpp build/assets/graphics/interface/category_icons.png.4bpp.smol
tools/compresSmol/compresSmol -w build/assets/graphics/interface/status_icons.png.4bpp build/assets/graphics/interface/status_icons.png.4bpp.smol
tools/compresSmol/compresSmol -w build/assets/graphics/interface/swap_line.png.4bpp build/assets/graphics/interface/swap_line.png.4bpp.smol
tools/compresSmol/compresSmol -w build/assets/graphics/intro/copyright.png.4bpp build/assets/graphics/intro/copyright.png.4bpp.smol
tools/compresSmol/compresSmol -w build/assets/graphics/intro/scene_1/flygon.png.4bpp build/assets/graphics/intro/scene_1/flygon.png.4bpp.smol
tools/compresSmol/compresSmol -w build/assets/graphics/intro/scene_1/sparkle.png.4bpp build/assets/graphics/intro/scene_1/sparkle.png.4bpp.smol
tools/compresSmol/compresSmol -w build/assets/graphics/intro/scene_2/brendan.png.4bpp build/assets/graphics/intro/scene_2/brendan.png.4bpp.smol
tools/compresSmol/compresSmol -w build/assets/graphics/intro/scene_2/flygon.png.4bpp build/assets/graphics/intro/scene_2/flygon.png.4bpp.smol
tools/compresSmol/compresSmol -w build/assets/graphics/intro/scene_2/manectric.png.4bpp build/assets/graphics/intro/scene_2/manectric.png.4bpp.smol
tools/compresSmol/compresSmol -w build/assets/graphics/intro/scene_2/may.png.4bpp build/assets/graphics/intro/scene_2/may.png.4bpp.smol
tools/compresSmol/compresSmol -w build/assets/graphics/intro/scene_2/torchic.png.4bpp build/assets/graphics/intro/scene_2/torchic.png.4bpp.smol
tools/compresSmol/compresSmol -w build/assets/graphics/intro/scene_2/volbeat.png.4bpp build/assets/graphics/intro/scene_2/volbeat.png.4bpp.smol
tools/compresSmol/compresSmol -w build/assets/graphics/intro/scene_3/bubbles.png.4bpp build/assets/graphics/intro/scene_3/bubbles.png.4bpp.smol
tools/compresSmol/compresSmol -w build/assets/graphics/intro/scene_3/clouds.png.4bpp build/assets/graphics/intro/scene_3/clouds.png.4bpp.smol
tools/compresSmol/compresSmol -w build/assets/graphics/intro/scene_3/groudon.png.8bpp build/assets/graphics/intro/scene_3/groudon.png.8bpp.smol
tools/compresSmol/compresSmol -w build/assets/graphics/intro/scene_3/kyogre.png.8bpp build/assets/graphics/intro/scene_3/kyogre.png.8bpp.smol
tools/compresSmol/compresSmol -w build/assets/graphics/intro/scene_3/legend_bg.png.4bpp build/assets/graphics/intro/scene_3/legend_bg.png.4bpp.smol
tools/compresSmol/compresSmol -w build/assets/graphics/intro/scene_3/lightning.png.4bpp build/assets/graphics/intro/scene_3/lightning.png.4bpp.smol
tools/compresSmol/compresSmol -w build/assets/graphics/intro/scene_3/rayquaza.png.4bpp build/assets/graphics/intro/scene_3/rayquaza.png.4bpp.smol
tools/compresSmol/compresSmol -w build/assets/graphics/intro/scene_3/rayquaza_clouds.png.4bpp build/assets/graphics/intro/scene_3/rayquaza_clouds.png.4bpp.smol
tools/compresSmol/compresSmol -w build/assets/graphics/items/icons/ability_capsule.png.4bpp build/assets/graphics/items/icons/ability_capsule.png.4bpp.smol
tools/compresSmol/compresSmol -w build/assets/graphics/items/icons/ability_patch.png.4bpp build/assets/graphics/items/icons/ability_patch.png.4bpp.smol
tools/compresSmol/compresSmol -w build/assets/graphics/items/icons/ability_shield.png.4bpp build/assets/graphics/items/icons/ability_shield.png.4bpp.smol
tools/compresSmol/compresSmol -w build/assets/graphics/items/icons/abomasite.png.4bpp build/assets/graphics/items/icons/abomasite.png.4bpp.smol
tools/compresSmol/compresSmol -w build/assets/graphics/items/icons/absolite.png.4bpp build/assets/graphics/items/icons/absolite.png.4bpp.smol
tools/compresSmol/compresSmol -w build/assets/graphics/items/icons/absolite_z.png.4bpp build/assets/graphics/items/icons/absolite_z.png.4bpp.smol
tools/compresSmol/compresSmol -w build/assets/graphics/items/icons/absorb_bulb.png.4bpp build/assets/graphics/items/icons/absorb_bulb.png.4bpp.smol
tools/compresSmol/compresSmol -w build/assets/graphics/items/icons/acro_bike.png.4bpp build/assets/graphics/items/icons/acro_bike.png.4bpp.smol
tools/compresSmol/compresSmol -w build/assets/graphics/items/icons/adamant_crystal.png.4bpp build/assets/graphics/items/icons/adamant_crystal.png.4bpp.smol
tools/compresSmol/compresSmol -w build/assets/graphics/items/icons/adamant_orb.png.4bpp build/assets/graphics/items/icons/adamant_orb.png.4bpp.smol
tools/compresSmol/compresSmol -w build/assets/graphics/items/icons/adrenaline_orb.png.4bpp build/assets/graphics/items/icons/adrenaline_orb.png.4bpp.smol
tools/compresSmol/compresSmol -w build/assets/graphics/items/icons/aerodactylite.png.4bpp build/assets/graphics/items/icons/aerodactylite.png.4bpp.smol
tools/compresSmol/compresSmol -w build/assets/graphics/items/icons/aggronite.png.4bpp build/assets/graphics/items/icons/aggronite.png.4bpp.smol
tools/compresSmol/compresSmol -w build/assets/graphics/items/icons/aguav_berry.png.4bpp build/assets/graphics/items/icons/aguav_berry.png.4bpp.smol
tools/compresSmol/compresSmol -w build/assets/graphics/items/icons/air_balloon.png.4bpp build/assets/graphics/items/icons/air_balloon.png.4bpp.smol
tools/compresSmol/compresSmol -w build/assets/graphics/items/icons/alakazite.png.4bpp build/assets/graphics/items/icons/alakazite.png.4bpp.smol
tools/compresSmol/compresSmol -w build/assets/graphics/items/icons/aloraichium_z.png.4bpp build/assets/graphics/items/icons/aloraichium_z.png.4bpp.smol
tools/compresSmol/compresSmol -w build/assets/graphics/items/icons/altarianite.png.4bpp build/assets/graphics/items/icons/altarianite.png.4bpp.smol
tools/compresSmol/compresSmol -w build/assets/graphics/items/icons/ampharosite.png.4bpp build/assets/graphics/items/icons/ampharosite.png.4bpp.smol
tools/compresSmol/compresSmol -w build/assets/graphics/items/icons/amulet_coin.png.4bpp build/assets/graphics/items/icons/amulet_coin.png.4bpp.smol
tools/compresSmol/compresSmol -w build/assets/graphics/items/icons/apicot_berry.png.4bpp build/assets/graphics/items/icons/apicot_berry.png.4bpp.smol
tools/compresSmol/compresSmol -w build/assets/graphics/items/icons/apricorn.png.4bpp build/assets/graphics/items/icons/apricorn.png.4bpp.smol
tools/compresSmol/compresSmol -w build/assets/graphics/items/icons/armor_fossil.png.4bpp build/assets/graphics/items/icons/armor_fossil.png.4bpp.smol
tools/compresSmol/compresSmol -w build/assets/graphics/items/icons/armorite_ore.png.4bpp build/assets/graphics/items/icons/armorite_ore.png.4bpp.smol
tools/compresSmol/compresSmol -w build/assets/graphics/items/icons/aspear_berry.png.4bpp build/assets/graphics/items/icons/aspear_berry.png.4bpp.smol
tools/compresSmol/compresSmol -w build/assets/graphics/items/icons/assault_vest.png.4bpp build/assets/graphics/items/icons/assault_vest.png.4bpp.smol
tools/compresSmol/compresSmol -w build/assets/graphics/items/icons/audinite.png.4bpp build/assets/graphics/items/icons/audinite.png.4bpp.smol
tools/compresSmol/compresSmol -w build/assets/graphics/items/icons/aurora_ticket.png.4bpp build/assets/graphics/items/icons/aurora_ticket.png.4bpp.smol
tools/compresSmol/compresSmol -w build/assets/graphics/items/icons/auspicious_armor.png.4bpp build/assets/graphics/items/icons/auspicious_armor.png.4bpp.smol
tools/compresSmol/compresSmol -w build/assets/graphics/items/icons/aux_bottle.png.4bpp build/assets/graphics/items/icons/aux_bottle.png.4bpp.smol
tools/compresSmol/compresSmol -w build/assets/graphics/items/icons/aux_powerguard.png.4bpp build/assets/graphics/items/icons/aux_powerguard.png.4bpp.smol
tools/compresSmol/compresSmol -w build/assets/graphics/items/icons/babiri_berry.png.4bpp build/assets/graphics/items/icons/babiri_berry.png.4bpp.smol
tools/compresSmol/compresSmol -w build/assets/graphics/items/icons/balm_mushroom.png.4bpp build/assets/graphics/items/icons/balm_mushroom.png.4bpp.smol
tools/compresSmol/compresSmol -w build/assets/graphics/items/icons/banettite.png.4bpp build/assets/graphics/items/icons/banettite.png.4bpp.smol
tools/compresSmol/compresSmol -w build/assets/graphics/items/icons/barbaracite.png.4bpp build/assets/graphics/items/icons/barbaracite.png.4bpp.smol
tools/compresSmol/compresSmol -w build/assets/graphics/items/icons/basement_key.png.4bpp build/assets/graphics/items/icons/basement_key.png.4bpp.smol
tools/compresSmol/compresSmol -w build/assets/graphics/items/icons/battle_stat_item.png.4bpp build/assets/graphics/items/icons/battle_stat_item.png.4bpp.smol
tools/compresSmol/compresSmol -w build/assets/graphics/items/icons/baxcalibrite.png.4bpp build/assets/graphics/items/icons/baxcalibrite.png.4bpp.smol
tools/compresSmol/compresSmol -w build/assets/graphics/items/icons/bead_mail.png.4bpp build/assets/graphics/items/icons/bead_mail.png.4bpp.smol
tools/compresSmol/compresSmol -w build/assets/graphics/items/icons/beast_ball.png.4bpp build/assets/graphics/items/icons/beast_ball.png.4bpp.smol
tools/compresSmol/compresSmol -w build/assets/graphics/items/icons/beedrillite.png.4bpp build/assets/graphics/items/icons/beedrillite.png.4bpp.smol
tools/compresSmol/compresSmol -w build/assets/graphics/items/icons/belue_berry.png.4bpp build/assets/graphics/items/icons/belue_berry.png.4bpp.smol
tools/compresSmol/compresSmol -w build/assets/graphics/items/icons/berry_juice.png.4bpp build/assets/graphics/items/icons/berry_juice.png.4bpp.smol
tools/compresSmol/compresSmol -w build/assets/graphics/items/icons/berry_pouch.png.4bpp build/assets/graphics/items/icons/berry_pouch.png.4bpp.smol
tools/compresSmol/compresSmol -w build/assets/graphics/items/icons/berry_sweet.png.4bpp build/assets/graphics/items/icons/berry_sweet.png.4bpp.smol
tools/compresSmol/compresSmol -w build/assets/graphics/items/icons/berserk_gene.png.4bpp build/assets/graphics/items/icons/berserk_gene.png.4bpp.smol
tools/compresSmol/compresSmol -w build/assets/graphics/items/icons/bicycle.png.4bpp build/assets/graphics/items/icons/bicycle.png.4bpp.smol
tools/compresSmol/compresSmol -w build/assets/graphics/items/icons/big_bamboo_shoot.png.4bpp build/assets/graphics/items/icons/big_bamboo_shoot.png.4bpp.smol
tools/compresSmol/compresSmol -w build/assets/graphics/items/icons/big_malasada.png.4bpp build/assets/graphics/items/icons/big_malasada.png.4bpp.smol
tools/compresSmol/compresSmol -w build/assets/graphics/items/icons/big_mushroom.png.4bpp build/assets/graphics/items/icons/big_mushroom.png.4bpp.smol
tools/compresSmol/compresSmol -w build/assets/graphics/items/icons/big_nugget.png.4bpp build/assets/graphics/items/icons/big_nugget.png.4bpp.smol
tools/compresSmol/compresSmol -w build/assets/graphics/items/icons/big_pearl.png.4bpp build/assets/graphics/items/icons/big_pearl.png.4bpp.smol
tools/compresSmol/compresSmol -w build/assets/graphics/items/icons/big_root.png.4bpp build/assets/graphics/items/icons/big_root.png.4bpp.smol
tools/compresSmol/compresSmol -w build/assets/graphics/items/icons/bike_voucher.png.4bpp build/assets/graphics/items/icons/bike_voucher.png.4bpp.smol
tools/compresSmol/compresSmol -w build/assets/graphics/items/icons/binding_band.png.4bpp build/assets/graphics/items/icons/binding_band.png.4bpp.smol
tools/compresSmol/compresSmol -w build/assets/graphics/items/icons/black_augurite.png.4bpp build/assets/graphics/items/icons/black_augurite.png.4bpp.smol
tools/compresSmol/compresSmol -w build/assets/graphics/items/icons/black_belt.png.4bpp build/assets/graphics/items/icons/black_belt.png.4bpp.smol
tools/compresSmol/compresSmol -w build/assets/graphics/items/icons/black_glasses.png.4bpp build/assets/graphics/items/icons/black_glasses.png.4bpp.smol
tools/compresSmol/compresSmol -w build/assets/graphics/items/icons/black_sludge.png.4bpp build/assets/graphics/items/icons/black_sludge.png.4bpp.smol
tools/compresSmol/compresSmol -w build/assets/graphics/items/icons/blastoisinite.png.4bpp build/assets/graphics/items/icons/blastoisinite.png.4bpp.smol
tools/compresSmol/compresSmol -w build/assets/graphics/items/icons/blazikenite.png.4bpp build/assets/graphics/items/icons/blazikenite.png.4bpp.smol
tools/compresSmol/compresSmol -w build/assets/graphics/items/icons/blue_orb.png.4bpp build/assets/graphics/items/icons/blue_orb.png.4bpp.smol
tools/compresSmol/compresSmol -w build/assets/graphics/items/icons/bluk_berry.png.4bpp build/assets/graphics/items/icons/bluk_berry.png.4bpp.smol
tools/compresSmol/compresSmol -w build/assets/graphics/items/icons/blunder_policy.png.4bpp build/assets/graphics/items/icons/blunder_policy.png.4bpp.smol
tools/compresSmol/compresSmol -w build/assets/graphics/items/icons/bone.png.4bpp build/assets/graphics/items/icons/bone.png.4bpp.smol
tools/compresSmol/compresSmol -w build/assets/graphics/items/icons/booster_energy.png.4bpp build/assets/graphics/items/icons/booster_energy.png.4bpp.smol
tools/compresSmol/compresSmol -w build/assets/graphics/items/icons/bottle_cap.png.4bpp build/assets/graphics/items/icons/bottle_cap.png.4bpp.smol
tools/compresSmol/compresSmol -w build/assets/graphics/items/icons/bright_powder.png.4bpp build/assets/graphics/items/icons/bright_powder.png.4bpp.smol
tools/compresSmol/compresSmol -w build/assets/graphics/items/icons/bug_memory.png.4bpp build/assets/graphics/items/icons/bug_memory.png.4bpp.smol
tools/compresSmol/compresSmol -w build/assets/graphics/items/icons/buginium_z.png.4bpp build/assets/graphics/items/icons/buginium_z.png.4bpp.smol
tools/compresSmol/compresSmol -w build/assets/graphics/items/icons/cameruptite.png.4bpp build/assets/graphics/items/icons/cameruptite.png.4bpp.smol
tools/compresSmol/compresSmol -w build/assets/graphics/items/icons/card_key.png.4bpp build/assets/graphics/items/icons/card_key.png.4bpp.smol
tools/compresSmol/compresSmol -w build/assets/graphics/items/icons/casteliacone.png.4bpp build/assets/graphics/items/icons/casteliacone.png.4bpp.smol
tools/compresSmol/compresSmol -w build/assets/graphics/items/icons/catching_charm.png.4bpp build/assets/graphics/items/icons/catching_charm.png.4bpp.smol
tools/compresSmol/compresSmol -w build/assets/graphics/items/icons/cell_battery.png.4bpp build/assets/graphics/items/icons/cell_battery.png.4bpp.smol
tools/compresSmol/compresSmol -w build/assets/graphics/items/icons/chandelurite.png.4bpp build/assets/graphics/items/icons/chandelurite.png.4bpp.smol
tools/compresSmol/compresSmol -w build/assets/graphics/items/icons/charcoal.png.4bpp build/assets/graphics/items/icons/charcoal.png.4bpp.smol
tools/compresSmol/compresSmol -w build/assets/graphics/items/icons/charizardite_x.png.4bpp build/assets/graphics/items/icons/charizardite_x.png.4bpp.smol
tools/compresSmol/compresSmol -w build/assets/graphics/items/icons/charizardite_y.png.4bpp build/assets/graphics/items/icons/charizardite_y.png.4bpp.smol
tools/compresSmol/compresSmol -w build/assets/graphics/items/icons/charti_berry.png.4bpp build/assets/graphics/items/icons/charti_berry.png.4bpp.smol
tools/compresSmol/compresSmol -w build/assets/graphics/items/icons/cheri_berry.png.4bpp build/assets/graphics/items/icons/cheri_berry.png.4bpp.smol
tools/compresSmol/compresSmol -w build/assets/graphics/items/icons/cherish_ball.png.4bpp build/assets/graphics/items/icons/cherish_ball.png.4bpp.smol
tools/compresSmol/compresSmol -w build/assets/graphics/items/icons/chesnaughtite.png.4bpp build/assets/graphics/items/icons/chesnaughtite.png.4bpp.smol
tools/compresSmol/compresSmol -w build/assets/graphics/items/icons/chesto_berry.png.4bpp build/assets/graphics/items/icons/chesto_berry.png.4bpp.smol
tools/compresSmol/compresSmol -w build/assets/graphics/items/icons/chilan_berry.png.4bpp build/assets/graphics/items/icons/chilan_berry.png.4bpp.smol
tools/compresSmol/compresSmol -w build/assets/graphics/items/icons/chimechite.png.4bpp build/assets/graphics/items/icons/chimechite.png.4bpp.smol
tools/compresSmol/compresSmol -w build/assets/graphics/items/icons/chipped_pot.png.4bpp build/assets/graphics/items/icons/chipped_pot.png.4bpp.smol
tools/compresSmol/compresSmol -w build/assets/graphics/items/icons/choice_band.png.4bpp build/assets/graphics/items/icons/choice_band.png.4bpp.smol
tools/compresSmol/compresSmol -w build/assets/graphics/items/icons/choice_dumpling.png.4bpp build/assets/graphics/items/icons/choice_dumpling.png.4bpp.smol
tools/compresSmol/compresSmol -w build/assets/graphics/items/icons/choice_scarf.png.4bpp build/assets/graphics/items/icons/choice_scarf.png.4bpp.smol
tools/compresSmol/compresSmol -w build/assets/graphics/items/icons/choice_specs.png.4bpp build/assets/graphics/items/icons/choice_specs.png.4bpp.smol
tools/compresSmol/compresSmol -w build/assets/graphics/items/icons/chople_berry.png.4bpp build/assets/graphics/items/icons/chople_berry.png.4bpp.smol
tools/compresSmol/compresSmol -w build/assets/graphics/items/icons/claw_fossil.png.4bpp build/assets/graphics/items/icons/claw_fossil.png.4bpp.smol
tools/compresSmol/compresSmol -w build/assets/graphics/items/icons/cleanse_tag.png.4bpp build/assets/graphics/items/icons/cleanse_tag.png.4bpp.smol
tools/compresSmol/compresSmol -w build/assets/graphics/items/icons/clear_amulet.png.4bpp build/assets/graphics/items/icons/clear_amulet.png.4bpp.smol
tools/compresSmol/compresSmol -w build/assets/graphics/items/icons/clefablite.png.4bpp build/assets/graphics/items/icons/clefablite.png.4bpp.smol
tools/compresSmol/compresSmol -w build/assets/graphics/items/icons/clover_sweet.png.4bpp build/assets/graphics/items/icons/clover_sweet.png.4bpp.smol
tools/compresSmol/compresSmol -w build/assets/graphics/items/icons/coba_berry.png.4bpp build/assets/graphics/items/icons/coba_berry.png.4bpp.smol
tools/compresSmol/compresSmol -w build/assets/graphics/items/icons/coin_case.png.4bpp build/assets/graphics/items/icons/coin_case.png.4bpp.smol
tools/compresSmol/compresSmol -w build/assets/graphics/items/icons/colbur_berry.png.4bpp build/assets/graphics/items/icons/colbur_berry.png.4bpp.smol
tools/compresSmol/compresSmol -w build/assets/graphics/items/icons/contest_pass.png.4bpp build/assets/graphics/items/icons/contest_pass.png.4bpp.smol
tools/compresSmol/compresSmol -w build/assets/graphics/items/icons/cornerstone_mask.png.4bpp build/assets/graphics/items/icons/cornerstone_mask.png.4bpp.smol
tools/compresSmol/compresSmol -w build/assets/graphics/items/icons/cornn_berry.png.4bpp build/assets/graphics/items/icons/cornn_berry.png.4bpp.smol
tools/compresSmol/compresSmol -w build/assets/graphics/items/icons/cover_fossil.png.4bpp build/assets/graphics/items/icons/cover_fossil.png.4bpp.smol
tools/compresSmol/compresSmol -w build/assets/graphics/items/icons/covert_cloak.png.4bpp build/assets/graphics/items/icons/covert_cloak.png.4bpp.smol
tools/compresSmol/compresSmol -w build/assets/graphics/items/icons/crabominite.png.4bpp build/assets/graphics/items/icons/crabominite.png.4bpp.smol
tools/compresSmol/compresSmol -w build/assets/graphics/items/icons/cracked_pot.png.4bpp build/assets/graphics/items/icons/cracked_pot.png.4bpp.smol
tools/compresSmol/compresSmol -w build/assets/graphics/items/icons/custap_berry.png.4bpp build/assets/graphics/items/icons/custap_berry.png.4bpp.smol
tools/compresSmol/compresSmol -w build/assets/graphics/items/icons/damp_rock.png.4bpp build/assets/graphics/items/icons/damp_rock.png.4bpp.smol
tools/compresSmol/compresSmol -w build/assets/graphics/items/icons/dark_memory.png.4bpp build/assets/graphics/items/icons/dark_memory.png.4bpp.smol
tools/compresSmol/compresSmol -w build/assets/graphics/items/icons/darkinium_z.png.4bpp build/assets/graphics/items/icons/darkinium_z.png.4bpp.smol
tools/compresSmol/compresSmol -w build/assets/graphics/items/icons/darkranite.png.4bpp build/assets/graphics/items/icons/darkranite.png.4bpp.smol
tools/compresSmol/compresSmol -w build/assets/graphics/items/icons/dawn_stone.png.4bpp build/assets/graphics/items/icons/dawn_stone.png.4bpp.smol
tools/compresSmol/compresSmol -w build/assets/graphics/items/icons/decidium_z.png.4bpp build/assets/graphics/items/icons/decidium_z.png.4bpp.smol
tools/compresSmol/compresSmol -w build/assets/graphics/items/icons/deep_sea_scale.png.4bpp build/assets/graphics/items/icons/deep_sea_scale.png.4bpp.smol
tools/compresSmol/compresSmol -w build/assets/graphics/items/icons/deep_sea_tooth.png.4bpp build/assets/graphics/items/icons/deep_sea_tooth.png.4bpp.smol
tools/compresSmol/compresSmol -w build/assets/graphics/items/icons/delphoxite.png.4bpp build/assets/graphics/items/icons/delphoxite.png.4bpp.smol
tools/compresSmol/compresSmol -w build/assets/graphics/items/icons/destiny_knot.png.4bpp build/assets/graphics/items/icons/destiny_knot.png.4bpp.smol
tools/compresSmol/compresSmol -w build/assets/graphics/items/icons/devon_parts.png.4bpp build/assets/graphics/items/icons/devon_parts.png.4bpp.smol
tools/compresSmol/compresSmol -w build/assets/graphics/items/icons/devon_scope.png.4bpp build/assets/graphics/items/icons/devon_scope.png.4bpp.smol
tools/compresSmol/compresSmol -w build/assets/graphics/items/icons/diancite.png.4bpp build/assets/graphics/items/icons/diancite.png.4bpp.smol
tools/compresSmol/compresSmol -w build/assets/graphics/items/icons/ditto_powder.png.4bpp build/assets/graphics/items/icons/ditto_powder.png.4bpp.smol
tools/compresSmol/compresSmol -w build/assets/graphics/items/icons/dive_ball.png.4bpp build/assets/graphics/items/icons/dive_ball.png.4bpp.smol
tools/compresSmol/compresSmol -w build/assets/graphics/items/icons/dna_splicers.png.4bpp build/assets/graphics/items/icons/dna_splicers.png.4bpp.smol
tools/compresSmol/compresSmol -w build/assets/graphics/items/icons/dome_fossil.png.4bpp build/assets/graphics/items/icons/dome_fossil.png.4bpp.smol
tools/compresSmol/compresSmol -w build/assets/graphics/items/icons/dowsing_machine.png.4bpp build/assets/graphics/items/icons/dowsing_machine.png.4bpp.smol
tools/compresSmol/compresSmol -w build/assets/graphics/items/icons/dragalgite.png.4bpp build/assets/graphics/items/icons/dragalgite.png.4bpp.smol
tools/compresSmol/compresSmol -w build/assets/graphics/items/icons/dragon_fang.png.4bpp build/assets/graphics/items/icons/dragon_fang.png.4bpp.smol
tools/compresSmol/compresSmol -w build/assets/graphics/items/icons/dragon_memory.png.4bpp build/assets/graphics/items/icons/dragon_memory.png.4bpp.smol
tools/compresSmol/compresSmol -w build/assets/graphics/items/icons/dragon_scale.png.4bpp build/assets/graphics/items/icons/dragon_scale.png.4bpp.smol
tools/compresSmol/compresSmol -w build/assets/graphics/items/icons/dragoninite.png.4bpp build/assets/graphics/items/icons/dragoninite.png.4bpp.smol
tools/compresSmol/compresSmol -w build/assets/graphics/items/icons/dragonium_z.png.4bpp build/assets/graphics/items/icons/dragonium_z.png.4bpp.smol
tools/compresSmol/compresSmol -w build/assets/graphics/items/icons/drampanite.png.4bpp build/assets/graphics/items/icons/drampanite.png.4bpp.smol
tools/compresSmol/compresSmol -w build/assets/graphics/items/icons/dream_ball.png.4bpp build/assets/graphics/items/icons/dream_ball.png.4bpp.smol
tools/compresSmol/compresSmol -w build/assets/graphics/items/icons/dream_mail.png.4bpp build/assets/graphics/items/icons/dream_mail.png.4bpp.smol
tools/compresSmol/compresSmol -w build/assets/graphics/items/icons/drive.png.4bpp build/assets/graphics/items/icons/drive.png.4bpp.smol
tools/compresSmol/compresSmol -w build/assets/graphics/items/icons/dubious_disc.png.4bpp build/assets/graphics/items/icons/dubious_disc.png.4bpp.smol
tools/compresSmol/compresSmol -w build/assets/graphics/items/icons/durin_berry.png.4bpp build/assets/graphics/items/icons/durin_berry.png.4bpp.smol
tools/compresSmol/compresSmol -w build/assets/graphics/items/icons/dusk_ball.png.4bpp build/assets/graphics/items/icons/dusk_ball.png.4bpp.smol
tools/compresSmol/compresSmol -w build/assets/graphics/items/icons/dusk_stone.png.4bpp build/assets/graphics/items/icons/dusk_stone.png.4bpp.smol
tools/compresSmol/compresSmol -w build/assets/graphics/items/icons/dynamax_band.png.4bpp build/assets/graphics/items/icons/dynamax_band.png.4bpp.smol
tools/compresSmol/compresSmol -w build/assets/graphics/items/icons/dynamax_candy.png.4bpp build/assets/graphics/items/icons/dynamax_candy.png.4bpp.smol
tools/compresSmol/compresSmol -w build/assets/graphics/items/icons/dynite_ore.png.4bpp build/assets/graphics/items/icons/dynite_ore.png.4bpp.smol
tools/compresSmol/compresSmol -w build/assets/graphics/items/icons/eelektrossite.png.4bpp build/assets/graphics/items/icons/eelektrossite.png.4bpp.smol
tools/compresSmol/compresSmol -w build/assets/graphics/items/icons/eevium_z.png.4bpp build/assets/graphics/items/icons/eevium_z.png.4bpp.smol
tools/compresSmol/compresSmol -w build/assets/graphics/items/icons/eject_button.png.4bpp build/assets/graphics/items/icons/eject_button.png.4bpp.smol
tools/compresSmol/compresSmol -w build/assets/graphics/items/icons/eject_pack.png.4bpp build/assets/graphics/items/icons/eject_pack.png.4bpp.smol
tools/compresSmol/compresSmol -w build/assets/graphics/items/icons/electirizer.png.4bpp build/assets/graphics/items/icons/electirizer.png.4bpp.smol
tools/compresSmol/compresSmol -w build/assets/graphics/items/icons/electric_memory.png.4bpp build/assets/graphics/items/icons/electric_memory.png.4bpp.smol
tools/compresSmol/compresSmol -w build/assets/graphics/items/icons/electrium_z.png.4bpp build/assets/graphics/items/icons/electrium_z.png.4bpp.smol
tools/compresSmol/compresSmol -w build/assets/graphics/items/icons/emboarite.png.4bpp build/assets/graphics/items/icons/emboarite.png.4bpp.smol
tools/compresSmol/compresSmol -w build/assets/graphics/items/icons/energy_root.png.4bpp build/assets/graphics/items/icons/energy_root.png.4bpp.smol
tools/compresSmol/compresSmol -w build/assets/graphics/items/icons/enigma_berry.png.4bpp build/assets/graphics/items/icons/enigma_berry.png.4bpp.smol
tools/compresSmol/compresSmol -w build/assets/graphics/items/icons/eon_ticket.png.4bpp build/assets/graphics/items/icons/eon_ticket.png.4bpp.smol
tools/compresSmol/compresSmol -w build/assets/graphics/items/icons/escape_rope.png.4bpp build/assets/graphics/items/icons/escape_rope.png.4bpp.smol
tools/compresSmol/compresSmol -w build/assets/graphics/items/icons/ether.png.4bpp build/assets/graphics/items/icons/ether.png.4bpp.smol
tools/compresSmol/compresSmol -w build/assets/graphics/items/icons/ev_feather.png.4bpp build/assets/graphics/items/icons/ev_feather.png.4bpp.smol
tools/compresSmol/compresSmol -w build/assets/graphics/items/icons/everstone.png.4bpp build/assets/graphics/items/icons/everstone.png.4bpp.smol
tools/compresSmol/compresSmol -w build/assets/graphics/items/icons/eviolite.png.4bpp build/assets/graphics/items/icons/eviolite.png.4bpp.smol
tools/compresSmol/compresSmol -w build/assets/graphics/items/icons/excadrite.png.4bpp build/assets/graphics/items/icons/excadrite.png.4bpp.smol
tools/compresSmol/compresSmol -w build/assets/graphics/items/icons/exp_candy_l.png.4bpp build/assets/graphics/items/icons/exp_candy_l.png.4bpp.smol
tools/compresSmol/compresSmol -w build/assets/graphics/items/icons/exp_candy_m.png.4bpp build/assets/graphics/items/icons/exp_candy_m.png.4bpp.smol
tools/compresSmol/compresSmol -w build/assets/graphics/items/icons/exp_candy_s.png.4bpp build/assets/graphics/items/icons/exp_candy_s.png.4bpp.smol
tools/compresSmol/compresSmol -w build/assets/graphics/items/icons/exp_candy_xl.png.4bpp build/assets/graphics/items/icons/exp_candy_xl.png.4bpp.smol
tools/compresSmol/compresSmol -w build/assets/graphics/items/icons/exp_candy_xs.png.4bpp build/assets/graphics/items/icons/exp_candy_xs.png.4bpp.smol
tools/compresSmol/compresSmol -w build/assets/graphics/items/icons/exp_charm.png.4bpp build/assets/graphics/items/icons/exp_charm.png.4bpp.smol
tools/compresSmol/compresSmol -w build/assets/graphics/items/icons/exp_share.png.4bpp build/assets/graphics/items/icons/exp_share.png.4bpp.smol
tools/compresSmol/compresSmol -w build/assets/graphics/items/icons/expert_belt.png.4bpp build/assets/graphics/items/icons/expert_belt.png.4bpp.smol
tools/compresSmol/compresSmol -w build/assets/graphics/items/icons/fab_mail.png.4bpp build/assets/graphics/items/icons/fab_mail.png.4bpp.smol
tools/compresSmol/compresSmol -w build/assets/graphics/items/icons/fairium_z.png.4bpp build/assets/graphics/items/icons/fairium_z.png.4bpp.smol
tools/compresSmol/compresSmol -w build/assets/graphics/items/icons/fairy_feather.png.4bpp build/assets/graphics/items/icons/fairy_feather.png.4bpp.smol
tools/compresSmol/compresSmol -w build/assets/graphics/items/icons/fairy_memory.png.4bpp build/assets/graphics/items/icons/fairy_memory.png.4bpp.smol
tools/compresSmol/compresSmol -w build/assets/graphics/items/icons/falinksite.png.4bpp build/assets/graphics/items/icons/falinksite.png.4bpp.smol
tools/compresSmol/compresSmol -w build/assets/graphics/items/icons/fame_checker.png.4bpp build/assets/graphics/items/icons/fame_checker.png.4bpp.smol
tools/compresSmol/compresSmol -w build/assets/graphics/items/icons/fast_ball.png.4bpp build/assets/graphics/items/icons/fast_ball.png.4bpp.smol
tools/compresSmol/compresSmol -w build/assets/graphics/items/icons/feraligite.png.4bpp build/assets/graphics/items/icons/feraligite.png.4bpp.smol
tools/compresSmol/compresSmol -w build/assets/graphics/items/icons/fighting_memory.png.4bpp build/assets/graphics/items/icons/fighting_memory.png.4bpp.smol
tools/compresSmol/compresSmol -w build/assets/graphics/items/icons/fightinium_z.png.4bpp build/assets/graphics/items/icons/fightinium_z.png.4bpp.smol
tools/compresSmol/compresSmol -w build/assets/graphics/items/icons/figy_berry.png.4bpp build/assets/graphics/items/icons/figy_berry.png.4bpp.smol
tools/compresSmol/compresSmol -w build/assets/graphics/items/icons/fine_remedy.png.4bpp build/assets/graphics/items/icons/fine_remedy.png.4bpp.smol
tools/compresSmol/compresSmol -w build/assets/graphics/items/icons/fire_memory.png.4bpp build/assets/graphics/items/icons/fire_memory.png.4bpp.smol
tools/compresSmol/compresSmol -w build/assets/graphics/items/icons/fire_stone.png.4bpp build/assets/graphics/items/icons/fire_stone.png.4bpp.smol
tools/compresSmol/compresSmol -w build/assets/graphics/items/icons/firium_z.png.4bpp build/assets/graphics/items/icons/firium_z.png.4bpp.smol
tools/compresSmol/compresSmol -w build/assets/graphics/items/icons/flame_orb.png.4bpp build/assets/graphics/items/icons/flame_orb.png.4bpp.smol
tools/compresSmol/compresSmol -w build/assets/graphics/items/icons/float_stone.png.4bpp build/assets/graphics/items/icons/float_stone.png.4bpp.smol
tools/compresSmol/compresSmol -w build/assets/graphics/items/icons/floettite.png.4bpp build/assets/graphics/items/icons/floettite.png.4bpp.smol
tools/compresSmol/compresSmol -w build/assets/graphics/items/icons/flower_sweet.png.4bpp build/assets/graphics/items/icons/flower_sweet.png.4bpp.smol
tools/compresSmol/compresSmol -w build/assets/graphics/items/icons/fluffy_tail.png.4bpp build/assets/graphics/items/icons/fluffy_tail.png.4bpp.smol
tools/compresSmol/compresSmol -w build/assets/graphics/items/icons/flute.png.4bpp build/assets/graphics/items/icons/flute.png.4bpp.smol
tools/compresSmol/compresSmol -w build/assets/graphics/items/icons/flying_memory.png.4bpp build/assets/graphics/items/icons/flying_memory.png.4bpp.smol
tools/compresSmol/compresSmol -w build/assets/graphics/items/icons/flyinium_z.png.4bpp build/assets/graphics/items/icons/flyinium_z.png.4bpp.smol
tools/compresSmol/compresSmol -w build/assets/graphics/items/icons/focus_band.png.4bpp build/assets/graphics/items/icons/focus_band.png.4bpp.smol
tools/compresSmol/compresSmol -w build/assets/graphics/items/icons/focus_sash.png.4bpp build/assets/graphics/items/icons/focus_sash.png.4bpp.smol
tools/compresSmol/compresSmol -w build/assets/graphics/items/icons/fossilized_bird.png.4bpp build/assets/graphics/items/icons/fossilized_bird.png.4bpp.smol
tools/compresSmol/compresSmol -w build/assets/graphics/items/icons/fossilized_dino.png.4bpp build/assets/graphics/items/icons/fossilized_dino.png.4bpp.smol
tools/compresSmol/compresSmol -w build/assets/graphics/items/icons/fossilized_drake.png.4bpp build/assets/graphics/items/icons/fossilized_drake.png.4bpp.smol
tools/compresSmol/compresSmol -w build/assets/graphics/items/icons/fossilized_fish.png.4bpp build/assets/graphics/items/icons/fossilized_fish.png.4bpp.smol
tools/compresSmol/compresSmol -w build/assets/graphics/items/icons/fresh_water.png.4bpp build/assets/graphics/items/icons/fresh_water.png.4bpp.smol
tools/compresSmol/compresSmol -w build/assets/graphics/items/icons/friend_ball.png.4bpp build/assets/graphics/items/icons/friend_ball.png.4bpp.smol
tools/compresSmol/compresSmol -w build/assets/graphics/items/icons/froslassite.png.4bpp build/assets/graphics/items/icons/froslassite.png.4bpp.smol
tools/compresSmol/compresSmol -w build/assets/graphics/items/icons/full_heal.png.4bpp build/assets/graphics/items/icons/full_heal.png.4bpp.smol
tools/compresSmol/compresSmol -w build/assets/graphics/items/icons/full_incense.png.4bpp build/assets/graphics/items/icons/full_incense.png.4bpp.smol
tools/compresSmol/compresSmol -w build/assets/graphics/items/icons/galarica_cuff.png.4bpp build/assets/graphics/items/icons/galarica_cuff.png.4bpp.smol
tools/compresSmol/compresSmol -w build/assets/graphics/items/icons/galarica_twig.png.4bpp build/assets/graphics/items/icons/galarica_twig.png.4bpp.smol
tools/compresSmol/compresSmol -w build/assets/graphics/items/icons/galarica_wreath.png.4bpp build/assets/graphics/items/icons/galarica_wreath.png.4bpp.smol
tools/compresSmol/compresSmol -w build/assets/graphics/items/icons/galladite.png.4bpp build/assets/graphics/items/icons/galladite.png.4bpp.smol
tools/compresSmol/compresSmol -w build/assets/graphics/items/icons/ganlon_berry.png.4bpp build/assets/graphics/items/icons/ganlon_berry.png.4bpp.smol
tools/compresSmol/compresSmol -w build/assets/graphics/items/icons/garchompite.png.4bpp build/assets/graphics/items/icons/garchompite.png.4bpp.smol
tools/compresSmol/compresSmol -w build/assets/graphics/items/icons/garchompite_z.png.4bpp build/assets/graphics/items/icons/garchompite_z.png.4bpp.smol
tools/compresSmol/compresSmol -w build/assets/graphics/items/icons/gardevoirite.png.4bpp build/assets/graphics/items/icons/gardevoirite.png.4bpp.smol
tools/compresSmol/compresSmol -w build/assets/graphics/items/icons/gem.png.4bpp build/assets/graphics/items/icons/gem.png.4bpp.smol
tools/compresSmol/compresSmol -w build/assets/graphics/items/icons/gengarite.png.4bpp build/assets/graphics/items/icons/gengarite.png.4bpp.smol
tools/compresSmol/compresSmol -w build/assets/graphics/items/icons/ghost_memory.png.4bpp build/assets/graphics/items/icons/ghost_memory.png.4bpp.smol
tools/compresSmol/compresSmol -w build/assets/graphics/items/icons/ghostium_z.png.4bpp build/assets/graphics/items/icons/ghostium_z.png.4bpp.smol
tools/compresSmol/compresSmol -w build/assets/graphics/items/icons/gimmighoul_coin.png.4bpp build/assets/graphics/items/icons/gimmighoul_coin.png.4bpp.smol
tools/compresSmol/compresSmol -w build/assets/graphics/items/icons/glalitite.png.4bpp build/assets/graphics/items/icons/glalitite.png.4bpp.smol
tools/compresSmol/compresSmol -w build/assets/graphics/items/icons/glimmering_charm.png.4bpp build/assets/graphics/items/icons/glimmering_charm.png.4bpp.smol
tools/compresSmol/compresSmol -w build/assets/graphics/items/icons/glimmoranite.png.4bpp build/assets/graphics/items/icons/glimmoranite.png.4bpp.smol
tools/compresSmol/compresSmol -w build/assets/graphics/items/icons/glitter_mail.png.4bpp build/assets/graphics/items/icons/glitter_mail.png.4bpp.smol
tools/compresSmol/compresSmol -w build/assets/graphics/items/icons/go_goggles.png.4bpp build/assets/graphics/items/icons/go_goggles.png.4bpp.smol
tools/compresSmol/compresSmol -w build/assets/graphics/items/icons/gold_teeth.png.4bpp build/assets/graphics/items/icons/gold_teeth.png.4bpp.smol
tools/compresSmol/compresSmol -w build/assets/graphics/items/icons/golisopite.png.4bpp build/assets/graphics/items/icons/golisopite.png.4bpp.smol
tools/compresSmol/compresSmol -w build/assets/graphics/items/icons/golurkite.png.4bpp build/assets/graphics/items/icons/golurkite.png.4bpp.smol
tools/compresSmol/compresSmol -w build/assets/graphics/items/icons/good_rod.png.4bpp build/assets/graphics/items/icons/good_rod.png.4bpp.smol
tools/compresSmol/compresSmol -w build/assets/graphics/items/icons/gracidea.png.4bpp build/assets/graphics/items/icons/gracidea.png.4bpp.smol
tools/compresSmol/compresSmol -w build/assets/graphics/items/icons/grass_memory.png.4bpp build/assets/graphics/items/icons/grass_memory.png.4bpp.smol
tools/compresSmol/compresSmol -w build/assets/graphics/items/icons/grassium_z.png.4bpp build/assets/graphics/items/icons/grassium_z.png.4bpp.smol
tools/compresSmol/compresSmol -w build/assets/graphics/items/icons/great_ball.png.4bpp build/assets/graphics/items/icons/great_ball.png.4bpp.smol
tools/compresSmol/compresSmol -w build/assets/graphics/items/icons/greninjite.png.4bpp build/assets/graphics/items/icons/greninjite.png.4bpp.smol
tools/compresSmol/compresSmol -w build/assets/graphics/items/icons/grepa_berry.png.4bpp build/assets/graphics/items/icons/grepa_berry.png.4bpp.smol
tools/compresSmol/compresSmol -w build/assets/graphics/items/icons/grip_claw.png.4bpp build/assets/graphics/items/icons/grip_claw.png.4bpp.smol
tools/compresSmol/compresSmol -w build/assets/graphics/items/icons/griseous_core.png.4bpp build/assets/graphics/items/icons/griseous_core.png.4bpp.smol
tools/compresSmol/compresSmol -w build/assets/graphics/items/icons/griseous_orb.png.4bpp build/assets/graphics/items/icons/griseous_orb.png.4bpp.smol
tools/compresSmol/compresSmol -w build/assets/graphics/items/icons/ground_memory.png.4bpp build/assets/graphics/items/icons/ground_memory.png.4bpp.smol
tools/compresSmol/compresSmol -w build/assets/graphics/items/icons/groundium_z.png.4bpp build/assets/graphics/items/icons/groundium_z.png.4bpp.smol
tools/compresSmol/compresSmol -w build/assets/graphics/items/icons/gyaradosite.png.4bpp build/assets/graphics/items/icons/gyaradosite.png.4bpp.smol
tools/compresSmol/compresSmol -w build/assets/graphics/items/icons/haban_berry.png.4bpp build/assets/graphics/items/icons/haban_berry.png.4bpp.smol
tools/compresSmol/compresSmol -w build/assets/graphics/items/icons/harbor_mail.png.4bpp build/assets/graphics/items/icons/harbor_mail.png.4bpp.smol
tools/compresSmol/compresSmol -w build/assets/graphics/items/icons/hard_stone.png.4bpp build/assets/graphics/items/icons/hard_stone.png.4bpp.smol
tools/compresSmol/compresSmol -w build/assets/graphics/items/icons/hawluchanite.png.4bpp build/assets/graphics/items/icons/hawluchanite.png.4bpp.smol
tools/compresSmol/compresSmol -w build/assets/graphics/items/icons/heal_ball.png.4bpp build/assets/graphics/items/icons/heal_ball.png.4bpp.smol
tools/compresSmol/compresSmol -w build/assets/graphics/items/icons/heart_scale.png.4bpp build/assets/graphics/items/icons/heart_scale.png.4bpp.smol
tools/compresSmol/compresSmol -w build/assets/graphics/items/icons/hearthflame_mask.png.4bpp build/assets/graphics/items/icons/hearthflame_mask.png.4bpp.smol
tools/compresSmol/compresSmol -w build/assets/graphics/items/icons/heat_rock.png.4bpp build/assets/graphics/items/icons/heat_rock.png.4bpp.smol
tools/compresSmol/compresSmol -w build/assets/graphics/items/icons/heatranite.png.4bpp build/assets/graphics/items/icons/heatranite.png.4bpp.smol
tools/compresSmol/compresSmol -w build/assets/graphics/items/icons/heavy_ball.png.4bpp build/assets/graphics/items/icons/heavy_ball.png.4bpp.smol
tools/compresSmol/compresSmol -w build/assets/graphics/items/icons/heavy_duty_boots.png.4bpp build/assets/graphics/items/icons/heavy_duty_boots.png.4bpp.smol
tools/compresSmol/compresSmol -w build/assets/graphics/items/icons/helix_fossil.png.4bpp build/assets/graphics/items/icons/helix_fossil.png.4bpp.smol
tools/compresSmol/compresSmol -w build/assets/graphics/items/icons/heracronite.png.4bpp build/assets/graphics/items/icons/heracronite.png.4bpp.smol
tools/compresSmol/compresSmol -w build/assets/graphics/items/icons/hm.png.4bpp build/assets/graphics/items/icons/hm.png.4bpp.smol
tools/compresSmol/compresSmol -w build/assets/graphics/items/icons/hondew_berry.png.4bpp build/assets/graphics/items/icons/hondew_berry.png.4bpp.smol
tools/compresSmol/compresSmol -w build/assets/graphics/items/icons/honey.png.4bpp build/assets/graphics/items/icons/honey.png.4bpp.smol
tools/compresSmol/compresSmol -w build/assets/graphics/items/icons/houndoominite.png.4bpp build/assets/graphics/items/icons/houndoominite.png.4bpp.smol
tools/compresSmol/compresSmol -w build/assets/graphics/items/icons/hp_up.png.4bpp build/assets/graphics/items/icons/hp_up.png.4bpp.smol
tools/compresSmol/compresSmol -w build/assets/graphics/items/icons/iapapa_berry.png.4bpp build/assets/graphics/items/icons/iapapa_berry.png.4bpp.smol
tools/compresSmol/compresSmol -w build/assets/graphics/items/icons/ice_memory.png.4bpp build/assets/graphics/items/icons/ice_memory.png.4bpp.smol
tools/compresSmol/compresSmol -w build/assets/graphics/items/icons/ice_stone.png.4bpp build/assets/graphics/items/icons/ice_stone.png.4bpp.smol
tools/compresSmol/compresSmol -w build/assets/graphics/items/icons/icium_z.png.4bpp build/assets/graphics/items/icons/icium_z.png.4bpp.smol
tools/compresSmol/compresSmol -w build/assets/graphics/items/icons/icy_rock.png.4bpp build/assets/graphics/items/icons/icy_rock.png.4bpp.smol
tools/compresSmol/compresSmol -w build/assets/graphics/items/icons/in_battle_herb.png.4bpp build/assets/graphics/items/icons/in_battle_herb.png.4bpp.smol
tools/compresSmol/compresSmol -w build/assets/graphics/items/icons/incinium_z.png.4bpp build/assets/graphics/items/icons/incinium_z.png.4bpp.smol
tools/compresSmol/compresSmol -w build/assets/graphics/items/icons/iron_ball.png.4bpp build/assets/graphics/items/icons/iron_ball.png.4bpp.smol
tools/compresSmol/compresSmol -w build/assets/graphics/items/icons/jaboca_berry.png.4bpp build/assets/graphics/items/icons/jaboca_berry.png.4bpp.smol
tools/compresSmol/compresSmol -w build/assets/graphics/items/icons/jaw_fossil.png.4bpp build/assets/graphics/items/icons/jaw_fossil.png.4bpp.smol
tools/compresSmol/compresSmol -w build/assets/graphics/items/icons/jubilife_muffin.png.4bpp build/assets/graphics/items/icons/jubilife_muffin.png.4bpp.smol
tools/compresSmol/compresSmol -w build/assets/graphics/items/icons/kangaskhanite.png.4bpp build/assets/graphics/items/icons/kangaskhanite.png.4bpp.smol
tools/compresSmol/compresSmol -w build/assets/graphics/items/icons/kasib_berry.png.4bpp build/assets/graphics/items/icons/kasib_berry.png.4bpp.smol
tools/compresSmol/compresSmol -w build/assets/graphics/items/icons/kebia_berry.png.4bpp build/assets/graphics/items/icons/kebia_berry.png.4bpp.smol
tools/compresSmol/compresSmol -w build/assets/graphics/items/icons/kee_berry.png.4bpp build/assets/graphics/items/icons/kee_berry.png.4bpp.smol
tools/compresSmol/compresSmol -w build/assets/graphics/items/icons/kelpsy_berry.png.4bpp build/assets/graphics/items/icons/kelpsy_berry.png.4bpp.smol
tools/compresSmol/compresSmol -w build/assets/graphics/items/icons/key_to_room_1.png.4bpp build/assets/graphics/items/icons/key_to_room_1.png.4bpp.smol
tools/compresSmol/compresSmol -w build/assets/graphics/items/icons/key_to_room_2.png.4bpp build/assets/graphics/items/icons/key_to_room_2.png.4bpp.smol
tools/compresSmol/compresSmol -w build/assets/graphics/items/icons/key_to_room_4.png.4bpp build/assets/graphics/items/icons/key_to_room_4.png.4bpp.smol
tools/compresSmol/compresSmol -w build/assets/graphics/items/icons/key_to_room_6.png.4bpp build/assets/graphics/items/icons/key_to_room_6.png.4bpp.smol
tools/compresSmol/compresSmol -w build/assets/graphics/items/icons/kings_rock.png.4bpp build/assets/graphics/items/icons/kings_rock.png.4bpp.smol
tools/compresSmol/compresSmol -w build/assets/graphics/items/icons/kommonium_z.png.4bpp build/assets/graphics/items/icons/kommonium_z.png.4bpp.smol
tools/compresSmol/compresSmol -w build/assets/graphics/items/icons/lagging_tail.png.4bpp build/assets/graphics/items/icons/lagging_tail.png.4bpp.smol
tools/compresSmol/compresSmol -w build/assets/graphics/items/icons/lansat_berry.png.4bpp build/assets/graphics/items/icons/lansat_berry.png.4bpp.smol
tools/compresSmol/compresSmol -w build/assets/graphics/items/icons/large_potion.png.4bpp build/assets/graphics/items/icons/large_potion.png.4bpp.smol
tools/compresSmol/compresSmol -w build/assets/graphics/items/icons/latiasite.png.4bpp build/assets/graphics/items/icons/latiasite.png.4bpp.smol
tools/compresSmol/compresSmol -w build/assets/graphics/items/icons/latiosite.png.4bpp build/assets/graphics/items/icons/latiosite.png.4bpp.smol
tools/compresSmol/compresSmol -w build/assets/graphics/items/icons/lava_cookie.png.4bpp build/assets/graphics/items/icons/lava_cookie.png.4bpp.smol
tools/compresSmol/compresSmol -w build/assets/graphics/items/icons/lax_incense.png.4bpp build/assets/graphics/items/icons/lax_incense.png.4bpp.smol
tools/compresSmol/compresSmol -w build/assets/graphics/items/icons/leaders_crest.png.4bpp build/assets/graphics/items/icons/leaders_crest.png.4bpp.smol
tools/compresSmol/compresSmol -w build/assets/graphics/items/icons/leaf_stone.png.4bpp build/assets/graphics/items/icons/leaf_stone.png.4bpp.smol
tools/compresSmol/compresSmol -w build/assets/graphics/items/icons/leek.png.4bpp build/assets/graphics/items/icons/leek.png.4bpp.smol
tools/compresSmol/compresSmol -w build/assets/graphics/items/icons/leftovers.png.4bpp build/assets/graphics/items/icons/leftovers.png.4bpp.smol
tools/compresSmol/compresSmol -w build/assets/graphics/items/icons/lemonade.png.4bpp build/assets/graphics/items/icons/lemonade.png.4bpp.smol
tools/compresSmol/compresSmol -w build/assets/graphics/items/icons/leppa_berry.png.4bpp build/assets/graphics/items/icons/leppa_berry.png.4bpp.smol
tools/compresSmol/compresSmol -w build/assets/graphics/items/icons/letter.png.4bpp build/assets/graphics/items/icons/letter.png.4bpp.smol
tools/compresSmol/compresSmol -w build/assets/graphics/items/icons/level_ball.png.4bpp build/assets/graphics/items/icons/level_ball.png.4bpp.smol
tools/compresSmol/compresSmol -w build/assets/graphics/items/icons/liechi_berry.png.4bpp build/assets/graphics/items/icons/liechi_berry.png.4bpp.smol
tools/compresSmol/compresSmol -w build/assets/graphics/items/icons/life_orb.png.4bpp build/assets/graphics/items/icons/life_orb.png.4bpp.smol
tools/compresSmol/compresSmol -w build/assets/graphics/items/icons/lift_key.png.4bpp build/assets/graphics/items/icons/lift_key.png.4bpp.smol
tools/compresSmol/compresSmol -w build/assets/graphics/items/icons/light_ball.png.4bpp build/assets/graphics/items/icons/light_ball.png.4bpp.smol
tools/compresSmol/compresSmol -w build/assets/graphics/items/icons/light_clay.png.4bpp build/assets/graphics/items/icons/light_clay.png.4bpp.smol
tools/compresSmol/compresSmol -w build/assets/graphics/items/icons/linking_cord.png.4bpp build/assets/graphics/items/icons/linking_cord.png.4bpp.smol
tools/compresSmol/compresSmol -w build/assets/graphics/items/icons/loaded_dice.png.4bpp build/assets/graphics/items/icons/loaded_dice.png.4bpp.smol
tools/compresSmol/compresSmol -w build/assets/graphics/items/icons/lopunnite.png.4bpp build/assets/graphics/items/icons/lopunnite.png.4bpp.smol
tools/compresSmol/compresSmol -w build/assets/graphics/items/icons/love_ball.png.4bpp build/assets/graphics/items/icons/love_ball.png.4bpp.smol
tools/compresSmol/compresSmol -w build/assets/graphics/items/icons/love_sweet.png.4bpp build/assets/graphics/items/icons/love_sweet.png.4bpp.smol
tools/compresSmol/compresSmol -w build/assets/graphics/items/icons/lucarionite.png.4bpp build/assets/graphics/items/icons/lucarionite.png.4bpp.smol
tools/compresSmol/compresSmol -w build/assets/graphics/items/icons/lucarionite_z.png.4bpp build/assets/graphics/items/icons/lucarionite_z.png.4bpp.smol
tools/compresSmol/compresSmol -w build/assets/graphics/items/icons/luck_incense.png.4bpp build/assets/graphics/items/icons/luck_incense.png.4bpp.smol
tools/compresSmol/compresSmol -w build/assets/graphics/items/icons/lucky_egg.png.4bpp build/assets/graphics/items/icons/lucky_egg.png.4bpp.smol
tools/compresSmol/compresSmol -w build/assets/graphics/items/icons/lucky_punch.png.4bpp build/assets/graphics/items/icons/lucky_punch.png.4bpp.smol
tools/compresSmol/compresSmol -w build/assets/graphics/items/icons/lum_berry.png.4bpp build/assets/graphics/items/icons/lum_berry.png.4bpp.smol
tools/compresSmol/compresSmol -w build/assets/graphics/items/icons/luminous_moss.png.4bpp build/assets/graphics/items/icons/luminous_moss.png.4bpp.smol
tools/compresSmol/compresSmol -w build/assets/graphics/items/icons/lumiose_galette.png.4bpp build/assets/graphics/items/icons/lumiose_galette.png.4bpp.smol
tools/compresSmol/compresSmol -w build/assets/graphics/items/icons/lunalium_z.png.4bpp build/assets/graphics/items/icons/lunalium_z.png.4bpp.smol
tools/compresSmol/compresSmol -w build/assets/graphics/items/icons/lure.png.4bpp build/assets/graphics/items/icons/lure.png.4bpp.smol
tools/compresSmol/compresSmol -w build/assets/graphics/items/icons/lure_ball.png.4bpp build/assets/graphics/items/icons/lure_ball.png.4bpp.smol
tools/compresSmol/compresSmol -w build/assets/graphics/items/icons/lustrous_globe.png.4bpp build/assets/graphics/items/icons/lustrous_globe.png.4bpp.smol
tools/compresSmol/compresSmol -w build/assets/graphics/items/icons/lustrous_orb.png.4bpp build/assets/graphics/items/icons/lustrous_orb.png.4bpp.smol
tools/compresSmol/compresSmol -w build/assets/graphics/items/icons/luxury_ball.png.4bpp build/assets/graphics/items/icons/luxury_ball.png.4bpp.smol
tools/compresSmol/compresSmol -w build/assets/graphics/items/icons/lycanium_z.png.4bpp build/assets/graphics/items/icons/lycanium_z.png.4bpp.smol
tools/compresSmol/compresSmol -w build/assets/graphics/items/icons/mach_bike.png.4bpp build/assets/graphics/items/icons/mach_bike.png.4bpp.smol
tools/compresSmol/compresSmol -w build/assets/graphics/items/icons/macho_brace.png.4bpp build/assets/graphics/items/icons/macho_brace.png.4bpp.smol
tools/compresSmol/compresSmol -w build/assets/graphics/items/icons/magearnite.png.4bpp build/assets/graphics/items/icons/magearnite.png.4bpp.smol
tools/compresSmol/compresSmol -w build/assets/graphics/items/icons/magma_emblem.png.4bpp build/assets/graphics/items/icons/magma_emblem.png.4bpp.smol
tools/compresSmol/compresSmol -w build/assets/graphics/items/icons/magmarizer.png.4bpp build/assets/graphics/items/icons/magmarizer.png.4bpp.smol
tools/compresSmol/compresSmol -w build/assets/graphics/items/icons/magnet.png.4bpp build/assets/graphics/items/icons/magnet.png.4bpp.smol
tools/compresSmol/compresSmol -w build/assets/graphics/items/icons/mago_berry.png.4bpp build/assets/graphics/items/icons/mago_berry.png.4bpp.smol
tools/compresSmol/compresSmol -w build/assets/graphics/items/icons/magost_berry.png.4bpp build/assets/graphics/items/icons/magost_berry.png.4bpp.smol
tools/compresSmol/compresSmol -w build/assets/graphics/items/icons/malamarite.png.4bpp build/assets/graphics/items/icons/malamarite.png.4bpp.smol
tools/compresSmol/compresSmol -w build/assets/graphics/items/icons/malicious_armor.png.4bpp build/assets/graphics/items/icons/malicious_armor.png.4bpp.smol
tools/compresSmol/compresSmol -w build/assets/graphics/items/icons/manectite.png.4bpp build/assets/graphics/items/icons/manectite.png.4bpp.smol
tools/compresSmol/compresSmol -w build/assets/graphics/items/icons/maranga_berry.png.4bpp build/assets/graphics/items/icons/maranga_berry.png.4bpp.smol
tools/compresSmol/compresSmol -w build/assets/graphics/items/icons/marshadium_z.png.4bpp build/assets/graphics/items/icons/marshadium_z.png.4bpp.smol
tools/compresSmol/compresSmol -w build/assets/graphics/items/icons/master_ball.png.4bpp build/assets/graphics/items/icons/master_ball.png.4bpp.smol
tools/compresSmol/compresSmol -w build/assets/graphics/items/icons/masterpiece_teacup.png.4bpp build/assets/graphics/items/icons/masterpiece_teacup.png.4bpp.smol
tools/compresSmol/compresSmol -w build/assets/graphics/items/icons/mawilite.png.4bpp build/assets/graphics/items/icons/mawilite.png.4bpp.smol
tools/compresSmol/compresSmol -w build/assets/graphics/items/icons/max_honey.png.4bpp build/assets/graphics/items/icons/max_honey.png.4bpp.smol
tools/compresSmol/compresSmol -w build/assets/graphics/items/icons/max_mushrooms.png.4bpp build/assets/graphics/items/icons/max_mushrooms.png.4bpp.smol
tools/compresSmol/compresSmol -w build/assets/graphics/items/icons/max_revive.png.4bpp build/assets/graphics/items/icons/max_revive.png.4bpp.smol
tools/compresSmol/compresSmol -w build/assets/graphics/items/icons/mech_mail.png.4bpp build/assets/graphics/items/icons/mech_mail.png.4bpp.smol
tools/compresSmol/compresSmol -w build/assets/graphics/items/icons/medichamite.png.4bpp build/assets/graphics/items/icons/medichamite.png.4bpp.smol
tools/compresSmol/compresSmol -w build/assets/graphics/items/icons/mega_ring.png.4bpp build/assets/graphics/items/icons/mega_ring.png.4bpp.smol
tools/compresSmol/compresSmol -w build/assets/graphics/items/icons/meganiumite.png.4bpp build/assets/graphics/items/icons/meganiumite.png.4bpp.smol
tools/compresSmol/compresSmol -w build/assets/graphics/items/icons/meowsticite.png.4bpp build/assets/graphics/items/icons/meowsticite.png.4bpp.smol
tools/compresSmol/compresSmol -w build/assets/graphics/items/icons/metagrossite.png.4bpp build/assets/graphics/items/icons/metagrossite.png.4bpp.smol
tools/compresSmol/compresSmol -w build/assets/graphics/items/icons/metal_alloy.png.4bpp build/assets/graphics/items/icons/metal_alloy.png.4bpp.smol
tools/compresSmol/compresSmol -w build/assets/graphics/items/icons/metal_coat.png.4bpp build/assets/graphics/items/icons/metal_coat.png.4bpp.smol
tools/compresSmol/compresSmol -w build/assets/graphics/items/icons/meteorite.png.4bpp build/assets/graphics/items/icons/meteorite.png.4bpp.smol
tools/compresSmol/compresSmol -w build/assets/graphics/items/icons/metronome.png.4bpp build/assets/graphics/items/icons/metronome.png.4bpp.smol
tools/compresSmol/compresSmol -w build/assets/graphics/items/icons/mewnium_z.png.4bpp build/assets/graphics/items/icons/mewnium_z.png.4bpp.smol
tools/compresSmol/compresSmol -w build/assets/graphics/items/icons/mewtwonite_x.png.4bpp build/assets/graphics/items/icons/mewtwonite_x.png.4bpp.smol
tools/compresSmol/compresSmol -w build/assets/graphics/items/icons/mewtwonite_y.png.4bpp build/assets/graphics/items/icons/mewtwonite_y.png.4bpp.smol
tools/compresSmol/compresSmol -w build/assets/graphics/items/icons/micle_berry.png.4bpp build/assets/graphics/items/icons/micle_berry.png.4bpp.smol
tools/compresSmol/compresSmol -w build/assets/graphics/items/icons/mimikium_z.png.4bpp build/assets/graphics/items/icons/mimikium_z.png.4bpp.smol
tools/compresSmol/compresSmol -w build/assets/graphics/items/icons/mint.png.4bpp build/assets/graphics/items/icons/mint.png.4bpp.smol
tools/compresSmol/compresSmol -w build/assets/graphics/items/icons/miracle_seed.png.4bpp build/assets/graphics/items/icons/miracle_seed.png.4bpp.smol
tools/compresSmol/compresSmol -w build/assets/graphics/items/icons/mirror_herb.png.4bpp build/assets/graphics/items/icons/mirror_herb.png.4bpp.smol
tools/compresSmol/compresSmol -w build/assets/graphics/items/icons/mochi.png.4bpp build/assets/graphics/items/icons/mochi.png.4bpp.smol
tools/compresSmol/compresSmol -w build/assets/graphics/items/icons/moomoo_milk.png.4bpp build/assets/graphics/items/icons/moomoo_milk.png.4bpp.smol
tools/compresSmol/compresSmol -w build/assets/graphics/items/icons/moon_ball.png.4bpp build/assets/graphics/items/icons/moon_ball.png.4bpp.smol
tools/compresSmol/compresSmol -w build/assets/graphics/items/icons/moon_stone.png.4bpp build/assets/graphics/items/icons/moon_stone.png.4bpp.smol
tools/compresSmol/compresSmol -w build/assets/graphics/items/icons/mulch.png.4bpp build/assets/graphics/items/icons/mulch.png.4bpp.smol
tools/compresSmol/compresSmol -w build/assets/graphics/items/icons/muscle_band.png.4bpp build/assets/graphics/items/icons/muscle_band.png.4bpp.smol
tools/compresSmol/compresSmol -w build/assets/graphics/items/icons/mystic_ticket.png.4bpp build/assets/graphics/items/icons/mystic_ticket.png.4bpp.smol
tools/compresSmol/compresSmol -w build/assets/graphics/items/icons/mystic_water.png.4bpp build/assets/graphics/items/icons/mystic_water.png.4bpp.smol
tools/compresSmol/compresSmol -w build/assets/graphics/items/icons/nanab_berry.png.4bpp build/assets/graphics/items/icons/nanab_berry.png.4bpp.smol
tools/compresSmol/compresSmol -w build/assets/graphics/items/icons/necrozma_fuser.png.4bpp build/assets/graphics/items/icons/necrozma_fuser.png.4bpp.smol
tools/compresSmol/compresSmol -w build/assets/graphics/items/icons/nectar.png.4bpp build/assets/graphics/items/icons/nectar.png.4bpp.smol
tools/compresSmol/compresSmol -w build/assets/graphics/items/icons/nest_ball.png.4bpp build/assets/graphics/items/icons/nest_ball.png.4bpp.smol
tools/compresSmol/compresSmol -w build/assets/graphics/items/icons/net_ball.png.4bpp build/assets/graphics/items/icons/net_ball.png.4bpp.smol
tools/compresSmol/compresSmol -w build/assets/graphics/items/icons/never_melt_ice.png.4bpp build/assets/graphics/items/icons/never_melt_ice.png.4bpp.smol
tools/compresSmol/compresSmol -w build/assets/graphics/items/icons/nomel_berry.png.4bpp build/assets/graphics/items/icons/nomel_berry.png.4bpp.smol
tools/compresSmol/compresSmol -w build/assets/graphics/items/icons/normalium_z.png.4bpp build/assets/graphics/items/icons/normalium_z.png.4bpp.smol
tools/compresSmol/compresSmol -w build/assets/graphics/items/icons/nugget.png.4bpp build/assets/graphics/items/icons/nugget.png.4bpp.smol
tools/compresSmol/compresSmol -w build/assets/graphics/items/icons/occa_berry.png.4bpp build/assets/graphics/items/icons/occa_berry.png.4bpp.smol
tools/compresSmol/compresSmol -w build/assets/graphics/items/icons/odd_incense.png.4bpp build/assets/graphics/items/icons/odd_incense.png.4bpp.smol
tools/compresSmol/compresSmol -w build/assets/graphics/items/icons/odd_keystone.png.4bpp build/assets/graphics/items/icons/odd_keystone.png.4bpp.smol
tools/compresSmol/compresSmol -w build/assets/graphics/items/icons/old_amber.png.4bpp build/assets/graphics/items/icons/old_amber.png.4bpp.smol
tools/compresSmol/compresSmol -w build/assets/graphics/items/icons/old_gateau.png.4bpp build/assets/graphics/items/icons/old_gateau.png.4bpp.smol
tools/compresSmol/compresSmol -w build/assets/graphics/items/icons/old_rod.png.4bpp build/assets/graphics/items/icons/old_rod.png.4bpp.smol
tools/compresSmol/compresSmol -w build/assets/graphics/items/icons/old_sea_map.png.4bpp build/assets/graphics/items/icons/old_sea_map.png.4bpp.smol
tools/compresSmol/compresSmol -w build/assets/graphics/items/icons/oran_berry.png.4bpp build/assets/graphics/items/icons/oran_berry.png.4bpp.smol
tools/compresSmol/compresSmol -w build/assets/graphics/items/icons/orange_mail.png.4bpp build/assets/graphics/items/icons/orange_mail.png.4bpp.smol
tools/compresSmol/compresSmol -w build/assets/graphics/items/icons/oval_charm.png.4bpp build/assets/graphics/items/icons/oval_charm.png.4bpp.smol
tools/compresSmol/compresSmol -w build/assets/graphics/items/icons/oval_stone.png.4bpp build/assets/graphics/items/icons/oval_stone.png.4bpp.smol
tools/compresSmol/compresSmol -w build/assets/graphics/items/icons/pamtre_berry.png.4bpp build/assets/graphics/items/icons/pamtre_berry.png.4bpp.smol
tools/compresSmol/compresSmol -w build/assets/graphics/items/icons/parcel.png.4bpp build/assets/graphics/items/icons/parcel.png.4bpp.smol
tools/compresSmol/compresSmol -w build/assets/graphics/items/icons/park_ball.png.4bpp build/assets/graphics/items/icons/park_ball.png.4bpp.smol
tools/compresSmol/compresSmol -w build/assets/graphics/items/icons/passho_berry.png.4bpp build/assets/graphics/items/icons/passho_berry.png.4bpp.smol
tools/compresSmol/compresSmol -w build/assets/graphics/items/icons/payapa_berry.png.4bpp build/assets/graphics/items/icons/payapa_berry.png.4bpp.smol
tools/compresSmol/compresSmol -w build/assets/graphics/items/icons/pearl.png.4bpp build/assets/graphics/items/icons/pearl.png.4bpp.smol
tools/compresSmol/compresSmol -w build/assets/graphics/items/icons/pearl_string.png.4bpp build/assets/graphics/items/icons/pearl_string.png.4bpp.smol
tools/compresSmol/compresSmol -w build/assets/graphics/items/icons/peat_block.png.4bpp build/assets/graphics/items/icons/peat_block.png.4bpp.smol
tools/compresSmol/compresSmol -w build/assets/graphics/items/icons/pecha_berry.png.4bpp build/assets/graphics/items/icons/pecha_berry.png.4bpp.smol
tools/compresSmol/compresSmol -w build/assets/graphics/items/icons/persim_berry.png.4bpp build/assets/graphics/items/icons/persim_berry.png.4bpp.smol
tools/compresSmol/compresSmol -w build/assets/graphics/items/icons/petaya_berry.png.4bpp build/assets/graphics/items/icons/petaya_berry.png.4bpp.smol
tools/compresSmol/compresSmol -w build/assets/graphics/items/icons/pewter_crunchies.png.4bpp build/assets/graphics/items/icons/pewter_crunchies.png.4bpp.smol
tools/compresSmol/compresSmol -w build/assets/graphics/items/icons/pidgeotite.png.4bpp build/assets/graphics/items/icons/pidgeotite.png.4bpp.smol
tools/compresSmol/compresSmol -w build/assets/graphics/items/icons/pikanium_z.png.4bpp build/assets/graphics/items/icons/pikanium_z.png.4bpp.smol
tools/compresSmol/compresSmol -w build/assets/graphics/items/icons/pikashunium_z.png.4bpp build/assets/graphics/items/icons/pikashunium_z.png.4bpp.smol
tools/compresSmol/compresSmol -w build/assets/graphics/items/icons/pinap_berry.png.4bpp build/assets/graphics/items/icons/pinap_berry.png.4bpp.smol
tools/compresSmol/compresSmol -w build/assets/graphics/items/icons/pinsirite.png.4bpp build/assets/graphics/items/icons/pinsirite.png.4bpp.smol
tools/compresSmol/compresSmol -w build/assets/graphics/items/icons/plate.png.4bpp build/assets/graphics/items/icons/plate.png.4bpp.smol
tools/compresSmol/compresSmol -w build/assets/graphics/items/icons/plume_fossil.png.4bpp build/assets/graphics/items/icons/plume_fossil.png.4bpp.smol
tools/compresSmol/compresSmol -w build/assets/graphics/items/icons/poison_barb.png.4bpp build/assets/graphics/items/icons/poison_barb.png.4bpp.smol
tools/compresSmol/compresSmol -w build/assets/graphics/items/icons/poison_memory.png.4bpp build/assets/graphics/items/icons/poison_memory.png.4bpp.smol
tools/compresSmol/compresSmol -w build/assets/graphics/items/icons/poisonium_z.png.4bpp build/assets/graphics/items/icons/poisonium_z.png.4bpp.smol
tools/compresSmol/compresSmol -w build/assets/graphics/items/icons/poke_ball.png.4bpp build/assets/graphics/items/icons/poke_ball.png.4bpp.smol
tools/compresSmol/compresSmol -w build/assets/graphics/items/icons/poke_doll.png.4bpp build/assets/graphics/items/icons/poke_doll.png.4bpp.smol
tools/compresSmol/compresSmol -w build/assets/graphics/items/icons/poke_flute.png.4bpp build/assets/graphics/items/icons/poke_flute.png.4bpp.smol
tools/compresSmol/compresSmol -w build/assets/graphics/items/icons/poke_radar.png.4bpp build/assets/graphics/items/icons/poke_radar.png.4bpp.smol
tools/compresSmol/compresSmol -w build/assets/graphics/items/icons/poke_toy.png.4bpp build/assets/graphics/items/icons/poke_toy.png.4bpp.smol
tools/compresSmol/compresSmol -w build/assets/graphics/items/icons/pokeblock_case.png.4bpp build/assets/graphics/items/icons/pokeblock_case.png.4bpp.smol
tools/compresSmol/compresSmol -w build/assets/graphics/items/icons/pokemon_box_link.png.4bpp build/assets/graphics/items/icons/pokemon_box_link.png.4bpp.smol
tools/compresSmol/compresSmol -w build/assets/graphics/items/icons/pokeshi_doll.png.4bpp build/assets/graphics/items/icons/pokeshi_doll.png.4bpp.smol
tools/compresSmol/compresSmol -w build/assets/graphics/items/icons/pomeg_berry.png.4bpp build/assets/graphics/items/icons/pomeg_berry.png.4bpp.smol
tools/compresSmol/compresSmol -w build/assets/graphics/items/icons/potion.png.4bpp build/assets/graphics/items/icons/potion.png.4bpp.smol
tools/compresSmol/compresSmol -w build/assets/graphics/items/icons/powder.png.4bpp build/assets/graphics/items/icons/powder.png.4bpp.smol
tools/compresSmol/compresSmol -w build/assets/graphics/items/icons/powder_jar.png.4bpp build/assets/graphics/items/icons/powder_jar.png.4bpp.smol
tools/compresSmol/compresSmol -w build/assets/graphics/items/icons/power_anklet.png.4bpp build/assets/graphics/items/icons/power_anklet.png.4bpp.smol
tools/compresSmol/compresSmol -w build/assets/graphics/items/icons/power_band.png.4bpp build/assets/graphics/items/icons/power_band.png.4bpp.smol
tools/compresSmol/compresSmol -w build/assets/graphics/items/icons/power_belt.png.4bpp build/assets/graphics/items/icons/power_belt.png.4bpp.smol
tools/compresSmol/compresSmol -w build/assets/graphics/items/icons/power_bracer.png.4bpp build/assets/graphics/items/icons/power_bracer.png.4bpp.smol
tools/compresSmol/compresSmol -w build/assets/graphics/items/icons/power_herb.png.4bpp build/assets/graphics/items/icons/power_herb.png.4bpp.smol
tools/compresSmol/compresSmol -w build/assets/graphics/items/icons/power_lens.png.4bpp build/assets/graphics/items/icons/power_lens.png.4bpp.smol
tools/compresSmol/compresSmol -w build/assets/graphics/items/icons/power_weight.png.4bpp build/assets/graphics/items/icons/power_weight.png.4bpp.smol
tools/compresSmol/compresSmol -w build/assets/graphics/items/icons/pp_max.png.4bpp build/assets/graphics/items/icons/pp_max.png.4bpp.smol
tools/compresSmol/compresSmol -w build/assets/graphics/items/icons/pp_up.png.4bpp build/assets/graphics/items/icons/pp_up.png.4bpp.smol
tools/compresSmol/compresSmol -w build/assets/graphics/items/icons/premier_ball.png.4bpp build/assets/graphics/items/icons/premier_ball.png.4bpp.smol
tools/compresSmol/compresSmol -w build/assets/graphics/items/icons/pretty_feather.png.4bpp build/assets/graphics/items/icons/pretty_feather.png.4bpp.smol
tools/compresSmol/compresSmol -w build/assets/graphics/items/icons/primarium_z.png.4bpp build/assets/graphics/items/icons/primarium_z.png.4bpp.smol
tools/compresSmol/compresSmol -w build/assets/graphics/items/icons/prism_scale.png.4bpp build/assets/graphics/items/icons/prism_scale.png.4bpp.smol
tools/compresSmol/compresSmol -w build/assets/graphics/items/icons/prison_bottle.png.4bpp build/assets/graphics/items/icons/prison_bottle.png.4bpp.smol
tools/compresSmol/compresSmol -w build/assets/graphics/items/icons/protective_pads.png.4bpp build/assets/graphics/items/icons/protective_pads.png.4bpp.smol
tools/compresSmol/compresSmol -w build/assets/graphics/items/icons/protector.png.4bpp build/assets/graphics/items/icons/protector.png.4bpp.smol
tools/compresSmol/compresSmol -w build/assets/graphics/items/icons/psychic_memory.png.4bpp build/assets/graphics/items/icons/psychic_memory.png.4bpp.smol
tools/compresSmol/compresSmol -w build/assets/graphics/items/icons/psychium_z.png.4bpp build/assets/graphics/items/icons/psychium_z.png.4bpp.smol
tools/compresSmol/compresSmol -w build/assets/graphics/items/icons/punching_glove.png.4bpp build/assets/graphics/items/icons/punching_glove.png.4bpp.smol
tools/compresSmol/compresSmol -w build/assets/graphics/items/icons/pure_incense.png.4bpp build/assets/graphics/items/icons/pure_incense.png.4bpp.smol
tools/compresSmol/compresSmol -w build/assets/graphics/items/icons/pyroarite.png.4bpp build/assets/graphics/items/icons/pyroarite.png.4bpp.smol
tools/compresSmol/compresSmol -w build/assets/graphics/items/icons/qualot_berry.png.4bpp build/assets/graphics/items/icons/qualot_berry.png.4bpp.smol
tools/compresSmol/compresSmol -w build/assets/graphics/items/icons/question_mark.png.4bpp build/assets/graphics/items/icons/question_mark.png.4bpp.smol
tools/compresSmol/compresSmol -w build/assets/graphics/items/icons/quick_ball.png.4bpp build/assets/graphics/items/icons/quick_ball.png.4bpp.smol
tools/compresSmol/compresSmol -w build/assets/graphics/items/icons/quick_claw.png.4bpp build/assets/graphics/items/icons/quick_claw.png.4bpp.smol
tools/compresSmol/compresSmol -w build/assets/graphics/items/icons/rabuta_berry.png.4bpp build/assets/graphics/items/icons/rabuta_berry.png.4bpp.smol
tools/compresSmol/compresSmol -w build/assets/graphics/items/icons/rage_candy_bar.png.4bpp build/assets/graphics/items/icons/rage_candy_bar.png.4bpp.smol
tools/compresSmol/compresSmol -w build/assets/graphics/items/icons/raichunite_x.png.4bpp build/assets/graphics/items/icons/raichunite_x.png.4bpp.smol
tools/compresSmol/compresSmol -w build/assets/graphics/items/icons/raichunite_y.png.4bpp build/assets/graphics/items/icons/raichunite_y.png.4bpp.smol
tools/compresSmol/compresSmol -w build/assets/graphics/items/icons/rainbow_pass.png.4bpp build/assets/graphics/items/icons/rainbow_pass.png.4bpp.smol
tools/compresSmol/compresSmol -w build/assets/graphics/items/icons/rare_candy.png.4bpp build/assets/graphics/items/icons/rare_candy.png.4bpp.smol
tools/compresSmol/compresSmol -w build/assets/graphics/items/icons/rawst_berry.png.4bpp build/assets/graphics/items/icons/rawst_berry.png.4bpp.smol
tools/compresSmol/compresSmol -w build/assets/graphics/items/icons/razor_claw.png.4bpp build/assets/graphics/items/icons/razor_claw.png.4bpp.smol
tools/compresSmol/compresSmol -w build/assets/graphics/items/icons/razor_fang.png.4bpp build/assets/graphics/items/icons/razor_fang.png.4bpp.smol
tools/compresSmol/compresSmol -w build/assets/graphics/items/icons/razz_berry.png.4bpp build/assets/graphics/items/icons/razz_berry.png.4bpp.smol
tools/compresSmol/compresSmol -w build/assets/graphics/items/icons/reaper_cloth.png.4bpp build/assets/graphics/items/icons/reaper_cloth.png.4bpp.smol
tools/compresSmol/compresSmol -w build/assets/graphics/items/icons/red_card.png.4bpp build/assets/graphics/items/icons/red_card.png.4bpp.smol
tools/compresSmol/compresSmol -w build/assets/graphics/items/icons/red_orb.png.4bpp build/assets/graphics/items/icons/red_orb.png.4bpp.smol
tools/compresSmol/compresSmol -w build/assets/graphics/items/icons/reins_of_unity.png.4bpp build/assets/graphics/items/icons/reins_of_unity.png.4bpp.smol
tools/compresSmol/compresSmol -w build/assets/graphics/items/icons/relic_band.png.4bpp build/assets/graphics/items/icons/relic_band.png.4bpp.smol
tools/compresSmol/compresSmol -w build/assets/graphics/items/icons/relic_coin.png.4bpp build/assets/graphics/items/icons/relic_coin.png.4bpp.smol
tools/compresSmol/compresSmol -w build/assets/graphics/items/icons/relic_crown.png.4bpp build/assets/graphics/items/icons/relic_crown.png.4bpp.smol
tools/compresSmol/compresSmol -w build/assets/graphics/items/icons/relic_statue.png.4bpp build/assets/graphics/items/icons/relic_statue.png.4bpp.smol
tools/compresSmol/compresSmol -w build/assets/graphics/items/icons/relic_vase.png.4bpp build/assets/graphics/items/icons/relic_vase.png.4bpp.smol
tools/compresSmol/compresSmol -w build/assets/graphics/items/icons/remedy.png.4bpp build/assets/graphics/items/icons/remedy.png.4bpp.smol
tools/compresSmol/compresSmol -w build/assets/graphics/items/icons/repeat_ball.png.4bpp build/assets/graphics/items/icons/repeat_ball.png.4bpp.smol
tools/compresSmol/compresSmol -w build/assets/graphics/items/icons/repel.png.4bpp build/assets/graphics/items/icons/repel.png.4bpp.smol
tools/compresSmol/compresSmol -w build/assets/graphics/items/icons/retro_mail.png.4bpp build/assets/graphics/items/icons/retro_mail.png.4bpp.smol
tools/compresSmol/compresSmol -w build/assets/graphics/items/icons/return_to_field_arrow.png.4bpp build/assets/graphics/items/icons/return_to_field_arrow.png.4bpp.smol
tools/compresSmol/compresSmol -w build/assets/graphics/items/icons/reveal_glass.png.4bpp build/assets/graphics/items/icons/reveal_glass.png.4bpp.smol
tools/compresSmol/compresSmol -w build/assets/graphics/items/icons/revival_herb.png.4bpp build/assets/graphics/items/icons/revival_herb.png.4bpp.smol
tools/compresSmol/compresSmol -w build/assets/graphics/items/icons/revive.png.4bpp build/assets/graphics/items/icons/revive.png.4bpp.smol
tools/compresSmol/compresSmol -w build/assets/graphics/items/icons/ribbon_sweet.png.4bpp build/assets/graphics/items/icons/ribbon_sweet.png.4bpp.smol
tools/compresSmol/compresSmol -w build/assets/graphics/items/icons/rindo_berry.png.4bpp build/assets/graphics/items/icons/rindo_berry.png.4bpp.smol
tools/compresSmol/compresSmol -w build/assets/graphics/items/icons/ring_target.png.4bpp build/assets/graphics/items/icons/ring_target.png.4bpp.smol
tools/compresSmol/compresSmol -w build/assets/graphics/items/icons/rock_incense.png.4bpp build/assets/graphics/items/icons/rock_incense.png.4bpp.smol
tools/compresSmol/compresSmol -w build/assets/graphics/items/icons/rock_memory.png.4bpp build/assets/graphics/items/icons/rock_memory.png.4bpp.smol
tools/compresSmol/compresSmol -w build/assets/graphics/items/icons/rockium_z.png.4bpp build/assets/graphics/items/icons/rockium_z.png.4bpp.smol
tools/compresSmol/compresSmol -w build/assets/graphics/items/icons/rocky_helmet.png.4bpp build/assets/graphics/items/icons/rocky_helmet.png.4bpp.smol
tools/compresSmol/compresSmol -w build/assets/graphics/items/icons/room_service.png.4bpp build/assets/graphics/items/icons/room_service.png.4bpp.smol
tools/compresSmol/compresSmol -w build/assets/graphics/items/icons/root_fossil.png.4bpp build/assets/graphics/items/icons/root_fossil.png.4bpp.smol
tools/compresSmol/compresSmol -w build/assets/graphics/items/icons/rose_incense.png.4bpp build/assets/graphics/items/icons/rose_incense.png.4bpp.smol
tools/compresSmol/compresSmol -w build/assets/graphics/items/icons/roseli_berry.png.4bpp build/assets/graphics/items/icons/roseli_berry.png.4bpp.smol
tools/compresSmol/compresSmol -w build/assets/graphics/items/icons/rotom_catalog.png.4bpp build/assets/graphics/items/icons/rotom_catalog.png.4bpp.smol
tools/compresSmol/compresSmol -w build/assets/graphics/items/icons/rowap_berry.png.4bpp build/assets/graphics/items/icons/rowap_berry.png.4bpp.smol
tools/compresSmol/compresSmol -w build/assets/graphics/items/icons/rusted_shield.png.4bpp build/assets/graphics/items/icons/rusted_shield.png.4bpp.smol
tools/compresSmol/compresSmol -w build/assets/graphics/items/icons/rusted_sword.png.4bpp build/assets/graphics/items/icons/rusted_sword.png.4bpp.smol
tools/compresSmol/compresSmol -w build/assets/graphics/items/icons/sablenite.png.4bpp build/assets/graphics/items/icons/sablenite.png.4bpp.smol
tools/compresSmol/compresSmol -w build/assets/graphics/items/icons/sachet.png.4bpp build/assets/graphics/items/icons/sachet.png.4bpp.smol
tools/compresSmol/compresSmol -w build/assets/graphics/items/icons/safari_ball.png.4bpp build/assets/graphics/items/icons/safari_ball.png.4bpp.smol
tools/compresSmol/compresSmol -w build/assets/graphics/items/icons/safety_goggles.png.4bpp build/assets/graphics/items/icons/safety_goggles.png.4bpp.smol
tools/compresSmol/compresSmol -w build/assets/graphics/items/icons/sail_fossil.png.4bpp build/assets/graphics/items/icons/sail_fossil.png.4bpp.smol
tools/compresSmol/compresSmol -w build/assets/graphics/items/icons/salac_berry.png.4bpp build/assets/graphics/items/icons/salac_berry.png.4bpp.smol
tools/compresSmol/compresSmol -w build/assets/graphics/items/icons/salamencite.png.4bpp build/assets/graphics/items/icons/salamencite.png.4bpp.smol
tools/compresSmol/compresSmol -w build/assets/graphics/items/icons/sand.png.4bpp build/assets/graphics/items/icons/sand.png.4bpp.smol
tools/compresSmol/compresSmol -w build/assets/graphics/items/icons/scanner.png.4bpp build/assets/graphics/items/icons/scanner.png.4bpp.smol
tools/compresSmol/compresSmol -w build/assets/graphics/items/icons/scarf.png.4bpp build/assets/graphics/items/icons/scarf.png.4bpp.smol
tools/compresSmol/compresSmol -w build/assets/graphics/items/icons/sceptilite.png.4bpp build/assets/graphics/items/icons/sceptilite.png.4bpp.smol
tools/compresSmol/compresSmol -w build/assets/graphics/items/icons/scizorite.png.4bpp build/assets/graphics/items/icons/scizorite.png.4bpp.smol
tools/compresSmol/compresSmol -w build/assets/graphics/items/icons/scolipite.png.4bpp build/assets/graphics/items/icons/scolipite.png.4bpp.smol
tools/compresSmol/compresSmol -w build/assets/graphics/items/icons/scope_lens.png.4bpp build/assets/graphics/items/icons/scope_lens.png.4bpp.smol
tools/compresSmol/compresSmol -w build/assets/graphics/items/icons/scovillainite.png.4bpp build/assets/graphics/items/icons/scovillainite.png.4bpp.smol
tools/compresSmol/compresSmol -w build/assets/graphics/items/icons/scraftinite.png.4bpp build/assets/graphics/items/icons/scraftinite.png.4bpp.smol
tools/compresSmol/compresSmol -w build/assets/graphics/items/icons/scroll_of_darkness.png.4bpp build/assets/graphics/items/icons/scroll_of_darkness.png.4bpp.smol
tools/compresSmol/compresSmol -w build/assets/graphics/items/icons/scroll_of_waters.png.4bpp build/assets/graphics/items/icons/scroll_of_waters.png.4bpp.smol
tools/compresSmol/compresSmol -w build/assets/graphics/items/icons/sea_incense.png.4bpp build/assets/graphics/items/icons/sea_incense.png.4bpp.smol
tools/compresSmol/compresSmol -w build/assets/graphics/items/icons/secret_key.png.4bpp build/assets/graphics/items/icons/secret_key.png.4bpp.smol
tools/compresSmol/compresSmol -w build/assets/graphics/items/icons/shadow_mail.png.4bpp build/assets/graphics/items/icons/shadow_mail.png.4bpp.smol
tools/compresSmol/compresSmol -w build/assets/graphics/items/icons/shalour_sable.png.4bpp build/assets/graphics/items/icons/shalour_sable.png.4bpp.smol
tools/compresSmol/compresSmol -w build/assets/graphics/items/icons/shard.png.4bpp build/assets/graphics/items/icons/shard.png.4bpp.smol
tools/compresSmol/compresSmol -w build/assets/graphics/items/icons/sharp_beak.png.4bpp build/assets/graphics/items/icons/sharp_beak.png.4bpp.smol
tools/compresSmol/compresSmol -w build/assets/graphics/items/icons/sharpedonite.png.4bpp build/assets/graphics/items/icons/sharpedonite.png.4bpp.smol
tools/compresSmol/compresSmol -w build/assets/graphics/items/icons/shed_shell.png.4bpp build/assets/graphics/items/icons/shed_shell.png.4bpp.smol
tools/compresSmol/compresSmol -w build/assets/graphics/items/icons/shell_bell.png.4bpp build/assets/graphics/items/icons/shell_bell.png.4bpp.smol
tools/compresSmol/compresSmol -w build/assets/graphics/items/icons/shiny_charm.png.4bpp build/assets/graphics/items/icons/shiny_charm.png.4bpp.smol
tools/compresSmol/compresSmol -w build/assets/graphics/items/icons/shiny_stone.png.4bpp build/assets/graphics/items/icons/shiny_stone.png.4bpp.smol
tools/compresSmol/compresSmol -w build/assets/graphics/items/icons/shoal_shell.png.4bpp build/assets/graphics/items/icons/shoal_shell.png.4bpp.smol
tools/compresSmol/compresSmol -w build/assets/graphics/items/icons/shuca_berry.png.4bpp build/assets/graphics/items/icons/shuca_berry.png.4bpp.smol
tools/compresSmol/compresSmol -w build/assets/graphics/items/icons/silk_scarf.png.4bpp build/assets/graphics/items/icons/silk_scarf.png.4bpp.smol
tools/compresSmol/compresSmol -w build/assets/graphics/items/icons/silph_scope.png.4bpp build/assets/graphics/items/icons/silph_scope.png.4bpp.smol
tools/compresSmol/compresSmol -w build/assets/graphics/items/icons/silver_powder.png.4bpp build/assets/graphics/items/icons/silver_powder.png.4bpp.smol
tools/compresSmol/compresSmol -w build/assets/graphics/items/icons/sitrus_berry.png.4bpp build/assets/graphics/items/icons/sitrus_berry.png.4bpp.smol
tools/compresSmol/compresSmol -w build/assets/graphics/items/icons/skarmorite.png.4bpp build/assets/graphics/items/icons/skarmorite.png.4bpp.smol
tools/compresSmol/compresSmol -w build/assets/graphics/items/icons/skull_fossil.png.4bpp build/assets/graphics/items/icons/skull_fossil.png.4bpp.smol
tools/compresSmol/compresSmol -w build/assets/graphics/items/icons/slowbronite.png.4bpp build/assets/graphics/items/icons/slowbronite.png.4bpp.smol
tools/compresSmol/compresSmol -w build/assets/graphics/items/icons/smoke_ball.png.4bpp build/assets/graphics/items/icons/smoke_ball.png.4bpp.smol
tools/compresSmol/compresSmol -w build/assets/graphics/items/icons/smooth_rock.png.4bpp build/assets/graphics/items/icons/smooth_rock.png.4bpp.smol
tools/compresSmol/compresSmol -w build/assets/graphics/items/icons/snorlium_z.png.4bpp build/assets/graphics/items/icons/snorlium_z.png.4bpp.smol
tools/compresSmol/compresSmol -w build/assets/graphics/items/icons/snowball.png.4bpp build/assets/graphics/items/icons/snowball.png.4bpp.smol
tools/compresSmol/compresSmol -w build/assets/graphics/items/icons/soda_pop.png.4bpp build/assets/graphics/items/icons/soda_pop.png.4bpp.smol
tools/compresSmol/compresSmol -w build/assets/graphics/items/icons/solganium_z.png.4bpp build/assets/graphics/items/icons/solganium_z.png.4bpp.smol
tools/compresSmol/compresSmol -w build/assets/graphics/items/icons/soot_sack.png.4bpp build/assets/graphics/items/icons/soot_sack.png.4bpp.smol
tools/compresSmol/compresSmol -w build/assets/graphics/items/icons/soothe_bell.png.4bpp build/assets/graphics/items/icons/soothe_bell.png.4bpp.smol
tools/compresSmol/compresSmol -w build/assets/graphics/items/icons/soul_dew.png.4bpp build/assets/graphics/items/icons/soul_dew.png.4bpp.smol
tools/compresSmol/compresSmol -w build/assets/graphics/items/icons/spell_tag.png.4bpp build/assets/graphics/items/icons/spell_tag.png.4bpp.smol
tools/compresSmol/compresSmol -w build/assets/graphics/items/icons/spelon_berry.png.4bpp build/assets/graphics/items/icons/spelon_berry.png.4bpp.smol
tools/compresSmol/compresSmol -w build/assets/graphics/items/icons/sport_ball.png.4bpp build/assets/graphics/items/icons/sport_ball.png.4bpp.smol
tools/compresSmol/compresSmol -w build/assets/graphics/items/icons/ss_ticket.png.4bpp build/assets/graphics/items/icons/ss_ticket.png.4bpp.smol
tools/compresSmol/compresSmol -w build/assets/graphics/items/icons/stable_mulch.png.4bpp build/assets/graphics/items/icons/stable_mulch.png.4bpp.smol
tools/compresSmol/compresSmol -w build/assets/graphics/items/icons/star_piece.png.4bpp build/assets/graphics/items/icons/star_piece.png.4bpp.smol
tools/compresSmol/compresSmol -w build/assets/graphics/items/icons/star_sweet.png.4bpp build/assets/graphics/items/icons/star_sweet.png.4bpp.smol
tools/compresSmol/compresSmol -w build/assets/graphics/items/icons/staraptite.png.4bpp build/assets/graphics/items/icons/staraptite.png.4bpp.smol
tools/compresSmol/compresSmol -w build/assets/graphics/items/icons/starf_berry.png.4bpp build/assets/graphics/items/icons/starf_berry.png.4bpp.smol
tools/compresSmol/compresSmol -w build/assets/graphics/items/icons/starminite.png.4bpp build/assets/graphics/items/icons/starminite.png.4bpp.smol
tools/compresSmol/compresSmol -w build/assets/graphics/items/icons/status_heal.png.4bpp build/assets/graphics/items/icons/status_heal.png.4bpp.smol
tools/compresSmol/compresSmol -w build/assets/graphics/items/icons/steel_memory.png.4bpp build/assets/graphics/items/icons/steel_memory.png.4bpp.smol
tools/compresSmol/compresSmol -w build/assets/graphics/items/icons/steelium_z.png.4bpp build/assets/graphics/items/icons/steelium_z.png.4bpp.smol
tools/compresSmol/compresSmol -w build/assets/graphics/items/icons/steelixite.png.4bpp build/assets/graphics/items/icons/steelixite.png.4bpp.smol
tools/compresSmol/compresSmol -w build/assets/graphics/items/icons/stellar_tera_shard.png.4bpp build/assets/graphics/items/icons/stellar_tera_shard.png.4bpp.smol
tools/compresSmol/compresSmol -w build/assets/graphics/items/icons/sticky_barb.png.4bpp build/assets/graphics/items/icons/sticky_barb.png.4bpp.smol
tools/compresSmol/compresSmol -w build/assets/graphics/items/icons/storage_key.png.4bpp build/assets/graphics/items/icons/storage_key.png.4bpp.smol
tools/compresSmol/compresSmol -w build/assets/graphics/items/icons/strange_ball.png.4bpp build/assets/graphics/items/icons/strange_ball.png.4bpp.smol
tools/compresSmol/compresSmol -w build/assets/graphics/items/icons/strange_souvenir.png.4bpp build/assets/graphics/items/icons/strange_souvenir.png.4bpp.smol
tools/compresSmol/compresSmol -w build/assets/graphics/items/icons/strawberry_sweet.png.4bpp build/assets/graphics/items/icons/strawberry_sweet.png.4bpp.smol
tools/compresSmol/compresSmol -w build/assets/graphics/items/icons/sun_stone.png.4bpp build/assets/graphics/items/icons/sun_stone.png.4bpp.smol
tools/compresSmol/compresSmol -w build/assets/graphics/items/icons/super_rod.png.4bpp build/assets/graphics/items/icons/super_rod.png.4bpp.smol
tools/compresSmol/compresSmol -w build/assets/graphics/items/icons/superb_remedy.png.4bpp build/assets/graphics/items/icons/superb_remedy.png.4bpp.smol
tools/compresSmol/compresSmol -w build/assets/graphics/items/icons/swampertite.png.4bpp build/assets/graphics/items/icons/swampertite.png.4bpp.smol
tools/compresSmol/compresSmol -w build/assets/graphics/items/icons/swap_snack.png.4bpp build/assets/graphics/items/icons/swap_snack.png.4bpp.smol
tools/compresSmol/compresSmol -w build/assets/graphics/items/icons/sweet_apple.png.4bpp build/assets/graphics/items/icons/sweet_apple.png.4bpp.smol
tools/compresSmol/compresSmol -w build/assets/graphics/items/icons/sweet_heart.png.4bpp build/assets/graphics/items/icons/sweet_heart.png.4bpp.smol
tools/compresSmol/compresSmol -w build/assets/graphics/items/icons/syrupy_apple.png.4bpp build/assets/graphics/items/icons/syrupy_apple.png.4bpp.smol
tools/compresSmol/compresSmol -w build/assets/graphics/items/icons/tamato_berry.png.4bpp build/assets/graphics/items/icons/tamato_berry.png.4bpp.smol
tools/compresSmol/compresSmol -w build/assets/graphics/items/icons/tanga_berry.png.4bpp build/assets/graphics/items/icons/tanga_berry.png.4bpp.smol
tools/compresSmol/compresSmol -w build/assets/graphics/items/icons/tapunium_z.png.4bpp build/assets/graphics/items/icons/tapunium_z.png.4bpp.smol
tools/compresSmol/compresSmol -w build/assets/graphics/items/icons/tart_apple.png.4bpp build/assets/graphics/items/icons/tart_apple.png.4bpp.smol
tools/compresSmol/compresSmol -w build/assets/graphics/items/icons/tatsugirinite.png.4bpp build/assets/graphics/items/icons/tatsugirinite.png.4bpp.smol
tools/compresSmol/compresSmol -w build/assets/graphics/items/icons/tea.png.4bpp build/assets/graphics/items/icons/tea.png.4bpp.smol
tools/compresSmol/compresSmol -w build/assets/graphics/items/icons/teachy_tv.png.4bpp build/assets/graphics/items/icons/teachy_tv.png.4bpp.smol
tools/compresSmol/compresSmol -w build/assets/graphics/items/icons/tera_orb.png.4bpp build/assets/graphics/items/icons/tera_orb.png.4bpp.smol
tools/compresSmol/compresSmol -w build/assets/graphics/items/icons/tera_shard.png.4bpp build/assets/graphics/items/icons/tera_shard.png.4bpp.smol
tools/compresSmol/compresSmol -w build/assets/graphics/items/icons/terrain_extender.png.4bpp build/assets/graphics/items/icons/terrain_extender.png.4bpp.smol
tools/compresSmol/compresSmol -w build/assets/graphics/items/icons/terrain_seed.png.4bpp build/assets/graphics/items/icons/terrain_seed.png.4bpp.smol
tools/compresSmol/compresSmol -w build/assets/graphics/items/icons/throat_spray.png.4bpp build/assets/graphics/items/icons/throat_spray.png.4bpp.smol
tools/compresSmol/compresSmol -w build/assets/graphics/items/icons/thunder_stone.png.4bpp build/assets/graphics/items/icons/thunder_stone.png.4bpp.smol
tools/compresSmol/compresSmol -w build/assets/graphics/items/icons/timer_ball.png.4bpp build/assets/graphics/items/icons/timer_ball.png.4bpp.smol
tools/compresSmol/compresSmol -w build/assets/graphics/items/icons/tiny_bamboo_shoot.png.4bpp build/assets/graphics/items/icons/tiny_bamboo_shoot.png.4bpp.smol
tools/compresSmol/compresSmol -w build/assets/graphics/items/icons/tiny_mushroom.png.4bpp build/assets/graphics/items/icons/tiny_mushroom.png.4bpp.smol
tools/compresSmol/compresSmol -w build/assets/graphics/items/icons/tm.png.4bpp build/assets/graphics/items/icons/tm.png.4bpp.smol
tools/compresSmol/compresSmol -w build/assets/graphics/items/icons/tm_case.png.4bpp build/assets/graphics/items/icons/tm_case.png.4bpp.smol
tools/compresSmol/compresSmol -w build/assets/graphics/items/icons/town_map.png.4bpp build/assets/graphics/items/icons/town_map.png.4bpp.smol
tools/compresSmol/compresSmol -w build/assets/graphics/items/icons/toxic_orb.png.4bpp build/assets/graphics/items/icons/toxic_orb.png.4bpp.smol
tools/compresSmol/compresSmol -w build/assets/graphics/items/icons/tri_pass.png.4bpp build/assets/graphics/items/icons/tri_pass.png.4bpp.smol
tools/compresSmol/compresSmol -w build/assets/graphics/items/icons/tropic_mail.png.4bpp build/assets/graphics/items/icons/tropic_mail.png.4bpp.smol
tools/compresSmol/compresSmol -w build/assets/graphics/items/icons/twice_spiced_radish.png.4bpp build/assets/graphics/items/icons/twice_spiced_radish.png.4bpp.smol
tools/compresSmol/compresSmol -w build/assets/graphics/items/icons/twisted_spoon.png.4bpp build/assets/graphics/items/icons/twisted_spoon.png.4bpp.smol
tools/compresSmol/compresSmol -w build/assets/graphics/items/icons/type_gem.png.4bpp build/assets/graphics/items/icons/type_gem.png.4bpp.smol
tools/compresSmol/compresSmol -w build/assets/graphics/items/icons/tyranitarite.png.4bpp build/assets/graphics/items/icons/tyranitarite.png.4bpp.smol
tools/compresSmol/compresSmol -w build/assets/graphics/items/icons/ultra_ball.png.4bpp build/assets/graphics/items/icons/ultra_ball.png.4bpp.smol
tools/compresSmol/compresSmol -w build/assets/graphics/items/icons/ultranecrozium_z.png.4bpp build/assets/graphics/items/icons/ultranecrozium_z.png.4bpp.smol
tools/compresSmol/compresSmol -w build/assets/graphics/items/icons/unremarkable_teacup.png.4bpp build/assets/graphics/items/icons/unremarkable_teacup.png.4bpp.smol
tools/compresSmol/compresSmol -w build/assets/graphics/items/icons/upgrade.png.4bpp build/assets/graphics/items/icons/upgrade.png.4bpp.smol
tools/compresSmol/compresSmol -w build/assets/graphics/items/icons/utility_umbrella.png.4bpp build/assets/graphics/items/icons/utility_umbrella.png.4bpp.smol
tools/compresSmol/compresSmol -w build/assets/graphics/items/icons/venusaurite.png.4bpp build/assets/graphics/items/icons/venusaurite.png.4bpp.smol
tools/compresSmol/compresSmol -w build/assets/graphics/items/icons/victreebelite.png.4bpp build/assets/graphics/items/icons/victreebelite.png.4bpp.smol
tools/compresSmol/compresSmol -w build/assets/graphics/items/icons/vitamin.png.4bpp build/assets/graphics/items/icons/vitamin.png.4bpp.smol
tools/compresSmol/compresSmol -w build/assets/graphics/items/icons/vs_seeker.png.4bpp build/assets/graphics/items/icons/vs_seeker.png.4bpp.smol
tools/compresSmol/compresSmol -w build/assets/graphics/items/icons/wacan_berry.png.4bpp build/assets/graphics/items/icons/wacan_berry.png.4bpp.smol
tools/compresSmol/compresSmol -w build/assets/graphics/items/icons/wailmer_pail.png.4bpp build/assets/graphics/items/icons/wailmer_pail.png.4bpp.smol
tools/compresSmol/compresSmol -w build/assets/graphics/items/icons/water_memory.png.4bpp build/assets/graphics/items/icons/water_memory.png.4bpp.smol
tools/compresSmol/compresSmol -w build/assets/graphics/items/icons/water_stone.png.4bpp build/assets/graphics/items/icons/water_stone.png.4bpp.smol
tools/compresSmol/compresSmol -w build/assets/graphics/items/icons/waterium_z.png.4bpp build/assets/graphics/items/icons/waterium_z.png.4bpp.smol
tools/compresSmol/compresSmol -w build/assets/graphics/items/icons/watmel_berry.png.4bpp build/assets/graphics/items/icons/watmel_berry.png.4bpp.smol
tools/compresSmol/compresSmol -w build/assets/graphics/items/icons/wave_incense.png.4bpp build/assets/graphics/items/icons/wave_incense.png.4bpp.smol
tools/compresSmol/compresSmol -w build/assets/graphics/items/icons/wave_mail.png.4bpp build/assets/graphics/items/icons/wave_mail.png.4bpp.smol
tools/compresSmol/compresSmol -w build/assets/graphics/items/icons/weakness_policy.png.4bpp build/assets/graphics/items/icons/weakness_policy.png.4bpp.smol
tools/compresSmol/compresSmol -w build/assets/graphics/items/icons/wellspring_mask.png.4bpp build/assets/graphics/items/icons/wellspring_mask.png.4bpp.smol
tools/compresSmol/compresSmol -w build/assets/graphics/items/icons/wepear_berry.png.4bpp build/assets/graphics/items/icons/wepear_berry.png.4bpp.smol
tools/compresSmol/compresSmol -w build/assets/graphics/items/icons/whipped_dream.png.4bpp build/assets/graphics/items/icons/whipped_dream.png.4bpp.smol
tools/compresSmol/compresSmol -w build/assets/graphics/items/icons/wide_lens.png.4bpp build/assets/graphics/items/icons/wide_lens.png.4bpp.smol
tools/compresSmol/compresSmol -w build/assets/graphics/items/icons/wiki_berry.png.4bpp build/assets/graphics/items/icons/wiki_berry.png.4bpp.smol
tools/compresSmol/compresSmol -w build/assets/graphics/items/icons/wise_glasses.png.4bpp build/assets/graphics/items/icons/wise_glasses.png.4bpp.smol
tools/compresSmol/compresSmol -w build/assets/graphics/items/icons/wishing_piece.png.4bpp build/assets/graphics/items/icons/wishing_piece.png.4bpp.smol
tools/compresSmol/compresSmol -w build/assets/graphics/items/icons/wood_mail.png.4bpp build/assets/graphics/items/icons/wood_mail.png.4bpp.smol
tools/compresSmol/compresSmol -w build/assets/graphics/items/icons/yache_berry.png.4bpp build/assets/graphics/items/icons/yache_berry.png.4bpp.smol
tools/compresSmol/compresSmol -w build/assets/graphics/items/icons/z_power_ring.png.4bpp build/assets/graphics/items/icons/z_power_ring.png.4bpp.smol
tools/compresSmol/compresSmol -w build/assets/graphics/items/icons/z_ring.png.4bpp build/assets/graphics/items/icons/z_ring.png.4bpp.smol
tools/compresSmol/compresSmol -w build/assets/graphics/items/icons/zeraorite.png.4bpp build/assets/graphics/items/icons/zeraorite.png.4bpp.smol
tools/compresSmol/compresSmol -w build/assets/graphics/items/icons/zoom_lens.png.4bpp build/assets/graphics/items/icons/zoom_lens.png.4bpp.smol
tools/compresSmol/compresSmol -w build/assets/graphics/items/icons/zygarde_cube.png.4bpp build/assets/graphics/items/icons/zygarde_cube.png.4bpp.smol
tools/compresSmol/compresSmol -w build/assets/graphics/items/icons/zygardite.png.4bpp build/assets/graphics/items/icons/zygardite.png.4bpp.smol
tools/compresSmol/compresSmol -w build/assets/graphics/mail/bead/tiles.png.4bpp build/assets/graphics/mail/bead/tiles.png.4bpp.smol
tools/compresSmol/compresSmol -w build/assets/graphics/mail/dream/tiles.png.4bpp build/assets/graphics/mail/dream/tiles.png.4bpp.smol
tools/compresSmol/compresSmol -w build/assets/graphics/mail/fab/tiles.png.4bpp build/assets/graphics/mail/fab/tiles.png.4bpp.smol
tools/compresSmol/compresSmol -w build/assets/graphics/mail/glitter/tiles.png.4bpp build/assets/graphics/mail/glitter/tiles.png.4bpp.smol
tools/compresSmol/compresSmol -w build/assets/graphics/mail/harbor/tiles.png.4bpp build/assets/graphics/mail/harbor/tiles.png.4bpp.smol
tools/compresSmol/compresSmol -w build/assets/graphics/mail/mech/tiles.png.4bpp build/assets/graphics/mail/mech/tiles.png.4bpp.smol
tools/compresSmol/compresSmol -w build/assets/graphics/mail/orange/tiles.png.4bpp build/assets/graphics/mail/orange/tiles.png.4bpp.smol
tools/compresSmol/compresSmol -w build/assets/graphics/mail/retro/tiles.png.4bpp build/assets/graphics/mail/retro/tiles.png.4bpp.smol
tools/compresSmol/compresSmol -w build/assets/graphics/mail/shadow/tiles.png.4bpp build/assets/graphics/mail/shadow/tiles.png.4bpp.smol
tools/compresSmol/compresSmol -w build/assets/graphics/mail/tropic/tiles.png.4bpp build/assets/graphics/mail/tropic/tiles.png.4bpp.smol
tools/compresSmol/compresSmol -w build/assets/graphics/mail/wave/tiles.png.4bpp build/assets/graphics/mail/wave/tiles.png.4bpp.smol
tools/compresSmol/compresSmol -w build/assets/graphics/mail/wood/tiles.png.4bpp build/assets/graphics/mail/wood/tiles.png.4bpp.smol
tools/compresSmol/compresSmol -w build/assets/graphics/misc/confetti.png.4bpp build/assets/graphics/misc/confetti.png.4bpp.smol
tools/compresSmol/compresSmol -w build/assets/graphics/naming_screen/menu.png.4bpp build/assets/graphics/naming_screen/menu.png.4bpp.smol
tools/compresSmol/compresSmol -w build/assets/graphics/party_menu/bg.png_num_tiles_62__Wnum_tiles.4bpp build/assets/graphics/party_menu/bg.png_num_tiles_62__Wnum_tiles.4bpp.smol
tools/compresSmol/compresSmol -w build/assets/graphics/party_menu/pokeball.png.4bpp build/assets/graphics/party_menu/pokeball.png.4bpp.smol
tools/compresSmol/compresSmol -w build/assets/graphics/party_menu/pokeball_small.png.4bpp build/assets/graphics/party_menu/pokeball_small.png.4bpp.smol
tools/compresSmol/compresSmol -w build/assets/graphics/pokeblock/device.png.4bpp build/assets/graphics/pokeblock/device.png.4bpp.smol
tools/compresSmol/compresSmol -w build/assets/graphics/pokeblock/menu.png.4bpp build/assets/graphics/pokeblock/menu.png.4bpp.smol
tools/compresSmol/compresSmol -w build/assets/graphics/pokeblock/pokeblock.png.4bpp build/assets/graphics/pokeblock/pokeblock.png.4bpp.smol
tools/compresSmol/compresSmol -w build/assets/graphics/pokeblock/use_screen/condition.png.4bpp build/assets/graphics/pokeblock/use_screen/condition.png.4bpp.smol
tools/compresSmol/compresSmol -w build/assets/graphics/pokeblock/use_screen/graph.png.4bpp build/assets/graphics/pokeblock/use_screen/graph.png.4bpp.smol
tools/compresSmol/compresSmol -w build/assets/graphics/pokedex/area_unknown.png.4bpp build/assets/graphics/pokedex/area_unknown.png.4bpp.smol
tools/compresSmol/compresSmol -w build/assets/graphics/pokedex/interface.png.4bpp build/assets/graphics/pokedex/interface.png.4bpp.smol
tools/compresSmol/compresSmol -w build/assets/graphics/pokedex/menu.png.4bpp build/assets/graphics/pokedex/menu.png.4bpp.smol
tools/compresSmol/compresSmol -w build/assets/graphics/pokedex/noball_unused.png.4bpp build/assets/graphics/pokedex/noball_unused.png.4bpp.smol
tools/compresSmol/compresSmol -w build/assets/graphics/pokedex/search_menu.png.4bpp build/assets/graphics/pokedex/search_menu.png.4bpp.smol
tools/compresSmol/compresSmol -w build/assets/graphics/pokemon/ghost/front.png.4bpp build/assets/graphics/pokemon/ghost/front.png.4bpp.smol
tools/compresSmol/compresSmol -w build/assets/graphics/pokemon_storage/menu.png.4bpp build/assets/graphics/pokemon_storage/menu.png.4bpp.smol
tools/compresSmol/compresSmol -w build/assets/graphics/pokemon_storage/wallpapers/icons/bolt.png.4bpp build/assets/graphics/pokemon_storage/wallpapers/icons/bolt.png.4bpp.smol
tools/compresSmol/compresSmol -w build/assets/graphics/pokemon_storage/wallpapers/icons/cross.png.4bpp build/assets/graphics/pokemon_storage/wallpapers/icons/cross.png.4bpp.smol
tools/compresSmol/compresSmol -w build/assets/graphics/pokemon_storage/wallpapers/icons/plusle.png.4bpp build/assets/graphics/pokemon_storage/wallpapers/icons/plusle.png.4bpp.smol
tools/compresSmol/compresSmol -w build/assets/graphics/pokenav/condition/graph.png.4bpp build/assets/graphics/pokenav/condition/graph.png.4bpp.smol
tools/compresSmol/compresSmol -w build/assets/graphics/pokenav/header.png_num_tiles_53__Wnum_tiles.4bpp build/assets/graphics/pokenav/header.png_num_tiles_53__Wnum_tiles.4bpp.smol
tools/compresSmol/compresSmol -w build/assets/graphics/pokenav/left_headers/beauty.png.4bpp build/assets/graphics/pokenav/left_headers/beauty.png.4bpp.smol
tools/compresSmol/compresSmol -w build/assets/graphics/pokenav/left_headers/condition.png.4bpp build/assets/graphics/pokenav/left_headers/condition.png.4bpp.smol
tools/compresSmol/compresSmol -w build/assets/graphics/pokenav/left_headers/cool.png.4bpp build/assets/graphics/pokenav/left_headers/cool.png.4bpp.smol
tools/compresSmol/compresSmol -w build/assets/graphics/pokenav/left_headers/cute.png.4bpp build/assets/graphics/pokenav/left_headers/cute.png.4bpp.smol
tools/compresSmol/compresSmol -w build/assets/graphics/pokenav/left_headers/hoenn_map.png.4bpp build/assets/graphics/pokenav/left_headers/hoenn_map.png.4bpp.smol
tools/compresSmol/compresSmol -w build/assets/graphics/pokenav/left_headers/main_menu.png.4bpp build/assets/graphics/pokenav/left_headers/main_menu.png.4bpp.smol
tools/compresSmol/compresSmol -w build/assets/graphics/pokenav/left_headers/match_call.png.4bpp build/assets/graphics/pokenav/left_headers/match_call.png.4bpp.smol
tools/compresSmol/compresSmol -w build/assets/graphics/pokenav/left_headers/party.png.4bpp build/assets/graphics/pokenav/left_headers/party.png.4bpp.smol
tools/compresSmol/compresSmol -w build/assets/graphics/pokenav/left_headers/ribbons.png.4bpp build/assets/graphics/pokenav/left_headers/ribbons.png.4bpp.smol
tools/compresSmol/compresSmol -w build/assets/graphics/pokenav/left_headers/search.png.4bpp build/assets/graphics/pokenav/left_headers/search.png.4bpp.smol
tools/compresSmol/compresSmol -w build/assets/graphics/pokenav/left_headers/smart.png.4bpp build/assets/graphics/pokenav/left_headers/smart.png.4bpp.smol
tools/compresSmol/compresSmol -w build/assets/graphics/pokenav/left_headers/tough.png.4bpp build/assets/graphics/pokenav/left_headers/tough.png.4bpp.smol
tools/compresSmol/compresSmol -w build/assets/graphics/pokenav/message.png.4bpp build/assets/graphics/pokenav/message.png.4bpp.smol
tools/compresSmol/compresSmol -w build/assets/graphics/pokenav/region_map/city_zoom_text.png.4bpp build/assets/graphics/pokenav/region_map/city_zoom_text.png.4bpp.smol
tools/compresSmol/compresSmol -w build/assets/graphics/pokenav/ribbons/summary_bg.png.4bpp build/assets/graphics/pokenav/ribbons/summary_bg.png.4bpp.smol
tools/compresSmol/compresSmol -w build/assets/graphics/rayquaza_scene/scene_1/clouds.png.4bpp build/assets/graphics/rayquaza_scene/scene_1/clouds.png.4bpp.smol
tools/compresSmol/compresSmol -w build/assets/graphics/rayquaza_scene/scene_1/groudon.png.4bpp build/assets/graphics/rayquaza_scene/scene_1/groudon.png.4bpp.smol
tools/compresSmol/compresSmol -w build/assets/graphics/rayquaza_scene/scene_1/groudon_claw.png.4bpp build/assets/graphics/rayquaza_scene/scene_1/groudon_claw.png.4bpp.smol
tools/compresSmol/compresSmol -w build/assets/graphics/rayquaza_scene/scene_1/groudon_shoulder.png.4bpp build/assets/graphics/rayquaza_scene/scene_1/groudon_shoulder.png.4bpp.smol
tools/compresSmol/compresSmol -w build/assets/graphics/rayquaza_scene/scene_1/kyogre.png.4bpp build/assets/graphics/rayquaza_scene/scene_1/kyogre.png.4bpp.smol
tools/compresSmol/compresSmol -w build/assets/graphics/rayquaza_scene/scene_1/kyogre_dorsal_fin.png.4bpp build/assets/graphics/rayquaza_scene/scene_1/kyogre_dorsal_fin.png.4bpp.smol
tools/compresSmol/compresSmol -w build/assets/graphics/rayquaza_scene/scene_1/kyogre_pectoral_fin.png.4bpp build/assets/graphics/rayquaza_scene/scene_1/kyogre_pectoral_fin.png.4bpp.smol
tools/compresSmol/compresSmol -w build/assets/graphics/rayquaza_scene/scene_2/bg.png_num_tiles_313__Wnum_tiles.4bpp build/assets/graphics/rayquaza_scene/scene_2/bg.png_num_tiles_313__Wnum_tiles.4bpp.smol
tools/compresSmol/compresSmol -w build/assets/graphics/rayquaza_scene/scene_2/rayquaza.png_num_tiles_227__Wnum_tiles.8bpp build/assets/graphics/rayquaza_scene/scene_2/rayquaza.png_num_tiles_227__Wnum_tiles.8bpp.smol
tools/compresSmol/compresSmol -w build/assets/graphics/rayquaza_scene/scene_2/smoke.png.4bpp build/assets/graphics/rayquaza_scene/scene_2/smoke.png.4bpp.smol
tools/compresSmol/compresSmol -w build/assets/graphics/rayquaza_scene/scene_3/bg.png.4bpp build/assets/graphics/rayquaza_scene/scene_3/bg.png.4bpp.smol
tools/compresSmol/compresSmol -w build/assets/graphics/rayquaza_scene/scene_3/light.png.4bpp build/assets/graphics/rayquaza_scene/scene_3/light.png.4bpp.smol
tools/compresSmol/compresSmol -w build/assets/graphics/rayquaza_scene/scene_3/rayquaza.png_num_tiles_128__Wnum_tiles.4bpp build/assets/graphics/rayquaza_scene/scene_3/rayquaza.png_num_tiles_128__Wnum_tiles.4bpp.smol
tools/compresSmol/compresSmol -w build/assets/graphics/rayquaza_scene/scene_3/rayquaza_tail.png.4bpp build/assets/graphics/rayquaza_scene/scene_3/rayquaza_tail.png.4bpp.smol
tools/compresSmol/compresSmol -w build/assets/graphics/rayquaza_scene/scene_4/bg.png.4bpp build/assets/graphics/rayquaza_scene/scene_4/bg.png.4bpp.smol
tools/compresSmol/compresSmol -w build/assets/graphics/rayquaza_scene/scene_4/rayquaza.png_num_tiles_155__Wnum_tiles.4bpp build/assets/graphics/rayquaza_scene/scene_4/rayquaza.png_num_tiles_155__Wnum_tiles.4bpp.smol
tools/compresSmol/compresSmol -w build/assets/graphics/rayquaza_scene/scene_4/streaks.png_num_tiles_19__Wnum_tiles.4bpp build/assets/graphics/rayquaza_scene/scene_4/streaks.png_num_tiles_19__Wnum_tiles.4bpp.smol
tools/compresSmol/compresSmol -w build/assets/graphics/rayquaza_scene/scene_5/groudon.png.4bpp build/assets/graphics/rayquaza_scene/scene_5/groudon.png.4bpp.smol
tools/compresSmol/compresSmol -w build/assets/graphics/rayquaza_scene/scene_5/groudon_tail.png.4bpp build/assets/graphics/rayquaza_scene/scene_5/groudon_tail.png.4bpp.smol
tools/compresSmol/compresSmol -w build/assets/graphics/rayquaza_scene/scene_5/kyogre.png.4bpp build/assets/graphics/rayquaza_scene/scene_5/kyogre.png.4bpp.smol
tools/compresSmol/compresSmol -w build/assets/graphics/rayquaza_scene/scene_5/kyogre_splash.png.4bpp build/assets/graphics/rayquaza_scene/scene_5/kyogre_splash.png.4bpp.smol
tools/compresSmol/compresSmol -w build/assets/graphics/rayquaza_scene/scene_5/light.png.4bpp build/assets/graphics/rayquaza_scene/scene_5/light.png.4bpp.smol
tools/compresSmol/compresSmol -w build/assets/graphics/rayquaza_scene/scene_5/rayquaza.png.4bpp build/assets/graphics/rayquaza_scene/scene_5/rayquaza.png.4bpp.smol
tools/compresSmol/compresSmol -w build/assets/graphics/rayquaza_scene/scene_5/rayquaza_tail.png.4bpp build/assets/graphics/rayquaza_scene/scene_5/rayquaza_tail.png.4bpp.smol
tools/compresSmol/compresSmol -w build/assets/graphics/rayquaza_scene/scene_5/ring.png.8bpp build/assets/graphics/rayquaza_scene/scene_5/ring.png.8bpp.smol
tools/compresSmol/compresSmol -w build/assets/graphics/roulette/center.png.4bpp build/assets/graphics/roulette/center.png.4bpp.smol
tools/compresSmol/compresSmol -w build/assets/graphics/roulette/credit.png.4bpp build/assets/graphics/roulette/credit.png.4bpp.smol
tools/compresSmol/compresSmol -w build/assets/graphics/roulette/headers.png.4bpp build/assets/graphics/roulette/headers.png.4bpp.smol
tools/compresSmol/compresSmol -w build/assets/graphics/roulette/multiplier.png.4bpp build/assets/graphics/roulette/multiplier.png.4bpp.smol
tools/compresSmol/compresSmol -w build/assets/graphics/roulette/numbers.png.4bpp build/assets/graphics/roulette/numbers.png.4bpp.smol
tools/compresSmol/compresSmol -w build/assets/graphics/roulette/wheel.png.8bpp build/assets/graphics/roulette/wheel.png.8bpp.smol
tools/compresSmol/compresSmol -w build/assets/graphics/roulette/window.png.4bpp build/assets/graphics/roulette/window.png.4bpp.smol
tools/compresSmol/compresSmol -w build/assets/graphics/shop/menu.png.4bpp build/assets/graphics/shop/menu.png.4bpp.smol
tools/compresSmol/compresSmol -w build/assets/graphics/shop/money.png.4bpp build/assets/graphics/shop/money.png.4bpp.smol
tools/compresSmol/compresSmol -w build/assets/graphics/slot_machine/digital_display.png.4bpp build/assets/graphics/slot_machine/digital_display.png.4bpp.smol
tools/compresSmol/compresSmol -w build/assets/graphics/slot_machine/menu.png.4bpp build/assets/graphics/slot_machine/menu.png.4bpp.smol
tools/compresSmol/compresSmol -w build/assets/graphics/summary_screen/iv_ev_tiles.png.4bpp build/assets/graphics/summary_screen/iv_ev_tiles.png.4bpp.smol
tools/compresSmol/compresSmol -w build/assets/graphics/summary_screen/move_select.png.4bpp build/assets/graphics/summary_screen/move_select.png.4bpp.smol
tools/compresSmol/compresSmol -w build/assets/graphics/summary_screen/tiles.png.4bpp build/assets/graphics/summary_screen/tiles.png.4bpp.smol
tools/compresSmol/compresSmol -w build/assets/graphics/title_screen/emerald_version.png_mwidth_8__mheight_4.8bpp build/assets/graphics/title_screen/emerald_version.png_mwidth_8__mheight_4.8bpp.smol
tools/compresSmol/compresSmol -w build/assets/graphics/title_screen/pokemon_logo.png.8bpp build/assets/graphics/title_screen/pokemon_logo.png.8bpp.smol
tools/compresSmol/compresSmol -w build/assets/graphics/title_screen/press_start.png.4bpp build/assets/graphics/title_screen/press_start.png.4bpp.smol
tools/compresSmol/compresSmol -w build/assets/graphics/trainer_card/frlg/tiles.png.4bpp build/assets/graphics/trainer_card/frlg/tiles.png.4bpp.smol
tools/compresSmol/compresSmol -w build/assets/graphics/trainer_card/tiles.png.4bpp build/assets/graphics/trainer_card/tiles.png.4bpp.smol
tools/compresSmol/compresSmol -w build/assets/graphics/trainers/front_pics/aqua_admin_f.png.4bpp build/assets/graphics/trainers/front_pics/aqua_admin_f.png.4bpp.smol
tools/compresSmol/compresSmol -w build/assets/graphics/trainers/front_pics/aqua_admin_m.png.4bpp build/assets/graphics/trainers/front_pics/aqua_admin_m.png.4bpp.smol
tools/compresSmol/compresSmol -w build/assets/graphics/trainers/front_pics/aqua_grunt_f.png.4bpp build/assets/graphics/trainers/front_pics/aqua_grunt_f.png.4bpp.smol
tools/compresSmol/compresSmol -w build/assets/graphics/trainers/front_pics/aqua_grunt_m.png.4bpp build/assets/graphics/trainers/front_pics/aqua_grunt_m.png.4bpp.smol
tools/compresSmol/compresSmol -w build/assets/graphics/trainers/front_pics/aqua_leader_archie.png.4bpp build/assets/graphics/trainers/front_pics/aqua_leader_archie.png.4bpp.smol
tools/compresSmol/compresSmol -w build/assets/graphics/trainers/front_pics/arena_tycoon_greta.png.4bpp build/assets/graphics/trainers/front_pics/arena_tycoon_greta.png.4bpp.smol
tools/compresSmol/compresSmol -w build/assets/graphics/trainers/front_pics/aroma_lady.png.4bpp build/assets/graphics/trainers/front_pics/aroma_lady.png.4bpp.smol
tools/compresSmol/compresSmol -w build/assets/graphics/trainers/front_pics/aroma_lady_frlg.png.4bpp build/assets/graphics/trainers/front_pics/aroma_lady_frlg.png.4bpp.smol
tools/compresSmol/compresSmol -w build/assets/graphics/trainers/front_pics/battle_girl.png.4bpp build/assets/graphics/trainers/front_pics/battle_girl.png.4bpp.smol
tools/compresSmol/compresSmol -w build/assets/graphics/trainers/front_pics/beauty.png.4bpp build/assets/graphics/trainers/front_pics/beauty.png.4bpp.smol
tools/compresSmol/compresSmol -w build/assets/graphics/trainers/front_pics/beauty_frlg.png.4bpp build/assets/graphics/trainers/front_pics/beauty_frlg.png.4bpp.smol
tools/compresSmol/compresSmol -w build/assets/graphics/trainers/front_pics/biker_frlg.png.4bpp build/assets/graphics/trainers/front_pics/biker_frlg.png.4bpp.smol
tools/compresSmol/compresSmol -w build/assets/graphics/trainers/front_pics/bird_keeper.png.4bpp build/assets/graphics/trainers/front_pics/bird_keeper.png.4bpp.smol
tools/compresSmol/compresSmol -w build/assets/graphics/trainers/front_pics/bird_keeper_frlg.png.4bpp build/assets/graphics/trainers/front_pics/bird_keeper_frlg.png.4bpp.smol
tools/compresSmol/compresSmol -w build/assets/graphics/trainers/front_pics/black_belt.png.4bpp build/assets/graphics/trainers/front_pics/black_belt.png.4bpp.smol
tools/compresSmol/compresSmol -w build/assets/graphics/trainers/front_pics/black_belt_frlg.png.4bpp build/assets/graphics/trainers/front_pics/black_belt_frlg.png.4bpp.smol
tools/compresSmol/compresSmol -w build/assets/graphics/trainers/front_pics/brendan.png.4bpp build/assets/graphics/trainers/front_pics/brendan.png.4bpp.smol
tools/compresSmol/compresSmol -w build/assets/graphics/trainers/front_pics/brendan_rs.png.4bpp build/assets/graphics/trainers/front_pics/brendan_rs.png.4bpp.smol
tools/compresSmol/compresSmol -w build/assets/graphics/trainers/front_pics/bug_catcher.png.4bpp build/assets/graphics/trainers/front_pics/bug_catcher.png.4bpp.smol
tools/compresSmol/compresSmol -w build/assets/graphics/trainers/front_pics/bug_catcher_frlg.png.4bpp build/assets/graphics/trainers/front_pics/bug_catcher_frlg.png.4bpp.smol
tools/compresSmol/compresSmol -w build/assets/graphics/trainers/front_pics/bug_maniac.png.4bpp build/assets/graphics/trainers/front_pics/bug_maniac.png.4bpp.smol
tools/compresSmol/compresSmol -w build/assets/graphics/trainers/front_pics/burglar_frlg.png.4bpp build/assets/graphics/trainers/front_pics/burglar_frlg.png.4bpp.smol
tools/compresSmol/compresSmol -w build/assets/graphics/trainers/front_pics/camper.png.4bpp build/assets/graphics/trainers/front_pics/camper.png.4bpp.smol
tools/compresSmol/compresSmol -w build/assets/graphics/trainers/front_pics/camper_frlg.png.4bpp build/assets/graphics/trainers/front_pics/camper_frlg.png.4bpp.smol
tools/compresSmol/compresSmol -w build/assets/graphics/trainers/front_pics/champion_rival_frlg.png.4bpp build/assets/graphics/trainers/front_pics/champion_rival_frlg.png.4bpp.smol
tools/compresSmol/compresSmol -w build/assets/graphics/trainers/front_pics/champion_wallace.png.4bpp build/assets/graphics/trainers/front_pics/champion_wallace.png.4bpp.smol
tools/compresSmol/compresSmol -w build/assets/graphics/trainers/front_pics/channeler_frlg.png.4bpp build/assets/graphics/trainers/front_pics/channeler_frlg.png.4bpp.smol
tools/compresSmol/compresSmol -w build/assets/graphics/trainers/front_pics/collector.png.4bpp build/assets/graphics/trainers/front_pics/collector.png.4bpp.smol
tools/compresSmol/compresSmol -w build/assets/graphics/trainers/front_pics/cool_couple_frlg.png.4bpp build/assets/graphics/trainers/front_pics/cool_couple_frlg.png.4bpp.smol
tools/compresSmol/compresSmol -w build/assets/graphics/trainers/front_pics/cool_trainer_f_frlg.png.4bpp build/assets/graphics/trainers/front_pics/cool_trainer_f_frlg.png.4bpp.smol
tools/compresSmol/compresSmol -w build/assets/graphics/trainers/front_pics/cool_trainer_m_frlg.png.4bpp build/assets/graphics/trainers/front_pics/cool_trainer_m_frlg.png.4bpp.smol
tools/compresSmol/compresSmol -w build/assets/graphics/trainers/front_pics/cooltrainer_f.png.4bpp build/assets/graphics/trainers/front_pics/cooltrainer_f.png.4bpp.smol
tools/compresSmol/compresSmol -w build/assets/graphics/trainers/front_pics/cooltrainer_m.png.4bpp build/assets/graphics/trainers/front_pics/cooltrainer_m.png.4bpp.smol
tools/compresSmol/compresSmol -w build/assets/graphics/trainers/front_pics/crush_girl_frlg.png.4bpp build/assets/graphics/trainers/front_pics/crush_girl_frlg.png.4bpp.smol
tools/compresSmol/compresSmol -w build/assets/graphics/trainers/front_pics/crush_kin_frlg.png.4bpp build/assets/graphics/trainers/front_pics/crush_kin_frlg.png.4bpp.smol
tools/compresSmol/compresSmol -w build/assets/graphics/trainers/front_pics/cue_ball_frlg.png.4bpp build/assets/graphics/trainers/front_pics/cue_ball_frlg.png.4bpp.smol
tools/compresSmol/compresSmol -w build/assets/graphics/trainers/front_pics/cycling_triathlete_f.png.4bpp build/assets/graphics/trainers/front_pics/cycling_triathlete_f.png.4bpp.smol
tools/compresSmol/compresSmol -w build/assets/graphics/trainers/front_pics/cycling_triathlete_m.png.4bpp build/assets/graphics/trainers/front_pics/cycling_triathlete_m.png.4bpp.smol
tools/compresSmol/compresSmol -w build/assets/graphics/trainers/front_pics/dome_ace_tucker.png.4bpp build/assets/graphics/trainers/front_pics/dome_ace_tucker.png.4bpp.smol
tools/compresSmol/compresSmol -w build/assets/graphics/trainers/front_pics/dragon_tamer.png.4bpp build/assets/graphics/trainers/front_pics/dragon_tamer.png.4bpp.smol
tools/compresSmol/compresSmol -w build/assets/graphics/trainers/front_pics/elite_four_agatha_frlg.png.4bpp build/assets/graphics/trainers/front_pics/elite_four_agatha_frlg.png.4bpp.smol
tools/compresSmol/compresSmol -w build/assets/graphics/trainers/front_pics/elite_four_bruno_frlg.png.4bpp build/assets/graphics/trainers/front_pics/elite_four_bruno_frlg.png.4bpp.smol
tools/compresSmol/compresSmol -w build/assets/graphics/trainers/front_pics/elite_four_drake.png.4bpp build/assets/graphics/trainers/front_pics/elite_four_drake.png.4bpp.smol
tools/compresSmol/compresSmol -w build/assets/graphics/trainers/front_pics/elite_four_glacia.png.4bpp build/assets/graphics/trainers/front_pics/elite_four_glacia.png.4bpp.smol
tools/compresSmol/compresSmol -w build/assets/graphics/trainers/front_pics/elite_four_lance_frlg.png.4bpp build/assets/graphics/trainers/front_pics/elite_four_lance_frlg.png.4bpp.smol
tools/compresSmol/compresSmol -w build/assets/graphics/trainers/front_pics/elite_four_lorelei_frlg.png.4bpp build/assets/graphics/trainers/front_pics/elite_four_lorelei_frlg.png.4bpp.smol
tools/compresSmol/compresSmol -w build/assets/graphics/trainers/front_pics/elite_four_phoebe.png.4bpp build/assets/graphics/trainers/front_pics/elite_four_phoebe.png.4bpp.smol
tools/compresSmol/compresSmol -w build/assets/graphics/trainers/front_pics/elite_four_sidney.png.4bpp build/assets/graphics/trainers/front_pics/elite_four_sidney.png.4bpp.smol
tools/compresSmol/compresSmol -w build/assets/graphics/trainers/front_pics/engineer_frlg.png.4bpp build/assets/graphics/trainers/front_pics/engineer_frlg.png.4bpp.smol
tools/compresSmol/compresSmol -w build/assets/graphics/trainers/front_pics/expert_f.png.4bpp build/assets/graphics/trainers/front_pics/expert_f.png.4bpp.smol
tools/compresSmol/compresSmol -w build/assets/graphics/trainers/front_pics/expert_m.png.4bpp build/assets/graphics/trainers/front_pics/expert_m.png.4bpp.smol
tools/compresSmol/compresSmol -w build/assets/graphics/trainers/front_pics/factory_head_noland.png.4bpp build/assets/graphics/trainers/front_pics/factory_head_noland.png.4bpp.smol
tools/compresSmol/compresSmol -w build/assets/graphics/trainers/front_pics/fisherman.png.4bpp build/assets/graphics/trainers/front_pics/fisherman.png.4bpp.smol
tools/compresSmol/compresSmol -w build/assets/graphics/trainers/front_pics/fisherman_frlg.png.4bpp build/assets/graphics/trainers/front_pics/fisherman_frlg.png.4bpp.smol
tools/compresSmol/compresSmol -w build/assets/graphics/trainers/front_pics/gamer_frlg.png.4bpp build/assets/graphics/trainers/front_pics/gamer_frlg.png.4bpp.smol
tools/compresSmol/compresSmol -w build/assets/graphics/trainers/front_pics/gentleman.png.4bpp build/assets/graphics/trainers/front_pics/gentleman.png.4bpp.smol
tools/compresSmol/compresSmol -w build/assets/graphics/trainers/front_pics/gentleman_frlg.png.4bpp build/assets/graphics/trainers/front_pics/gentleman_frlg.png.4bpp.smol
tools/compresSmol/compresSmol -w build/assets/graphics/trainers/front_pics/guitarist.png.4bpp build/assets/graphics/trainers/front_pics/guitarist.png.4bpp.smol
tools/compresSmol/compresSmol -w build/assets/graphics/trainers/front_pics/hex_maniac.png.4bpp build/assets/graphics/trainers/front_pics/hex_maniac.png.4bpp.smol
tools/compresSmol/compresSmol -w build/assets/graphics/trainers/front_pics/hiker.png.4bpp build/assets/graphics/trainers/front_pics/hiker.png.4bpp.smol
tools/compresSmol/compresSmol -w build/assets/graphics/trainers/front_pics/hiker_frlg.png.4bpp build/assets/graphics/trainers/front_pics/hiker_frlg.png.4bpp.smol
tools/compresSmol/compresSmol -w build/assets/graphics/trainers/front_pics/interviewer.png.4bpp build/assets/graphics/trainers/front_pics/interviewer.png.4bpp.smol
tools/compresSmol/compresSmol -w build/assets/graphics/trainers/front_pics/juggler_frlg.png.4bpp build/assets/graphics/trainers/front_pics/juggler_frlg.png.4bpp.smol
tools/compresSmol/compresSmol -w build/assets/graphics/trainers/front_pics/kindler.png.4bpp build/assets/graphics/trainers/front_pics/kindler.png.4bpp.smol
tools/compresSmol/compresSmol -w build/assets/graphics/trainers/front_pics/lady.png.4bpp build/assets/graphics/trainers/front_pics/lady.png.4bpp.smol
tools/compresSmol/compresSmol -w build/assets/graphics/trainers/front_pics/lady_frlg.png.4bpp build/assets/graphics/trainers/front_pics/lady_frlg.png.4bpp.smol
tools/compresSmol/compresSmol -w build/assets/graphics/trainers/front_pics/lass.png.4bpp build/assets/graphics/trainers/front_pics/lass.png.4bpp.smol
tools/compresSmol/compresSmol -w build/assets/graphics/trainers/front_pics/lass_frlg.png.4bpp build/assets/graphics/trainers/front_pics/lass_frlg.png.4bpp.smol
tools/compresSmol/compresSmol -w build/assets/graphics/trainers/front_pics/leader_blaine_frlg.png.4bpp build/assets/graphics/trainers/front_pics/leader_blaine_frlg.png.4bpp.smol
tools/compresSmol/compresSmol -w build/assets/graphics/trainers/front_pics/leader_brawly.png.4bpp build/assets/graphics/trainers/front_pics/leader_brawly.png.4bpp.smol
tools/compresSmol/compresSmol -w build/assets/graphics/trainers/front_pics/leader_brock_frlg.png.4bpp build/assets/graphics/trainers/front_pics/leader_brock_frlg.png.4bpp.smol
tools/compresSmol/compresSmol -w build/assets/graphics/trainers/front_pics/leader_erika_frlg.png.4bpp build/assets/graphics/trainers/front_pics/leader_erika_frlg.png.4bpp.smol
tools/compresSmol/compresSmol -w build/assets/graphics/trainers/front_pics/leader_flannery.png.4bpp build/assets/graphics/trainers/front_pics/leader_flannery.png.4bpp.smol
tools/compresSmol/compresSmol -w build/assets/graphics/trainers/front_pics/leader_giovanni_frlg.png.4bpp build/assets/graphics/trainers/front_pics/leader_giovanni_frlg.png.4bpp.smol
tools/compresSmol/compresSmol -w build/assets/graphics/trainers/front_pics/leader_juan.png.4bpp build/assets/graphics/trainers/front_pics/leader_juan.png.4bpp.smol
tools/compresSmol/compresSmol -w build/assets/graphics/trainers/front_pics/leader_koga_frlg.png.4bpp build/assets/graphics/trainers/front_pics/leader_koga_frlg.png.4bpp.smol
tools/compresSmol/compresSmol -w build/assets/graphics/trainers/front_pics/leader_lt_surge_frlg.png.4bpp build/assets/graphics/trainers/front_pics/leader_lt_surge_frlg.png.4bpp.smol
tools/compresSmol/compresSmol -w build/assets/graphics/trainers/front_pics/leader_misty_frlg.png.4bpp build/assets/graphics/trainers/front_pics/leader_misty_frlg.png.4bpp.smol
tools/compresSmol/compresSmol -w build/assets/graphics/trainers/front_pics/leader_norman.png.4bpp build/assets/graphics/trainers/front_pics/leader_norman.png.4bpp.smol
tools/compresSmol/compresSmol -w build/assets/graphics/trainers/front_pics/leader_roxanne.png.4bpp build/assets/graphics/trainers/front_pics/leader_roxanne.png.4bpp.smol
tools/compresSmol/compresSmol -w build/assets/graphics/trainers/front_pics/leader_sabrina_frlg.png.4bpp build/assets/graphics/trainers/front_pics/leader_sabrina_frlg.png.4bpp.smol
tools/compresSmol/compresSmol -w build/assets/graphics/trainers/front_pics/leader_tate_and_liza.png.4bpp build/assets/graphics/trainers/front_pics/leader_tate_and_liza.png.4bpp.smol
tools/compresSmol/compresSmol -w build/assets/graphics/trainers/front_pics/leader_wattson.png.4bpp build/assets/graphics/trainers/front_pics/leader_wattson.png.4bpp.smol
tools/compresSmol/compresSmol -w build/assets/graphics/trainers/front_pics/leader_winona.png.4bpp build/assets/graphics/trainers/front_pics/leader_winona.png.4bpp.smol
tools/compresSmol/compresSmol -w build/assets/graphics/trainers/front_pics/leaf.png.4bpp build/assets/graphics/trainers/front_pics/leaf.png.4bpp.smol
tools/compresSmol/compresSmol -w build/assets/graphics/trainers/front_pics/magma_admin.png.4bpp build/assets/graphics/trainers/front_pics/magma_admin.png.4bpp.smol
tools/compresSmol/compresSmol -w build/assets/graphics/trainers/front_pics/magma_grunt_f.png.4bpp build/assets/graphics/trainers/front_pics/magma_grunt_f.png.4bpp.smol
tools/compresSmol/compresSmol -w build/assets/graphics/trainers/front_pics/magma_grunt_m.png.4bpp build/assets/graphics/trainers/front_pics/magma_grunt_m.png.4bpp.smol
tools/compresSmol/compresSmol -w build/assets/graphics/trainers/front_pics/magma_leader_maxie.png.4bpp build/assets/graphics/trainers/front_pics/magma_leader_maxie.png.4bpp.smol
tools/compresSmol/compresSmol -w build/assets/graphics/trainers/front_pics/may.png.4bpp build/assets/graphics/trainers/front_pics/may.png.4bpp.smol
tools/compresSmol/compresSmol -w build/assets/graphics/trainers/front_pics/may_rs.png.4bpp build/assets/graphics/trainers/front_pics/may_rs.png.4bpp.smol
tools/compresSmol/compresSmol -w build/assets/graphics/trainers/front_pics/ninja_boy.png.4bpp build/assets/graphics/trainers/front_pics/ninja_boy.png.4bpp.smol
tools/compresSmol/compresSmol -w build/assets/graphics/trainers/front_pics/old_couple.png.4bpp build/assets/graphics/trainers/front_pics/old_couple.png.4bpp.smol
tools/compresSmol/compresSmol -w build/assets/graphics/trainers/front_pics/painter_frlg.png.4bpp build/assets/graphics/trainers/front_pics/painter_frlg.png.4bpp.smol
tools/compresSmol/compresSmol -w build/assets/graphics/trainers/front_pics/palace_maven_spenser.png.4bpp build/assets/graphics/trainers/front_pics/palace_maven_spenser.png.4bpp.smol
tools/compresSmol/compresSmol -w build/assets/graphics/trainers/front_pics/parasol_lady.png.4bpp build/assets/graphics/trainers/front_pics/parasol_lady.png.4bpp.smol
tools/compresSmol/compresSmol -w build/assets/graphics/trainers/front_pics/picnicker.png.4bpp build/assets/graphics/trainers/front_pics/picnicker.png.4bpp.smol
tools/compresSmol/compresSmol -w build/assets/graphics/trainers/front_pics/picnicker_frlg.png.4bpp build/assets/graphics/trainers/front_pics/picnicker_frlg.png.4bpp.smol
tools/compresSmol/compresSmol -w build/assets/graphics/trainers/front_pics/pike_queen_lucy.png.4bpp build/assets/graphics/trainers/front_pics/pike_queen_lucy.png.4bpp.smol
tools/compresSmol/compresSmol -w build/assets/graphics/trainers/front_pics/pokefan_f.png.4bpp build/assets/graphics/trainers/front_pics/pokefan_f.png.4bpp.smol
tools/compresSmol/compresSmol -w build/assets/graphics/trainers/front_pics/pokefan_m.png.4bpp build/assets/graphics/trainers/front_pics/pokefan_m.png.4bpp.smol
tools/compresSmol/compresSmol -w build/assets/graphics/trainers/front_pics/pokemaniac.png.4bpp build/assets/graphics/trainers/front_pics/pokemaniac.png.4bpp.smol
tools/compresSmol/compresSmol -w build/assets/graphics/trainers/front_pics/pokemaniac_frlg.png.4bpp build/assets/graphics/trainers/front_pics/pokemaniac_frlg.png.4bpp.smol
tools/compresSmol/compresSmol -w build/assets/graphics/trainers/front_pics/pokemon_breeder_f.png.4bpp build/assets/graphics/trainers/front_pics/pokemon_breeder_f.png.4bpp.smol
tools/compresSmol/compresSmol -w build/assets/graphics/trainers/front_pics/pokemon_breeder_frlg.png.4bpp build/assets/graphics/trainers/front_pics/pokemon_breeder_frlg.png.4bpp.smol
tools/compresSmol/compresSmol -w build/assets/graphics/trainers/front_pics/pokemon_breeder_m.png.4bpp build/assets/graphics/trainers/front_pics/pokemon_breeder_m.png.4bpp.smol
tools/compresSmol/compresSmol -w build/assets/graphics/trainers/front_pics/pokemon_ranger_f.png.4bpp build/assets/graphics/trainers/front_pics/pokemon_ranger_f.png.4bpp.smol
tools/compresSmol/compresSmol -w build/assets/graphics/trainers/front_pics/pokemon_ranger_f_frlg.png.4bpp build/assets/graphics/trainers/front_pics/pokemon_ranger_f_frlg.png.4bpp.smol
tools/compresSmol/compresSmol -w build/assets/graphics/trainers/front_pics/pokemon_ranger_m.png.4bpp build/assets/graphics/trainers/front_pics/pokemon_ranger_m.png.4bpp.smol
tools/compresSmol/compresSmol -w build/assets/graphics/trainers/front_pics/pokemon_ranger_m_frlg.png.4bpp build/assets/graphics/trainers/front_pics/pokemon_ranger_m_frlg.png.4bpp.smol
tools/compresSmol/compresSmol -w build/assets/graphics/trainers/front_pics/professor_oak_frlg.png.4bpp build/assets/graphics/trainers/front_pics/professor_oak_frlg.png.4bpp.smol
tools/compresSmol/compresSmol -w build/assets/graphics/trainers/front_pics/psychic_f.png.4bpp build/assets/graphics/trainers/front_pics/psychic_f.png.4bpp.smol
tools/compresSmol/compresSmol -w build/assets/graphics/trainers/front_pics/psychic_f_frlg.png.4bpp build/assets/graphics/trainers/front_pics/psychic_f_frlg.png.4bpp.smol
tools/compresSmol/compresSmol -w build/assets/graphics/trainers/front_pics/psychic_m.png.4bpp build/assets/graphics/trainers/front_pics/psychic_m.png.4bpp.smol
tools/compresSmol/compresSmol -w build/assets/graphics/trainers/front_pics/psychic_m_frlg.png.4bpp build/assets/graphics/trainers/front_pics/psychic_m_frlg.png.4bpp.smol
tools/compresSmol/compresSmol -w build/assets/graphics/trainers/front_pics/pyramid_king_brandon.png.4bpp build/assets/graphics/trainers/front_pics/pyramid_king_brandon.png.4bpp.smol
tools/compresSmol/compresSmol -w build/assets/graphics/trainers/front_pics/red.png.4bpp build/assets/graphics/trainers/front_pics/red.png.4bpp.smol
tools/compresSmol/compresSmol -w build/assets/graphics/trainers/front_pics/rich_boy.png.4bpp build/assets/graphics/trainers/front_pics/rich_boy.png.4bpp.smol
tools/compresSmol/compresSmol -w build/assets/graphics/trainers/front_pics/rival_early_frlg.png.4bpp build/assets/graphics/trainers/front_pics/rival_early_frlg.png.4bpp.smol
tools/compresSmol/compresSmol -w build/assets/graphics/trainers/front_pics/rival_late_frlg.png.4bpp build/assets/graphics/trainers/front_pics/rival_late_frlg.png.4bpp.smol
tools/compresSmol/compresSmol -w build/assets/graphics/trainers/front_pics/rocker_frlg.png.4bpp build/assets/graphics/trainers/front_pics/rocker_frlg.png.4bpp.smol
tools/compresSmol/compresSmol -w build/assets/graphics/trainers/front_pics/rocket_grunt_f_frlg.png.4bpp build/assets/graphics/trainers/front_pics/rocket_grunt_f_frlg.png.4bpp.smol
tools/compresSmol/compresSmol -w build/assets/graphics/trainers/front_pics/rocket_grunt_m_frlg.png.4bpp build/assets/graphics/trainers/front_pics/rocket_grunt_m_frlg.png.4bpp.smol
tools/compresSmol/compresSmol -w build/assets/graphics/trainers/front_pics/ruin_maniac.png.4bpp build/assets/graphics/trainers/front_pics/ruin_maniac.png.4bpp.smol
tools/compresSmol/compresSmol -w build/assets/graphics/trainers/front_pics/ruin_maniac_frlg.png.4bpp build/assets/graphics/trainers/front_pics/ruin_maniac_frlg.png.4bpp.smol
tools/compresSmol/compresSmol -w build/assets/graphics/trainers/front_pics/running_triathlete_f.png.4bpp build/assets/graphics/trainers/front_pics/running_triathlete_f.png.4bpp.smol
tools/compresSmol/compresSmol -w build/assets/graphics/trainers/front_pics/running_triathlete_m.png.4bpp build/assets/graphics/trainers/front_pics/running_triathlete_m.png.4bpp.smol
tools/compresSmol/compresSmol -w build/assets/graphics/trainers/front_pics/sailor.png.4bpp build/assets/graphics/trainers/front_pics/sailor.png.4bpp.smol
tools/compresSmol/compresSmol -w build/assets/graphics/trainers/front_pics/sailor_frlg.png.4bpp build/assets/graphics/trainers/front_pics/sailor_frlg.png.4bpp.smol
tools/compresSmol/compresSmol -w build/assets/graphics/trainers/front_pics/salon_maiden_anabel.png.4bpp build/assets/graphics/trainers/front_pics/salon_maiden_anabel.png.4bpp.smol
tools/compresSmol/compresSmol -w build/assets/graphics/trainers/front_pics/school_kid_f.png.4bpp build/assets/graphics/trainers/front_pics/school_kid_f.png.4bpp.smol
tools/compresSmol/compresSmol -w build/assets/graphics/trainers/front_pics/school_kid_m.png.4bpp build/assets/graphics/trainers/front_pics/school_kid_m.png.4bpp.smol
tools/compresSmol/compresSmol -w build/assets/graphics/trainers/front_pics/scientist_frlg.png.4bpp build/assets/graphics/trainers/front_pics/scientist_frlg.png.4bpp.smol
tools/compresSmol/compresSmol -w build/assets/graphics/trainers/front_pics/sis_and_bro.png.4bpp build/assets/graphics/trainers/front_pics/sis_and_bro.png.4bpp.smol
tools/compresSmol/compresSmol -w build/assets/graphics/trainers/front_pics/sis_and_bro_frlg.png.4bpp build/assets/graphics/trainers/front_pics/sis_and_bro_frlg.png.4bpp.smol
tools/compresSmol/compresSmol -w build/assets/graphics/trainers/front_pics/sr_and_jr.png.4bpp build/assets/graphics/trainers/front_pics/sr_and_jr.png.4bpp.smol
tools/compresSmol/compresSmol -w build/assets/graphics/trainers/front_pics/steven.png.4bpp build/assets/graphics/trainers/front_pics/steven.png.4bpp.smol
tools/compresSmol/compresSmol -w build/assets/graphics/trainers/front_pics/super_nerd_frlg.png.4bpp build/assets/graphics/trainers/front_pics/super_nerd_frlg.png.4bpp.smol
tools/compresSmol/compresSmol -w build/assets/graphics/trainers/front_pics/swimmer_f.png.4bpp build/assets/graphics/trainers/front_pics/swimmer_f.png.4bpp.smol
tools/compresSmol/compresSmol -w build/assets/graphics/trainers/front_pics/swimmer_f_frlg.png.4bpp build/assets/graphics/trainers/front_pics/swimmer_f_frlg.png.4bpp.smol
tools/compresSmol/compresSmol -w build/assets/graphics/trainers/front_pics/swimmer_m.png.4bpp build/assets/graphics/trainers/front_pics/swimmer_m.png.4bpp.smol
tools/compresSmol/compresSmol -w build/assets/graphics/trainers/front_pics/swimmer_m_frlg.png.4bpp build/assets/graphics/trainers/front_pics/swimmer_m_frlg.png.4bpp.smol
tools/compresSmol/compresSmol -w build/assets/graphics/trainers/front_pics/swimming_triathlete_f.png.4bpp build/assets/graphics/trainers/front_pics/swimming_triathlete_f.png.4bpp.smol
tools/compresSmol/compresSmol -w build/assets/graphics/trainers/front_pics/swimming_triathlete_m.png.4bpp build/assets/graphics/trainers/front_pics/swimming_triathlete_m.png.4bpp.smol
tools/compresSmol/compresSmol -w build/assets/graphics/trainers/front_pics/tamer_frlg.png.4bpp build/assets/graphics/trainers/front_pics/tamer_frlg.png.4bpp.smol
tools/compresSmol/compresSmol -w build/assets/graphics/trainers/front_pics/tuber_f.png.4bpp build/assets/graphics/trainers/front_pics/tuber_f.png.4bpp.smol
tools/compresSmol/compresSmol -w build/assets/graphics/trainers/front_pics/tuber_f_frlg.png.4bpp build/assets/graphics/trainers/front_pics/tuber_f_frlg.png.4bpp.smol
tools/compresSmol/compresSmol -w build/assets/graphics/trainers/front_pics/tuber_m.png.4bpp build/assets/graphics/trainers/front_pics/tuber_m.png.4bpp.smol
tools/compresSmol/compresSmol -w build/assets/graphics/trainers/front_pics/twins.png.4bpp build/assets/graphics/trainers/front_pics/twins.png.4bpp.smol
tools/compresSmol/compresSmol -w build/assets/graphics/trainers/front_pics/twins_frlg.png.4bpp build/assets/graphics/trainers/front_pics/twins_frlg.png.4bpp.smol
tools/compresSmol/compresSmol -w build/assets/graphics/trainers/front_pics/wally.png.4bpp build/assets/graphics/trainers/front_pics/wally.png.4bpp.smol
tools/compresSmol/compresSmol -w build/assets/graphics/trainers/front_pics/young_couple.png.4bpp build/assets/graphics/trainers/front_pics/young_couple.png.4bpp.smol
tools/compresSmol/compresSmol -w build/assets/graphics/trainers/front_pics/young_couple_frlg.png.4bpp build/assets/graphics/trainers/front_pics/young_couple_frlg.png.4bpp.smol
tools/compresSmol/compresSmol -w build/assets/graphics/trainers/front_pics/youngster.png.4bpp build/assets/graphics/trainers/front_pics/youngster.png.4bpp.smol
tools/compresSmol/compresSmol -w build/assets/graphics/trainers/front_pics/youngster_frlg.png.4bpp build/assets/graphics/trainers/front_pics/youngster_frlg.png.4bpp.smol
tools/compresSmol/compresSmol -w build/assets/graphics/types/battle_icons1.png.4bpp build/assets/graphics/types/battle_icons1.png.4bpp.smol
tools/compresSmol/compresSmol -w build/assets/graphics/types/battle_icons2.png.4bpp build/assets/graphics/types/battle_icons2.png.4bpp.smol
tools/compresSmol/compresSmol -w build/assets/graphics/union_room_chat/background.png.4bpp build/assets/graphics/union_room_chat/background.png.4bpp.smol
tools/compresSmol/compresSmol -w build/assets/graphics/union_room_chat/keyboard.png.4bpp build/assets/graphics/union_room_chat/keyboard.png.4bpp.smol
tools/compresSmol/compresSmol -w build/assets/graphics/union_room_chat/r_button_labels.png.4bpp build/assets/graphics/union_room_chat/r_button_labels.png.4bpp.smol
tools/compresSmol/compresSmol -w build/assets/graphics/unused/basic_frame.png.4bpp build/assets/graphics/unused/basic_frame.png.4bpp.smol
tools/compresSmol/compresSmol -w build/assets/graphics/unused/color_frames.png_num_tiles_353__Wnum_tiles.4bpp build/assets/graphics/unused/color_frames.png_num_tiles_353__Wnum_tiles.4bpp.smol
tools/compresSmol/compresSmol -w build/assets/graphics/unused/old_charmap.png.4bpp build/assets/graphics/unused/old_charmap.png.4bpp.smol
tools/compresSmol/compresSmol -w build/assets/graphics/unused/shadow.png.4bpp build/assets/graphics/unused/shadow.png.4bpp.smol
tools/compresSmol/compresSmol -w build/assets/graphics/wallclock/clock.png.4bpp build/assets/graphics/wallclock/clock.png.4bpp.smol
tools/compresSmol/compresSmol -w build/assets/graphics/misc/japanese_hof.png_num_tiles_29__Wnum_tiles.4bpp build/assets/graphics/misc/japanese_hof.png_num_tiles_29__Wnum_tiles.4bpp.smol
tools/compresSmol/compresSmol -w build/assets/graphics/misc/hall_of_fame.png.4bpp build/assets/graphics/misc/hall_of_fame.png.4bpp.smol
tools/compresSmol/compresSmol -w build/assets/graphics/intro/scene_1/bg.png.4bpp build/assets/graphics/intro/scene_1/bg.png.4bpp.smol
tools/compresSmol/compresSmol -w build/assets/graphics/intro/scene_1/drops_logo.png.4bpp build/assets/graphics/intro/scene_1/drops_logo.png.4bpp.smol
tools/compresSmol/compresSmol -w build/assets/graphics/intro/scene_1/lati.png.4bpp build/assets/graphics/intro/scene_1/lati.png.4bpp.smol
tools/compresSmol/compresSmol -w build/assets/graphics/intro/scene_3/misc.png.4bpp build/assets/graphics/intro/scene_3/misc.png.4bpp.smol
tools/compresSmol/compresSmol -w build/assets/graphics/intro/scene_3/pokeball.png.8bpp build/assets/graphics/intro/scene_3/pokeball.png.8bpp.smol
tools/compresSmol/compresSmol -w build/assets/graphics/intro/scene_3/streaks.png.4bpp build/assets/graphics/intro/scene_3/streaks.png.4bpp.smol
tools/compresSmol/compresSmol -w build/assets/graphics/intro/scene_2/bicycle.png.4bpp build/assets/graphics/intro/scene_2/bicycle.png.4bpp.smol
tools/compresSmol/compresSmol -w build/assets/graphics/intro/scene_2/brendan_credits.png.4bpp build/assets/graphics/intro/scene_2/brendan_credits.png.4bpp.smol
tools/compresSmol/compresSmol -w build/assets/graphics/intro/scene_2/clouds.png.4bpp build/assets/graphics/intro/scene_2/clouds.png.4bpp.smol
tools/compresSmol/compresSmol -w build/assets/graphics/intro/scene_2/clouds_bg.png.4bpp build/assets/graphics/intro/scene_2/clouds_bg.png.4bpp.smol
tools/compresSmol/compresSmol -w build/assets/graphics/intro/scene_2/grass.png.4bpp build/assets/graphics/intro/scene_2/grass.png.4bpp.smol
tools/compresSmol/compresSmol -w build/assets/graphics/intro/scene_2/house_silhouette.png.4bpp build/assets/graphics/intro/scene_2/house_silhouette.png.4bpp.smol
tools/compresSmol/compresSmol -w build/assets/graphics/intro/scene_2/houses.png.4bpp build/assets/graphics/intro/scene_2/houses.png.4bpp.smol
tools/compresSmol/compresSmol -w build/assets/graphics/intro/scene_2/latias.png.4bpp build/assets/graphics/intro/scene_2/latias.png.4bpp.smol
tools/compresSmol/compresSmol -w build/assets/graphics/intro/scene_2/latios.png.4bpp build/assets/graphics/intro/scene_2/latios.png.4bpp.smol
tools/compresSmol/compresSmol -w build/assets/graphics/intro/scene_2/may_credits.png.4bpp build/assets/graphics/intro/scene_2/may_credits.png.4bpp.smol
tools/compresSmol/compresSmol -w build/assets/graphics/intro/scene_2/trees.png.4bpp build/assets/graphics/intro/scene_2/trees.png.4bpp.smol
tools/compresSmol/compresSmol -w build/assets/graphics/intro/scene_2/trees_small.png.4bpp build/assets/graphics/intro/scene_2/trees_small.png.4bpp.smol
tools/compresSmol/compresSmol -w build/assets/graphics/intro_frlg/copyright.png.4bpp build/assets/graphics/intro_frlg/copyright.png.4bpp.smol
tools/compresSmol/compresSmol -w build/assets/graphics/intro_frlg/game_freak/bg.png.4bpp build/assets/graphics/intro_frlg/game_freak/bg.png.4bpp.smol
tools/compresSmol/compresSmol -w build/assets/graphics/intro_frlg/game_freak/game_freak.png.4bpp build/assets/graphics/intro_frlg/game_freak/game_freak.png.4bpp.smol
tools/compresSmol/compresSmol -w build/assets/graphics/intro_frlg/game_freak/logo.png.4bpp build/assets/graphics/intro_frlg/game_freak/logo.png.4bpp.smol
tools/compresSmol/compresSmol -w build/assets/graphics/intro_frlg/game_freak/presents.png.4bpp build/assets/graphics/intro_frlg/game_freak/presents.png.4bpp.smol
tools/compresSmol/compresSmol -w build/assets/graphics/intro_frlg/game_freak/sparkles_big.png.4bpp build/assets/graphics/intro_frlg/game_freak/sparkles_big.png.4bpp.smol
tools/compresSmol/compresSmol -w build/assets/graphics/intro_frlg/game_freak/sparkles_small.png.4bpp build/assets/graphics/intro_frlg/game_freak/sparkles_small.png.4bpp.smol
tools/compresSmol/compresSmol -w build/assets/graphics/intro_frlg/game_freak/star.png.4bpp build/assets/graphics/intro_frlg/game_freak/star.png.4bpp.smol
tools/compresSmol/compresSmol -w build/assets/graphics/intro_frlg/scene_1/bg.png.4bpp build/assets/graphics/intro_frlg/scene_1/bg.png.4bpp.smol
tools/compresSmol/compresSmol -w build/assets/graphics/intro_frlg/scene_1/grass.png.4bpp build/assets/graphics/intro_frlg/scene_1/grass.png.4bpp.smol
tools/compresSmol/compresSmol -w build/assets/graphics/intro_frlg/scene_2/bg.png.4bpp build/assets/graphics/intro_frlg/scene_2/bg.png.4bpp.smol
tools/compresSmol/compresSmol -w build/assets/graphics/intro_frlg/scene_2/gengar.png.4bpp build/assets/graphics/intro_frlg/scene_2/gengar.png.4bpp.smol
tools/compresSmol/compresSmol -w build/assets/graphics/intro_frlg/scene_2/gengar_close.png.4bpp build/assets/graphics/intro_frlg/scene_2/gengar_close.png.4bpp.smol
tools/compresSmol/compresSmol -w build/assets/graphics/intro_frlg/scene_2/nidorino.png.4bpp build/assets/graphics/intro_frlg/scene_2/nidorino.png.4bpp.smol
tools/compresSmol/compresSmol -w build/assets/graphics/intro_frlg/scene_2/nidorino_close.png.4bpp build/assets/graphics/intro_frlg/scene_2/nidorino_close.png.4bpp.smol
tools/compresSmol/compresSmol -w build/assets/graphics/intro_frlg/scene_2/plants.png.4bpp build/assets/graphics/intro_frlg/scene_2/plants.png.4bpp.smol
tools/compresSmol/compresSmol -w build/assets/graphics/intro_frlg/scene_3/bg.png.4bpp build/assets/graphics/intro_frlg/scene_3/bg.png.4bpp.smol
tools/compresSmol/compresSmol -w build/assets/graphics/intro_frlg/scene_3/gengar_anim.png.4bpp build/assets/graphics/intro_frlg/scene_3/gengar_anim.png.4bpp.smol
tools/compresSmol/compresSmol -w build/assets/graphics/intro_frlg/scene_3/gengar_static.png.4bpp build/assets/graphics/intro_frlg/scene_3/gengar_static.png.4bpp.smol
tools/compresSmol/compresSmol -w build/assets/graphics/intro_frlg/scene_3/grass.png.4bpp build/assets/graphics/intro_frlg/scene_3/grass.png.4bpp.smol
tools/compresSmol/compresSmol -w build/assets/graphics/intro_frlg/scene_3/nidorino.png.4bpp build/assets/graphics/intro_frlg/scene_3/nidorino.png.4bpp.smol
tools/compresSmol/compresSmol -w build/assets/graphics/intro_frlg/scene_3/recoil_dust.png.4bpp build/assets/graphics/intro_frlg/scene_3/recoil_dust.png.4bpp.smol
tools/compresSmol/compresSmol -w build/assets/graphics/intro_frlg/scene_3/swipe.png.4bpp build/assets/graphics/intro_frlg/scene_3/swipe.png.4bpp.smol
/usr/lib/gcc/arm-none-eabi/10.3.1/cc1 -quiet <flags> -o build/emerald/src/item_menu_icons.o src/item_menu_icons.c
/usr/lib/gcc/arm-none-eabi/10.3.1/cc1 -quiet <flags> -o build/emerald/src/item_menu.o src/item_menu.c
tools/compresSmol/compresSmol -w build/assets/graphics/link/wireless_display.png.4bpp build/assets/graphics/link/wireless_display.png.4bpp.smol
tools/compresSmol/compresSmol -w build/assets/graphics/link/wireless_icon.png.4bpp build/assets/graphics/link/wireless_icon.png.4bpp.smol
tools/compresSmol/compresSmol -w build/assets/graphics/interface/arrow_cursor.png.4bpp build/assets/graphics/interface/arrow_cursor.png.4bpp.smol
tools/compresSmol/compresSmol -w build/assets/graphics/interface/outline_cursor.png_num_tiles_8__Wnum_tiles.4bpp build/assets/graphics/interface/outline_cursor.png_num_tiles_8__Wnum_tiles.4bpp.smol
tools/compresSmol/compresSmol -w build/assets/graphics/interface/scroll_indicator.png.4bpp build/assets/graphics/interface/scroll_indicator.png.4bpp.smol
tools/compresSmol/compresSmol -w build/assets/graphics/birch_speech/shadow.png.4bpp build/assets/graphics/birch_speech/shadow.png.4bpp.smol
/usr/lib/gcc/arm-none-eabi/10.3.1/cc1 -quiet <flags> -o build/emerald/src/map_name_popup.o src/map_name_popup.c
tools/compresSmol/compresSmol -w build/assets/graphics/map_preview/altering_cave/tiles.png.4bpp build/assets/graphics/map_preview/altering_cave/tiles.png.4bpp.smol
tools/compresSmol/compresSmol -w build/assets/graphics/map_preview/berry_forest/tiles.png.4bpp build/assets/graphics/map_preview/berry_forest/tiles.png.4bpp.smol
tools/compresSmol/compresSmol -w build/assets/graphics/map_preview/cerulean_cave/tiles.png.4bpp build/assets/graphics/map_preview/cerulean_cave/tiles.png.4bpp.smol
tools/compresSmol/compresSmol -w build/assets/graphics/map_preview/digletts_cave/tiles.png.4bpp build/assets/graphics/map_preview/digletts_cave/tiles.png.4bpp.smol
tools/compresSmol/compresSmol -w build/assets/graphics/map_preview/dotted_hole/tiles.png.4bpp build/assets/graphics/map_preview/dotted_hole/tiles.png.4bpp.smol
tools/compresSmol/compresSmol -w build/assets/graphics/map_preview/icefall_cave/tiles.png.4bpp build/assets/graphics/map_preview/icefall_cave/tiles.png.4bpp.smol
tools/compresSmol/compresSmol -w build/assets/graphics/map_preview/lost_cave/tiles.png.4bpp build/assets/graphics/map_preview/lost_cave/tiles.png.4bpp.smol
tools/compresSmol/compresSmol -w build/assets/graphics/map_preview/monean_chamber/tiles.png.4bpp build/assets/graphics/map_preview/monean_chamber/tiles.png.4bpp.smol
tools/compresSmol/compresSmol -w build/assets/graphics/map_preview/mt_ember/tiles.png.4bpp build/assets/graphics/map_preview/mt_ember/tiles.png.4bpp.smol
tools/compresSmol/compresSmol -w build/assets/graphics/map_preview/mt_moon/tiles.png.4bpp build/assets/graphics/map_preview/mt_moon/tiles.png.4bpp.smol
tools/compresSmol/compresSmol -w build/assets/graphics/map_preview/pokemon_mansion/tiles.png.4bpp build/assets/graphics/map_preview/pokemon_mansion/tiles.png.4bpp.smol
tools/compresSmol/compresSmol -w build/assets/graphics/map_preview/pokemon_tower/tiles.png.4bpp build/assets/graphics/map_preview/pokemon_tower/tiles.png.4bpp.smol
tools/compresSmol/compresSmol -w build/assets/graphics/map_preview/power_plant/tiles.png.4bpp build/assets/graphics/map_preview/power_plant/tiles.png.4bpp.smol
tools/compresSmol/compresSmol -w build/assets/graphics/map_preview/rock_tunnel/tiles.png.4bpp build/assets/graphics/map_preview/rock_tunnel/tiles.png.4bpp.smol
tools/compresSmol/compresSmol -w build/assets/graphics/map_preview/rocket_hideout/tiles.png.4bpp build/assets/graphics/map_preview/rocket_hideout/tiles.png.4bpp.smol
tools/compresSmol/compresSmol -w build/assets/graphics/map_preview/rocket_warehouse/tiles.png.4bpp build/assets/graphics/map_preview/rocket_warehouse/tiles.png.4bpp.smol
tools/compresSmol/compresSmol -w build/assets/graphics/map_preview/safari_zone/tiles.png.4bpp build/assets/graphics/map_preview/safari_zone/tiles.png.4bpp.smol
tools/compresSmol/compresSmol -w build/assets/graphics/map_preview/seafoam_islands/tiles.png.4bpp build/assets/graphics/map_preview/seafoam_islands/tiles.png.4bpp.smol
tools/compresSmol/compresSmol -w build/assets/graphics/map_preview/silph_co/tiles.png.4bpp build/assets/graphics/map_preview/silph_co/tiles.png.4bpp.smol
tools/compresSmol/compresSmol -w build/assets/graphics/map_preview/victory_road/tiles.png.4bpp build/assets/graphics/map_preview/victory_road/tiles.png.4bpp.smol
tools/compresSmol/compresSmol -w build/assets/graphics/map_preview/viridian_forest/tiles.png.4bpp build/assets/graphics/map_preview/viridian_forest/tiles.png.4bpp.smol
tools/compresSmol/compresSmol -w build/assets/graphics/pokenav/match_call/nav_icon.png.4bpp build/assets/graphics/pokenav/match_call/nav_icon.png.4bpp.smol
/usr/lib/gcc/arm-none-eabi/10.3.1/cc1 -quiet <flags> -o build/emerald/src/menu.o src/menu.c
/usr/lib/gcc/arm-none-eabi/10.3.1/cc1 -quiet <flags> -o build/emerald/src/menu_specialized.o src/menu_specialized.c
tools/compresSmol/compresSmol -w build/assets/graphics/link/321start.png.4bpp build/assets/graphics/link/321start.png.4bpp.smol
tools/compresSmol/compresSmol -w build/assets/graphics/link/321start_static.png.4bpp build/assets/graphics/link/321start_static.png.4bpp.smol
/usr/lib/gcc/arm-none-eabi/10.3.1/cc1 -quiet <flags> -o build/emerald/src/mirage_tower.o src/mirage_tower.c
/usr/lib/gcc/arm-none-eabi/10.3.1/cc1 -quiet <flags> -o build/emerald/src/mon_markings.o src/mon_markings.c
python3 tools/learnset_helpers/make_teachables.py  --tutors tools/learnset_helpers/build
tools/compresSmol/compresSmol -w build/assets/graphics/interface/mystery_gift_textbox_border.png.4bpp build/assets/graphics/interface/mystery_gift_textbox_border.png.4bpp.smol
tools/compresSmol/compresSmol -w build/assets/graphics/wonder_card/bg1.png.4bpp build/assets/graphics/wonder_card/bg1.png.4bpp.smol
tools/compresSmol/compresSmol -w build/assets/graphics/wonder_card/bg2.png.4bpp build/assets/graphics/wonder_card/bg2.png.4bpp.smol
tools/compresSmol/compresSmol -w build/assets/graphics/wonder_card/bg3.png.4bpp build/assets/graphics/wonder_card/bg3.png.4bpp.smol
tools/compresSmol/compresSmol -w build/assets/graphics/wonder_card/bg7.png.4bpp build/assets/graphics/wonder_card/bg7.png.4bpp.smol
tools/compresSmol/compresSmol -w build/assets/graphics/wonder_card/bg8.png.4bpp build/assets/graphics/wonder_card/bg8.png.4bpp.smol
tools/compresSmol/compresSmol -w build/assets/graphics/wonder_card/stamp_shadow.png.4bpp build/assets/graphics/wonder_card/stamp_shadow.png.4bpp.smol
tools/compresSmol/compresSmol -w build/assets/graphics/wonder_news/bg1.png.4bpp build/assets/graphics/wonder_news/bg1.png.4bpp.smol
tools/compresSmol/compresSmol -w build/assets/graphics/wonder_news/bg2.png.4bpp build/assets/graphics/wonder_news/bg2.png.4bpp.smol
tools/compresSmol/compresSmol -w build/assets/graphics/wonder_news/bg3.png.4bpp build/assets/graphics/wonder_news/bg3.png.4bpp.smol
tools/compresSmol/compresSmol -w build/assets/graphics/wonder_news/bg7.png.4bpp build/assets/graphics/wonder_news/bg7.png.4bpp.smol
tools/compresSmol/compresSmol -w build/assets/graphics/wonder_news/bg8.png.4bpp build/assets/graphics/wonder_news/bg8.png.4bpp.smol
tools/compresSmol/compresSmol -w build/assets/graphics/oak_speech/bg_tiles.png.4bpp build/assets/graphics/oak_speech/bg_tiles.png.4bpp.smol
tools/compresSmol/compresSmol -w build/assets/graphics/oak_speech/leaf/pic.png.8bpp build/assets/graphics/oak_speech/leaf/pic.png.8bpp.smol
/usr/lib/gcc/arm-none-eabi/10.3.1/cc1 -quiet <flags> -o build/emerald/src/naming_screen.o src/naming_screen.c
tools/compresSmol/compresSmol -w build/assets/graphics/oak_speech/oak/pic.png.8bpp build/assets/graphics/oak_speech/oak/pic.png.8bpp.smol
tools/compresSmol/compresSmol -w build/assets/graphics/oak_speech/oak_speech_bg.png.4bpp build/assets/graphics/oak_speech/oak_speech_bg.png.4bpp.smol
tools/compresSmol/compresSmol -w build/assets/graphics/oak_speech/pikachu_intro/body.png.4bpp build/assets/graphics/oak_speech/pikachu_intro/body.png.4bpp.smol
tools/compresSmol/compresSmol -w build/assets/graphics/oak_speech/pikachu_intro/ears.png.4bpp build/assets/graphics/oak_speech/pikachu_intro/ears.png.4bpp.smol
tools/compresSmol/compresSmol -w build/assets/graphics/oak_speech/pikachu_intro/eyes.png.4bpp build/assets/graphics/oak_speech/pikachu_intro/eyes.png.4bpp.smol
tools/compresSmol/compresSmol -w build/assets/graphics/oak_speech/platform.png.4bpp build/assets/graphics/oak_speech/platform.png.4bpp.smol
tools/compresSmol/compresSmol -w build/assets/graphics/oak_speech/red/pic.png.8bpp build/assets/graphics/oak_speech/red/pic.png.8bpp.smol
tools/compresSmol/compresSmol -w build/assets/graphics/oak_speech/rival/pic.png.8bpp build/assets/graphics/oak_speech/rival/pic.png.8bpp.smol
/usr/lib/gcc/arm-none-eabi/10.3.1/cc1 -quiet <flags> -o build/emerald/src/option_menu.o src/option_menu.c
/usr/lib/gcc/arm-none-eabi/10.3.1/cc1 -quiet <flags> -o build/emerald/src/oras_dowse.o src/oras_dowse.c
/usr/lib/gcc/arm-none-eabi/10.3.1/cc1 -quiet <flags> -o build/emerald/src/party_menu.o src/party_menu.c
tools/compresSmol/compresSmol -w build/assets/graphics/pokedex/region_map_affine.png_num_tiles_233__Wnum_tiles.8bpp build/assets/graphics/pokedex/region_map_affine.png_num_tiles_233__Wnum_tiles.8bpp.smol
tools/compresSmol/compresSmol -w build/assets/graphics/pokedex/area_glow.png.4bpp build/assets/graphics/pokedex/area_glow.png.4bpp.smol
/usr/lib/gcc/arm-none-eabi/10.3.1/cc1 -quiet <flags> -o build/emerald/src/pokedex.o src/pokedex.c
tools/compresSmol/compresSmol -w build/assets/graphics/pokedex/cry_meter.png.4bpp build/assets/graphics/pokedex/cry_meter.png.4bpp.smol
tools/compresSmol/compresSmol -w build/assets/graphics/pokedex/hgss/tileset_interface.png.4bpp build/assets/graphics/pokedex/hgss/tileset_interface.png.4bpp.smol
tools/compresSmol/compresSmol -w build/assets/graphics/pokedex/hgss/tileset_interface_DECA.png.4bpp build/assets/graphics/pokedex/hgss/tileset_interface_DECA.png.4bpp.smol
tools/compresSmol/compresSmol -w build/assets/graphics/pokedex/hgss/tileset_menu1.png.4bpp build/assets/graphics/pokedex/hgss/tileset_menu1.png.4bpp.smol
tools/compresSmol/compresSmol -w build/assets/graphics/pokedex/hgss/tileset_menu2.png.4bpp build/assets/graphics/pokedex/hgss/tileset_menu2.png.4bpp.smol
tools/compresSmol/compresSmol -w build/assets/graphics/pokedex/hgss/tileset_menu3.png.4bpp build/assets/graphics/pokedex/hgss/tileset_menu3.png.4bpp.smol
tools/compresSmol/compresSmol -w build/assets/graphics/pokedex/hgss/tileset_menu_list.png.4bpp build/assets/graphics/pokedex/hgss/tileset_menu_list.png.4bpp.smol
tools/compresSmol/compresSmol -w build/assets/graphics/pokedex/hgss/tileset_menu_list_DECA.png.4bpp build/assets/graphics/pokedex/hgss/tileset_menu_list_DECA.png.4bpp.smol
tools/compresSmol/compresSmol -w build/assets/graphics/pokedex/hgss/tileset_menu_search.png.4bpp build/assets/graphics/pokedex/hgss/tileset_menu_search.png.4bpp.smol
tools/compresSmol/compresSmol -w build/assets/graphics/pokedex/hgss/tileset_menu_search_DECA.png.4bpp build/assets/graphics/pokedex/hgss/tileset_menu_search_DECA.png.4bpp.smol
python3 tools/learnset_helpers/make_teachables.py tools/learnset_helpers/build
tools/compresSmol/compresSmol -w build/assets/graphics/pokemon/abomasnow/anim_front.png.4bpp build/assets/graphics/pokemon/abomasnow/anim_front.png.4bpp.smol
tools/compresSmol/compresSmol -w build/assets/graphics/pokemon/abomasnow/anim_frontf.png.4bpp build/assets/graphics/pokemon/abomasnow/anim_frontf.png.4bpp.smol
tools/compresSmol/compresSmol -w build/assets/graphics/pokemon/abomasnow/back.png.4bpp build/assets/graphics/pokemon/abomasnow/back.png.4bpp.smol
tools/compresSmol/compresSmol -w build/assets/graphics/pokemon/abomasnow/mega/back.png.4bpp build/assets/graphics/pokemon/abomasnow/mega/back.png.4bpp.smol
tools/compresSmol/compresSmol -w build/assets/graphics/pokemon/abomasnow/mega/front.png.4bpp build/assets/graphics/pokemon/abomasnow/mega/front.png.4bpp.smol
tools/compresSmol/compresSmol -w build/assets/graphics/pokemon/abomasnow/mega/overworld.png_mwidth_4__mheight_4.4bpp build/assets/graphics/pokemon/abomasnow/mega/overworld.png_mwidth_4__mheight_4.4bpp.smol
tools/compresSmol/compresSmol -w build/assets/graphics/pokemon/abomasnow/overworld.png_mwidth_4__mheight_4.4bpp build/assets/graphics/pokemon/abomasnow/overworld.png_mwidth_4__mheight_4.4bpp.smol
tools/compresSmol/compresSmol -w build/assets/graphics/pokemon/abomasnow/overworldf.png_mwidth_4__mheight_4.4bpp build/assets/graphics/pokemon/abomasnow/overworldf.png_mwidth_4__mheight_4.4bpp.smol
tools/compresSmol/compresSmol -w build/assets/graphics/pokemon/abra/anim_front.png.4bpp build/assets/graphics/pokemon/abra/anim_front.png.4bpp.smol
tools/compresSmol/compresSmol -w build/assets/graphics/pokemon/abra/anim_front_gba.png.4bpp build/assets/graphics/pokemon/abra/anim_front_gba.png.4bpp.smol
tools/compresSmol/compresSmol -w build/assets/graphics/pokemon/abra/back.png.4bpp build/assets/graphics/pokemon/abra/back.png.4bpp.smol
tools/compresSmol/compresSmol -w build/assets/graphics/pokemon/abra/back_gba.png.4bpp build/assets/graphics/pokemon/abra/back_gba.png.4bpp.smol
tools/compresSmol/compresSmol -w build/assets/graphics/pokemon/abra/overworld.png_mwidth_4__mheight_4.4bpp build/assets/graphics/pokemon/abra/overworld.png_mwidth_4__mheight_4.4bpp.smol
tools/compresSmol/compresSmol -w build/assets/graphics/pokemon/absol/anim_front.png.4bpp build/assets/graphics/pokemon/absol/anim_front.png.4bpp.smol
tools/compresSmol/compresSmol -w build/assets/graphics/pokemon/absol/anim_front_gba.png.4bpp build/assets/graphics/pokemon/absol/anim_front_gba.png.4bpp.smol
tools/compresSmol/compresSmol -w build/assets/graphics/pokemon/absol/back.png.4bpp build/assets/graphics/pokemon/absol/back.png.4bpp.smol
tools/compresSmol/compresSmol -w build/assets/graphics/pokemon/absol/back_gba.png.4bpp build/assets/graphics/pokemon/absol/back_gba.png.4bpp.smol
tools/compresSmol/compresSmol -w build/assets/graphics/pokemon/absol/mega/back.png.4bpp build/assets/graphics/pokemon/absol/mega/back.png.4bpp.smol
tools/compresSmol/compresSmol -w build/assets/graphics/pokemon/absol/mega/front.png.4bpp build/assets/graphics/pokemon/absol/mega/front.png.4bpp.smol
tools/compresSmol/compresSmol -w build/assets/graphics/pokemon/absol/mega/overworld.png_mwidth_4__mheight_4.4bpp build/assets/graphics/pokemon/absol/mega/overworld.png_mwidth_4__mheight_4.4bpp.smol
tools/compresSmol/compresSmol -w build/assets/graphics/pokemon/absol/mega_z/back.png.4bpp build/assets/graphics/pokemon/absol/mega_z/back.png.4bpp.smol
tools/compresSmol/compresSmol -w build/assets/graphics/pokemon/absol/mega_z/front.png.4bpp build/assets/graphics/pokemon/absol/mega_z/front.png.4bpp.smol
tools/compresSmol/compresSmol -w build/assets/graphics/pokemon/absol/overworld.png_mwidth_4__mheight_4.4bpp build/assets/graphics/pokemon/absol/overworld.png_mwidth_4__mheight_4.4bpp.smol
tools/compresSmol/compresSmol -w build/assets/graphics/pokemon/accelgor/anim_front.png.4bpp build/assets/graphics/pokemon/accelgor/anim_front.png.4bpp.smol
tools/compresSmol/compresSmol -w build/assets/graphics/pokemon/accelgor/back.png.4bpp build/assets/graphics/pokemon/accelgor/back.png.4bpp.smol
tools/compresSmol/compresSmol -w build/assets/graphics/pokemon/accelgor/overworld.png_mwidth_4__mheight_4.4bpp build/assets/graphics/pokemon/accelgor/overworld.png_mwidth_4__mheight_4.4bpp.smol
tools/compresSmol/compresSmol -w build/assets/graphics/pokemon/aegislash/anim_front.png.4bpp build/assets/graphics/pokemon/aegislash/anim_front.png.4bpp.smol
tools/compresSmol/compresSmol -w build/assets/graphics/pokemon/aegislash/back.png.4bpp build/assets/graphics/pokemon/aegislash/back.png.4bpp.smol
tools/compresSmol/compresSmol -w build/assets/graphics/pokemon/aegislash/blade/anim_front.png.4bpp build/assets/graphics/pokemon/aegislash/blade/anim_front.png.4bpp.smol
tools/compresSmol/compresSmol -w build/assets/graphics/pokemon/aegislash/blade/back.png.4bpp build/assets/graphics/pokemon/aegislash/blade/back.png.4bpp.smol
tools/compresSmol/compresSmol -w build/assets/graphics/pokemon/aegislash/overworld.png_mwidth_4__mheight_4.4bpp build/assets/graphics/pokemon/aegislash/overworld.png_mwidth_4__mheight_4.4bpp.smol
tools/compresSmol/compresSmol -w build/assets/graphics/pokemon/aerodactyl/anim_front.png.4bpp build/assets/graphics/pokemon/aerodactyl/anim_front.png.4bpp.smol
tools/compresSmol/compresSmol -w build/assets/graphics/pokemon/aerodactyl/anim_front_gba.png.4bpp build/assets/graphics/pokemon/aerodactyl/anim_front_gba.png.4bpp.smol
tools/compresSmol/compresSmol -w build/assets/graphics/pokemon/aerodactyl/back.png.4bpp build/assets/graphics/pokemon/aerodactyl/back.png.4bpp.smol
tools/compresSmol/compresSmol -w build/assets/graphics/pokemon/aerodactyl/back_gba.png.4bpp build/assets/graphics/pokemon/aerodactyl/back_gba.png.4bpp.smol
tools/compresSmol/compresSmol -w build/assets/graphics/pokemon/aerodactyl/mega/back.png.4bpp build/assets/graphics/pokemon/aerodactyl/mega/back.png.4bpp.smol
tools/compresSmol/compresSmol -w build/assets/graphics/pokemon/aerodactyl/mega/front.png.4bpp build/assets/graphics/pokemon/aerodactyl/mega/front.png.4bpp.smol
tools/compresSmol/compresSmol -w build/assets/graphics/pokemon/aerodactyl/mega/overworld.png_mwidth_4__mheight_4.4bpp build/assets/graphics/pokemon/aerodactyl/mega/overworld.png_mwidth_4__mheight_4.4bpp.smol
tools/compresSmol/compresSmol -w build/assets/graphics/pokemon/aerodactyl/overworld.png_mwidth_4__mheight_4.4bpp build/assets/graphics/pokemon/aerodactyl/overworld.png_mwidth_4__mheight_4.4bpp.smol
tools/compresSmol/compresSmol -w build/assets/graphics/pokemon/aggron/anim_front.png.4bpp build/assets/graphics/pokemon/aggron/anim_front.png.4bpp.smol
tools/compresSmol/compresSmol -w build/assets/graphics/pokemon/aggron/anim_front_gba.png.4bpp build/assets/graphics/pokemon/aggron/anim_front_gba.png.4bpp.smol
tools/compresSmol/compresSmol -w build/assets/graphics/pokemon/aggron/back.png.4bpp build/assets/graphics/pokemon/aggron/back.png.4bpp.smol
tools/compresSmol/compresSmol -w build/assets/graphics/pokemon/aggron/back_gba.png.4bpp build/assets/graphics/pokemon/aggron/back_gba.png.4bpp.smol
tools/compresSmol/compresSmol -w build/assets/graphics/pokemon/aggron/mega/back.png.4bpp build/assets/graphics/pokemon/aggron/mega/back.png.4bpp.smol
tools/compresSmol/compresSmol -w build/assets/graphics/pokemon/aggron/mega/front.png.4bpp build/assets/graphics/pokemon/aggron/mega/front.png.4bpp.smol
tools/compresSmol/compresSmol -w build/assets/graphics/pokemon/aggron/mega/overworld.png_mwidth_4__mheight_4.4bpp build/assets/graphics/pokemon/aggron/mega/overworld.png_mwidth_4__mheight_4.4bpp.smol
tools/compresSmol/compresSmol -w build/assets/graphics/pokemon/aggron/overworld.png_mwidth_4__mheight_4.4bpp build/assets/graphics/pokemon/aggron/overworld.png_mwidth_4__mheight_4.4bpp.smol
tools/compresSmol/compresSmol -w build/assets/graphics/pokemon/aipom/anim_front.png.4bpp build/assets/graphics/pokemon/aipom/anim_front.png.4bpp.smol
tools/compresSmol/compresSmol -w build/assets/graphics/pokemon/aipom/anim_front_gba.png.4bpp build/assets/graphics/pokemon/aipom/anim_front_gba.png.4bpp.smol
tools/compresSmol/compresSmol -w build/assets/graphics/pokemon/aipom/anim_frontf.png.4bpp build/assets/graphics/pokemon/aipom/anim_frontf.png.4bpp.smol
tools/compresSmol/compresSmol -w build/assets/graphics/pokemon/aipom/back.png.4bpp build/assets/graphics/pokemon/aipom/back.png.4bpp.smol
tools/compresSmol/compresSmol -w build/assets/graphics/pokemon/aipom/back_gba.png.4bpp build/assets/graphics/pokemon/aipom/back_gba.png.4bpp.smol
tools/compresSmol/compresSmol -w build/assets/graphics/pokemon/aipom/backf.png.4bpp build/assets/graphics/pokemon/aipom/backf.png.4bpp.smol
tools/compresSmol/compresSmol -w build/assets/graphics/pokemon/aipom/overworld.png_mwidth_4__mheight_4.4bpp build/assets/graphics/pokemon/aipom/overworld.png_mwidth_4__mheight_4.4bpp.smol
tools/compresSmol/compresSmol -w build/assets/graphics/pokemon/aipom/overworldf.png_mwidth_4__mheight_4.4bpp build/assets/graphics/pokemon/aipom/overworldf.png_mwidth_4__mheight_4.4bpp.smol
tools/compresSmol/compresSmol -w build/assets/graphics/pokemon/alakazam/anim_front.png.4bpp build/assets/graphics/pokemon/alakazam/anim_front.png.4bpp.smol
tools/compresSmol/compresSmol -w build/assets/graphics/pokemon/alakazam/anim_front_gba.png.4bpp build/assets/graphics/pokemon/alakazam/anim_front_gba.png.4bpp.smol
tools/compresSmol/compresSmol -w build/assets/graphics/pokemon/alakazam/anim_frontf.png.4bpp build/assets/graphics/pokemon/alakazam/anim_frontf.png.4bpp.smol
tools/compresSmol/compresSmol -w build/assets/graphics/pokemon/alakazam/back.png.4bpp build/assets/graphics/pokemon/alakazam/back.png.4bpp.smol
tools/compresSmol/compresSmol -w build/assets/graphics/pokemon/alakazam/back_gba.png.4bpp build/assets/graphics/pokemon/alakazam/back_gba.png.4bpp.smol
tools/compresSmol/compresSmol -w build/assets/graphics/pokemon/alakazam/backf.png.4bpp build/assets/graphics/pokemon/alakazam/backf.png.4bpp.smol
tools/compresSmol/compresSmol -w build/assets/graphics/pokemon/alakazam/mega/back.png.4bpp build/assets/graphics/pokemon/alakazam/mega/back.png.4bpp.smol
tools/compresSmol/compresSmol -w build/assets/graphics/pokemon/alakazam/mega/front.png.4bpp build/assets/graphics/pokemon/alakazam/mega/front.png.4bpp.smol
tools/compresSmol/compresSmol -w build/assets/graphics/pokemon/alakazam/mega/overworld.png_mwidth_4__mheight_4.4bpp build/assets/graphics/pokemon/alakazam/mega/overworld.png_mwidth_4__mheight_4.4bpp.smol
tools/compresSmol/compresSmol -w build/assets/graphics/pokemon/alakazam/overworld.png_mwidth_4__mheight_4.4bpp build/assets/graphics/pokemon/alakazam/overworld.png_mwidth_4__mheight_4.4bpp.smol
tools/compresSmol/compresSmol -w build/assets/graphics/pokemon/alakazam/overworldf.png_mwidth_4__mheight_4.4bpp build/assets/graphics/pokemon/alakazam/overworldf.png_mwidth_4__mheight_4.4bpp.smol
tools/compresSmol/compresSmol -w build/assets/graphics/pokemon/alcremie/back.png.4bpp build/assets/graphics/pokemon/alcremie/back.png.4bpp.smol
tools/compresSmol/compresSmol -w build/assets/graphics/pokemon/alcremie/berry/back.png.4bpp build/assets/graphics/pokemon/alcremie/berry/back.png.4bpp.smol
tools/compresSmol/compresSmol -w build/assets/graphics/pokemon/alcremie/berry/front.png.4bpp build/assets/graphics/pokemon/alcremie/berry/front.png.4bpp.smol
tools/compresSmol/compresSmol -w build/assets/graphics/pokemon/alcremie/clover/back.png.4bpp build/assets/graphics/pokemon/alcremie/clover/back.png.4bpp.smol
tools/compresSmol/compresSmol -w build/assets/graphics/pokemon/alcremie/clover/front.png.4bpp build/assets/graphics/pokemon/alcremie/clover/front.png.4bpp.smol
tools/compresSmol/compresSmol -w build/assets/graphics/pokemon/alcremie/flower/back.png.4bpp build/assets/graphics/pokemon/alcremie/flower/back.png.4bpp.smol
tools/compresSmol/compresSmol -w build/assets/graphics/pokemon/alcremie/flower/front.png.4bpp build/assets/graphics/pokemon/alcremie/flower/front.png.4bpp.smol
tools/compresSmol/compresSmol -w build/assets/graphics/pokemon/alcremie/front.png.4bpp build/assets/graphics/pokemon/alcremie/front.png.4bpp.smol
tools/compresSmol/compresSmol -w build/assets/graphics/pokemon/alcremie/gmax/back.png.4bpp build/assets/graphics/pokemon/alcremie/gmax/back.png.4bpp.smol
tools/compresSmol/compresSmol -w build/assets/graphics/pokemon/alcremie/gmax/front.png.4bpp build/assets/graphics/pokemon/alcremie/gmax/front.png.4bpp.smol
tools/compresSmol/compresSmol -w build/assets/graphics/pokemon/alcremie/love/back.png.4bpp build/assets/graphics/pokemon/alcremie/love/back.png.4bpp.smol
tools/compresSmol/compresSmol -w build/assets/graphics/pokemon/alcremie/love/front.png.4bpp build/assets/graphics/pokemon/alcremie/love/front.png.4bpp.smol
tools/compresSmol/compresSmol -w build/assets/graphics/pokemon/alcremie/ribbon/back.png.4bpp build/assets/graphics/pokemon/alcremie/ribbon/back.png.4bpp.smol
tools/compresSmol/compresSmol -w build/assets/graphics/pokemon/alcremie/ribbon/front.png.4bpp build/assets/graphics/pokemon/alcremie/ribbon/front.png.4bpp.smol
tools/compresSmol/compresSmol -w build/assets/graphics/pokemon/alcremie/star/back.png.4bpp build/assets/graphics/pokemon/alcremie/star/back.png.4bpp.smol
tools/compresSmol/compresSmol -w build/assets/graphics/pokemon/alcremie/star/front.png.4bpp build/assets/graphics/pokemon/alcremie/star/front.png.4bpp.smol
tools/compresSmol/compresSmol -w build/assets/graphics/pokemon/alcremie/strawberry/back.png.4bpp build/assets/graphics/pokemon/alcremie/strawberry/back.png.4bpp.smol
tools/compresSmol/compresSmol -w build/assets/graphics/pokemon/alcremie/strawberry/front.png.4bpp build/assets/graphics/pokemon/alcremie/strawberry/front.png.4bpp.smol
tools/compresSmol/compresSmol -w build/assets/graphics/pokemon/alcremie/strawberry/overworld.png_mwidth_4__mheight_4.4bpp build/assets/graphics/pokemon/alcremie/strawberry/overworld.png_mwidth_4__mheight_4.4bpp.smol
tools/compresSmol/compresSmol -w build/assets/graphics/pokemon/alomomola/anim_front.png.4bpp build/assets/graphics/pokemon/alomomola/anim_front.png.4bpp.smol
tools/compresSmol/compresSmol -w build/assets/graphics/pokemon/alomomola/back.png.4bpp build/assets/graphics/pokemon/alomomola/back.png.4bpp.smol
tools/compresSmol/compresSmol -w build/assets/graphics/pokemon/alomomola/overworld.png_mwidth_4__mheight_4.4bpp build/assets/graphics/pokemon/alomomola/overworld.png_mwidth_4__mheight_4.4bpp.smol
tools/compresSmol/compresSmol -w build/assets/graphics/pokemon/altaria/anim_front.png.4bpp build/assets/graphics/pokemon/altaria/anim_front.png.4bpp.smol
tools/compresSmol/compresSmol -w build/assets/graphics/pokemon/altaria/anim_front_gba.png.4bpp build/assets/graphics/pokemon/altaria/anim_front_gba.png.4bpp.smol
tools/compresSmol/compresSmol -w build/assets/graphics/pokemon/altaria/back.png.4bpp build/assets/graphics/pokemon/altaria/back.png.4bpp.smol
tools/compresSmol/compresSmol -w build/assets/graphics/pokemon/altaria/back_gba.png.4bpp build/assets/graphics/pokemon/altaria/back_gba.png.4bpp.smol
tools/compresSmol/compresSmol -w build/assets/graphics/pokemon/altaria/mega/back.png.4bpp build/assets/graphics/pokemon/altaria/mega/back.png.4bpp.smol
tools/compresSmol/compresSmol -w build/assets/graphics/pokemon/altaria/mega/front.png.4bpp build/assets/graphics/pokemon/altaria/mega/front.png.4bpp.smol
tools/compresSmol/compresSmol -w build/assets/graphics/pokemon/altaria/mega/overworld.png_mwidth_4__mheight_4.4bpp build/assets/graphics/pokemon/altaria/mega/overworld.png_mwidth_4__mheight_4.4bpp.smol
tools/compresSmol/compresSmol -w build/assets/graphics/pokemon/altaria/overworld.png_mwidth_4__mheight_4.4bpp build/assets/graphics/pokemon/altaria/overworld.png_mwidth_4__mheight_4.4bpp.smol
tools/compresSmol/compresSmol -w build/assets/graphics/pokemon/amaura/anim_front.png.4bpp build/assets/graphics/pokemon/amaura/anim_front.png.4bpp.smol
tools/compresSmol/compresSmol -w build/assets/graphics/pokemon/amaura/back.png.4bpp build/assets/graphics/pokemon/amaura/back.png.4bpp.smol
tools/compresSmol/compresSmol -w build/assets/graphics/pokemon/amaura/overworld.png_mwidth_4__mheight_4.4bpp build/assets/graphics/pokemon/amaura/overworld.png_mwidth_4__mheight_4.4bpp.smol
tools/compresSmol/compresSmol -w build/assets/graphics/pokemon/ambipom/anim_front.png.4bpp build/assets/graphics/pokemon/ambipom/anim_front.png.4bpp.smol
tools/compresSmol/compresSmol -w build/assets/graphics/pokemon/ambipom/anim_frontf.png.4bpp build/assets/graphics/pokemon/ambipom/anim_frontf.png.4bpp.smol
tools/compresSmol/compresSmol -w build/assets/graphics/pokemon/ambipom/back.png.4bpp build/assets/graphics/pokemon/ambipom/back.png.4bpp.smol
tools/compresSmol/compresSmol -w build/assets/graphics/pokemon/ambipom/backf.png.4bpp build/assets/graphics/pokemon/ambipom/backf.png.4bpp.smol
tools/compresSmol/compresSmol -w build/assets/graphics/pokemon/ambipom/overworld.png_mwidth_4__mheight_4.4bpp build/assets/graphics/pokemon/ambipom/overworld.png_mwidth_4__mheight_4.4bpp.smol
tools/compresSmol/compresSmol -w build/assets/graphics/pokemon/ambipom/overworldf.png_mwidth_4__mheight_4.4bpp build/assets/graphics/pokemon/ambipom/overworldf.png_mwidth_4__mheight_4.4bpp.smol
tools/compresSmol/compresSmol -w build/assets/graphics/pokemon/amoonguss/anim_front.png.4bpp build/assets/graphics/pokemon/amoonguss/anim_front.png.4bpp.smol
tools/compresSmol/compresSmol -w build/assets/graphics/pokemon/amoonguss/back.png.4bpp build/assets/graphics/pokemon/amoonguss/back.png.4bpp.smol
tools/compresSmol/compresSmol -w build/assets/graphics/pokemon/amoonguss/overworld.png_mwidth_4__mheight_4.4bpp build/assets/graphics/pokemon/amoonguss/overworld.png_mwidth_4__mheight_4.4bpp.smol
tools/compresSmol/compresSmol -w build/assets/graphics/pokemon/ampharos/anim_front.png.4bpp build/assets/graphics/pokemon/ampharos/anim_front.png.4bpp.smol
tools/compresSmol/compresSmol -w build/assets/graphics/pokemon/ampharos/anim_front_gba.png.4bpp build/assets/graphics/pokemon/ampharos/anim_front_gba.png.4bpp.smol
tools/compresSmol/compresSmol -w build/assets/graphics/pokemon/ampharos/back.png.4bpp build/assets/graphics/pokemon/ampharos/back.png.4bpp.smol
tools/compresSmol/compresSmol -w build/assets/graphics/pokemon/ampharos/back_gba.png.4bpp build/assets/graphics/pokemon/ampharos/back_gba.png.4bpp.smol
tools/compresSmol/compresSmol -w build/assets/graphics/pokemon/ampharos/mega/back.png.4bpp build/assets/graphics/pokemon/ampharos/mega/back.png.4bpp.smol
tools/compresSmol/compresSmol -w build/assets/graphics/pokemon/ampharos/mega/front.png.4bpp build/assets/graphics/pokemon/ampharos/mega/front.png.4bpp.smol
tools/compresSmol/compresSmol -w build/assets/graphics/pokemon/ampharos/mega/overworld.png_mwidth_4__mheight_4.4bpp build/assets/graphics/pokemon/ampharos/mega/overworld.png_mwidth_4__mheight_4.4bpp.smol
tools/compresSmol/compresSmol -w build/assets/graphics/pokemon/ampharos/overworld.png_mwidth_4__mheight_4.4bpp build/assets/graphics/pokemon/ampharos/overworld.png_mwidth_4__mheight_4.4bpp.smol
tools/compresSmol/compresSmol -w build/assets/graphics/pokemon/annihilape/back.png.4bpp build/assets/graphics/pokemon/annihilape/back.png.4bpp.smol
tools/compresSmol/compresSmol -w build/assets/graphics/pokemon/annihilape/front.png.4bpp build/assets/graphics/pokemon/annihilape/front.png.4bpp.smol
tools/compresSmol/compresSmol -w build/assets/graphics/pokemon/annihilape/overworld.png_mwidth_4__mheight_4.4bpp build/assets/graphics/pokemon/annihilape/overworld.png_mwidth_4__mheight_4.4bpp.smol
tools/compresSmol/compresSmol -w build/assets/graphics/pokemon/anorith/anim_front.png.4bpp build/assets/graphics/pokemon/anorith/anim_front.png.4bpp.smol
tools/compresSmol/compresSmol -w build/assets/graphics/pokemon/anorith/anim_front_gba.png.4bpp build/assets/graphics/pokemon/anorith/anim_front_gba.png.4bpp.smol
tools/compresSmol/compresSmol -w build/assets/graphics/pokemon/anorith/back.png.4bpp build/assets/graphics/pokemon/anorith/back.png.4bpp.smol
tools/compresSmol/compresSmol -w build/assets/graphics/pokemon/anorith/back_gba.png.4bpp build/assets/graphics/pokemon/anorith/back_gba.png.4bpp.smol
tools/compresSmol/compresSmol -w build/assets/graphics/pokemon/anorith/overworld.png_mwidth_4__mheight_4.4bpp build/assets/graphics/pokemon/anorith/overworld.png_mwidth_4__mheight_4.4bpp.smol
tools/compresSmol/compresSmol -w build/assets/graphics/pokemon/appletun/anim_front.png.4bpp build/assets/graphics/pokemon/appletun/anim_front.png.4bpp.smol
tools/compresSmol/compresSmol -w build/assets/graphics/pokemon/appletun/back.png.4bpp build/assets/graphics/pokemon/appletun/back.png.4bpp.smol
tools/compresSmol/compresSmol -w build/assets/graphics/pokemon/appletun/gmax/back.png.4bpp build/assets/graphics/pokemon/appletun/gmax/back.png.4bpp.smol
tools/compresSmol/compresSmol -w build/assets/graphics/pokemon/appletun/gmax/front.png.4bpp build/assets/graphics/pokemon/appletun/gmax/front.png.4bpp.smol
tools/compresSmol/compresSmol -w build/assets/graphics/pokemon/appletun/overworld.png_mwidth_4__mheight_4.4bpp build/assets/graphics/pokemon/appletun/overworld.png_mwidth_4__mheight_4.4bpp.smol
tools/compresSmol/compresSmol -w build/assets/graphics/pokemon/applin/anim_front.png.4bpp build/assets/graphics/pokemon/applin/anim_front.png.4bpp.smol
tools/compresSmol/compresSmol -w build/assets/graphics/pokemon/applin/back.png.4bpp build/assets/graphics/pokemon/applin/back.png.4bpp.smol
tools/compresSmol/compresSmol -w build/assets/graphics/pokemon/applin/overworld.png_mwidth_4__mheight_4.4bpp build/assets/graphics/pokemon/applin/overworld.png_mwidth_4__mheight_4.4bpp.smol
tools/compresSmol/compresSmol -w build/assets/graphics/pokemon/araquanid/anim_front.png.4bpp build/assets/graphics/pokemon/araquanid/anim_front.png.4bpp.smol
tools/compresSmol/compresSmol -w build/assets/graphics/pokemon/araquanid/back.png.4bpp build/assets/graphics/pokemon/araquanid/back.png.4bpp.smol
tools/compresSmol/compresSmol -w build/assets/graphics/pokemon/araquanid/overworld.png_mwidth_4__mheight_4.4bpp build/assets/graphics/pokemon/araquanid/overworld.png_mwidth_4__mheight_4.4bpp.smol
tools/compresSmol/compresSmol -w build/assets/graphics/pokemon/arbok/anim_front.png.4bpp build/assets/graphics/pokemon/arbok/anim_front.png.4bpp.smol
tools/compresSmol/compresSmol -w build/assets/graphics/pokemon/arbok/anim_front_gba.png.4bpp build/assets/graphics/pokemon/arbok/anim_front_gba.png.4bpp.smol
tools/compresSmol/compresSmol -w build/assets/graphics/pokemon/arbok/back.png.4bpp build/assets/graphics/pokemon/arbok/back.png.4bpp.smol
tools/compresSmol/compresSmol -w build/assets/graphics/pokemon/arbok/back_gba.png.4bpp build/assets/graphics/pokemon/arbok/back_gba.png.4bpp.smol
tools/compresSmol/compresSmol -w build/assets/graphics/pokemon/arbok/overworld.png_mwidth_4__mheight_4.4bpp build/assets/graphics/pokemon/arbok/overworld.png_mwidth_4__mheight_4.4bpp.smol
tools/compresSmol/compresSmol -w build/assets/graphics/pokemon/arboliva/back.png.4bpp build/assets/graphics/pokemon/arboliva/back.png.4bpp.smol
tools/compresSmol/compresSmol -w build/assets/graphics/pokemon/arboliva/front.png.4bpp build/assets/graphics/pokemon/arboliva/front.png.4bpp.smol
tools/compresSmol/compresSmol -w build/assets/graphics/pokemon/arboliva/overworld.png_mwidth_4__mheight_4.4bpp build/assets/graphics/pokemon/arboliva/overworld.png_mwidth_4__mheight_4.4bpp.smol
tools/compresSmol/compresSmol -w build/assets/graphics/pokemon/arcanine/anim_front.png.4bpp build/assets/graphics/pokemon/arcanine/anim_front.png.4bpp.smol
tools/compresSmol/compresSmol -w build/assets/graphics/pokemon/arcanine/anim_front_gba.png.4bpp build/assets/graphics/pokemon/arcanine/anim_front_gba.png.4bpp.smol
tools/compresSmol/compresSmol -w build/assets/graphics/pokemon/arcanine/back.png.4bpp build/assets/graphics/pokemon/arcanine/back.png.4bpp.smol
tools/compresSmol/compresSmol -w build/assets/graphics/pokemon/arcanine/back_gba.png.4bpp build/assets/graphics/pokemon/arcanine/back_gba.png.4bpp.smol
tools/compresSmol/compresSmol -w build/assets/graphics/pokemon/arcanine/hisui/back.png.4bpp build/assets/graphics/pokemon/arcanine/hisui/back.png.4bpp.smol
tools/compresSmol/compresSmol -w build/assets/graphics/pokemon/arcanine/hisui/front.png.4bpp build/assets/graphics/pokemon/arcanine/hisui/front.png.4bpp.smol
tools/compresSmol/compresSmol -w build/assets/graphics/pokemon/arcanine/hisui/overworld.png_mwidth_4__mheight_4.4bpp build/assets/graphics/pokemon/arcanine/hisui/overworld.png_mwidth_4__mheight_4.4bpp.smol
tools/compresSmol/compresSmol -w build/assets/graphics/pokemon/arcanine/overworld.png_mwidth_4__mheight_4.4bpp build/assets/graphics/pokemon/arcanine/overworld.png_mwidth_4__mheight_4.4bpp.smol
tools/compresSmol/compresSmol -w build/assets/graphics/pokemon/arceus/anim_front.png.4bpp build/assets/graphics/pokemon/arceus/anim_front.png.4bpp.smol
tools/compresSmol/compresSmol -w build/assets/graphics/pokemon/arceus/back.png.4bpp build/assets/graphics/pokemon/arceus/back.png.4bpp.smol
tools/compresSmol/compresSmol -w build/assets/graphics/pokemon/arceus/overworld.png_mwidth_8__mheight_8.4bpp build/assets/graphics/pokemon/arceus/overworld.png_mwidth_8__mheight_8.4bpp.smol
tools/compresSmol/compresSmol -w build/assets/graphics/pokemon/archaludon/back.png.4bpp build/assets/graphics/pokemon/archaludon/back.png.4bpp.smol
tools/compresSmol/compresSmol -w build/assets/graphics/pokemon/archaludon/front.png.4bpp build/assets/graphics/pokemon/archaludon/front.png.4bpp.smol
tools/compresSmol/compresSmol -w build/assets/graphics/pokemon/archaludon/overworld.png_mwidth_4__mheight_4.4bpp build/assets/graphics/pokemon/archaludon/overworld.png_mwidth_4__mheight_4.4bpp.smol
tools/compresSmol/compresSmol -w build/assets/graphics/pokemon/archen/anim_front.png.4bpp build/assets/graphics/pokemon/archen/anim_front.png.4bpp.smol
tools/compresSmol/compresSmol -w build/assets/graphics/pokemon/archen/back.png.4bpp build/assets/graphics/pokemon/archen/back.png.4bpp.smol
tools/compresSmol/compresSmol -w build/assets/graphics/pokemon/archen/overworld.png_mwidth_4__mheight_4.4bpp build/assets/graphics/pokemon/archen/overworld.png_mwidth_4__mheight_4.4bpp.smol
tools/compresSmol/compresSmol -w build/assets/graphics/pokemon/archeops/anim_front.png.4bpp build/assets/graphics/pokemon/archeops/anim_front.png.4bpp.smol
tools/compresSmol/compresSmol -w build/assets/graphics/pokemon/archeops/back.png.4bpp build/assets/graphics/pokemon/archeops/back.png.4bpp.smol
tools/compresSmol/compresSmol -w build/assets/graphics/pokemon/archeops/overworld.png_mwidth_4__mheight_4.4bpp build/assets/graphics/pokemon/archeops/overworld.png_mwidth_4__mheight_4.4bpp.smol
tools/compresSmol/compresSmol -w build/assets/graphics/pokemon/arctibax/back.png.4bpp build/assets/graphics/pokemon/arctibax/back.png.4bpp.smol
tools/compresSmol/compresSmol -w build/assets/graphics/pokemon/arctibax/front.png.4bpp build/assets/graphics/pokemon/arctibax/front.png.4bpp.smol
tools/compresSmol/compresSmol -w build/assets/graphics/pokemon/arctibax/overworld.png_mwidth_4__mheight_4.4bpp build/assets/graphics/pokemon/arctibax/overworld.png_mwidth_4__mheight_4.4bpp.smol
tools/compresSmol/compresSmol -w build/assets/graphics/pokemon/arctovish/back.png.4bpp build/assets/graphics/pokemon/arctovish/back.png.4bpp.smol
tools/compresSmol/compresSmol -w build/assets/graphics/pokemon/arctovish/front.png.4bpp build/assets/graphics/pokemon/arctovish/front.png.4bpp.smol
tools/compresSmol/compresSmol -w build/assets/graphics/pokemon/arctovish/overworld.png_mwidth_4__mheight_4.4bpp build/assets/graphics/pokemon/arctovish/overworld.png_mwidth_4__mheight_4.4bpp.smol
tools/compresSmol/compresSmol -w build/assets/graphics/pokemon/arctozolt/back.png.4bpp build/assets/graphics/pokemon/arctozolt/back.png.4bpp.smol
tools/compresSmol/compresSmol -w build/assets/graphics/pokemon/arctozolt/front.png.4bpp build/assets/graphics/pokemon/arctozolt/front.png.4bpp.smol
tools/compresSmol/compresSmol -w build/assets/graphics/pokemon/arctozolt/overworld.png_mwidth_4__mheight_4.4bpp build/assets/graphics/pokemon/arctozolt/overworld.png_mwidth_4__mheight_4.4bpp.smol
tools/compresSmol/compresSmol -w build/assets/graphics/pokemon/ariados/anim_front.png.4bpp build/assets/graphics/pokemon/ariados/anim_front.png.4bpp.smol
tools/compresSmol/compresSmol -w build/assets/graphics/pokemon/ariados/anim_front_gba.png.4bpp build/assets/graphics/pokemon/ariados/anim_front_gba.png.4bpp.smol
tools/compresSmol/compresSmol -w build/assets/graphics/pokemon/ariados/back.png.4bpp build/assets/graphics/pokemon/ariados/back.png.4bpp.smol
tools/compresSmol/compresSmol -w build/assets/graphics/pokemon/ariados/back_gba.png.4bpp build/assets/graphics/pokemon/ariados/back_gba.png.4bpp.smol
tools/compresSmol/compresSmol -w build/assets/graphics/pokemon/ariados/overworld.png_mwidth_4__mheight_4.4bpp build/assets/graphics/pokemon/ariados/overworld.png_mwidth_4__mheight_4.4bpp.smol
tools/compresSmol/compresSmol -w build/assets/graphics/pokemon/armaldo/anim_front.png.4bpp build/assets/graphics/pokemon/armaldo/anim_front.png.4bpp.smol
tools/compresSmol/compresSmol -w build/assets/graphics/pokemon/armaldo/anim_front_gba.png.4bpp build/assets/graphics/pokemon/armaldo/anim_front_gba.png.4bpp.smol
tools/compresSmol/compresSmol -w build/assets/graphics/pokemon/armaldo/back.png.4bpp build/assets/graphics/pokemon/armaldo/back.png.4bpp.smol
tools/compresSmol/compresSmol -w build/assets/graphics/pokemon/armaldo/back_gba.png.4bpp build/assets/graphics/pokemon/armaldo/back_gba.png.4bpp.smol
tools/compresSmol/compresSmol -w build/assets/graphics/pokemon/armaldo/overworld.png_mwidth_4__mheight_4.4bpp build/assets/graphics/pokemon/armaldo/overworld.png_mwidth_4__mheight_4.4bpp.smol
tools/compresSmol/compresSmol -w build/assets/graphics/pokemon/armarouge/back.png.4bpp build/assets/graphics/pokemon/armarouge/back.png.4bpp.smol
tools/compresSmol/compresSmol -w build/assets/graphics/pokemon/armarouge/front.png.4bpp build/assets/graphics/pokemon/armarouge/front.png.4bpp.smol
tools/compresSmol/compresSmol -w build/assets/graphics/pokemon/armarouge/overworld.png_mwidth_4__mheight_4.4bpp build/assets/graphics/pokemon/armarouge/overworld.png_mwidth_4__mheight_4.4bpp.smol
tools/compresSmol/compresSmol -w build/assets/graphics/pokemon/aromatisse/anim_front.png.4bpp build/assets/graphics/pokemon/aromatisse/anim_front.png.4bpp.smol
tools/compresSmol/compresSmol -w build/assets/graphics/pokemon/aromatisse/back.png.4bpp build/assets/graphics/pokemon/aromatisse/back.png.4bpp.smol
tools/compresSmol/compresSmol -w build/assets/graphics/pokemon/aromatisse/overworld.png_mwidth_4__mheight_4.4bpp build/assets/graphics/pokemon/aromatisse/overworld.png_mwidth_4__mheight_4.4bpp.smol
tools/compresSmol/compresSmol -w build/assets/graphics/pokemon/aron/anim_front.png.4bpp build/assets/graphics/pokemon/aron/anim_front.png.4bpp.smol
tools/compresSmol/compresSmol -w build/assets/graphics/pokemon/aron/anim_front_gba.png.4bpp build/assets/graphics/pokemon/aron/anim_front_gba.png.4bpp.smol
tools/compresSmol/compresSmol -w build/assets/graphics/pokemon/aron/back.png.4bpp build/assets/graphics/pokemon/aron/back.png.4bpp.smol
tools/compresSmol/compresSmol -w build/assets/graphics/pokemon/aron/back_gba.png.4bpp build/assets/graphics/pokemon/aron/back_gba.png.4bpp.smol
tools/compresSmol/compresSmol -w build/assets/graphics/pokemon/aron/overworld.png_mwidth_4__mheight_4.4bpp build/assets/graphics/pokemon/aron/overworld.png_mwidth_4__mheight_4.4bpp.smol
tools/compresSmol/compresSmol -w build/assets/graphics/pokemon/arrokuda/back.png.4bpp build/assets/graphics/pokemon/arrokuda/back.png.4bpp.smol
tools/compresSmol/compresSmol -w build/assets/graphics/pokemon/arrokuda/front.png.4bpp build/assets/graphics/pokemon/arrokuda/front.png.4bpp.smol
tools/compresSmol/compresSmol -w build/assets/graphics/pokemon/arrokuda/overworld.png_mwidth_4__mheight_4.4bpp build/assets/graphics/pokemon/arrokuda/overworld.png_mwidth_4__mheight_4.4bpp.smol
tools/compresSmol/compresSmol -w build/assets/graphics/pokemon/articuno/anim_front.png.4bpp build/assets/graphics/pokemon/articuno/anim_front.png.4bpp.smol
tools/compresSmol/compresSmol -w build/assets/graphics/pokemon/articuno/anim_front_gba.png.4bpp build/assets/graphics/pokemon/articuno/anim_front_gba.png.4bpp.smol
tools/compresSmol/compresSmol -w build/assets/graphics/pokemon/articuno/back.png.4bpp build/assets/graphics/pokemon/articuno/back.png.4bpp.smol
tools/compresSmol/compresSmol -w build/assets/graphics/pokemon/articuno/back_gba.png.4bpp build/assets/graphics/pokemon/articuno/back_gba.png.4bpp.smol
tools/compresSmol/compresSmol -w build/assets/graphics/pokemon/articuno/galar/back.png.4bpp build/assets/graphics/pokemon/articuno/galar/back.png.4bpp.smol
tools/compresSmol/compresSmol -w build/assets/graphics/pokemon/articuno/galar/front.png.4bpp build/assets/graphics/pokemon/articuno/galar/front.png.4bpp.smol
tools/compresSmol/compresSmol -w build/assets/graphics/pokemon/articuno/galar/overworld.png_mwidth_4__mheight_4.4bpp build/assets/graphics/pokemon/articuno/galar/overworld.png_mwidth_4__mheight_4.4bpp.smol
tools/compresSmol/compresSmol -w build/assets/graphics/pokemon/articuno/overworld.png_mwidth_4__mheight_4.4bpp build/assets/graphics/pokemon/articuno/overworld.png_mwidth_4__mheight_4.4bpp.smol
tools/compresSmol/compresSmol -w build/assets/graphics/pokemon/audino/anim_front.png.4bpp build/assets/graphics/pokemon/audino/anim_front.png.4bpp.smol
tools/compresSmol/compresSmol -w build/assets/graphics/pokemon/audino/back.png.4bpp build/assets/graphics/pokemon/audino/back.png.4bpp.smol
tools/compresSmol/compresSmol -w build/assets/graphics/pokemon/audino/mega/back.png.4bpp build/assets/graphics/pokemon/audino/mega/back.png.4bpp.smol
tools/compresSmol/compresSmol -w build/assets/graphics/pokemon/audino/mega/front.png.4bpp build/assets/graphics/pokemon/audino/mega/front.png.4bpp.smol
tools/compresSmol/compresSmol -w build/assets/graphics/pokemon/audino/mega/overworld.png_mwidth_4__mheight_4.4bpp build/assets/graphics/pokemon/audino/mega/overworld.png_mwidth_4__mheight_4.4bpp.smol
tools/compresSmol/compresSmol -w build/assets/graphics/pokemon/audino/overworld.png_mwidth_4__mheight_4.4bpp build/assets/graphics/pokemon/audino/overworld.png_mwidth_4__mheight_4.4bpp.smol
tools/compresSmol/compresSmol -w build/assets/graphics/pokemon/aurorus/anim_front.png.4bpp build/assets/graphics/pokemon/aurorus/anim_front.png.4bpp.smol
tools/compresSmol/compresSmol -w build/assets/graphics/pokemon/aurorus/back.png.4bpp build/assets/graphics/pokemon/aurorus/back.png.4bpp.smol
tools/compresSmol/compresSmol -w build/assets/graphics/pokemon/aurorus/overworld.png_mwidth_4__mheight_4.4bpp build/assets/graphics/pokemon/aurorus/overworld.png_mwidth_4__mheight_4.4bpp.smol
tools/compresSmol/compresSmol -w build/assets/graphics/pokemon/avalugg/anim_front.png.4bpp build/assets/graphics/pokemon/avalugg/anim_front.png.4bpp.smol
tools/compresSmol/compresSmol -w build/assets/graphics/pokemon/avalugg/back.png.4bpp build/assets/graphics/pokemon/avalugg/back.png.4bpp.smol
tools/compresSmol/compresSmol -w build/assets/graphics/pokemon/avalugg/hisui/back.png.4bpp build/assets/graphics/pokemon/avalugg/hisui/back.png.4bpp.smol
tools/compresSmol/compresSmol -w build/assets/graphics/pokemon/avalugg/hisui/front.png.4bpp build/assets/graphics/pokemon/avalugg/hisui/front.png.4bpp.smol
tools/compresSmol/compresSmol -w build/assets/graphics/pokemon/avalugg/hisui/overworld.png_mwidth_4__mheight_4.4bpp build/assets/graphics/pokemon/avalugg/hisui/overworld.png_mwidth_4__mheight_4.4bpp.smol
tools/compresSmol/compresSmol -w build/assets/graphics/pokemon/avalugg/overworld.png_mwidth_4__mheight_4.4bpp build/assets/graphics/pokemon/avalugg/overworld.png_mwidth_4__mheight_4.4bpp.smol
tools/compresSmol/compresSmol -w build/assets/graphics/pokemon/axew/anim_front.png.4bpp build/assets/graphics/pokemon/axew/anim_front.png.4bpp.smol
tools/compresSmol/compresSmol -w build/assets/graphics/pokemon/axew/back.png.4bpp build/assets/graphics/pokemon/axew/back.png.4bpp.smol
tools/compresSmol/compresSmol -w build/assets/graphics/pokemon/axew/overworld.png_mwidth_4__mheight_4.4bpp build/assets/graphics/pokemon/axew/overworld.png_mwidth_4__mheight_4.4bpp.smol
tools/compresSmol/compresSmol -w build/assets/graphics/pokemon/azelf/anim_front.png.4bpp build/assets/graphics/pokemon/azelf/anim_front.png.4bpp.smol
tools/compresSmol/compresSmol -w build/assets/graphics/pokemon/azelf/back.png.4bpp build/assets/graphics/pokemon/azelf/back.png.4bpp.smol
tools/compresSmol/compresSmol -w build/assets/graphics/pokemon/azelf/overworld.png_mwidth_4__mheight_4.4bpp build/assets/graphics/pokemon/azelf/overworld.png_mwidth_4__mheight_4.4bpp.smol
tools/compresSmol/compresSmol -w build/assets/graphics/pokemon/azumarill/anim_front.png.4bpp build/assets/graphics/pokemon/azumarill/anim_front.png.4bpp.smol
tools/compresSmol/compresSmol -w build/assets/graphics/pokemon/azumarill/anim_front_gba.png.4bpp build/assets/graphics/pokemon/azumarill/anim_front_gba.png.4bpp.smol
tools/compresSmol/compresSmol -w build/assets/graphics/pokemon/azumarill/back.png.4bpp build/assets/graphics/pokemon/azumarill/back.png.4bpp.smol
tools/compresSmol/compresSmol -w build/assets/graphics/pokemon/azumarill/back_gba.png.4bpp build/assets/graphics/pokemon/azumarill/back_gba.png.4bpp.smol
tools/compresSmol/compresSmol -w build/assets/graphics/pokemon/azumarill/overworld.png_mwidth_4__mheight_4.4bpp build/assets/graphics/pokemon/azumarill/overworld.png_mwidth_4__mheight_4.4bpp.smol
tools/compresSmol/compresSmol -w build/assets/graphics/pokemon/azurill/anim_front.png.4bpp build/assets/graphics/pokemon/azurill/anim_front.png.4bpp.smol
tools/compresSmol/compresSmol -w build/assets/graphics/pokemon/azurill/anim_front_gba.png.4bpp build/assets/graphics/pokemon/azurill/anim_front_gba.png.4bpp.smol
tools/compresSmol/compresSmol -w build/assets/graphics/pokemon/azurill/back.png.4bpp build/assets/graphics/pokemon/azurill/back.png.4bpp.smol
tools/compresSmol/compresSmol -w build/assets/graphics/pokemon/azurill/back_gba.png.4bpp build/assets/graphics/pokemon/azurill/back_gba.png.4bpp.smol
tools/compresSmol/compresSmol -w build/assets/graphics/pokemon/azurill/overworld.png_mwidth_4__mheight_4.4bpp build/assets/graphics/pokemon/azurill/overworld.png_mwidth_4__mheight_4.4bpp.smol
tools/compresSmol/compresSmol -w build/assets/graphics/pokemon/bagon/anim_front.png.4bpp build/assets/graphics/pokemon/bagon/anim_front.png.4bpp.smol
tools/compresSmol/compresSmol -w build/assets/graphics/pokemon/bagon/anim_front_gba.png.4bpp build/assets/graphics/pokemon/bagon/anim_front_gba.png.4bpp.smol
tools/compresSmol/compresSmol -w build/assets/graphics/pokemon/bagon/back.png.4bpp build/assets/graphics/pokemon/bagon/back.png.4bpp.smol
tools/compresSmol/compresSmol -w build/assets/graphics/pokemon/bagon/back_gba.png.4bpp build/assets/graphics/pokemon/bagon/back_gba.png.4bpp.smol
tools/compresSmol/compresSmol -w build/assets/graphics/pokemon/bagon/overworld.png_mwidth_4__mheight_4.4bpp build/assets/graphics/pokemon/bagon/overworld.png_mwidth_4__mheight_4.4bpp.smol
tools/compresSmol/compresSmol -w build/assets/graphics/pokemon/baltoy/anim_front.png.4bpp build/assets/graphics/pokemon/baltoy/anim_front.png.4bpp.smol
tools/compresSmol/compresSmol -w build/assets/graphics/pokemon/baltoy/anim_front_gba.png.4bpp build/assets/graphics/pokemon/baltoy/anim_front_gba.png.4bpp.smol
tools/compresSmol/compresSmol -w build/assets/graphics/pokemon/baltoy/back.png.4bpp build/assets/graphics/pokemon/baltoy/back.png.4bpp.smol
tools/compresSmol/compresSmol -w build/assets/graphics/pokemon/baltoy/back_gba.png.4bpp build/assets/graphics/pokemon/baltoy/back_gba.png.4bpp.smol
tools/compresSmol/compresSmol -w build/assets/graphics/pokemon/baltoy/overworld.png_mwidth_4__mheight_4.4bpp build/assets/graphics/pokemon/baltoy/overworld.png_mwidth_4__mheight_4.4bpp.smol
tools/compresSmol/compresSmol -w build/assets/graphics/pokemon/banette/anim_front.png.4bpp build/assets/graphics/pokemon/banette/anim_front.png.4bpp.smol
tools/compresSmol/compresSmol -w build/assets/graphics/pokemon/banette/anim_front_gba.png.4bpp build/assets/graphics/pokemon/banette/anim_front_gba.png.4bpp.smol
tools/compresSmol/compresSmol -w build/assets/graphics/pokemon/banette/back.png.4bpp build/assets/graphics/pokemon/banette/back.png.4bpp.smol
tools/compresSmol/compresSmol -w build/assets/graphics/pokemon/banette/back_gba.png.4bpp build/assets/graphics/pokemon/banette/back_gba.png.4bpp.smol
tools/compresSmol/compresSmol -w build/assets/graphics/pokemon/banette/mega/back.png.4bpp build/assets/graphics/pokemon/banette/mega/back.png.4bpp.smol
tools/compresSmol/compresSmol -w build/assets/graphics/pokemon/banette/mega/front.png.4bpp build/assets/graphics/pokemon/banette/mega/front.png.4bpp.smol
tools/compresSmol/compresSmol -w build/assets/graphics/pokemon/banette/mega/overworld.png_mwidth_4__mheight_4.4bpp build/assets/graphics/pokemon/banette/mega/overworld.png_mwidth_4__mheight_4.4bpp.smol
tools/compresSmol/compresSmol -w build/assets/graphics/pokemon/banette/overworld.png_mwidth_4__mheight_4.4bpp build/assets/graphics/pokemon/banette/overworld.png_mwidth_4__mheight_4.4bpp.smol
tools/compresSmol/compresSmol -w build/assets/graphics/pokemon/barbaracle/anim_front.png.4bpp build/assets/graphics/pokemon/barbaracle/anim_front.png.4bpp.smol
tools/compresSmol/compresSmol -w build/assets/graphics/pokemon/barbaracle/back.png.4bpp build/assets/graphics/pokemon/barbaracle/back.png.4bpp.smol
tools/compresSmol/compresSmol -w build/assets/graphics/pokemon/barbaracle/mega/back.png.4bpp build/assets/graphics/pokemon/barbaracle/mega/back.png.4bpp.smol
tools/compresSmol/compresSmol -w build/assets/graphics/pokemon/barbaracle/mega/front.png.4bpp build/assets/graphics/pokemon/barbaracle/mega/front.png.4bpp.smol
tools/compresSmol/compresSmol -w build/assets/graphics/pokemon/barbaracle/overworld.png_mwidth_4__mheight_4.4bpp build/assets/graphics/pokemon/barbaracle/overworld.png_mwidth_4__mheight_4.4bpp.smol
tools/compresSmol/compresSmol -w build/assets/graphics/pokemon/barboach/anim_front.png.4bpp build/assets/graphics/pokemon/barboach/anim_front.png.4bpp.smol
tools/compresSmol/compresSmol -w build/assets/graphics/pokemon/barboach/anim_front_gba.png.4bpp build/assets/graphics/pokemon/barboach/anim_front_gba.png.4bpp.smol
tools/compresSmol/compresSmol -w build/assets/graphics/pokemon/barboach/back.png.4bpp build/assets/graphics/pokemon/barboach/back.png.4bpp.smol
tools/compresSmol/compresSmol -w build/assets/graphics/pokemon/barboach/back_gba.png.4bpp build/assets/graphics/pokemon/barboach/back_gba.png.4bpp.smol
tools/compresSmol/compresSmol -w build/assets/graphics/pokemon/barboach/overworld.png_mwidth_4__mheight_4.4bpp build/assets/graphics/pokemon/barboach/overworld.png_mwidth_4__mheight_4.4bpp.smol
tools/compresSmol/compresSmol -w build/assets/graphics/pokemon/barraskewda/back.png.4bpp build/assets/graphics/pokemon/barraskewda/back.png.4bpp.smol
tools/compresSmol/compresSmol -w build/assets/graphics/pokemon/barraskewda/front.png.4bpp build/assets/graphics/pokemon/barraskewda/front.png.4bpp.smol
tools/compresSmol/compresSmol -w build/assets/graphics/pokemon/barraskewda/overworld.png_mwidth_4__mheight_4.4bpp build/assets/graphics/pokemon/barraskewda/overworld.png_mwidth_4__mheight_4.4bpp.smol
tools/compresSmol/compresSmol -w build/assets/graphics/pokemon/basculegion/back.png.4bpp build/assets/graphics/pokemon/basculegion/back.png.4bpp.smol
tools/compresSmol/compresSmol -w build/assets/graphics/pokemon/basculegion/f/back.png.4bpp build/assets/graphics/pokemon/basculegion/f/back.png.4bpp.smol
tools/compresSmol/compresSmol -w build/assets/graphics/pokemon/basculegion/f/front.png.4bpp build/assets/graphics/pokemon/basculegion/f/front.png.4bpp.smol
tools/compresSmol/compresSmol -w build/assets/graphics/pokemon/basculegion/f/overworld.png_mwidth_4__mheight_4.4bpp build/assets/graphics/pokemon/basculegion/f/overworld.png_mwidth_4__mheight_4.4bpp.smol
tools/compresSmol/compresSmol -w build/assets/graphics/pokemon/basculegion/front.png.4bpp build/assets/graphics/pokemon/basculegion/front.png.4bpp.smol
tools/compresSmol/compresSmol -w build/assets/graphics/pokemon/basculegion/overworld.png_mwidth_4__mheight_4.4bpp build/assets/graphics/pokemon/basculegion/overworld.png_mwidth_4__mheight_4.4bpp.smol
tools/compresSmol/compresSmol -w build/assets/graphics/pokemon/basculin/anim_front.png.4bpp build/assets/graphics/pokemon/basculin/anim_front.png.4bpp.smol
tools/compresSmol/compresSmol -w build/assets/graphics/pokemon/basculin/back.png.4bpp build/assets/graphics/pokemon/basculin/back.png.4bpp.smol
tools/compresSmol/compresSmol -w build/assets/graphics/pokemon/basculin/blue_striped/anim_front.png.4bpp build/assets/graphics/pokemon/basculin/blue_striped/anim_front.png.4bpp.smol
tools/compresSmol/compresSmol -w build/assets/graphics/pokemon/basculin/blue_striped/back.png.4bpp build/assets/graphics/pokemon/basculin/blue_striped/back.png.4bpp.smol
tools/compresSmol/compresSmol -w build/assets/graphics/pokemon/basculin/blue_striped/overworld.png_mwidth_4__mheight_4.4bpp build/assets/graphics/pokemon/basculin/blue_striped/overworld.png_mwidth_4__mheight_4.4bpp.smol
tools/compresSmol/compresSmol -w build/assets/graphics/pokemon/basculin/overworld.png_mwidth_4__mheight_4.4bpp build/assets/graphics/pokemon/basculin/overworld.png_mwidth_4__mheight_4.4bpp.smol
tools/compresSmol/compresSmol -w build/assets/graphics/pokemon/basculin/white_striped/anim_front.png.4bpp build/assets/graphics/pokemon/basculin/white_striped/anim_front.png.4bpp.smol
tools/compresSmol/compresSmol -w build/assets/graphics/pokemon/basculin/white_striped/back.png.4bpp build/assets/graphics/pokemon/basculin/white_striped/back.png.4bpp.smol
tools/compresSmol/compresSmol -w build/assets/graphics/pokemon/basculin/white_striped/overworld.png_mwidth_4__mheight_4.4bpp build/assets/graphics/pokemon/basculin/white_striped/overworld.png_mwidth_4__mheight_4.4bpp.smol
tools/compresSmol/compresSmol -w build/assets/graphics/pokemon/bastiodon/anim_front.png.4bpp build/assets/graphics/pokemon/bastiodon/anim_front.png.4bpp.smol
tools/compresSmol/compresSmol -w build/assets/graphics/pokemon/bastiodon/back.png.4bpp build/assets/graphics/pokemon/bastiodon/back.png.4bpp.smol
tools/compresSmol/compresSmol -w build/assets/graphics/pokemon/bastiodon/overworld.png_mwidth_4__mheight_4.4bpp build/assets/graphics/pokemon/bastiodon/overworld.png_mwidth_4__mheight_4.4bpp.smol
tools/compresSmol/compresSmol -w build/assets/graphics/pokemon/baxcalibur/back.png.4bpp build/assets/graphics/pokemon/baxcalibur/back.png.4bpp.smol
tools/compresSmol/compresSmol -w build/assets/graphics/pokemon/baxcalibur/front.png.4bpp build/assets/graphics/pokemon/baxcalibur/front.png.4bpp.smol
tools/compresSmol/compresSmol -w build/assets/graphics/pokemon/baxcalibur/mega/back.png.4bpp build/assets/graphics/pokemon/baxcalibur/mega/back.png.4bpp.smol
tools/compresSmol/compresSmol -w build/assets/graphics/pokemon/baxcalibur/mega/front.png.4bpp build/assets/graphics/pokemon/baxcalibur/mega/front.png.4bpp.smol
tools/compresSmol/compresSmol -w build/assets/graphics/pokemon/baxcalibur/overworld.png_mwidth_4__mheight_4.4bpp build/assets/graphics/pokemon/baxcalibur/overworld.png_mwidth_4__mheight_4.4bpp.smol
tools/compresSmol/compresSmol -w build/assets/graphics/pokemon/bayleef/anim_front.png.4bpp build/assets/graphics/pokemon/bayleef/anim_front.png.4bpp.smol
tools/compresSmol/compresSmol -w build/assets/graphics/pokemon/bayleef/anim_front_gba.png.4bpp build/assets/graphics/pokemon/bayleef/anim_front_gba.png.4bpp.smol
tools/compresSmol/compresSmol -w build/assets/graphics/pokemon/bayleef/back.png.4bpp build/assets/graphics/pokemon/bayleef/back.png.4bpp.smol
tools/compresSmol/compresSmol -w build/assets/graphics/pokemon/bayleef/back_gba.png.4bpp build/assets/graphics/pokemon/bayleef/back_gba.png.4bpp.smol
tools/compresSmol/compresSmol -w build/assets/graphics/pokemon/bayleef/overworld.png_mwidth_4__mheight_4.4bpp build/assets/graphics/pokemon/bayleef/overworld.png_mwidth_4__mheight_4.4bpp.smol
tools/compresSmol/compresSmol -w build/assets/graphics/pokemon/beartic/anim_front.png.4bpp build/assets/graphics/pokemon/beartic/anim_front.png.4bpp.smol
tools/compresSmol/compresSmol -w build/assets/graphics/pokemon/beartic/back.png.4bpp build/assets/graphics/pokemon/beartic/back.png.4bpp.smol
tools/compresSmol/compresSmol -w build/assets/graphics/pokemon/beartic/overworld.png_mwidth_4__mheight_4.4bpp build/assets/graphics/pokemon/beartic/overworld.png_mwidth_4__mheight_4.4bpp.smol
tools/compresSmol/compresSmol -w build/assets/graphics/pokemon/beautifly/anim_front.png.4bpp build/assets/graphics/pokemon/beautifly/anim_front.png.4bpp.smol
tools/compresSmol/compresSmol -w build/assets/graphics/pokemon/beautifly/anim_front_gba.png.4bpp build/assets/graphics/pokemon/beautifly/anim_front_gba.png.4bpp.smol
tools/compresSmol/compresSmol -w build/assets/graphics/pokemon/beautifly/anim_frontf.png.4bpp build/assets/graphics/pokemon/beautifly/anim_frontf.png.4bpp.smol
tools/compresSmol/compresSmol -w build/assets/graphics/pokemon/beautifly/back.png.4bpp build/assets/graphics/pokemon/beautifly/back.png.4bpp.smol
tools/compresSmol/compresSmol -w build/assets/graphics/pokemon/beautifly/back_gba.png.4bpp build/assets/graphics/pokemon/beautifly/back_gba.png.4bpp.smol
tools/compresSmol/compresSmol -w build/assets/graphics/pokemon/beautifly/backf.png.4bpp build/assets/graphics/pokemon/beautifly/backf.png.4bpp.smol
tools/compresSmol/compresSmol -w build/assets/graphics/pokemon/beautifly/overworld.png_mwidth_4__mheight_4.4bpp build/assets/graphics/pokemon/beautifly/overworld.png_mwidth_4__mheight_4.4bpp.smol
tools/compresSmol/compresSmol -w build/assets/graphics/pokemon/beautifly/overworldf.png_mwidth_4__mheight_4.4bpp build/assets/graphics/pokemon/beautifly/overworldf.png_mwidth_4__mheight_4.4bpp.smol
tools/compresSmol/compresSmol -w build/assets/graphics/pokemon/beedrill/anim_front.png.4bpp build/assets/graphics/pokemon/beedrill/anim_front.png.4bpp.smol
tools/compresSmol/compresSmol -w build/assets/graphics/pokemon/beedrill/anim_front_gba.png.4bpp build/assets/graphics/pokemon/beedrill/anim_front_gba.png.4bpp.smol
tools/compresSmol/compresSmol -w build/assets/graphics/pokemon/beedrill/back.png.4bpp build/assets/graphics/pokemon/beedrill/back.png.4bpp.smol
tools/compresSmol/compresSmol -w build/assets/graphics/pokemon/beedrill/back_gba.png.4bpp build/assets/graphics/pokemon/beedrill/back_gba.png.4bpp.smol
tools/compresSmol/compresSmol -w build/assets/graphics/pokemon/beedrill/mega/back.png.4bpp build/assets/graphics/pokemon/beedrill/mega/back.png.4bpp.smol
tools/compresSmol/compresSmol -w build/assets/graphics/pokemon/beedrill/mega/front.png.4bpp build/assets/graphics/pokemon/beedrill/mega/front.png.4bpp.smol
tools/compresSmol/compresSmol -w build/assets/graphics/pokemon/beedrill/mega/overworld.png_mwidth_4__mheight_4.4bpp build/assets/graphics/pokemon/beedrill/mega/overworld.png_mwidth_4__mheight_4.4bpp.smol
tools/compresSmol/compresSmol -w build/assets/graphics/pokemon/beedrill/overworld.png_mwidth_4__mheight_4.4bpp build/assets/graphics/pokemon/beedrill/overworld.png_mwidth_4__mheight_4.4bpp.smol
tools/compresSmol/compresSmol -w build/assets/graphics/pokemon/beheeyem/anim_front.png.4bpp build/assets/graphics/pokemon/beheeyem/anim_front.png.4bpp.smol
tools/compresSmol/compresSmol -w build/assets/graphics/pokemon/beheeyem/back.png.4bpp build/assets/graphics/pokemon/beheeyem/back.png.4bpp.smol
tools/compresSmol/compresSmol -w build/assets/graphics/pokemon/beheeyem/overworld.png_mwidth_4__mheight_4.4bpp build/assets/graphics/pokemon/beheeyem/overworld.png_mwidth_4__mheight_4.4bpp.smol
tools/compresSmol/compresSmol -w build/assets/graphics/pokemon/beldum/anim_front.png.4bpp build/assets/graphics/pokemon/beldum/anim_front.png.4bpp.smol
tools/compresSmol/compresSmol -w build/assets/graphics/pokemon/beldum/anim_front_gba.png.4bpp build/assets/graphics/pokemon/beldum/anim_front_gba.png.4bpp.smol
tools/compresSmol/compresSmol -w build/assets/graphics/pokemon/beldum/back.png.4bpp build/assets/graphics/pokemon/beldum/back.png.4bpp.smol
tools/compresSmol/compresSmol -w build/assets/graphics/pokemon/beldum/back_gba.png.4bpp build/assets/graphics/pokemon/beldum/back_gba.png.4bpp.smol
tools/compresSmol/compresSmol -w build/assets/graphics/pokemon/beldum/overworld.png_mwidth_4__mheight_4.4bpp build/assets/graphics/pokemon/beldum/overworld.png_mwidth_4__mheight_4.4bpp.smol
tools/compresSmol/compresSmol -w build/assets/graphics/pokemon/bellibolt/back.png.4bpp build/assets/graphics/pokemon/bellibolt/back.png.4bpp.smol
tools/compresSmol/compresSmol -w build/assets/graphics/pokemon/bellibolt/front.png.4bpp build/assets/graphics/pokemon/bellibolt/front.png.4bpp.smol
tools/compresSmol/compresSmol -w build/assets/graphics/pokemon/bellibolt/overworld.png_mwidth_4__mheight_4.4bpp build/assets/graphics/pokemon/bellibolt/overworld.png_mwidth_4__mheight_4.4bpp.smol
tools/compresSmol/compresSmol -w build/assets/graphics/pokemon/bellossom/anim_front.png.4bpp build/assets/graphics/pokemon/bellossom/anim_front.png.4bpp.smol
tools/compresSmol/compresSmol -w build/assets/graphics/pokemon/bellossom/anim_front_gba.png.4bpp build/assets/graphics/pokemon/bellossom/anim_front_gba.png.4bpp.smol
tools/compresSmol/compresSmol -w build/assets/graphics/pokemon/bellossom/back.png.4bpp build/assets/graphics/pokemon/bellossom/back.png.4bpp.smol
tools/compresSmol/compresSmol -w build/assets/graphics/pokemon/bellossom/back_gba.png.4bpp build/assets/graphics/pokemon/bellossom/back_gba.png.4bpp.smol
tools/compresSmol/compresSmol -w build/assets/graphics/pokemon/bellossom/overworld.png_mwidth_4__mheight_4.4bpp build/assets/graphics/pokemon/bellossom/overworld.png_mwidth_4__mheight_4.4bpp.smol
tools/compresSmol/compresSmol -w build/assets/graphics/pokemon/bellsprout/anim_front.png.4bpp build/assets/graphics/pokemon/bellsprout/anim_front.png.4bpp.smol
tools/compresSmol/compresSmol -w build/assets/graphics/pokemon/bellsprout/anim_front_gba.png.4bpp build/assets/graphics/pokemon/bellsprout/anim_front_gba.png.4bpp.smol
tools/compresSmol/compresSmol -w build/assets/graphics/pokemon/bellsprout/back.png.4bpp build/assets/graphics/pokemon/bellsprout/back.png.4bpp.smol
tools/compresSmol/compresSmol -w build/assets/graphics/pokemon/bellsprout/back_gba.png.4bpp build/assets/graphics/pokemon/bellsprout/back_gba.png.4bpp.smol
tools/compresSmol/compresSmol -w build/assets/graphics/pokemon/bellsprout/overworld.png_mwidth_4__mheight_4.4bpp build/assets/graphics/pokemon/bellsprout/overworld.png_mwidth_4__mheight_4.4bpp.smol
tools/compresSmol/compresSmol -w build/assets/graphics/pokemon/bergmite/anim_front.png.4bpp build/assets/graphics/pokemon/bergmite/anim_front.png.4bpp.smol
tools/compresSmol/compresSmol -w build/assets/graphics/pokemon/bergmite/back.png.4bpp build/assets/graphics/pokemon/bergmite/back.png.4bpp.smol
tools/compresSmol/compresSmol -w build/assets/graphics/pokemon/bergmite/overworld.png_mwidth_4__mheight_4.4bpp build/assets/graphics/pokemon/bergmite/overworld.png_mwidth_4__mheight_4.4bpp.smol
tools/compresSmol/compresSmol -w build/assets/graphics/pokemon/bewear/anim_front.png.4bpp build/assets/graphics/pokemon/bewear/anim_front.png.4bpp.smol
tools/compresSmol/compresSmol -w build/assets/graphics/pokemon/bewear/back.png.4bpp build/assets/graphics/pokemon/bewear/back.png.4bpp.smol
tools/compresSmol/compresSmol -w build/assets/graphics/pokemon/bewear/overworld.png_mwidth_4__mheight_4.4bpp build/assets/graphics/pokemon/bewear/overworld.png_mwidth_4__mheight_4.4bpp.smol
tools/compresSmol/compresSmol -w build/assets/graphics/pokemon/bibarel/anim_front.png.4bpp build/assets/graphics/pokemon/bibarel/anim_front.png.4bpp.smol
tools/compresSmol/compresSmol -w build/assets/graphics/pokemon/bibarel/anim_frontf.png.4bpp build/assets/graphics/pokemon/bibarel/anim_frontf.png.4bpp.smol
tools/compresSmol/compresSmol -w build/assets/graphics/pokemon/bibarel/back.png.4bpp build/assets/graphics/pokemon/bibarel/back.png.4bpp.smol
tools/compresSmol/compresSmol -w build/assets/graphics/pokemon/bibarel/overworld.png_mwidth_4__mheight_4.4bpp build/assets/graphics/pokemon/bibarel/overworld.png_mwidth_4__mheight_4.4bpp.smol
tools/compresSmol/compresSmol -w build/assets/graphics/pokemon/bibarel/overworldf.png_mwidth_4__mheight_4.4bpp build/assets/graphics/pokemon/bibarel/overworldf.png_mwidth_4__mheight_4.4bpp.smol
tools/compresSmol/compresSmol -w build/assets/graphics/pokemon/bidoof/anim_front.png.4bpp build/assets/graphics/pokemon/bidoof/anim_front.png.4bpp.smol
tools/compresSmol/compresSmol -w build/assets/graphics/pokemon/bidoof/anim_frontf.png.4bpp build/assets/graphics/pokemon/bidoof/anim_frontf.png.4bpp.smol
tools/compresSmol/compresSmol -w build/assets/graphics/pokemon/bidoof/back.png.4bpp build/assets/graphics/pokemon/bidoof/back.png.4bpp.smol
tools/compresSmol/compresSmol -w build/assets/graphics/pokemon/bidoof/backf.png.4bpp build/assets/graphics/pokemon/bidoof/backf.png.4bpp.smol
tools/compresSmol/compresSmol -w build/assets/graphics/pokemon/bidoof/overworld.png_mwidth_4__mheight_4.4bpp build/assets/graphics/pokemon/bidoof/overworld.png_mwidth_4__mheight_4.4bpp.smol
tools/compresSmol/compresSmol -w build/assets/graphics/pokemon/bidoof/overworldf.png_mwidth_4__mheight_4.4bpp build/assets/graphics/pokemon/bidoof/overworldf.png_mwidth_4__mheight_4.4bpp.smol
tools/compresSmol/compresSmol -w build/assets/graphics/pokemon/binacle/anim_front.png.4bpp build/assets/graphics/pokemon/binacle/anim_front.png.4bpp.smol
tools/compresSmol/compresSmol -w build/assets/graphics/pokemon/binacle/back.png.4bpp build/assets/graphics/pokemon/binacle/back.png.4bpp.smol
tools/compresSmol/compresSmol -w build/assets/graphics/pokemon/binacle/overworld.png_mwidth_4__mheight_4.4bpp build/assets/graphics/pokemon/binacle/overworld.png_mwidth_4__mheight_4.4bpp.smol
tools/compresSmol/compresSmol -w build/assets/graphics/pokemon/bisharp/anim_front.png.4bpp build/assets/graphics/pokemon/bisharp/anim_front.png.4bpp.smol
tools/compresSmol/compresSmol -w build/assets/graphics/pokemon/bisharp/back.png.4bpp build/assets/graphics/pokemon/bisharp/back.png.4bpp.smol
tools/compresSmol/compresSmol -w build/assets/graphics/pokemon/bisharp/overworld.png_mwidth_4__mheight_4.4bpp build/assets/graphics/pokemon/bisharp/overworld.png_mwidth_4__mheight_4.4bpp.smol
tools/compresSmol/compresSmol -w build/assets/graphics/pokemon/blacephalon/back.png.4bpp build/assets/graphics/pokemon/blacephalon/back.png.4bpp.smol
tools/compresSmol/compresSmol -w build/assets/graphics/pokemon/blacephalon/front.png.4bpp build/assets/graphics/pokemon/blacephalon/front.png.4bpp.smol
tools/compresSmol/compresSmol -w build/assets/graphics/pokemon/blacephalon/overworld.png_mwidth_4__mheight_4.4bpp build/assets/graphics/pokemon/blacephalon/overworld.png_mwidth_4__mheight_4.4bpp.smol
tools/compresSmol/compresSmol -w build/assets/graphics/pokemon/blastoise/anim_front.png.4bpp build/assets/graphics/pokemon/blastoise/anim_front.png.4bpp.smol
tools/compresSmol/compresSmol -w build/assets/graphics/pokemon/blastoise/anim_front_gba.png.4bpp build/assets/graphics/pokemon/blastoise/anim_front_gba.png.4bpp.smol
tools/compresSmol/compresSmol -w build/assets/graphics/pokemon/blastoise/back.png.4bpp build/assets/graphics/pokemon/blastoise/back.png.4bpp.smol
tools/compresSmol/compresSmol -w build/assets/graphics/pokemon/blastoise/back_gba.png.4bpp build/assets/graphics/pokemon/blastoise/back_gba.png.4bpp.smol
tools/compresSmol/compresSmol -w build/assets/graphics/pokemon/blastoise/gmax/back.png.4bpp build/assets/graphics/pokemon/blastoise/gmax/back.png.4bpp.smol
tools/compresSmol/compresSmol -w build/assets/graphics/pokemon/blastoise/gmax/front.png.4bpp build/assets/graphics/pokemon/blastoise/gmax/front.png.4bpp.smol
tools/compresSmol/compresSmol -w build/assets/graphics/pokemon/blastoise/mega/back.png.4bpp build/assets/graphics/pokemon/blastoise/mega/back.png.4bpp.smol
tools/compresSmol/compresSmol -w build/assets/graphics/pokemon/blastoise/mega/front.png.4bpp build/assets/graphics/pokemon/blastoise/mega/front.png.4bpp.smol
tools/compresSmol/compresSmol -w build/assets/graphics/pokemon/blastoise/mega/overworld.png_mwidth_4__mheight_4.4bpp build/assets/graphics/pokemon/blastoise/mega/overworld.png_mwidth_4__mheight_4.4bpp.smol
tools/compresSmol/compresSmol -w build/assets/graphics/pokemon/blastoise/overworld.png_mwidth_4__mheight_4.4bpp build/assets/graphics/pokemon/blastoise/overworld.png_mwidth_4__mheight_4.4bpp.smol
tools/compresSmol/compresSmol -w build/assets/graphics/pokemon/blaziken/anim_front.png.4bpp build/assets/graphics/pokemon/blaziken/anim_front.png.4bpp.smol
tools/compresSmol/compresSmol -w build/assets/graphics/pokemon/blaziken/anim_front_gba.png.4bpp build/assets/graphics/pokemon/blaziken/anim_front_gba.png.4bpp.smol
tools/compresSmol/compresSmol -w build/assets/graphics/pokemon/blaziken/anim_frontf.png.4bpp build/assets/graphics/pokemon/blaziken/anim_frontf.png.4bpp.smol
tools/compresSmol/compresSmol -w build/assets/graphics/pokemon/blaziken/back.png.4bpp build/assets/graphics/pokemon/blaziken/back.png.4bpp.smol
tools/compresSmol/compresSmol -w build/assets/graphics/pokemon/blaziken/back_gba.png.4bpp build/assets/graphics/pokemon/blaziken/back_gba.png.4bpp.smol
tools/compresSmol/compresSmol -w build/assets/graphics/pokemon/blaziken/backf.png.4bpp build/assets/graphics/pokemon/blaziken/backf.png.4bpp.smol
tools/compresSmol/compresSmol -w build/assets/graphics/pokemon/blaziken/mega/back.png.4bpp build/assets/graphics/pokemon/blaziken/mega/back.png.4bpp.smol
tools/compresSmol/compresSmol -w build/assets/graphics/pokemon/blaziken/mega/front.png.4bpp build/assets/graphics/pokemon/blaziken/mega/front.png.4bpp.smol
tools/compresSmol/compresSmol -w build/assets/graphics/pokemon/blaziken/mega/overworld.png_mwidth_4__mheight_4.4bpp build/assets/graphics/pokemon/blaziken/mega/overworld.png_mwidth_4__mheight_4.4bpp.smol
tools/compresSmol/compresSmol -w build/assets/graphics/pokemon/blaziken/overworld.png_mwidth_4__mheight_4.4bpp build/assets/graphics/pokemon/blaziken/overworld.png_mwidth_4__mheight_4.4bpp.smol
tools/compresSmol/compresSmol -w build/assets/graphics/pokemon/blaziken/overworldf.png_mwidth_4__mheight_4.4bpp build/assets/graphics/pokemon/blaziken/overworldf.png_mwidth_4__mheight_4.4bpp.smol
tools/compresSmol/compresSmol -w build/assets/graphics/pokemon/blipbug/back.png.4bpp build/assets/graphics/pokemon/blipbug/back.png.4bpp.smol
tools/compresSmol/compresSmol -w build/assets/graphics/pokemon/blipbug/front.png.4bpp build/assets/graphics/pokemon/blipbug/front.png.4bpp.smol
tools/compresSmol/compresSmol -w build/assets/graphics/pokemon/blipbug/overworld.png_mwidth_4__mheight_4.4bpp build/assets/graphics/pokemon/blipbug/overworld.png_mwidth_4__mheight_4.4bpp.smol
tools/compresSmol/compresSmol -w build/assets/graphics/pokemon/blissey/anim_front.png.4bpp build/assets/graphics/pokemon/blissey/anim_front.png.4bpp.smol
tools/compresSmol/compresSmol -w build/assets/graphics/pokemon/blissey/anim_front_gba.png.4bpp build/assets/graphics/pokemon/blissey/anim_front_gba.png.4bpp.smol
tools/compresSmol/compresSmol -w build/assets/graphics/pokemon/blissey/back.png.4bpp build/assets/graphics/pokemon/blissey/back.png.4bpp.smol
tools/compresSmol/compresSmol -w build/assets/graphics/pokemon/blissey/back_gba.png.4bpp build/assets/graphics/pokemon/blissey/back_gba.png.4bpp.smol
tools/compresSmol/compresSmol -w build/assets/graphics/pokemon/blissey/overworld.png_mwidth_4__mheight_4.4bpp build/assets/graphics/pokemon/blissey/overworld.png_mwidth_4__mheight_4.4bpp.smol
tools/compresSmol/compresSmol -w build/assets/graphics/pokemon/blitzle/anim_front.png.4bpp build/assets/graphics/pokemon/blitzle/anim_front.png.4bpp.smol
tools/compresSmol/compresSmol -w build/assets/graphics/pokemon/blitzle/back.png.4bpp build/assets/graphics/pokemon/blitzle/back.png.4bpp.smol
tools/compresSmol/compresSmol -w build/assets/graphics/pokemon/blitzle/overworld.png_mwidth_4__mheight_4.4bpp build/assets/graphics/pokemon/blitzle/overworld.png_mwidth_4__mheight_4.4bpp.smol
tools/compresSmol/compresSmol -w build/assets/graphics/pokemon/boldore/anim_front.png.4bpp build/assets/graphics/pokemon/boldore/anim_front.png.4bpp.smol
tools/compresSmol/compresSmol -w build/assets/graphics/pokemon/boldore/back.png.4bpp build/assets/graphics/pokemon/boldore/back.png.4bpp.smol
tools/compresSmol/compresSmol -w build/assets/graphics/pokemon/boldore/overworld.png_mwidth_4__mheight_4.4bpp build/assets/graphics/pokemon/boldore/overworld.png_mwidth_4__mheight_4.4bpp.smol
tools/compresSmol/compresSmol -w build/assets/graphics/pokemon/boltund/back.png.4bpp build/assets/graphics/pokemon/boltund/back.png.4bpp.smol
tools/compresSmol/compresSmol -w build/assets/graphics/pokemon/boltund/front.png.4bpp build/assets/graphics/pokemon/boltund/front.png.4bpp.smol
tools/compresSmol/compresSmol -w build/assets/graphics/pokemon/boltund/overworld.png_mwidth_4__mheight_4.4bpp build/assets/graphics/pokemon/boltund/overworld.png_mwidth_4__mheight_4.4bpp.smol
tools/compresSmol/compresSmol -w build/assets/graphics/pokemon/bombirdier/back.png.4bpp build/assets/graphics/pokemon/bombirdier/back.png.4bpp.smol
tools/compresSmol/compresSmol -w build/assets/graphics/pokemon/bombirdier/front.png.4bpp build/assets/graphics/pokemon/bombirdier/front.png.4bpp.smol
tools/compresSmol/compresSmol -w build/assets/graphics/pokemon/bombirdier/overworld.png_mwidth_4__mheight_4.4bpp build/assets/graphics/pokemon/bombirdier/overworld.png_mwidth_4__mheight_4.4bpp.smol
tools/compresSmol/compresSmol -w build/assets/graphics/pokemon/bonsly/anim_front.png.4bpp build/assets/graphics/pokemon/bonsly/anim_front.png.4bpp.smol
tools/compresSmol/compresSmol -w build/assets/graphics/pokemon/bonsly/back.png.4bpp build/assets/graphics/pokemon/bonsly/back.png.4bpp.smol
tools/compresSmol/compresSmol -w build/assets/graphics/pokemon/bonsly/overworld.png_mwidth_4__mheight_4.4bpp build/assets/graphics/pokemon/bonsly/overworld.png_mwidth_4__mheight_4.4bpp.smol
tools/compresSmol/compresSmol -w build/assets/graphics/pokemon/bouffalant/anim_front.png.4bpp build/assets/graphics/pokemon/bouffalant/anim_front.png.4bpp.smol
tools/compresSmol/compresSmol -w build/assets/graphics/pokemon/bouffalant/back.png.4bpp build/assets/graphics/pokemon/bouffalant/back.png.4bpp.smol
tools/compresSmol/compresSmol -w build/assets/graphics/pokemon/bouffalant/overworld.png_mwidth_4__mheight_4.4bpp build/assets/graphics/pokemon/bouffalant/overworld.png_mwidth_4__mheight_4.4bpp.smol
tools/compresSmol/compresSmol -w build/assets/graphics/pokemon/bounsweet/back.png.4bpp build/assets/graphics/pokemon/bounsweet/back.png.4bpp.smol
tools/compresSmol/compresSmol -w build/assets/graphics/pokemon/bounsweet/front.png.4bpp build/assets/graphics/pokemon/bounsweet/front.png.4bpp.smol
tools/compresSmol/compresSmol -w build/assets/graphics/pokemon/bounsweet/overworld.png_mwidth_4__mheight_4.4bpp build/assets/graphics/pokemon/bounsweet/overworld.png_mwidth_4__mheight_4.4bpp.smol
tools/compresSmol/compresSmol -w build/assets/graphics/pokemon/braixen/anim_front.png.4bpp build/assets/graphics/pokemon/braixen/anim_front.png.4bpp.smol
tools/compresSmol/compresSmol -w build/assets/graphics/pokemon/braixen/back.png.4bpp build/assets/graphics/pokemon/braixen/back.png.4bpp.smol
tools/compresSmol/compresSmol -w build/assets/graphics/pokemon/braixen/overworld.png_mwidth_4__mheight_4.4bpp build/assets/graphics/pokemon/braixen/overworld.png_mwidth_4__mheight_4.4bpp.smol
tools/compresSmol/compresSmol -w build/assets/graphics/pokemon/brambleghast/back.png.4bpp build/assets/graphics/pokemon/brambleghast/back.png.4bpp.smol
tools/compresSmol/compresSmol -w build/assets/graphics/pokemon/brambleghast/front.png.4bpp build/assets/graphics/pokemon/brambleghast/front.png.4bpp.smol
tools/compresSmol/compresSmol -w build/assets/graphics/pokemon/brambleghast/overworld.png_mwidth_4__mheight_4.4bpp build/assets/graphics/pokemon/brambleghast/overworld.png_mwidth_4__mheight_4.4bpp.smol
tools/compresSmol/compresSmol -w build/assets/graphics/pokemon/bramblin/back.png.4bpp build/assets/graphics/pokemon/bramblin/back.png.4bpp.smol
tools/compresSmol/compresSmol -w build/assets/graphics/pokemon/bramblin/front.png.4bpp build/assets/graphics/pokemon/bramblin/front.png.4bpp.smol
tools/compresSmol/compresSmol -w build/assets/graphics/pokemon/bramblin/overworld.png_mwidth_4__mheight_4.4bpp build/assets/graphics/pokemon/bramblin/overworld.png_mwidth_4__mheight_4.4bpp.smol
tools/compresSmol/compresSmol -w build/assets/graphics/pokemon/braviary/anim_front.png.4bpp build/assets/graphics/pokemon/braviary/anim_front.png.4bpp.smol
tools/compresSmol/compresSmol -w build/assets/graphics/pokemon/braviary/back.png.4bpp build/assets/graphics/pokemon/braviary/back.png.4bpp.smol
tools/compresSmol/compresSmol -w build/assets/graphics/pokemon/braviary/hisui/back.png.4bpp build/assets/graphics/pokemon/braviary/hisui/back.png.4bpp.smol
tools/compresSmol/compresSmol -w build/assets/graphics/pokemon/braviary/hisui/front.png.4bpp build/assets/graphics/pokemon/braviary/hisui/front.png.4bpp.smol
tools/compresSmol/compresSmol -w build/assets/graphics/pokemon/braviary/hisui/overworld.png_mwidth_4__mheight_4.4bpp build/assets/graphics/pokemon/braviary/hisui/overworld.png_mwidth_4__mheight_4.4bpp.smol
tools/compresSmol/compresSmol -w build/assets/graphics/pokemon/braviary/overworld.png_mwidth_4__mheight_4.4bpp build/assets/graphics/pokemon/braviary/overworld.png_mwidth_4__mheight_4.4bpp.smol
tools/compresSmol/compresSmol -w build/assets/graphics/pokemon/breloom/anim_front.png.4bpp build/assets/graphics/pokemon/breloom/anim_front.png.4bpp.smol
tools/compresSmol/compresSmol -w build/assets/graphics/pokemon/breloom/anim_front_gba.png.4bpp build/assets/graphics/pokemon/breloom/anim_front_gba.png.4bpp.smol
tools/compresSmol/compresSmol -w build/assets/graphics/pokemon/breloom/back.png.4bpp build/assets/graphics/pokemon/breloom/back.png.4bpp.smol
tools/compresSmol/compresSmol -w build/assets/graphics/pokemon/breloom/back_gba.png.4bpp build/assets/graphics/pokemon/breloom/back_gba.png.4bpp.smol
tools/compresSmol/compresSmol -w build/assets/graphics/pokemon/breloom/overworld.png_mwidth_4__mheight_4.4bpp build/assets/graphics/pokemon/breloom/overworld.png_mwidth_4__mheight_4.4bpp.smol
tools/compresSmol/compresSmol -w build/assets/graphics/pokemon/brionne/back.png.4bpp build/assets/graphics/pokemon/brionne/back.png.4bpp.smol
tools/compresSmol/compresSmol -w build/assets/graphics/pokemon/brionne/front.png.4bpp build/assets/graphics/pokemon/brionne/front.png.4bpp.smol
tools/compresSmol/compresSmol -w build/assets/graphics/pokemon/brionne/overworld.png_mwidth_4__mheight_4.4bpp build/assets/graphics/pokemon/brionne/overworld.png_mwidth_4__mheight_4.4bpp.smol
tools/compresSmol/compresSmol -w build/assets/graphics/pokemon/bronzong/anim_front.png.4bpp build/assets/graphics/pokemon/bronzong/anim_front.png.4bpp.smol
tools/compresSmol/compresSmol -w build/assets/graphics/pokemon/bronzong/back.png.4bpp build/assets/graphics/pokemon/bronzong/back.png.4bpp.smol
tools/compresSmol/compresSmol -w build/assets/graphics/pokemon/bronzong/overworld.png_mwidth_4__mheight_4.4bpp build/assets/graphics/pokemon/bronzong/overworld.png_mwidth_4__mheight_4.4bpp.smol
tools/compresSmol/compresSmol -w build/assets/graphics/pokemon/bronzor/anim_front.png.4bpp build/assets/graphics/pokemon/bronzor/anim_front.png.4bpp.smol
tools/compresSmol/compresSmol -w build/assets/graphics/pokemon/bronzor/back.png.4bpp build/assets/graphics/pokemon/bronzor/back.png.4bpp.smol
tools/compresSmol/compresSmol -w build/assets/graphics/pokemon/bronzor/overworld.png_mwidth_4__mheight_4.4bpp build/assets/graphics/pokemon/bronzor/overworld.png_mwidth_4__mheight_4.4bpp.smol
tools/compresSmol/compresSmol -w build/assets/graphics/pokemon/brute_bonnet/back.png.4bpp build/assets/graphics/pokemon/brute_bonnet/back.png.4bpp.smol
tools/compresSmol/compresSmol -w build/assets/graphics/pokemon/brute_bonnet/front.png.4bpp build/assets/graphics/pokemon/brute_bonnet/front.png.4bpp.smol
tools/compresSmol/compresSmol -w build/assets/graphics/pokemon/brute_bonnet/overworld.png_mwidth_4__mheight_4.4bpp build/assets/graphics/pokemon/brute_bonnet/overworld.png_mwidth_4__mheight_4.4bpp.smol
tools/compresSmol/compresSmol -w build/assets/graphics/pokemon/bruxish/back.png.4bpp build/assets/graphics/pokemon/bruxish/back.png.4bpp.smol
tools/compresSmol/compresSmol -w build/assets/graphics/pokemon/bruxish/front.png.4bpp build/assets/graphics/pokemon/bruxish/front.png.4bpp.smol
tools/compresSmol/compresSmol -w build/assets/graphics/pokemon/bruxish/overworld.png_mwidth_4__mheight_4.4bpp build/assets/graphics/pokemon/bruxish/overworld.png_mwidth_4__mheight_4.4bpp.smol
tools/compresSmol/compresSmol -w build/assets/graphics/pokemon/budew/anim_front.png.4bpp build/assets/graphics/pokemon/budew/anim_front.png.4bpp.smol
tools/compresSmol/compresSmol -w build/assets/graphics/pokemon/budew/back.png.4bpp build/assets/graphics/pokemon/budew/back.png.4bpp.smol
tools/compresSmol/compresSmol -w build/assets/graphics/pokemon/budew/overworld.png_mwidth_4__mheight_4.4bpp build/assets/graphics/pokemon/budew/overworld.png_mwidth_4__mheight_4.4bpp.smol
tools/compresSmol/compresSmol -w build/assets/graphics/pokemon/buizel/anim_front.png.4bpp build/assets/graphics/pokemon/buizel/anim_front.png.4bpp.smol
tools/compresSmol/compresSmol -w build/assets/graphics/pokemon/buizel/back.png.4bpp build/assets/graphics/pokemon/buizel/back.png.4bpp.smol
tools/compresSmol/compresSmol -w build/assets/graphics/pokemon/buizel/backf.png.4bpp build/assets/graphics/pokemon/buizel/backf.png.4bpp.smol
tools/compresSmol/compresSmol -w build/assets/graphics/pokemon/buizel/overworld.png_mwidth_4__mheight_4.4bpp build/assets/graphics/pokemon/buizel/overworld.png_mwidth_4__mheight_4.4bpp.smol
tools/compresSmol/compresSmol -w build/assets/graphics/pokemon/buizel/overworldf.png_mwidth_4__mheight_4.4bpp build/assets/graphics/pokemon/buizel/overworldf.png_mwidth_4__mheight_4.4bpp.smol
tools/compresSmol/compresSmol -w build/assets/graphics/pokemon/bulbasaur/anim_front.png.4bpp build/assets/graphics/pokemon/bulbasaur/anim_front.png.4bpp.smol
tools/compresSmol/compresSmol -w build/assets/graphics/pokemon/bulbasaur/anim_front_gba.png.4bpp build/assets/graphics/pokemon/bulbasaur/anim_front_gba.png.4bpp.smol
tools/compresSmol/compresSmol -w build/assets/graphics/pokemon/bulbasaur/back.png.4bpp build/assets/graphics/pokemon/bulbasaur/back.png.4bpp.smol
tools/compresSmol/compresSmol -w build/assets/graphics/pokemon/bulbasaur/back_gba.png.4bpp build/assets/graphics/pokemon/bulbasaur/back_gba.png.4bpp.smol
tools/compresSmol/compresSmol -w build/assets/graphics/pokemon/bulbasaur/overworld.png_mwidth_4__mheight_4.4bpp build/assets/graphics/pokemon/bulbasaur/overworld.png_mwidth_4__mheight_4.4bpp.smol
tools/compresSmol/compresSmol -w build/assets/graphics/pokemon/buneary/anim_front.png.4bpp build/assets/graphics/pokemon/buneary/anim_front.png.4bpp.smol
tools/compresSmol/compresSmol -w build/assets/graphics/pokemon/buneary/back.png.4bpp build/assets/graphics/pokemon/buneary/back.png.4bpp.smol
tools/compresSmol/compresSmol -w build/assets/graphics/pokemon/buneary/overworld.png_mwidth_4__mheight_4.4bpp build/assets/graphics/pokemon/buneary/overworld.png_mwidth_4__mheight_4.4bpp.smol
tools/compresSmol/compresSmol -w build/assets/graphics/pokemon/bunnelby/anim_front.png.4bpp build/assets/graphics/pokemon/bunnelby/anim_front.png.4bpp.smol
tools/compresSmol/compresSmol -w build/assets/graphics/pokemon/bunnelby/back.png.4bpp build/assets/graphics/pokemon/bunnelby/back.png.4bpp.smol
tools/compresSmol/compresSmol -w build/assets/graphics/pokemon/bunnelby/overworld.png_mwidth_4__mheight_4.4bpp build/assets/graphics/pokemon/bunnelby/overworld.png_mwidth_4__mheight_4.4bpp.smol
tools/compresSmol/compresSmol -w build/assets/graphics/pokemon/burmy/anim_front.png.4bpp build/assets/graphics/pokemon/burmy/anim_front.png.4bpp.smol
tools/compresSmol/compresSmol -w build/assets/graphics/pokemon/burmy/back.png.4bpp build/assets/graphics/pokemon/burmy/back.png.4bpp.smol
tools/compresSmol/compresSmol -w build/assets/graphics/pokemon/burmy/overworld.png_mwidth_4__mheight_4.4bpp build/assets/graphics/pokemon/burmy/overworld.png_mwidth_4__mheight_4.4bpp.smol
tools/compresSmol/compresSmol -w build/assets/graphics/pokemon/burmy/sandy/anim_front.png.4bpp build/assets/graphics/pokemon/burmy/sandy/anim_front.png.4bpp.smol
tools/compresSmol/compresSmol -w build/assets/graphics/pokemon/burmy/sandy/back.png.4bpp build/assets/graphics/pokemon/burmy/sandy/back.png.4bpp.smol
tools/compresSmol/compresSmol -w build/assets/graphics/pokemon/burmy/sandy/overworld.png_mwidth_4__mheight_4.4bpp build/assets/graphics/pokemon/burmy/sandy/overworld.png_mwidth_4__mheight_4.4bpp.smol
tools/compresSmol/compresSmol -w build/assets/graphics/pokemon/burmy/trash/anim_front.png.4bpp build/assets/graphics/pokemon/burmy/trash/anim_front.png.4bpp.smol
tools/compresSmol/compresSmol -w build/assets/graphics/pokemon/burmy/trash/back.png.4bpp build/assets/graphics/pokemon/burmy/trash/back.png.4bpp.smol
tools/compresSmol/compresSmol -w build/assets/graphics/pokemon/burmy/trash/overworld.png_mwidth_4__mheight_4.4bpp build/assets/graphics/pokemon/burmy/trash/overworld.png_mwidth_4__mheight_4.4bpp.smol
tools/compresSmol/compresSmol -w build/assets/graphics/pokemon/butterfree/anim_front.png.4bpp build/assets/graphics/pokemon/butterfree/anim_front.png.4bpp.smol
tools/compresSmol/compresSmol -w build/assets/graphics/pokemon/butterfree/anim_front_gba.png.4bpp build/assets/graphics/pokemon/butterfree/anim_front_gba.png.4bpp.smol
tools/compresSmol/compresSmol -w build/assets/graphics/pokemon/butterfree/anim_frontf.png.4bpp build/assets/graphics/pokemon/butterfree/anim_frontf.png.4bpp.smol
tools/compresSmol/compresSmol -w build/assets/graphics/pokemon/butterfree/back.png.4bpp build/assets/graphics/pokemon/butterfree/back.png.4bpp.smol
tools/compresSmol/compresSmol -w build/assets/graphics/pokemon/butterfree/back_gba.png.4bpp build/assets/graphics/pokemon/butterfree/back_gba.png.4bpp.smol
tools/compresSmol/compresSmol -w build/assets/graphics/pokemon/butterfree/backf.png.4bpp build/assets/graphics/pokemon/butterfree/backf.png.4bpp.smol
tools/compresSmol/compresSmol -w build/assets/graphics/pokemon/butterfree/gmax/back.png.4bpp build/assets/graphics/pokemon/butterfree/gmax/back.png.4bpp.smol
tools/compresSmol/compresSmol -w build/assets/graphics/pokemon/butterfree/gmax/front.png.4bpp build/assets/graphics/pokemon/butterfree/gmax/front.png.4bpp.smol
tools/compresSmol/compresSmol -w build/assets/graphics/pokemon/butterfree/overworld.png_mwidth_4__mheight_4.4bpp build/assets/graphics/pokemon/butterfree/overworld.png_mwidth_4__mheight_4.4bpp.smol
tools/compresSmol/compresSmol -w build/assets/graphics/pokemon/butterfree/overworldf.png_mwidth_4__mheight_4.4bpp build/assets/graphics/pokemon/butterfree/overworldf.png_mwidth_4__mheight_4.4bpp.smol
tools/compresSmol/compresSmol -w build/assets/graphics/pokemon/buzzwole/back.png.4bpp build/assets/graphics/pokemon/buzzwole/back.png.4bpp.smol
tools/compresSmol/compresSmol -w build/assets/graphics/pokemon/buzzwole/front.png.4bpp build/assets/graphics/pokemon/buzzwole/front.png.4bpp.smol
tools/compresSmol/compresSmol -w build/assets/graphics/pokemon/buzzwole/overworld.png_mwidth_4__mheight_4.4bpp build/assets/graphics/pokemon/buzzwole/overworld.png_mwidth_4__mheight_4.4bpp.smol
tools/compresSmol/compresSmol -w build/assets/graphics/pokemon/cacnea/anim_front.png.4bpp build/assets/graphics/pokemon/cacnea/anim_front.png.4bpp.smol
tools/compresSmol/compresSmol -w build/assets/graphics/pokemon/cacnea/anim_front_gba.png.4bpp build/assets/graphics/pokemon/cacnea/anim_front_gba.png.4bpp.smol
tools/compresSmol/compresSmol -w build/assets/graphics/pokemon/cacnea/back.png.4bpp build/assets/graphics/pokemon/cacnea/back.png.4bpp.smol
tools/compresSmol/compresSmol -w build/assets/graphics/pokemon/cacnea/back_gba.png.4bpp build/assets/graphics/pokemon/cacnea/back_gba.png.4bpp.smol
tools/compresSmol/compresSmol -w build/assets/graphics/pokemon/cacnea/overworld.png_mwidth_4__mheight_4.4bpp build/assets/graphics/pokemon/cacnea/overworld.png_mwidth_4__mheight_4.4bpp.smol
tools/compresSmol/compresSmol -w build/assets/graphics/pokemon/cacturne/anim_front.png.4bpp build/assets/graphics/pokemon/cacturne/anim_front.png.4bpp.smol
tools/compresSmol/compresSmol -w build/assets/graphics/pokemon/cacturne/anim_front_gba.png.4bpp build/assets/graphics/pokemon/cacturne/anim_front_gba.png.4bpp.smol
tools/compresSmol/compresSmol -w build/assets/graphics/pokemon/cacturne/anim_frontf.png.4bpp build/assets/graphics/pokemon/cacturne/anim_frontf.png.4bpp.smol
tools/compresSmol/compresSmol -w build/assets/graphics/pokemon/cacturne/back.png.4bpp build/assets/graphics/pokemon/cacturne/back.png.4bpp.smol
tools/compresSmol/compresSmol -w build/assets/graphics/pokemon/cacturne/back_gba.png.4bpp build/assets/graphics/pokemon/cacturne/back_gba.png.4bpp.smol
tools/compresSmol/compresSmol -w build/assets/graphics/pokemon/cacturne/overworld.png_mwidth_4__mheight_4.4bpp build/assets/graphics/pokemon/cacturne/overworld.png_mwidth_4__mheight_4.4bpp.smol
tools/compresSmol/compresSmol -w build/assets/graphics/pokemon/cacturne/overworldf.png_mwidth_4__mheight_4.4bpp build/assets/graphics/pokemon/cacturne/overworldf.png_mwidth_4__mheight_4.4bpp.smol
tools/compresSmol/compresSmol -w build/assets/graphics/pokemon/calyrex/back.png.4bpp build/assets/graphics/pokemon/calyrex/back.png.4bpp.smol
tools/compresSmol/compresSmol -w build/assets/graphics/pokemon/calyrex/front.png.4bpp build/assets/graphics/pokemon/calyrex/front.png.4bpp.smol
tools/compresSmol/compresSmol -w build/assets/graphics/pokemon/calyrex/ice/back.png.4bpp build/assets/graphics/pokemon/calyrex/ice/back.png.4bpp.smol
tools/compresSmol/compresSmol -w build/assets/graphics/pokemon/calyrex/ice/front.png.4bpp build/assets/graphics/pokemon/calyrex/ice/front.png.4bpp.smol
tools/compresSmol/compresSmol -w build/assets/graphics/pokemon/calyrex/ice/overworld.png_mwidth_4__mheight_4.4bpp build/assets/graphics/pokemon/calyrex/ice/overworld.png_mwidth_4__mheight_4.4bpp.smol
tools/compresSmol/compresSmol -w build/assets/graphics/pokemon/calyrex/overworld.png_mwidth_4__mheight_4.4bpp build/assets/graphics/pokemon/calyrex/overworld.png_mwidth_4__mheight_4.4bpp.smol
tools/compresSmol/compresSmol -w build/assets/graphics/pokemon/calyrex/shadow/back.png.4bpp build/assets/graphics/pokemon/calyrex/shadow/back.png.4bpp.smol
tools/compresSmol/compresSmol -w build/assets/graphics/pokemon/calyrex/shadow/front.png.4bpp build/assets/graphics/pokemon/calyrex/shadow/front.png.4bpp.smol
tools/compresSmol/compresSmol -w build/assets/graphics/pokemon/calyrex/shadow/overworld.png_mwidth_4__mheight_4.4bpp build/assets/graphics/pokemon/calyrex/shadow/overworld.png_mwidth_4__mheight_4.4bpp.smol
tools/compresSmol/compresSmol -w build/assets/graphics/pokemon/camerupt/anim_front.png.4bpp build/assets/graphics/pokemon/camerupt/anim_front.png.4bpp.smol
tools/compresSmol/compresSmol -w build/assets/graphics/pokemon/camerupt/anim_front_gba.png.4bpp build/assets/graphics/pokemon/camerupt/anim_front_gba.png.4bpp.smol
tools/compresSmol/compresSmol -w build/assets/graphics/pokemon/camerupt/anim_frontf.png.4bpp build/assets/graphics/pokemon/camerupt/anim_frontf.png.4bpp.smol
tools/compresSmol/compresSmol -w build/assets/graphics/pokemon/camerupt/back.png.4bpp build/assets/graphics/pokemon/camerupt/back.png.4bpp.smol
tools/compresSmol/compresSmol -w build/assets/graphics/pokemon/camerupt/back_gba.png.4bpp build/assets/graphics/pokemon/camerupt/back_gba.png.4bpp.smol
tools/compresSmol/compresSmol -w build/assets/graphics/pokemon/camerupt/backf.png.4bpp build/assets/graphics/pokemon/camerupt/backf.png.4bpp.smol
tools/compresSmol/compresSmol -w build/assets/graphics/pokemon/camerupt/mega/back.png.4bpp build/assets/graphics/pokemon/camerupt/mega/back.png.4bpp.smol
tools/compresSmol/compresSmol -w build/assets/graphics/pokemon/camerupt/mega/front.png.4bpp build/assets/graphics/pokemon/camerupt/mega/front.png.4bpp.smol
tools/compresSmol/compresSmol -w build/assets/graphics/pokemon/camerupt/mega/overworld.png_mwidth_4__mheight_4.4bpp build/assets/graphics/pokemon/camerupt/mega/overworld.png_mwidth_4__mheight_4.4bpp.smol
tools/compresSmol/compresSmol -w build/assets/graphics/pokemon/camerupt/overworld.png_mwidth_4__mheight_4.4bpp build/assets/graphics/pokemon/camerupt/overworld.png_mwidth_4__mheight_4.4bpp.smol
tools/compresSmol/compresSmol -w build/assets/graphics/pokemon/camerupt/overworldf.png_mwidth_4__mheight_4.4bpp build/assets/graphics/pokemon/camerupt/overworldf.png_mwidth_4__mheight_4.4bpp.smol
tools/compresSmol/compresSmol -w build/assets/graphics/pokemon/capsakid/back.png.4bpp build/assets/graphics/pokemon/capsakid/back.png.4bpp.smol
tools/compresSmol/compresSmol -w build/assets/graphics/pokemon/capsakid/front.png.4bpp build/assets/graphics/pokemon/capsakid/front.png.4bpp.smol
tools/compresSmol/compresSmol -w build/assets/graphics/pokemon/capsakid/overworld.png_mwidth_4__mheight_4.4bpp build/assets/graphics/pokemon/capsakid/overworld.png_mwidth_4__mheight_4.4bpp.smol
tools/compresSmol/compresSmol -w build/assets/graphics/pokemon/carbink/anim_front.png.4bpp build/assets/graphics/pokemon/carbink/anim_front.png.4bpp.smol
tools/compresSmol/compresSmol -w build/assets/graphics/pokemon/carbink/back.png.4bpp build/assets/graphics/pokemon/carbink/back.png.4bpp.smol
tools/compresSmol/compresSmol -w build/assets/graphics/pokemon/carbink/overworld.png_mwidth_4__mheight_4.4bpp build/assets/graphics/pokemon/carbink/overworld.png_mwidth_4__mheight_4.4bpp.smol
tools/compresSmol/compresSmol -w build/assets/graphics/pokemon/carkol/anim_front.png.4bpp build/assets/graphics/pokemon/carkol/anim_front.png.4bpp.smol
tools/compresSmol/compresSmol -w build/assets/graphics/pokemon/carkol/back.png.4bpp build/assets/graphics/pokemon/carkol/back.png.4bpp.smol
tools/compresSmol/compresSmol -w build/assets/graphics/pokemon/carkol/overworld.png_mwidth_4__mheight_4.4bpp build/assets/graphics/pokemon/carkol/overworld.png_mwidth_4__mheight_4.4bpp.smol
tools/compresSmol/compresSmol -w build/assets/graphics/pokemon/carnivine/anim_front.png.4bpp build/assets/graphics/pokemon/carnivine/anim_front.png.4bpp.smol
tools/compresSmol/compresSmol -w build/assets/graphics/pokemon/carnivine/back.png.4bpp build/assets/graphics/pokemon/carnivine/back.png.4bpp.smol
tools/compresSmol/compresSmol -w build/assets/graphics/pokemon/carnivine/overworld.png_mwidth_4__mheight_4.4bpp build/assets/graphics/pokemon/carnivine/overworld.png_mwidth_4__mheight_4.4bpp.smol
tools/compresSmol/compresSmol -w build/assets/graphics/pokemon/carracosta/anim_front.png.4bpp build/assets/graphics/pokemon/carracosta/anim_front.png.4bpp.smol
tools/compresSmol/compresSmol -w build/assets/graphics/pokemon/carracosta/back.png.4bpp build/assets/graphics/pokemon/carracosta/back.png.4bpp.smol
tools/compresSmol/compresSmol -w build/assets/graphics/pokemon/carracosta/overworld.png_mwidth_4__mheight_4.4bpp build/assets/graphics/pokemon/carracosta/overworld.png_mwidth_4__mheight_4.4bpp.smol
tools/compresSmol/compresSmol -w build/assets/graphics/pokemon/carvanha/anim_front.png.4bpp build/assets/graphics/pokemon/carvanha/anim_front.png.4bpp.smol
tools/compresSmol/compresSmol -w build/assets/graphics/pokemon/carvanha/anim_front_gba.png.4bpp build/assets/graphics/pokemon/carvanha/anim_front_gba.png.4bpp.smol
tools/compresSmol/compresSmol -w build/assets/graphics/pokemon/carvanha/back.png.4bpp build/assets/graphics/pokemon/carvanha/back.png.4bpp.smol
tools/compresSmol/compresSmol -w build/assets/graphics/pokemon/carvanha/back_gba.png.4bpp build/assets/graphics/pokemon/carvanha/back_gba.png.4bpp.smol
tools/compresSmol/compresSmol -w build/assets/graphics/pokemon/carvanha/overworld.png_mwidth_4__mheight_4.4bpp build/assets/graphics/pokemon/carvanha/overworld.png_mwidth_4__mheight_4.4bpp.smol
tools/compresSmol/compresSmol -w build/assets/graphics/pokemon/cascoon/anim_front.png.4bpp build/assets/graphics/pokemon/cascoon/anim_front.png.4bpp.smol
tools/compresSmol/compresSmol -w build/assets/graphics/pokemon/cascoon/anim_front_gba.png.4bpp build/assets/graphics/pokemon/cascoon/anim_front_gba.png.4bpp.smol
tools/compresSmol/compresSmol -w build/assets/graphics/pokemon/cascoon/back.png.4bpp build/assets/graphics/pokemon/cascoon/back.png.4bpp.smol
tools/compresSmol/compresSmol -w build/assets/graphics/pokemon/cascoon/back_gba.png.4bpp build/assets/graphics/pokemon/cascoon/back_gba.png.4bpp.smol
tools/compresSmol/compresSmol -w build/assets/graphics/pokemon/cascoon/overworld.png_mwidth_4__mheight_4.4bpp build/assets/graphics/pokemon/cascoon/overworld.png_mwidth_4__mheight_4.4bpp.smol
tools/compresSmol/compresSmol -w build/assets/graphics/pokemon/castform/anim_front.png.4bpp build/assets/graphics/pokemon/castform/anim_front.png.4bpp.smol
tools/compresSmol/compresSmol -w build/assets/graphics/pokemon/castform/back.png.4bpp build/assets/graphics/pokemon/castform/back.png.4bpp.smol
tools/compresSmol/compresSmol -w build/assets/graphics/pokemon/castform/back_gba.png.4bpp build/assets/graphics/pokemon/castform/back_gba.png.4bpp.smol
tools/compresSmol/compresSmol -w build/assets/graphics/pokemon/castform/front_gba.png.4bpp build/assets/graphics/pokemon/castform/front_gba.png.4bpp.smol
tools/compresSmol/compresSmol -w build/assets/graphics/pokemon/castform/overworld.png_mwidth_4__mheight_4.4bpp build/assets/graphics/pokemon/castform/overworld.png_mwidth_4__mheight_4.4bpp.smol
tools/compresSmol/compresSmol -w build/assets/graphics/pokemon/castform/rainy/anim_front.png.4bpp build/assets/graphics/pokemon/castform/rainy/anim_front.png.4bpp.smol
tools/compresSmol/compresSmol -w build/assets/graphics/pokemon/castform/rainy/back.png.4bpp build/assets/graphics/pokemon/castform/rainy/back.png.4bpp.smol
tools/compresSmol/compresSmol -w build/assets/graphics/pokemon/castform/rainy/back_gba.png.4bpp build/assets/graphics/pokemon/castform/rainy/back_gba.png.4bpp.smol
tools/compresSmol/compresSmol -w build/assets/graphics/pokemon/castform/rainy/front_gba.png.4bpp build/assets/graphics/pokemon/castform/rainy/front_gba.png.4bpp.smol
tools/compresSmol/compresSmol -w build/assets/graphics/pokemon/castform/rainy/overworld.png_mwidth_4__mheight_4.4bpp build/assets/graphics/pokemon/castform/rainy/overworld.png_mwidth_4__mheight_4.4bpp.smol
tools/compresSmol/compresSmol -w build/assets/graphics/pokemon/castform/snowy/anim_front.png.4bpp build/assets/graphics/pokemon/castform/snowy/anim_front.png.4bpp.smol
tools/compresSmol/compresSmol -w build/assets/graphics/pokemon/castform/snowy/back.png.4bpp build/assets/graphics/pokemon/castform/snowy/back.png.4bpp.smol
tools/compresSmol/compresSmol -w build/assets/graphics/pokemon/castform/snowy/back_gba.png.4bpp build/assets/graphics/pokemon/castform/snowy/back_gba.png.4bpp.smol
tools/compresSmol/compresSmol -w build/assets/graphics/pokemon/castform/snowy/front_gba.png.4bpp build/assets/graphics/pokemon/castform/snowy/front_gba.png.4bpp.smol
tools/compresSmol/compresSmol -w build/assets/graphics/pokemon/castform/snowy/overworld.png_mwidth_4__mheight_4.4bpp build/assets/graphics/pokemon/castform/snowy/overworld.png_mwidth_4__mheight_4.4bpp.smol
tools/compresSmol/compresSmol -w build/assets/graphics/pokemon/castform/sunny/anim_front.png.4bpp build/assets/graphics/pokemon/castform/sunny/anim_front.png.4bpp.smol
tools/compresSmol/compresSmol -w build/assets/graphics/pokemon/castform/sunny/back.png.4bpp build/assets/graphics/pokemon/castform/sunny/back.png.4bpp.smol
tools/compresSmol/compresSmol -w build/assets/graphics/pokemon/castform/sunny/back_gba.png.4bpp build/assets/graphics/pokemon/castform/sunny/back_gba.png.4bpp.smol
tools/compresSmol/compresSmol -w build/assets/graphics/pokemon/castform/sunny/front_gba.png.4bpp build/assets/graphics/pokemon/castform/sunny/front_gba.png.4bpp.smol
tools/compresSmol/compresSmol -w build/assets/graphics/pokemon/castform/sunny/overworld.png_mwidth_4__mheight_4.4bpp build/assets/graphics/pokemon/castform/sunny/overworld.png_mwidth_4__mheight_4.4bpp.smol
tools/compresSmol/compresSmol -w build/assets/graphics/pokemon/caterpie/anim_front.png.4bpp build/assets/graphics/pokemon/caterpie/anim_front.png.4bpp.smol
tools/compresSmol/compresSmol -w build/assets/graphics/pokemon/caterpie/anim_front_gba.png.4bpp build/assets/graphics/pokemon/caterpie/anim_front_gba.png.4bpp.smol
tools/compresSmol/compresSmol -w build/assets/graphics/pokemon/caterpie/back.png.4bpp build/assets/graphics/pokemon/caterpie/back.png.4bpp.smol
tools/compresSmol/compresSmol -w build/assets/graphics/pokemon/caterpie/back_gba.png.4bpp build/assets/graphics/pokemon/caterpie/back_gba.png.4bpp.smol
tools/compresSmol/compresSmol -w build/assets/graphics/pokemon/caterpie/overworld.png_mwidth_4__mheight_4.4bpp build/assets/graphics/pokemon/caterpie/overworld.png_mwidth_4__mheight_4.4bpp.smol
tools/compresSmol/compresSmol -w build/assets/graphics/pokemon/celebi/anim_front.png.4bpp build/assets/graphics/pokemon/celebi/anim_front.png.4bpp.smol
tools/compresSmol/compresSmol -w build/assets/graphics/pokemon/celebi/anim_front_gba.png.4bpp build/assets/graphics/pokemon/celebi/anim_front_gba.png.4bpp.smol
tools/compresSmol/compresSmol -w build/assets/graphics/pokemon/celebi/back.png.4bpp build/assets/graphics/pokemon/celebi/back.png.4bpp.smol
tools/compresSmol/compresSmol -w build/assets/graphics/pokemon/celebi/back_gba.png.4bpp build/assets/graphics/pokemon/celebi/back_gba.png.4bpp.smol
tools/compresSmol/compresSmol -w build/assets/graphics/pokemon/celebi/overworld.png_mwidth_4__mheight_4.4bpp build/assets/graphics/pokemon/celebi/overworld.png_mwidth_4__mheight_4.4bpp.smol
tools/compresSmol/compresSmol -w build/assets/graphics/pokemon/celesteela/back.png.4bpp build/assets/graphics/pokemon/celesteela/back.png.4bpp.smol
tools/compresSmol/compresSmol -w build/assets/graphics/pokemon/celesteela/front.png.4bpp build/assets/graphics/pokemon/celesteela/front.png.4bpp.smol
tools/compresSmol/compresSmol -w build/assets/graphics/pokemon/celesteela/overworld.png_mwidth_4__mheight_4.4bpp build/assets/graphics/pokemon/celesteela/overworld.png_mwidth_4__mheight_4.4bpp.smol
tools/compresSmol/compresSmol -w build/assets/graphics/pokemon/centiskorch/anim_front.png.4bpp build/assets/graphics/pokemon/centiskorch/anim_front.png.4bpp.smol
tools/compresSmol/compresSmol -w build/assets/graphics/pokemon/centiskorch/back.png.4bpp build/assets/graphics/pokemon/centiskorch/back.png.4bpp.smol
tools/compresSmol/compresSmol -w build/assets/graphics/pokemon/centiskorch/gmax/back.png.4bpp build/assets/graphics/pokemon/centiskorch/gmax/back.png.4bpp.smol
tools/compresSmol/compresSmol -w build/assets/graphics/pokemon/centiskorch/gmax/front.png.4bpp build/assets/graphics/pokemon/centiskorch/gmax/front.png.4bpp.smol
tools/compresSmol/compresSmol -w build/assets/graphics/pokemon/centiskorch/overworld.png_mwidth_4__mheight_4.4bpp build/assets/graphics/pokemon/centiskorch/overworld.png_mwidth_4__mheight_4.4bpp.smol
tools/compresSmol/compresSmol -w build/assets/graphics/pokemon/ceruledge/back.png.4bpp build/assets/graphics/pokemon/ceruledge/back.png.4bpp.smol
tools/compresSmol/compresSmol -w build/assets/graphics/pokemon/ceruledge/front.png.4bpp build/assets/graphics/pokemon/ceruledge/front.png.4bpp.smol
tools/compresSmol/compresSmol -w build/assets/graphics/pokemon/ceruledge/overworld.png_mwidth_4__mheight_4.4bpp build/assets/graphics/pokemon/ceruledge/overworld.png_mwidth_4__mheight_4.4bpp.smol
tools/compresSmol/compresSmol -w build/assets/graphics/pokemon/cetitan/back.png.4bpp build/assets/graphics/pokemon/cetitan/back.png.4bpp.smol
tools/compresSmol/compresSmol -w build/assets/graphics/pokemon/cetitan/front.png.4bpp build/assets/graphics/pokemon/cetitan/front.png.4bpp.smol
tools/compresSmol/compresSmol -w build/assets/graphics/pokemon/cetitan/overworld.png_mwidth_4__mheight_4.4bpp build/assets/graphics/pokemon/cetitan/overworld.png_mwidth_4__mheight_4.4bpp.smol
tools/compresSmol/compresSmol -w build/assets/graphics/pokemon/cetoddle/back.png.4bpp build/assets/graphics/pokemon/cetoddle/back.png.4bpp.smol
tools/compresSmol/compresSmol -w build/assets/graphics/pokemon/cetoddle/front.png.4bpp build/assets/graphics/pokemon/cetoddle/front.png.4bpp.smol
tools/compresSmol/compresSmol -w build/assets/graphics/pokemon/cetoddle/overworld.png_mwidth_4__mheight_4.4bpp build/assets/graphics/pokemon/cetoddle/overworld.png_mwidth_4__mheight_4.4bpp.smol
tools/compresSmol/compresSmol -w build/assets/graphics/pokemon/chandelure/anim_front.png.4bpp build/assets/graphics/pokemon/chandelure/anim_front.png.4bpp.smol
tools/compresSmol/compresSmol -w build/assets/graphics/pokemon/chandelure/back.png.4bpp build/assets/graphics/pokemon/chandelure/back.png.4bpp.smol
tools/compresSmol/compresSmol -w build/assets/graphics/pokemon/chandelure/mega/back.png.4bpp build/assets/graphics/pokemon/chandelure/mega/back.png.4bpp.smol
tools/compresSmol/compresSmol -w build/assets/graphics/pokemon/chandelure/mega/front.png.4bpp build/assets/graphics/pokemon/chandelure/mega/front.png.4bpp.smol
tools/compresSmol/compresSmol -w build/assets/graphics/pokemon/chandelure/overworld.png_mwidth_4__mheight_4.4bpp build/assets/graphics/pokemon/chandelure/overworld.png_mwidth_4__mheight_4.4bpp.smol
tools/compresSmol/compresSmol -w build/assets/graphics/pokemon/chansey/anim_front.png.4bpp build/assets/graphics/pokemon/chansey/anim_front.png.4bpp.smol
tools/compresSmol/compresSmol -w build/assets/graphics/pokemon/chansey/anim_front_gba.png.4bpp build/assets/graphics/pokemon/chansey/anim_front_gba.png.4bpp.smol
tools/compresSmol/compresSmol -w build/assets/graphics/pokemon/chansey/back.png.4bpp build/assets/graphics/pokemon/chansey/back.png.4bpp.smol
tools/compresSmol/compresSmol -w build/assets/graphics/pokemon/chansey/back_gba.png.4bpp build/assets/graphics/pokemon/chansey/back_gba.png.4bpp.smol
tools/compresSmol/compresSmol -w build/assets/graphics/pokemon/chansey/overworld.png_mwidth_4__mheight_4.4bpp build/assets/graphics/pokemon/chansey/overworld.png_mwidth_4__mheight_4.4bpp.smol
tools/compresSmol/compresSmol -w build/assets/graphics/pokemon/charcadet/back.png.4bpp build/assets/graphics/pokemon/charcadet/back.png.4bpp.smol
tools/compresSmol/compresSmol -w build/assets/graphics/pokemon/charcadet/front.png.4bpp build/assets/graphics/pokemon/charcadet/front.png.4bpp.smol
tools/compresSmol/compresSmol -w build/assets/graphics/pokemon/charcadet/overworld.png_mwidth_4__mheight_4.4bpp build/assets/graphics/pokemon/charcadet/overworld.png_mwidth_4__mheight_4.4bpp.smol
tools/compresSmol/compresSmol -w build/assets/graphics/pokemon/charizard/anim_front.png.4bpp build/assets/graphics/pokemon/charizard/anim_front.png.4bpp.smol
tools/compresSmol/compresSmol -w build/assets/graphics/pokemon/charizard/anim_front_gba.png.4bpp build/assets/graphics/pokemon/charizard/anim_front_gba.png.4bpp.smol
tools/compresSmol/compresSmol -w build/assets/graphics/pokemon/charizard/back.png.4bpp build/assets/graphics/pokemon/charizard/back.png.4bpp.smol
tools/compresSmol/compresSmol -w build/assets/graphics/pokemon/charizard/back_gba.png.4bpp build/assets/graphics/pokemon/charizard/back_gba.png.4bpp.smol
tools/compresSmol/compresSmol -w build/assets/graphics/pokemon/charizard/gmax/back.png.4bpp build/assets/graphics/pokemon/charizard/gmax/back.png.4bpp.smol
tools/compresSmol/compresSmol -w build/assets/graphics/pokemon/charizard/gmax/front.png.4bpp build/assets/graphics/pokemon/charizard/gmax/front.png.4bpp.smol
tools/compresSmol/compresSmol -w build/assets/graphics/pokemon/charizard/mega_x/back.png.4bpp build/assets/graphics/pokemon/charizard/mega_x/back.png.4bpp.smol
tools/compresSmol/compresSmol -w build/assets/graphics/pokemon/charizard/mega_x/front.png.4bpp build/assets/graphics/pokemon/charizard/mega_x/front.png.4bpp.smol
tools/compresSmol/compresSmol -w build/assets/graphics/pokemon/charizard/mega_x/overworld.png_mwidth_4__mheight_4.4bpp build/assets/graphics/pokemon/charizard/mega_x/overworld.png_mwidth_4__mheight_4.4bpp.smol
tools/compresSmol/compresSmol -w build/assets/graphics/pokemon/charizard/mega_y/back.png.4bpp build/assets/graphics/pokemon/charizard/mega_y/back.png.4bpp.smol
tools/compresSmol/compresSmol -w build/assets/graphics/pokemon/charizard/mega_y/front.png.4bpp build/assets/graphics/pokemon/charizard/mega_y/front.png.4bpp.smol
tools/compresSmol/compresSmol -w build/assets/graphics/pokemon/charizard/mega_y/overworld.png_mwidth_4__mheight_4.4bpp build/assets/graphics/pokemon/charizard/mega_y/overworld.png_mwidth_4__mheight_4.4bpp.smol
tools/compresSmol/compresSmol -w build/assets/graphics/pokemon/charizard/overworld.png_mwidth_4__mheight_4.4bpp build/assets/graphics/pokemon/charizard/overworld.png_mwidth_4__mheight_4.4bpp.smol
tools/compresSmol/compresSmol -w build/assets/graphics/pokemon/charjabug/anim_front.png.4bpp build/assets/graphics/pokemon/charjabug/anim_front.png.4bpp.smol
tools/compresSmol/compresSmol -w build/assets/graphics/pokemon/charjabug/back.png.4bpp build/assets/graphics/pokemon/charjabug/back.png.4bpp.smol
tools/compresSmol/compresSmol -w build/assets/graphics/pokemon/charjabug/overworld.png_mwidth_4__mheight_4.4bpp build/assets/graphics/pokemon/charjabug/overworld.png_mwidth_4__mheight_4.4bpp.smol
tools/compresSmol/compresSmol -w build/assets/graphics/pokemon/charmander/anim_front.png.4bpp build/assets/graphics/pokemon/charmander/anim_front.png.4bpp.smol
tools/compresSmol/compresSmol -w build/assets/graphics/pokemon/charmander/anim_front_gba.png.4bpp build/assets/graphics/pokemon/charmander/anim_front_gba.png.4bpp.smol
tools/compresSmol/compresSmol -w build/assets/graphics/pokemon/charmander/back.png.4bpp build/assets/graphics/pokemon/charmander/back.png.4bpp.smol
tools/compresSmol/compresSmol -w build/assets/graphics/pokemon/charmander/back_gba.png.4bpp build/assets/graphics/pokemon/charmander/back_gba.png.4bpp.smol
tools/compresSmol/compresSmol -w build/assets/graphics/pokemon/charmander/overworld.png_mwidth_4__mheight_4.4bpp build/assets/graphics/pokemon/charmander/overworld.png_mwidth_4__mheight_4.4bpp.smol
tools/compresSmol/compresSmol -w build/assets/graphics/pokemon/charmeleon/anim_front.png.4bpp build/assets/graphics/pokemon/charmeleon/anim_front.png.4bpp.smol
tools/compresSmol/compresSmol -w build/assets/graphics/pokemon/charmeleon/anim_front_gba.png.4bpp build/assets/graphics/pokemon/charmeleon/anim_front_gba.png.4bpp.smol
tools/compresSmol/compresSmol -w build/assets/graphics/pokemon/charmeleon/back.png.4bpp build/assets/graphics/pokemon/charmeleon/back.png.4bpp.smol
tools/compresSmol/compresSmol -w build/assets/graphics/pokemon/charmeleon/back_gba.png.4bpp build/assets/graphics/pokemon/charmeleon/back_gba.png.4bpp.smol
tools/compresSmol/compresSmol -w build/assets/graphics/pokemon/charmeleon/overworld.png_mwidth_4__mheight_4.4bpp build/assets/graphics/pokemon/charmeleon/overworld.png_mwidth_4__mheight_4.4bpp.smol
tools/compresSmol/compresSmol -w build/assets/graphics/pokemon/chatot/anim_front.png.4bpp build/assets/graphics/pokemon/chatot/anim_front.png.4bpp.smol
tools/compresSmol/compresSmol -w build/assets/graphics/pokemon/chatot/back.png.4bpp build/assets/graphics/pokemon/chatot/back.png.4bpp.smol
tools/compresSmol/compresSmol -w build/assets/graphics/pokemon/chatot/overworld.png_mwidth_4__mheight_4.4bpp build/assets/graphics/pokemon/chatot/overworld.png_mwidth_4__mheight_4.4bpp.smol
tools/compresSmol/compresSmol -w build/assets/graphics/pokemon/cherrim/anim_front.png.4bpp build/assets/graphics/pokemon/cherrim/anim_front.png.4bpp.smol
tools/compresSmol/compresSmol -w build/assets/graphics/pokemon/cherrim/back.png.4bpp build/assets/graphics/pokemon/cherrim/back.png.4bpp.smol
tools/compresSmol/compresSmol -w build/assets/graphics/pokemon/cherrim/overworld.png_mwidth_4__mheight_4.4bpp build/assets/graphics/pokemon/cherrim/overworld.png_mwidth_4__mheight_4.4bpp.smol
tools/compresSmol/compresSmol -w build/assets/graphics/pokemon/cherrim/sunshine/anim_front.png.4bpp build/assets/graphics/pokemon/cherrim/sunshine/anim_front.png.4bpp.smol
tools/compresSmol/compresSmol -w build/assets/graphics/pokemon/cherrim/sunshine/back.png.4bpp build/assets/graphics/pokemon/cherrim/sunshine/back.png.4bpp.smol
tools/compresSmol/compresSmol -w build/assets/graphics/pokemon/cherrim/sunshine/overworld.png_mwidth_4__mheight_4.4bpp build/assets/graphics/pokemon/cherrim/sunshine/overworld.png_mwidth_4__mheight_4.4bpp.smol
tools/compresSmol/compresSmol -w build/assets/graphics/pokemon/cherubi/anim_front.png.4bpp build/assets/graphics/pokemon/cherubi/anim_front.png.4bpp.smol
tools/compresSmol/compresSmol -w build/assets/graphics/pokemon/cherubi/back.png.4bpp build/assets/graphics/pokemon/cherubi/back.png.4bpp.smol
tools/compresSmol/compresSmol -w build/assets/graphics/pokemon/cherubi/overworld.png_mwidth_4__mheight_4.4bpp build/assets/graphics/pokemon/cherubi/overworld.png_mwidth_4__mheight_4.4bpp.smol
tools/compresSmol/compresSmol -w build/assets/graphics/pokemon/chesnaught/anim_front.png.4bpp build/assets/graphics/pokemon/chesnaught/anim_front.png.4bpp.smol
tools/compresSmol/compresSmol -w build/assets/graphics/pokemon/chesnaught/back.png.4bpp build/assets/graphics/pokemon/chesnaught/back.png.4bpp.smol
tools/compresSmol/compresSmol -w build/assets/graphics/pokemon/chesnaught/mega/back.png.4bpp build/assets/graphics/pokemon/chesnaught/mega/back.png.4bpp.smol
tools/compresSmol/compresSmol -w build/assets/graphics/pokemon/chesnaught/mega/front.png.4bpp build/assets/graphics/pokemon/chesnaught/mega/front.png.4bpp.smol
tools/compresSmol/compresSmol -w build/assets/graphics/pokemon/chesnaught/overworld.png_mwidth_4__mheight_4.4bpp build/assets/graphics/pokemon/chesnaught/overworld.png_mwidth_4__mheight_4.4bpp.smol
tools/compresSmol/compresSmol -w build/assets/graphics/pokemon/chespin/anim_front.png.4bpp build/assets/graphics/pokemon/chespin/anim_front.png.4bpp.smol
tools/compresSmol/compresSmol -w build/assets/graphics/pokemon/chespin/back.png.4bpp build/assets/graphics/pokemon/chespin/back.png.4bpp.smol
tools/compresSmol/compresSmol -w build/assets/graphics/pokemon/chespin/overworld.png_mwidth_4__mheight_4.4bpp build/assets/graphics/pokemon/chespin/overworld.png_mwidth_4__mheight_4.4bpp.smol
tools/compresSmol/compresSmol -w build/assets/graphics/pokemon/chewtle/anim_front.png.4bpp build/assets/graphics/pokemon/chewtle/anim_front.png.4bpp.smol
tools/compresSmol/compresSmol -w build/assets/graphics/pokemon/chewtle/back.png.4bpp build/assets/graphics/pokemon/chewtle/back.png.4bpp.smol
tools/compresSmol/compresSmol -w build/assets/graphics/pokemon/chewtle/overworld.png_mwidth_4__mheight_4.4bpp build/assets/graphics/pokemon/chewtle/overworld.png_mwidth_4__mheight_4.4bpp.smol
tools/compresSmol/compresSmol -w build/assets/graphics/pokemon/chi_yu/back.png.4bpp build/assets/graphics/pokemon/chi_yu/back.png.4bpp.smol
tools/compresSmol/compresSmol -w build/assets/graphics/pokemon/chi_yu/front.png.4bpp build/assets/graphics/pokemon/chi_yu/front.png.4bpp.smol
tools/compresSmol/compresSmol -w build/assets/graphics/pokemon/chi_yu/overworld.png_mwidth_4__mheight_4.4bpp build/assets/graphics/pokemon/chi_yu/overworld.png_mwidth_4__mheight_4.4bpp.smol
tools/compresSmol/compresSmol -w build/assets/graphics/pokemon/chien_pao/back.png.4bpp build/assets/graphics/pokemon/chien_pao/back.png.4bpp.smol
tools/compresSmol/compresSmol -w build/assets/graphics/pokemon/chien_pao/front.png.4bpp build/assets/graphics/pokemon/chien_pao/front.png.4bpp.smol
tools/compresSmol/compresSmol -w build/assets/graphics/pokemon/chien_pao/overworld.png_mwidth_4__mheight_4.4bpp build/assets/graphics/pokemon/chien_pao/overworld.png_mwidth_4__mheight_4.4bpp.smol
tools/compresSmol/compresSmol -w build/assets/graphics/pokemon/chikorita/anim_front.png.4bpp build/assets/graphics/pokemon/chikorita/anim_front.png.4bpp.smol
tools/compresSmol/compresSmol -w build/assets/graphics/pokemon/chikorita/anim_front_gba.png.4bpp build/assets/graphics/pokemon/chikorita/anim_front_gba.png.4bpp.smol
tools/compresSmol/compresSmol -w build/assets/graphics/pokemon/chikorita/back.png.4bpp build/assets/graphics/pokemon/chikorita/back.png.4bpp.smol
tools/compresSmol/compresSmol -w build/assets/graphics/pokemon/chikorita/back_gba.png.4bpp build/assets/graphics/pokemon/chikorita/back_gba.png.4bpp.smol
tools/compresSmol/compresSmol -w build/assets/graphics/pokemon/chikorita/overworld.png_mwidth_4__mheight_4.4bpp build/assets/graphics/pokemon/chikorita/overworld.png_mwidth_4__mheight_4.4bpp.smol
tools/compresSmol/compresSmol -w build/assets/graphics/pokemon/chimchar/anim_front.png.4bpp build/assets/graphics/pokemon/chimchar/anim_front.png.4bpp.smol
tools/compresSmol/compresSmol -w build/assets/graphics/pokemon/chimchar/back.png.4bpp build/assets/graphics/pokemon/chimchar/back.png.4bpp.smol
tools/compresSmol/compresSmol -w build/assets/graphics/pokemon/chimchar/overworld.png_mwidth_4__mheight_4.4bpp build/assets/graphics/pokemon/chimchar/overworld.png_mwidth_4__mheight_4.4bpp.smol
tools/compresSmol/compresSmol -w build/assets/graphics/pokemon/chimecho/anim_front.png.4bpp build/assets/graphics/pokemon/chimecho/anim_front.png.4bpp.smol
tools/compresSmol/compresSmol -w build/assets/graphics/pokemon/chimecho/anim_front_gba.png.4bpp build/assets/graphics/pokemon/chimecho/anim_front_gba.png.4bpp.smol
tools/compresSmol/compresSmol -w build/assets/graphics/pokemon/chimecho/back.png.4bpp build/assets/graphics/pokemon/chimecho/back.png.4bpp.smol
tools/compresSmol/compresSmol -w build/assets/graphics/pokemon/chimecho/back_gba.png.4bpp build/assets/graphics/pokemon/chimecho/back_gba.png.4bpp.smol
tools/compresSmol/compresSmol -w build/assets/graphics/pokemon/chimecho/mega/back.png.4bpp build/assets/graphics/pokemon/chimecho/mega/back.png.4bpp.smol
tools/compresSmol/compresSmol -w build/assets/graphics/pokemon/chimecho/mega/front.png.4bpp build/assets/graphics/pokemon/chimecho/mega/front.png.4bpp.smol
tools/compresSmol/compresSmol -w build/assets/graphics/pokemon/chimecho/overworld.png_mwidth_4__mheight_4.4bpp build/assets/graphics/pokemon/chimecho/overworld.png_mwidth_4__mheight_4.4bpp.smol
tools/compresSmol/compresSmol -w build/assets/graphics/pokemon/chinchou/anim_front.png.4bpp build/assets/graphics/pokemon/chinchou/anim_front.png.4bpp.smol
tools/compresSmol/compresSmol -w build/assets/graphics/pokemon/chinchou/anim_front_gba.png.4bpp build/assets/graphics/pokemon/chinchou/anim_front_gba.png.4bpp.smol
tools/compresSmol/compresSmol -w build/assets/graphics/pokemon/chinchou/back.png.4bpp build/assets/graphics/pokemon/chinchou/back.png.4bpp.smol
tools/compresSmol/compresSmol -w build/assets/graphics/pokemon/chinchou/back_gba.png.4bpp build/assets/graphics/pokemon/chinchou/back_gba.png.4bpp.smol
tools/compresSmol/compresSmol -w build/assets/graphics/pokemon/chinchou/overworld.png_mwidth_4__mheight_4.4bpp build/assets/graphics/pokemon/chinchou/overworld.png_mwidth_4__mheight_4.4bpp.smol
tools/compresSmol/compresSmol -w build/assets/graphics/pokemon/chingling/anim_front.png.4bpp build/assets/graphics/pokemon/chingling/anim_front.png.4bpp.smol
tools/compresSmol/compresSmol -w build/assets/graphics/pokemon/chingling/back.png.4bpp build/assets/graphics/pokemon/chingling/back.png.4bpp.smol
tools/compresSmol/compresSmol -w build/assets/graphics/pokemon/chingling/overworld.png_mwidth_4__mheight_4.4bpp build/assets/graphics/pokemon/chingling/overworld.png_mwidth_4__mheight_4.4bpp.smol
tools/compresSmol/compresSmol -w build/assets/graphics/pokemon/cinccino/anim_front.png.4bpp build/assets/graphics/pokemon/cinccino/anim_front.png.4bpp.smol
tools/compresSmol/compresSmol -w build/assets/graphics/pokemon/cinccino/back.png.4bpp build/assets/graphics/pokemon/cinccino/back.png.4bpp.smol
tools/compresSmol/compresSmol -w build/assets/graphics/pokemon/cinccino/overworld.png_mwidth_4__mheight_4.4bpp build/assets/graphics/pokemon/cinccino/overworld.png_mwidth_4__mheight_4.4bpp.smol
tools/compresSmol/compresSmol -w build/assets/graphics/pokemon/cinderace/back.png.4bpp build/assets/graphics/pokemon/cinderace/back.png.4bpp.smol
tools/compresSmol/compresSmol -w build/assets/graphics/pokemon/cinderace/front.png.4bpp build/assets/graphics/pokemon/cinderace/front.png.4bpp.smol
tools/compresSmol/compresSmol -w build/assets/graphics/pokemon/cinderace/gmax/back.png.4bpp build/assets/graphics/pokemon/cinderace/gmax/back.png.4bpp.smol
tools/compresSmol/compresSmol -w build/assets/graphics/pokemon/cinderace/gmax/front.png.4bpp build/assets/graphics/pokemon/cinderace/gmax/front.png.4bpp.smol
tools/compresSmol/compresSmol -w build/assets/graphics/pokemon/cinderace/overworld.png_mwidth_4__mheight_4.4bpp build/assets/graphics/pokemon/cinderace/overworld.png_mwidth_4__mheight_4.4bpp.smol
tools/compresSmol/compresSmol -w build/assets/graphics/pokemon/clamperl/anim_front.png.4bpp build/assets/graphics/pokemon/clamperl/anim_front.png.4bpp.smol
tools/compresSmol/compresSmol -w build/assets/graphics/pokemon/clamperl/anim_front_gba.png.4bpp build/assets/graphics/pokemon/clamperl/anim_front_gba.png.4bpp.smol
tools/compresSmol/compresSmol -w build/assets/graphics/pokemon/clamperl/back.png.4bpp build/assets/graphics/pokemon/clamperl/back.png.4bpp.smol
tools/compresSmol/compresSmol -w build/assets/graphics/pokemon/clamperl/back_gba.png.4bpp build/assets/graphics/pokemon/clamperl/back_gba.png.4bpp.smol
tools/compresSmol/compresSmol -w build/assets/graphics/pokemon/clamperl/overworld.png_mwidth_4__mheight_4.4bpp build/assets/graphics/pokemon/clamperl/overworld.png_mwidth_4__mheight_4.4bpp.smol
tools/compresSmol/compresSmol -w build/assets/graphics/pokemon/clauncher/anim_front.png.4bpp build/assets/graphics/pokemon/clauncher/anim_front.png.4bpp.smol
tools/compresSmol/compresSmol -w build/assets/graphics/pokemon/clauncher/back.png.4bpp build/assets/graphics/pokemon/clauncher/back.png.4bpp.smol
tools/compresSmol/compresSmol -w build/assets/graphics/pokemon/clauncher/overworld.png_mwidth_4__mheight_4.4bpp build/assets/graphics/pokemon/clauncher/overworld.png_mwidth_4__mheight_4.4bpp.smol
tools/compresSmol/compresSmol -w build/assets/graphics/pokemon/clawitzer/anim_front.png.4bpp build/assets/graphics/pokemon/clawitzer/anim_front.png.4bpp.smol
tools/compresSmol/compresSmol -w build/assets/graphics/pokemon/clawitzer/back.png.4bpp build/assets/graphics/pokemon/clawitzer/back.png.4bpp.smol
tools/compresSmol/compresSmol -w build/assets/graphics/pokemon/clawitzer/overworld.png_mwidth_4__mheight_4.4bpp build/assets/graphics/pokemon/clawitzer/overworld.png_mwidth_4__mheight_4.4bpp.smol
tools/compresSmol/compresSmol -w build/assets/graphics/pokemon/claydol/anim_front.png.4bpp build/assets/graphics/pokemon/claydol/anim_front.png.4bpp.smol
tools/compresSmol/compresSmol -w build/assets/graphics/pokemon/claydol/anim_front_gba.png.4bpp build/assets/graphics/pokemon/claydol/anim_front_gba.png.4bpp.smol
tools/compresSmol/compresSmol -w build/assets/graphics/pokemon/claydol/back.png.4bpp build/assets/graphics/pokemon/claydol/back.png.4bpp.smol
tools/compresSmol/compresSmol -w build/assets/graphics/pokemon/claydol/back_gba.png.4bpp build/assets/graphics/pokemon/claydol/back_gba.png.4bpp.smol
tools/compresSmol/compresSmol -w build/assets/graphics/pokemon/claydol/overworld.png_mwidth_4__mheight_4.4bpp build/assets/graphics/pokemon/claydol/overworld.png_mwidth_4__mheight_4.4bpp.smol
tools/compresSmol/compresSmol -w build/assets/graphics/pokemon/clefable/anim_front.png.4bpp build/assets/graphics/pokemon/clefable/anim_front.png.4bpp.smol
tools/compresSmol/compresSmol -w build/assets/graphics/pokemon/clefable/anim_front_gba.png.4bpp build/assets/graphics/pokemon/clefable/anim_front_gba.png.4bpp.smol
tools/compresSmol/compresSmol -w build/assets/graphics/pokemon/clefable/back.png.4bpp build/assets/graphics/pokemon/clefable/back.png.4bpp.smol
tools/compresSmol/compresSmol -w build/assets/graphics/pokemon/clefable/back_gba.png.4bpp build/assets/graphics/pokemon/clefable/back_gba.png.4bpp.smol
tools/compresSmol/compresSmol -w build/assets/graphics/pokemon/clefable/mega/back.png.4bpp build/assets/graphics/pokemon/clefable/mega/back.png.4bpp.smol
tools/compresSmol/compresSmol -w build/assets/graphics/pokemon/clefable/mega/front.png.4bpp build/assets/graphics/pokemon/clefable/mega/front.png.4bpp.smol
tools/compresSmol/compresSmol -w build/assets/graphics/pokemon/clefable/overworld.png_mwidth_4__mheight_4.4bpp build/assets/graphics/pokemon/clefable/overworld.png_mwidth_4__mheight_4.4bpp.smol
tools/compresSmol/compresSmol -w build/assets/graphics/pokemon/clefairy/anim_front.png.4bpp build/assets/graphics/pokemon/clefairy/anim_front.png.4bpp.smol
tools/compresSmol/compresSmol -w build/assets/graphics/pokemon/clefairy/anim_front_gba.png.4bpp build/assets/graphics/pokemon/clefairy/anim_front_gba.png.4bpp.smol
tools/compresSmol/compresSmol -w build/assets/graphics/pokemon/clefairy/back.png.4bpp build/assets/graphics/pokemon/clefairy/back.png.4bpp.smol
tools/compresSmol/compresSmol -w build/assets/graphics/pokemon/clefairy/back_gba.png.4bpp build/assets/graphics/pokemon/clefairy/back_gba.png.4bpp.smol
tools/compresSmol/compresSmol -w build/assets/graphics/pokemon/clefairy/overworld.png_mwidth_4__mheight_4.4bpp build/assets/graphics/pokemon/clefairy/overworld.png_mwidth_4__mheight_4.4bpp.smol
tools/compresSmol/compresSmol -w build/assets/graphics/pokemon/cleffa/anim_front.png.4bpp build/assets/graphics/pokemon/cleffa/anim_front.png.4bpp.smol
tools/compresSmol/compresSmol -w build/assets/graphics/pokemon/cleffa/anim_front_gba.png.4bpp build/assets/graphics/pokemon/cleffa/anim_front_gba.png.4bpp.smol
tools/compresSmol/compresSmol -w build/assets/graphics/pokemon/cleffa/back.png.4bpp build/assets/graphics/pokemon/cleffa/back.png.4bpp.smol
tools/compresSmol/compresSmol -w build/assets/graphics/pokemon/cleffa/back_gba.png.4bpp build/assets/graphics/pokemon/cleffa/back_gba.png.4bpp.smol
tools/compresSmol/compresSmol -w build/assets/graphics/pokemon/cleffa/overworld.png_mwidth_4__mheight_4.4bpp build/assets/graphics/pokemon/cleffa/overworld.png_mwidth_4__mheight_4.4bpp.smol
tools/compresSmol/compresSmol -w build/assets/graphics/pokemon/clobbopus/back.png.4bpp build/assets/graphics/pokemon/clobbopus/back.png.4bpp.smol
tools/compresSmol/compresSmol -w build/assets/graphics/pokemon/clobbopus/front.png.4bpp build/assets/graphics/pokemon/clobbopus/front.png.4bpp.smol
tools/compresSmol/compresSmol -w build/assets/graphics/pokemon/clobbopus/overworld.png_mwidth_4__mheight_4.4bpp build/assets/graphics/pokemon/clobbopus/overworld.png_mwidth_4__mheight_4.4bpp.smol
tools/compresSmol/compresSmol -w build/assets/graphics/pokemon/clodsire/anim_front.png.4bpp build/assets/graphics/pokemon/clodsire/anim_front.png.4bpp.smol
tools/compresSmol/compresSmol -w build/assets/graphics/pokemon/clodsire/back.png.4bpp build/assets/graphics/pokemon/clodsire/back.png.4bpp.smol
tools/compresSmol/compresSmol -w build/assets/graphics/pokemon/clodsire/overworld.png_mwidth_4__mheight_4.4bpp build/assets/graphics/pokemon/clodsire/overworld.png_mwidth_4__mheight_4.4bpp.smol
tools/compresSmol/compresSmol -w build/assets/graphics/pokemon/cloyster/anim_front.png.4bpp build/assets/graphics/pokemon/cloyster/anim_front.png.4bpp.smol
tools/compresSmol/compresSmol -w build/assets/graphics/pokemon/cloyster/anim_front_gba.png.4bpp build/assets/graphics/pokemon/cloyster/anim_front_gba.png.4bpp.smol
tools/compresSmol/compresSmol -w build/assets/graphics/pokemon/cloyster/back.png.4bpp build/assets/graphics/pokemon/cloyster/back.png.4bpp.smol
tools/compresSmol/compresSmol -w build/assets/graphics/pokemon/cloyster/back_gba.png.4bpp build/assets/graphics/pokemon/cloyster/back_gba.png.4bpp.smol
tools/compresSmol/compresSmol -w build/assets/graphics/pokemon/cloyster/overworld.png_mwidth_4__mheight_4.4bpp build/assets/graphics/pokemon/cloyster/overworld.png_mwidth_4__mheight_4.4bpp.smol
tools/compresSmol/compresSmol -w build/assets/graphics/pokemon/coalossal/anim_front.png.4bpp build/assets/graphics/pokemon/coalossal/anim_front.png.4bpp.smol
tools/compresSmol/compresSmol -w build/assets/graphics/pokemon/coalossal/back.png.4bpp build/assets/graphics/pokemon/coalossal/back.png.4bpp.smol
tools/compresSmol/compresSmol -w build/assets/graphics/pokemon/coalossal/gmax/back.png.4bpp build/assets/graphics/pokemon/coalossal/gmax/back.png.4bpp.smol
tools/compresSmol/compresSmol -w build/assets/graphics/pokemon/coalossal/gmax/front.png.4bpp build/assets/graphics/pokemon/coalossal/gmax/front.png.4bpp.smol
tools/compresSmol/compresSmol -w build/assets/graphics/pokemon/coalossal/overworld.png_mwidth_4__mheight_4.4bpp build/assets/graphics/pokemon/coalossal/overworld.png_mwidth_4__mheight_4.4bpp.smol
tools/compresSmol/compresSmol -w build/assets/graphics/pokemon/cobalion/anim_front.png.4bpp build/assets/graphics/pokemon/cobalion/anim_front.png.4bpp.smol
tools/compresSmol/compresSmol -w build/assets/graphics/pokemon/cobalion/back.png.4bpp build/assets/graphics/pokemon/cobalion/back.png.4bpp.smol
tools/compresSmol/compresSmol -w build/assets/graphics/pokemon/cobalion/overworld.png_mwidth_4__mheight_4.4bpp build/assets/graphics/pokemon/cobalion/overworld.png_mwidth_4__mheight_4.4bpp.smol
tools/compresSmol/compresSmol -w build/assets/graphics/pokemon/cofagrigus/anim_front.png.4bpp build/assets/graphics/pokemon/cofagrigus/anim_front.png.4bpp.smol
tools/compresSmol/compresSmol -w build/assets/graphics/pokemon/cofagrigus/back.png.4bpp build/assets/graphics/pokemon/cofagrigus/back.png.4bpp.smol
tools/compresSmol/compresSmol -w build/assets/graphics/pokemon/cofagrigus/overworld.png_mwidth_4__mheight_4.4bpp build/assets/graphics/pokemon/cofagrigus/overworld.png_mwidth_4__mheight_4.4bpp.smol
tools/compresSmol/compresSmol -w build/assets/graphics/pokemon/combee/anim_front.png.4bpp build/assets/graphics/pokemon/combee/anim_front.png.4bpp.smol
tools/compresSmol/compresSmol -w build/assets/graphics/pokemon/combee/back.png.4bpp build/assets/graphics/pokemon/combee/back.png.4bpp.smol
tools/compresSmol/compresSmol -w build/assets/graphics/pokemon/combee/overworld.png_mwidth_4__mheight_4.4bpp build/assets/graphics/pokemon/combee/overworld.png_mwidth_4__mheight_4.4bpp.smol
tools/compresSmol/compresSmol -w build/assets/graphics/pokemon/combee/overworldf.png_mwidth_4__mheight_4.4bpp build/assets/graphics/pokemon/combee/overworldf.png_mwidth_4__mheight_4.4bpp.smol
tools/compresSmol/compresSmol -w build/assets/graphics/pokemon/combusken/anim_front.png.4bpp build/assets/graphics/pokemon/combusken/anim_front.png.4bpp.smol
tools/compresSmol/compresSmol -w build/assets/graphics/pokemon/combusken/anim_front_gba.png.4bpp build/assets/graphics/pokemon/combusken/anim_front_gba.png.4bpp.smol
tools/compresSmol/compresSmol -w build/assets/graphics/pokemon/combusken/anim_frontf.png.4bpp build/assets/graphics/pokemon/combusken/anim_frontf.png.4bpp.smol
tools/compresSmol/compresSmol -w build/assets/graphics/pokemon/combusken/back.png.4bpp build/assets/graphics/pokemon/combusken/back.png.4bpp.smol
tools/compresSmol/compresSmol -w build/assets/graphics/pokemon/combusken/back_gba.png.4bpp build/assets/graphics/pokemon/combusken/back_gba.png.4bpp.smol
tools/compresSmol/compresSmol -w build/assets/graphics/pokemon/combusken/backf.png.4bpp build/assets/graphics/pokemon/combusken/backf.png.4bpp.smol
tools/compresSmol/compresSmol -w build/assets/graphics/pokemon/combusken/overworld.png_mwidth_4__mheight_4.4bpp build/assets/graphics/pokemon/combusken/overworld.png_mwidth_4__mheight_4.4bpp.smol
tools/compresSmol/compresSmol -w build/assets/graphics/pokemon/combusken/overworldf.png_mwidth_4__mheight_4.4bpp build/assets/graphics/pokemon/combusken/overworldf.png_mwidth_4__mheight_4.4bpp.smol
tools/compresSmol/compresSmol -w build/assets/graphics/pokemon/comfey/back.png.4bpp build/assets/graphics/pokemon/comfey/back.png.4bpp.smol
tools/compresSmol/compresSmol -w build/assets/graphics/pokemon/comfey/front.png.4bpp build/assets/graphics/pokemon/comfey/front.png.4bpp.smol
tools/compresSmol/compresSmol -w build/assets/graphics/pokemon/comfey/overworld.png_mwidth_4__mheight_4.4bpp build/assets/graphics/pokemon/comfey/overworld.png_mwidth_4__mheight_4.4bpp.smol
tools/compresSmol/compresSmol -w build/assets/graphics/pokemon/conkeldurr/anim_front.png.4bpp build/assets/graphics/pokemon/conkeldurr/anim_front.png.4bpp.smol
tools/compresSmol/compresSmol -w build/assets/graphics/pokemon/conkeldurr/back.png.4bpp build/assets/graphics/pokemon/conkeldurr/back.png.4bpp.smol
tools/compresSmol/compresSmol -w build/assets/graphics/pokemon/conkeldurr/overworld.png_mwidth_4__mheight_4.4bpp build/assets/graphics/pokemon/conkeldurr/overworld.png_mwidth_4__mheight_4.4bpp.smol
tools/compresSmol/compresSmol -w build/assets/graphics/pokemon/copperajah/back.png.4bpp build/assets/graphics/pokemon/copperajah/back.png.4bpp.smol
tools/compresSmol/compresSmol -w build/assets/graphics/pokemon/copperajah/front.png.4bpp build/assets/graphics/pokemon/copperajah/front.png.4bpp.smol
tools/compresSmol/compresSmol -w build/assets/graphics/pokemon/copperajah/gmax/back.png.4bpp build/assets/graphics/pokemon/copperajah/gmax/back.png.4bpp.smol
tools/compresSmol/compresSmol -w build/assets/graphics/pokemon/copperajah/gmax/front.png.4bpp build/assets/graphics/pokemon/copperajah/gmax/front.png.4bpp.smol
tools/compresSmol/compresSmol -w build/assets/graphics/pokemon/copperajah/overworld.png_mwidth_4__mheight_4.4bpp build/assets/graphics/pokemon/copperajah/overworld.png_mwidth_4__mheight_4.4bpp.smol
tools/compresSmol/compresSmol -w build/assets/graphics/pokemon/corphish/anim_front.png.4bpp build/assets/graphics/pokemon/corphish/anim_front.png.4bpp.smol
tools/compresSmol/compresSmol -w build/assets/graphics/pokemon/corphish/anim_front_gba.png.4bpp build/assets/graphics/pokemon/corphish/anim_front_gba.png.4bpp.smol
tools/compresSmol/compresSmol -w build/assets/graphics/pokemon/corphish/back.png.4bpp build/assets/graphics/pokemon/corphish/back.png.4bpp.smol
tools/compresSmol/compresSmol -w build/assets/graphics/pokemon/corphish/back_gba.png.4bpp build/assets/graphics/pokemon/corphish/back_gba.png.4bpp.smol
tools/compresSmol/compresSmol -w build/assets/graphics/pokemon/corphish/overworld.png_mwidth_4__mheight_4.4bpp build/assets/graphics/pokemon/corphish/overworld.png_mwidth_4__mheight_4.4bpp.smol
tools/compresSmol/compresSmol -w build/assets/graphics/pokemon/corsola/anim_front.png.4bpp build/assets/graphics/pokemon/corsola/anim_front.png.4bpp.smol
tools/compresSmol/compresSmol -w build/assets/graphics/pokemon/corsola/anim_front_gba.png.4bpp build/assets/graphics/pokemon/corsola/anim_front_gba.png.4bpp.smol
tools/compresSmol/compresSmol -w build/assets/graphics/pokemon/corsola/back.png.4bpp build/assets/graphics/pokemon/corsola/back.png.4bpp.smol
tools/compresSmol/compresSmol -w build/assets/graphics/pokemon/corsola/back_gba.png.4bpp build/assets/graphics/pokemon/corsola/back_gba.png.4bpp.smol
tools/compresSmol/compresSmol -w build/assets/graphics/pokemon/corsola/galar/back.png.4bpp build/assets/graphics/pokemon/corsola/galar/back.png.4bpp.smol
tools/compresSmol/compresSmol -w build/assets/graphics/pokemon/corsola/galar/front.png.4bpp build/assets/graphics/pokemon/corsola/galar/front.png.4bpp.smol
tools/compresSmol/compresSmol -w build/assets/graphics/pokemon/corsola/galar/overworld.png_mwidth_4__mheight_4.4bpp build/assets/graphics/pokemon/corsola/galar/overworld.png_mwidth_4__mheight_4.4bpp.smol
tools/compresSmol/compresSmol -w build/assets/graphics/pokemon/corsola/overworld.png_mwidth_4__mheight_4.4bpp build/assets/graphics/pokemon/corsola/overworld.png_mwidth_4__mheight_4.4bpp.smol
tools/compresSmol/compresSmol -w build/assets/graphics/pokemon/corviknight/anim_front.png.4bpp build/assets/graphics/pokemon/corviknight/anim_front.png.4bpp.smol
tools/compresSmol/compresSmol -w build/assets/graphics/pokemon/corviknight/back.png.4bpp build/assets/graphics/pokemon/corviknight/back.png.4bpp.smol
tools/compresSmol/compresSmol -w build/assets/graphics/pokemon/corviknight/gmax/back.png.4bpp build/assets/graphics/pokemon/corviknight/gmax/back.png.4bpp.smol
tools/compresSmol/compresSmol -w build/assets/graphics/pokemon/corviknight/gmax/front.png.4bpp build/assets/graphics/pokemon/corviknight/gmax/front.png.4bpp.smol
tools/compresSmol/compresSmol -w build/assets/graphics/pokemon/corviknight/overworld.png_mwidth_4__mheight_4.4bpp build/assets/graphics/pokemon/corviknight/overworld.png_mwidth_4__mheight_4.4bpp.smol
tools/compresSmol/compresSmol -w build/assets/graphics/pokemon/corvisquire/anim_front.png.4bpp build/assets/graphics/pokemon/corvisquire/anim_front.png.4bpp.smol
tools/compresSmol/compresSmol -w build/assets/graphics/pokemon/corvisquire/back.png.4bpp build/assets/graphics/pokemon/corvisquire/back.png.4bpp.smol
tools/compresSmol/compresSmol -w build/assets/graphics/pokemon/corvisquire/overworld.png_mwidth_4__mheight_4.4bpp build/assets/graphics/pokemon/corvisquire/overworld.png_mwidth_4__mheight_4.4bpp.smol
tools/compresSmol/compresSmol -w build/assets/graphics/pokemon/cosmoem/back.png.4bpp build/assets/graphics/pokemon/cosmoem/back.png.4bpp.smol
tools/compresSmol/compresSmol -w build/assets/graphics/pokemon/cosmoem/front.png.4bpp build/assets/graphics/pokemon/cosmoem/front.png.4bpp.smol
tools/compresSmol/compresSmol -w build/assets/graphics/pokemon/cosmoem/overworld.png_mwidth_4__mheight_4.4bpp build/assets/graphics/pokemon/cosmoem/overworld.png_mwidth_4__mheight_4.4bpp.smol
tools/compresSmol/compresSmol -w build/assets/graphics/pokemon/cosmog/back.png.4bpp build/assets/graphics/pokemon/cosmog/back.png.4bpp.smol
tools/compresSmol/compresSmol -w build/assets/graphics/pokemon/cosmog/front.png.4bpp build/assets/graphics/pokemon/cosmog/front.png.4bpp.smol
tools/compresSmol/compresSmol -w build/assets/graphics/pokemon/cosmog/overworld.png_mwidth_4__mheight_4.4bpp build/assets/graphics/pokemon/cosmog/overworld.png_mwidth_4__mheight_4.4bpp.smol
tools/compresSmol/compresSmol -w build/assets/graphics/pokemon/cottonee/anim_front.png.4bpp build/assets/graphics/pokemon/cottonee/anim_front.png.4bpp.smol
tools/compresSmol/compresSmol -w build/assets/graphics/pokemon/cottonee/back.png.4bpp build/assets/graphics/pokemon/cottonee/back.png.4bpp.smol
tools/compresSmol/compresSmol -w build/assets/graphics/pokemon/cottonee/overworld.png_mwidth_4__mheight_4.4bpp build/assets/graphics/pokemon/cottonee/overworld.png_mwidth_4__mheight_4.4bpp.smol
tools/compresSmol/compresSmol -w build/assets/graphics/pokemon/crabominable/back.png.4bpp build/assets/graphics/pokemon/crabominable/back.png.4bpp.smol
tools/compresSmol/compresSmol -w build/assets/graphics/pokemon/crabominable/front.png.4bpp build/assets/graphics/pokemon/crabominable/front.png.4bpp.smol
tools/compresSmol/compresSmol -w build/assets/graphics/pokemon/crabominable/mega/back.png.4bpp build/assets/graphics/pokemon/crabominable/mega/back.png.4bpp.smol
tools/compresSmol/compresSmol -w build/assets/graphics/pokemon/crabominable/mega/front.png.4bpp build/assets/graphics/pokemon/crabominable/mega/front.png.4bpp.smol
tools/compresSmol/compresSmol -w build/assets/graphics/pokemon/crabominable/overworld.png_mwidth_4__mheight_4.4bpp build/assets/graphics/pokemon/crabominable/overworld.png_mwidth_4__mheight_4.4bpp.smol
tools/compresSmol/compresSmol -w build/assets/graphics/pokemon/crabrawler/back.png.4bpp build/assets/graphics/pokemon/crabrawler/back.png.4bpp.smol
tools/compresSmol/compresSmol -w build/assets/graphics/pokemon/crabrawler/front.png.4bpp build/assets/graphics/pokemon/crabrawler/front.png.4bpp.smol
tools/compresSmol/compresSmol -w build/assets/graphics/pokemon/crabrawler/overworld.png_mwidth_4__mheight_4.4bpp build/assets/graphics/pokemon/crabrawler/overworld.png_mwidth_4__mheight_4.4bpp.smol
tools/compresSmol/compresSmol -w build/assets/graphics/pokemon/cradily/anim_front.png.4bpp build/assets/graphics/pokemon/cradily/anim_front.png.4bpp.smol
tools/compresSmol/compresSmol -w build/assets/graphics/pokemon/cradily/anim_front_gba.png.4bpp build/assets/graphics/pokemon/cradily/anim_front_gba.png.4bpp.smol
tools/compresSmol/compresSmol -w build/assets/graphics/pokemon/cradily/back.png.4bpp build/assets/graphics/pokemon/cradily/back.png.4bpp.smol
tools/compresSmol/compresSmol -w build/assets/graphics/pokemon/cradily/back_gba.png.4bpp build/assets/graphics/pokemon/cradily/back_gba.png.4bpp.smol
tools/compresSmol/compresSmol -w build/assets/graphics/pokemon/cradily/overworld.png_mwidth_4__mheight_4.4bpp build/assets/graphics/pokemon/cradily/overworld.png_mwidth_4__mheight_4.4bpp.smol
tools/compresSmol/compresSmol -w build/assets/graphics/pokemon/cramorant/back.png.4bpp build/assets/graphics/pokemon/cramorant/back.png.4bpp.smol
tools/compresSmol/compresSmol -w build/assets/graphics/pokemon/cramorant/front.png.4bpp build/assets/graphics/pokemon/cramorant/front.png.4bpp.smol
tools/compresSmol/compresSmol -w build/assets/graphics/pokemon/cramorant/gorging/back.png.4bpp build/assets/graphics/pokemon/cramorant/gorging/back.png.4bpp.smol
tools/compresSmol/compresSmol -w build/assets/graphics/pokemon/cramorant/gorging/front.png.4bpp build/assets/graphics/pokemon/cramorant/gorging/front.png.4bpp.smol
tools/compresSmol/compresSmol -w build/assets/graphics/pokemon/cramorant/gulping/back.png.4bpp build/assets/graphics/pokemon/cramorant/gulping/back.png.4bpp.smol
tools/compresSmol/compresSmol -w build/assets/graphics/pokemon/cramorant/gulping/front.png.4bpp build/assets/graphics/pokemon/cramorant/gulping/front.png.4bpp.smol
tools/compresSmol/compresSmol -w build/assets/graphics/pokemon/cramorant/overworld.png_mwidth_4__mheight_4.4bpp build/assets/graphics/pokemon/cramorant/overworld.png_mwidth_4__mheight_4.4bpp.smol
tools/compresSmol/compresSmol -w build/assets/graphics/pokemon/cranidos/anim_front.png.4bpp build/assets/graphics/pokemon/cranidos/anim_front.png.4bpp.smol
tools/compresSmol/compresSmol -w build/assets/graphics/pokemon/cranidos/back.png.4bpp build/assets/graphics/pokemon/cranidos/back.png.4bpp.smol
tools/compresSmol/compresSmol -w build/assets/graphics/pokemon/cranidos/overworld.png_mwidth_4__mheight_4.4bpp build/assets/graphics/pokemon/cranidos/overworld.png_mwidth_4__mheight_4.4bpp.smol
tools/compresSmol/compresSmol -w build/assets/graphics/pokemon/crawdaunt/anim_front.png.4bpp build/assets/graphics/pokemon/crawdaunt/anim_front.png.4bpp.smol
tools/compresSmol/compresSmol -w build/assets/graphics/pokemon/crawdaunt/anim_front_gba.png.4bpp build/assets/graphics/pokemon/crawdaunt/anim_front_gba.png.4bpp.smol
tools/compresSmol/compresSmol -w build/assets/graphics/pokemon/crawdaunt/back.png.4bpp build/assets/graphics/pokemon/crawdaunt/back.png.4bpp.smol
tools/compresSmol/compresSmol -w build/assets/graphics/pokemon/crawdaunt/back_gba.png.4bpp build/assets/graphics/pokemon/crawdaunt/back_gba.png.4bpp.smol
tools/compresSmol/compresSmol -w build/assets/graphics/pokemon/crawdaunt/overworld.png_mwidth_4__mheight_4.4bpp build/assets/graphics/pokemon/crawdaunt/overworld.png_mwidth_4__mheight_4.4bpp.smol
tools/compresSmol/compresSmol -w build/assets/graphics/pokemon/cresselia/anim_front.png.4bpp build/assets/graphics/pokemon/cresselia/anim_front.png.4bpp.smol
tools/compresSmol/compresSmol -w build/assets/graphics/pokemon/cresselia/back.png.4bpp build/assets/graphics/pokemon/cresselia/back.png.4bpp.smol
tools/compresSmol/compresSmol -w build/assets/graphics/pokemon/cresselia/overworld.png_mwidth_4__mheight_4.4bpp build/assets/graphics/pokemon/cresselia/overworld.png_mwidth_4__mheight_4.4bpp.smol
tools/compresSmol/compresSmol -w build/assets/graphics/pokemon/croagunk/anim_front.png.4bpp build/assets/graphics/pokemon/croagunk/anim_front.png.4bpp.smol
tools/compresSmol/compresSmol -w build/assets/graphics/pokemon/croagunk/anim_frontf.png.4bpp build/assets/graphics/pokemon/croagunk/anim_frontf.png.4bpp.smol
tools/compresSmol/compresSmol -w build/assets/graphics/pokemon/croagunk/back.png.4bpp build/assets/graphics/pokemon/croagunk/back.png.4bpp.smol
tools/compresSmol/compresSmol -w build/assets/graphics/pokemon/croagunk/backf.png.4bpp build/assets/graphics/pokemon/croagunk/backf.png.4bpp.smol
tools/compresSmol/compresSmol -w build/assets/graphics/pokemon/croagunk/overworld.png_mwidth_4__mheight_4.4bpp build/assets/graphics/pokemon/croagunk/overworld.png_mwidth_4__mheight_4.4bpp.smol
tools/compresSmol/compresSmol -w build/assets/graphics/pokemon/croagunk/overworldf.png_mwidth_4__mheight_4.4bpp build/assets/graphics/pokemon/croagunk/overworldf.png_mwidth_4__mheight_4.4bpp.smol
tools/compresSmol/compresSmol -w build/assets/graphics/pokemon/crobat/anim_front.png.4bpp build/assets/graphics/pokemon/crobat/anim_front.png.4bpp.smol
tools/compresSmol/compresSmol -w build/assets/graphics/pokemon/crobat/anim_front_gba.png.4bpp build/assets/graphics/pokemon/crobat/anim_front_gba.png.4bpp.smol
tools/compresSmol/compresSmol -w build/assets/graphics/pokemon/crobat/back.png.4bpp build/assets/graphics/pokemon/crobat/back.png.4bpp.smol
tools/compresSmol/compresSmol -w build/assets/graphics/pokemon/crobat/back_gba.png.4bpp build/assets/graphics/pokemon/crobat/back_gba.png.4bpp.smol
tools/compresSmol/compresSmol -w build/assets/graphics/pokemon/crobat/overworld.png_mwidth_4__mheight_4.4bpp build/assets/graphics/pokemon/crobat/overworld.png_mwidth_4__mheight_4.4bpp.smol
tools/compresSmol/compresSmol -w build/assets/graphics/pokemon/crocalor/back.png.4bpp build/assets/graphics/pokemon/crocalor/back.png.4bpp.smol
tools/compresSmol/compresSmol -w build/assets/graphics/pokemon/crocalor/front.png.4bpp build/assets/graphics/pokemon/crocalor/front.png.4bpp.smol
tools/compresSmol/compresSmol -w build/assets/graphics/pokemon/crocalor/overworld.png_mwidth_4__mheight_4.4bpp build/assets/graphics/pokemon/crocalor/overworld.png_mwidth_4__mheight_4.4bpp.smol
tools/compresSmol/compresSmol -w build/assets/graphics/pokemon/croconaw/anim_front.png.4bpp build/assets/graphics/pokemon/croconaw/anim_front.png.4bpp.smol
tools/compresSmol/compresSmol -w build/assets/graphics/pokemon/croconaw/anim_front_gba.png.4bpp build/assets/graphics/pokemon/croconaw/anim_front_gba.png.4bpp.smol
tools/compresSmol/compresSmol -w build/assets/graphics/pokemon/croconaw/back.png.4bpp build/assets/graphics/pokemon/croconaw/back.png.4bpp.smol
tools/compresSmol/compresSmol -w build/assets/graphics/pokemon/croconaw/back_gba.png.4bpp build/assets/graphics/pokemon/croconaw/back_gba.png.4bpp.smol
tools/compresSmol/compresSmol -w build/assets/graphics/pokemon/croconaw/overworld.png_mwidth_4__mheight_4.4bpp build/assets/graphics/pokemon/croconaw/overworld.png_mwidth_4__mheight_4.4bpp.smol
tools/compresSmol/compresSmol -w build/assets/graphics/pokemon/crustle/anim_front.png.4bpp build/assets/graphics/pokemon/crustle/anim_front.png.4bpp.smol
tools/compresSmol/compresSmol -w build/assets/graphics/pokemon/crustle/back.png.4bpp build/assets/graphics/pokemon/crustle/back.png.4bpp.smol
tools/compresSmol/compresSmol -w build/assets/graphics/pokemon/crustle/overworld.png_mwidth_4__mheight_4.4bpp build/assets/graphics/pokemon/crustle/overworld.png_mwidth_4__mheight_4.4bpp.smol
tools/compresSmol/compresSmol -w build/assets/graphics/pokemon/cryogonal/anim_front.png.4bpp build/assets/graphics/pokemon/cryogonal/anim_front.png.4bpp.smol
tools/compresSmol/compresSmol -w build/assets/graphics/pokemon/cryogonal/back.png.4bpp build/assets/graphics/pokemon/cryogonal/back.png.4bpp.smol
tools/compresSmol/compresSmol -w build/assets/graphics/pokemon/cryogonal/overworld.png_mwidth_4__mheight_4.4bpp build/assets/graphics/pokemon/cryogonal/overworld.png_mwidth_4__mheight_4.4bpp.smol
tools/compresSmol/compresSmol -w build/assets/graphics/pokemon/cubchoo/anim_front.png.4bpp build/assets/graphics/pokemon/cubchoo/anim_front.png.4bpp.smol
tools/compresSmol/compresSmol -w build/assets/graphics/pokemon/cubchoo/back.png.4bpp build/assets/graphics/pokemon/cubchoo/back.png.4bpp.smol
tools/compresSmol/compresSmol -w build/assets/graphics/pokemon/cubchoo/overworld.png_mwidth_4__mheight_4.4bpp build/assets/graphics/pokemon/cubchoo/overworld.png_mwidth_4__mheight_4.4bpp.smol
tools/compresSmol/compresSmol -w build/assets/graphics/pokemon/cubone/anim_front.png.4bpp build/assets/graphics/pokemon/cubone/anim_front.png.4bpp.smol
tools/compresSmol/compresSmol -w build/assets/graphics/pokemon/cubone/anim_front_gba.png.4bpp build/assets/graphics/pokemon/cubone/anim_front_gba.png.4bpp.smol
tools/compresSmol/compresSmol -w build/assets/graphics/pokemon/cubone/back.png.4bpp build/assets/graphics/pokemon/cubone/back.png.4bpp.smol
tools/compresSmol/compresSmol -w build/assets/graphics/pokemon/cubone/back_gba.png.4bpp build/assets/graphics/pokemon/cubone/back_gba.png.4bpp.smol
tools/compresSmol/compresSmol -w build/assets/graphics/pokemon/cubone/overworld.png_mwidth_4__mheight_4.4bpp build/assets/graphics/pokemon/cubone/overworld.png_mwidth_4__mheight_4.4bpp.smol
tools/compresSmol/compresSmol -w build/assets/graphics/pokemon/cufant/back.png.4bpp build/assets/graphics/pokemon/cufant/back.png.4bpp.smol
tools/compresSmol/compresSmol -w build/assets/graphics/pokemon/cufant/front.png.4bpp build/assets/graphics/pokemon/cufant/front.png.4bpp.smol
tools/compresSmol/compresSmol -w build/assets/graphics/pokemon/cufant/overworld.png_mwidth_4__mheight_4.4bpp build/assets/graphics/pokemon/cufant/overworld.png_mwidth_4__mheight_4.4bpp.smol
tools/compresSmol/compresSmol -w build/assets/graphics/pokemon/cursola/back.png.4bpp build/assets/graphics/pokemon/cursola/back.png.4bpp.smol
tools/compresSmol/compresSmol -w build/assets/graphics/pokemon/cursola/front.png.4bpp build/assets/graphics/pokemon/cursola/front.png.4bpp.smol
tools/compresSmol/compresSmol -w build/assets/graphics/pokemon/cursola/overworld.png_mwidth_4__mheight_4.4bpp build/assets/graphics/pokemon/cursola/overworld.png_mwidth_4__mheight_4.4bpp.smol
tools/compresSmol/compresSmol -w build/assets/graphics/pokemon/cutiefly/anim_front.png.4bpp build/assets/graphics/pokemon/cutiefly/anim_front.png.4bpp.smol
tools/compresSmol/compresSmol -w build/assets/graphics/pokemon/cutiefly/back.png.4bpp build/assets/graphics/pokemon/cutiefly/back.png.4bpp.smol
tools/compresSmol/compresSmol -w build/assets/graphics/pokemon/cutiefly/overworld.png_mwidth_4__mheight_4.4bpp build/assets/graphics/pokemon/cutiefly/overworld.png_mwidth_4__mheight_4.4bpp.smol
tools/compresSmol/compresSmol -w build/assets/graphics/pokemon/cyclizar/back.png.4bpp build/assets/graphics/pokemon/cyclizar/back.png.4bpp.smol
tools/compresSmol/compresSmol -w build/assets/graphics/pokemon/cyclizar/front.png.4bpp build/assets/graphics/pokemon/cyclizar/front.png.4bpp.smol
tools/compresSmol/compresSmol -w build/assets/graphics/pokemon/cyclizar/overworld.png_mwidth_4__mheight_4.4bpp build/assets/graphics/pokemon/cyclizar/overworld.png_mwidth_4__mheight_4.4bpp.smol
tools/compresSmol/compresSmol -w build/assets/graphics/pokemon/cyndaquil/anim_front.png.4bpp build/assets/graphics/pokemon/cyndaquil/anim_front.png.4bpp.smol
tools/compresSmol/compresSmol -w build/assets/graphics/pokemon/cyndaquil/anim_front_gba.png.4bpp build/assets/graphics/pokemon/cyndaquil/anim_front_gba.png.4bpp.smol
tools/compresSmol/compresSmol -w build/assets/graphics/pokemon/cyndaquil/back.png.4bpp build/assets/graphics/pokemon/cyndaquil/back.png.4bpp.smol
tools/compresSmol/compresSmol -w build/assets/graphics/pokemon/cyndaquil/back_gba.png.4bpp build/assets/graphics/pokemon/cyndaquil/back_gba.png.4bpp.smol
tools/compresSmol/compresSmol -w build/assets/graphics/pokemon/cyndaquil/overworld.png_mwidth_4__mheight_4.4bpp build/assets/graphics/pokemon/cyndaquil/overworld.png_mwidth_4__mheight_4.4bpp.smol
tools/compresSmol/compresSmol -w build/assets/graphics/pokemon/dachsbun/back.png.4bpp build/assets/graphics/pokemon/dachsbun/back.png.4bpp.smol
tools/compresSmol/compresSmol -w build/assets/graphics/pokemon/dachsbun/front.png.4bpp build/assets/graphics/pokemon/dachsbun/front.png.4bpp.smol
tools/compresSmol/compresSmol -w build/assets/graphics/pokemon/dachsbun/overworld.png_mwidth_4__mheight_4.4bpp build/assets/graphics/pokemon/dachsbun/overworld.png_mwidth_4__mheight_4.4bpp.smol
tools/compresSmol/compresSmol -w build/assets/graphics/pokemon/darkrai/anim_front.png.4bpp build/assets/graphics/pokemon/darkrai/anim_front.png.4bpp.smol
tools/compresSmol/compresSmol -w build/assets/graphics/pokemon/darkrai/back.png.4bpp build/assets/graphics/pokemon/darkrai/back.png.4bpp.smol
tools/compresSmol/compresSmol -w build/assets/graphics/pokemon/darkrai/mega/back.png.4bpp build/assets/graphics/pokemon/darkrai/mega/back.png.4bpp.smol
tools/compresSmol/compresSmol -w build/assets/graphics/pokemon/darkrai/mega/front.png.4bpp build/assets/graphics/pokemon/darkrai/mega/front.png.4bpp.smol
tools/compresSmol/compresSmol -w build/assets/graphics/pokemon/darkrai/overworld.png_mwidth_4__mheight_4.4bpp build/assets/graphics/pokemon/darkrai/overworld.png_mwidth_4__mheight_4.4bpp.smol
tools/compresSmol/compresSmol -w build/assets/graphics/pokemon/darmanitan/anim_front.png.4bpp build/assets/graphics/pokemon/darmanitan/anim_front.png.4bpp.smol
tools/compresSmol/compresSmol -w build/assets/graphics/pokemon/darmanitan/back.png.4bpp build/assets/graphics/pokemon/darmanitan/back.png.4bpp.smol
tools/compresSmol/compresSmol -w build/assets/graphics/pokemon/darmanitan/galar_standard/back.png.4bpp build/assets/graphics/pokemon/darmanitan/galar_standard/back.png.4bpp.smol
tools/compresSmol/compresSmol -w build/assets/graphics/pokemon/darmanitan/galar_standard/front.png.4bpp build/assets/graphics/pokemon/darmanitan/galar_standard/front.png.4bpp.smol
tools/compresSmol/compresSmol -w build/assets/graphics/pokemon/darmanitan/galar_standard/overworld.png_mwidth_4__mheight_4.4bpp build/assets/graphics/pokemon/darmanitan/galar_standard/overworld.png_mwidth_4__mheight_4.4bpp.smol
tools/compresSmol/compresSmol -w build/assets/graphics/pokemon/darmanitan/galar_zen/back.png.4bpp build/assets/graphics/pokemon/darmanitan/galar_zen/back.png.4bpp.smol
tools/compresSmol/compresSmol -w build/assets/graphics/pokemon/darmanitan/galar_zen/front.png.4bpp build/assets/graphics/pokemon/darmanitan/galar_zen/front.png.4bpp.smol
tools/compresSmol/compresSmol -w build/assets/graphics/pokemon/darmanitan/overworld.png_mwidth_4__mheight_4.4bpp build/assets/graphics/pokemon/darmanitan/overworld.png_mwidth_4__mheight_4.4bpp.smol
tools/compresSmol/compresSmol -w build/assets/graphics/pokemon/darmanitan/zen/anim_front.png.4bpp build/assets/graphics/pokemon/darmanitan/zen/anim_front.png.4bpp.smol
tools/compresSmol/compresSmol -w build/assets/graphics/pokemon/darmanitan/zen/back.png.4bpp build/assets/graphics/pokemon/darmanitan/zen/back.png.4bpp.smol
tools/compresSmol/compresSmol -w build/assets/graphics/pokemon/dartrix/anim_front.png.4bpp build/assets/graphics/pokemon/dartrix/anim_front.png.4bpp.smol
tools/compresSmol/compresSmol -w build/assets/graphics/pokemon/dartrix/back.png.4bpp build/assets/graphics/pokemon/dartrix/back.png.4bpp.smol
tools/compresSmol/compresSmol -w build/assets/graphics/pokemon/dartrix/overworld.png_mwidth_4__mheight_4.4bpp build/assets/graphics/pokemon/dartrix/overworld.png_mwidth_4__mheight_4.4bpp.smol
tools/compresSmol/compresSmol -w build/assets/graphics/pokemon/darumaka/anim_front.png.4bpp build/assets/graphics/pokemon/darumaka/anim_front.png.4bpp.smol
tools/compresSmol/compresSmol -w build/assets/graphics/pokemon/darumaka/back.png.4bpp build/assets/graphics/pokemon/darumaka/back.png.4bpp.smol
tools/compresSmol/compresSmol -w build/assets/graphics/pokemon/darumaka/galar/back.png.4bpp build/assets/graphics/pokemon/darumaka/galar/back.png.4bpp.smol
tools/compresSmol/compresSmol -w build/assets/graphics/pokemon/darumaka/galar/front.png.4bpp build/assets/graphics/pokemon/darumaka/galar/front.png.4bpp.smol
tools/compresSmol/compresSmol -w build/assets/graphics/pokemon/darumaka/galar/overworld.png_mwidth_4__mheight_4.4bpp build/assets/graphics/pokemon/darumaka/galar/overworld.png_mwidth_4__mheight_4.4bpp.smol
tools/compresSmol/compresSmol -w build/assets/graphics/pokemon/darumaka/overworld.png_mwidth_4__mheight_4.4bpp build/assets/graphics/pokemon/darumaka/overworld.png_mwidth_4__mheight_4.4bpp.smol
tools/compresSmol/compresSmol -w build/assets/graphics/pokemon/decidueye/anim_front.png.4bpp build/assets/graphics/pokemon/decidueye/anim_front.png.4bpp.smol
tools/compresSmol/compresSmol -w build/assets/graphics/pokemon/decidueye/back.png.4bpp build/assets/graphics/pokemon/decidueye/back.png.4bpp.smol
tools/compresSmol/compresSmol -w build/assets/graphics/pokemon/decidueye/hisui/back.png.4bpp build/assets/graphics/pokemon/decidueye/hisui/back.png.4bpp.smol
tools/compresSmol/compresSmol -w build/assets/graphics/pokemon/decidueye/hisui/front.png.4bpp build/assets/graphics/pokemon/decidueye/hisui/front.png.4bpp.smol
tools/compresSmol/compresSmol -w build/assets/graphics/pokemon/decidueye/hisui/overworld.png_mwidth_4__mheight_4.4bpp build/assets/graphics/pokemon/decidueye/hisui/overworld.png_mwidth_4__mheight_4.4bpp.smol
tools/compresSmol/compresSmol -w build/assets/graphics/pokemon/decidueye/overworld.png_mwidth_4__mheight_4.4bpp build/assets/graphics/pokemon/decidueye/overworld.png_mwidth_4__mheight_4.4bpp.smol
tools/compresSmol/compresSmol -w build/assets/graphics/pokemon/dedenne/anim_front.png.4bpp build/assets/graphics/pokemon/dedenne/anim_front.png.4bpp.smol
tools/compresSmol/compresSmol -w build/assets/graphics/pokemon/dedenne/back.png.4bpp build/assets/graphics/pokemon/dedenne/back.png.4bpp.smol
tools/compresSmol/compresSmol -w build/assets/graphics/pokemon/dedenne/overworld.png_mwidth_4__mheight_4.4bpp build/assets/graphics/pokemon/dedenne/overworld.png_mwidth_4__mheight_4.4bpp.smol
tools/compresSmol/compresSmol -w build/assets/graphics/pokemon/deerling/anim_front.png.4bpp build/assets/graphics/pokemon/deerling/anim_front.png.4bpp.smol
tools/compresSmol/compresSmol -w build/assets/graphics/pokemon/deerling/autumn/overworld.png_mwidth_4__mheight_4.4bpp build/assets/graphics/pokemon/deerling/autumn/overworld.png_mwidth_4__mheight_4.4bpp.smol
tools/compresSmol/compresSmol -w build/assets/graphics/pokemon/deerling/back.png.4bpp build/assets/graphics/pokemon/deerling/back.png.4bpp.smol
tools/compresSmol/compresSmol -w build/assets/graphics/pokemon/deerling/overworld.png_mwidth_4__mheight_4.4bpp build/assets/graphics/pokemon/deerling/overworld.png_mwidth_4__mheight_4.4bpp.smol
tools/compresSmol/compresSmol -w build/assets/graphics/pokemon/deerling/summer/overworld.png_mwidth_4__mheight_4.4bpp build/assets/graphics/pokemon/deerling/summer/overworld.png_mwidth_4__mheight_4.4bpp.smol
tools/compresSmol/compresSmol -w build/assets/graphics/pokemon/deerling/winter/overworld.png_mwidth_4__mheight_4.4bpp build/assets/graphics/pokemon/deerling/winter/overworld.png_mwidth_4__mheight_4.4bpp.smol
tools/compresSmol/compresSmol -w build/assets/graphics/pokemon/deino/anim_front.png.4bpp build/assets/graphics/pokemon/deino/anim_front.png.4bpp.smol
tools/compresSmol/compresSmol -w build/assets/graphics/pokemon/deino/back.png.4bpp build/assets/graphics/pokemon/deino/back.png.4bpp.smol
tools/compresSmol/compresSmol -w build/assets/graphics/pokemon/deino/overworld.png_mwidth_4__mheight_4.4bpp build/assets/graphics/pokemon/deino/overworld.png_mwidth_4__mheight_4.4bpp.smol
tools/compresSmol/compresSmol -w build/assets/graphics/pokemon/delcatty/anim_front.png.4bpp build/assets/graphics/pokemon/delcatty/anim_front.png.4bpp.smol
tools/compresSmol/compresSmol -w build/assets/graphics/pokemon/delcatty/anim_front_gba.png.4bpp build/assets/graphics/pokemon/delcatty/anim_front_gba.png.4bpp.smol
tools/compresSmol/compresSmol -w build/assets/graphics/pokemon/delcatty/back.png.4bpp build/assets/graphics/pokemon/delcatty/back.png.4bpp.smol
tools/compresSmol/compresSmol -w build/assets/graphics/pokemon/delcatty/back_gba.png.4bpp build/assets/graphics/pokemon/delcatty/back_gba.png.4bpp.smol
tools/compresSmol/compresSmol -w build/assets/graphics/pokemon/delcatty/overworld.png_mwidth_4__mheight_4.4bpp build/assets/graphics/pokemon/delcatty/overworld.png_mwidth_4__mheight_4.4bpp.smol
tools/compresSmol/compresSmol -w build/assets/graphics/pokemon/delibird/anim_front.png.4bpp build/assets/graphics/pokemon/delibird/anim_front.png.4bpp.smol
tools/compresSmol/compresSmol -w build/assets/graphics/pokemon/delibird/anim_front_gba.png.4bpp build/assets/graphics/pokemon/delibird/anim_front_gba.png.4bpp.smol
tools/compresSmol/compresSmol -w build/assets/graphics/pokemon/delibird/back.png.4bpp build/assets/graphics/pokemon/delibird/back.png.4bpp.smol
tools/compresSmol/compresSmol -w build/assets/graphics/pokemon/delibird/back_gba.png.4bpp build/assets/graphics/pokemon/delibird/back_gba.png.4bpp.smol
tools/compresSmol/compresSmol -w build/assets/graphics/pokemon/delibird/overworld.png_mwidth_4__mheight_4.4bpp build/assets/graphics/pokemon/delibird/overworld.png_mwidth_4__mheight_4.4bpp.smol
tools/compresSmol/compresSmol -w build/assets/graphics/pokemon/delphox/anim_front.png.4bpp build/assets/graphics/pokemon/delphox/anim_front.png.4bpp.smol
tools/compresSmol/compresSmol -w build/assets/graphics/pokemon/delphox/back.png.4bpp build/assets/graphics/pokemon/delphox/back.png.4bpp.smol
tools/compresSmol/compresSmol -w build/assets/graphics/pokemon/delphox/mega/back.png.4bpp build/assets/graphics/pokemon/delphox/mega/back.png.4bpp.smol
tools/compresSmol/compresSmol -w build/assets/graphics/pokemon/delphox/mega/front.png.4bpp build/assets/graphics/pokemon/delphox/mega/front.png.4bpp.smol
tools/compresSmol/compresSmol -w build/assets/graphics/pokemon/delphox/overworld.png_mwidth_4__mheight_4.4bpp build/assets/graphics/pokemon/delphox/overworld.png_mwidth_4__mheight_4.4bpp.smol
tools/compresSmol/compresSmol -w build/assets/graphics/pokemon/deoxys/anim_front.png.4bpp build/assets/graphics/pokemon/deoxys/anim_front.png.4bpp.smol
tools/compresSmol/compresSmol -w build/assets/graphics/pokemon/deoxys/anim_front_gba.png.4bpp build/assets/graphics/pokemon/deoxys/anim_front_gba.png.4bpp.smol
tools/compresSmol/compresSmol -w build/assets/graphics/pokemon/deoxys/attack/anim_front.png.4bpp build/assets/graphics/pokemon/deoxys/attack/anim_front.png.4bpp.smol
tools/compresSmol/compresSmol -w build/assets/graphics/pokemon/deoxys/attack/back.png.4bpp build/assets/graphics/pokemon/deoxys/attack/back.png.4bpp.smol
tools/compresSmol/compresSmol -w build/assets/graphics/pokemon/deoxys/attack/back_gba.png.4bpp build/assets/graphics/pokemon/deoxys/attack/back_gba.png.4bpp.smol
tools/compresSmol/compresSmol -w build/assets/graphics/pokemon/deoxys/attack/front_gba.png.4bpp build/assets/graphics/pokemon/deoxys/attack/front_gba.png.4bpp.smol
tools/compresSmol/compresSmol -w build/assets/graphics/pokemon/deoxys/attack/overworld.png_mwidth_4__mheight_4.4bpp build/assets/graphics/pokemon/deoxys/attack/overworld.png_mwidth_4__mheight_4.4bpp.smol
tools/compresSmol/compresSmol -w build/assets/graphics/pokemon/deoxys/back.png.4bpp build/assets/graphics/pokemon/deoxys/back.png.4bpp.smol
tools/compresSmol/compresSmol -w build/assets/graphics/pokemon/deoxys/back_gba.png.4bpp build/assets/graphics/pokemon/deoxys/back_gba.png.4bpp.smol
tools/compresSmol/compresSmol -w build/assets/graphics/pokemon/deoxys/defense/anim_front.png.4bpp build/assets/graphics/pokemon/deoxys/defense/anim_front.png.4bpp.smol
tools/compresSmol/compresSmol -w build/assets/graphics/pokemon/deoxys/defense/back.png.4bpp build/assets/graphics/pokemon/deoxys/defense/back.png.4bpp.smol
tools/compresSmol/compresSmol -w build/assets/graphics/pokemon/deoxys/defense/back_gba.png.4bpp build/assets/graphics/pokemon/deoxys/defense/back_gba.png.4bpp.smol
tools/compresSmol/compresSmol -w build/assets/graphics/pokemon/deoxys/defense/front_gba.png.4bpp build/assets/graphics/pokemon/deoxys/defense/front_gba.png.4bpp.smol
tools/compresSmol/compresSmol -w build/assets/graphics/pokemon/deoxys/defense/overworld.png_mwidth_4__mheight_4.4bpp build/assets/graphics/pokemon/deoxys/defense/overworld.png_mwidth_4__mheight_4.4bpp.smol
tools/compresSmol/compresSmol -w build/assets/graphics/pokemon/deoxys/overworld.png_mwidth_4__mheight_4.4bpp build/assets/graphics/pokemon/deoxys/overworld.png_mwidth_4__mheight_4.4bpp.smol
tools/compresSmol/compresSmol -w build/assets/graphics/pokemon/deoxys/speed/anim_front.png.4bpp build/assets/graphics/pokemon/deoxys/speed/anim_front.png.4bpp.smol
tools/compresSmol/compresSmol -w build/assets/graphics/pokemon/deoxys/speed/back.png.4bpp build/assets/graphics/pokemon/deoxys/speed/back.png.4bpp.smol
tools/compresSmol/compresSmol -w build/assets/graphics/pokemon/deoxys/speed/back_gba.png.4bpp build/assets/graphics/pokemon/deoxys/speed/back_gba.png.4bpp.smol
tools/compresSmol/compresSmol -w build/assets/graphics/pokemon/deoxys/speed/front_gba.png.4bpp build/assets/graphics/pokemon/deoxys/speed/front_gba.png.4bpp.smol
tools/compresSmol/compresSmol -w build/assets/graphics/pokemon/deoxys/speed/overworld.png_mwidth_4__mheight_4.4bpp build/assets/graphics/pokemon/deoxys/speed/overworld.png_mwidth_4__mheight_4.4bpp.smol
tools/compresSmol/compresSmol -w build/assets/graphics/pokemon/dewgong/anim_front.png.4bpp build/assets/graphics/pokemon/dewgong/anim_front.png.4bpp.smol
tools/compresSmol/compresSmol -w build/assets/graphics/pokemon/dewgong/anim_front_gba.png.4bpp build/assets/graphics/pokemon/dewgong/anim_front_gba.png.4bpp.smol
tools/compresSmol/compresSmol -w build/assets/graphics/pokemon/dewgong/back.png.4bpp build/assets/graphics/pokemon/dewgong/back.png.4bpp.smol
tools/compresSmol/compresSmol -w build/assets/graphics/pokemon/dewgong/back_gba.png.4bpp build/assets/graphics/pokemon/dewgong/back_gba.png.4bpp.smol
tools/compresSmol/compresSmol -w build/assets/graphics/pokemon/dewgong/overworld.png_mwidth_4__mheight_4.4bpp build/assets/graphics/pokemon/dewgong/overworld.png_mwidth_4__mheight_4.4bpp.smol
tools/compresSmol/compresSmol -w build/assets/graphics/pokemon/dewott/anim_front.png.4bpp build/assets/graphics/pokemon/dewott/anim_front.png.4bpp.smol
tools/compresSmol/compresSmol -w build/assets/graphics/pokemon/dewott/back.png.4bpp build/assets/graphics/pokemon/dewott/back.png.4bpp.smol
tools/compresSmol/compresSmol -w build/assets/graphics/pokemon/dewott/overworld.png_mwidth_4__mheight_4.4bpp build/assets/graphics/pokemon/dewott/overworld.png_mwidth_4__mheight_4.4bpp.smol
tools/compresSmol/compresSmol -w build/assets/graphics/pokemon/dewpider/anim_front.png.4bpp build/assets/graphics/pokemon/dewpider/anim_front.png.4bpp.smol
tools/compresSmol/compresSmol -w build/assets/graphics/pokemon/dewpider/back.png.4bpp build/assets/graphics/pokemon/dewpider/back.png.4bpp.smol
tools/compresSmol/compresSmol -w build/assets/graphics/pokemon/dewpider/overworld.png_mwidth_4__mheight_4.4bpp build/assets/graphics/pokemon/dewpider/overworld.png_mwidth_4__mheight_4.4bpp.smol
tools/compresSmol/compresSmol -w build/assets/graphics/pokemon/dhelmise/back.png.4bpp build/assets/graphics/pokemon/dhelmise/back.png.4bpp.smol
tools/compresSmol/compresSmol -w build/assets/graphics/pokemon/dhelmise/front.png.4bpp build/assets/graphics/pokemon/dhelmise/front.png.4bpp.smol
tools/compresSmol/compresSmol -w build/assets/graphics/pokemon/dhelmise/overworld.png_mwidth_4__mheight_4.4bpp build/assets/graphics/pokemon/dhelmise/overworld.png_mwidth_4__mheight_4.4bpp.smol
tools/compresSmol/compresSmol -w build/assets/graphics/pokemon/dialga/anim_front.png.4bpp build/assets/graphics/pokemon/dialga/anim_front.png.4bpp.smol
tools/compresSmol/compresSmol -w build/assets/graphics/pokemon/dialga/back.png.4bpp build/assets/graphics/pokemon/dialga/back.png.4bpp.smol
tools/compresSmol/compresSmol -w build/assets/graphics/pokemon/dialga/origin/back.png.4bpp build/assets/graphics/pokemon/dialga/origin/back.png.4bpp.smol
tools/compresSmol/compresSmol -w build/assets/graphics/pokemon/dialga/origin/front.png.4bpp build/assets/graphics/pokemon/dialga/origin/front.png.4bpp.smol
tools/compresSmol/compresSmol -w build/assets/graphics/pokemon/dialga/origin/overworld.png_mwidth_8__mheight_8.4bpp build/assets/graphics/pokemon/dialga/origin/overworld.png_mwidth_8__mheight_8.4bpp.smol
tools/compresSmol/compresSmol -w build/assets/graphics/pokemon/dialga/overworld.png_mwidth_8__mheight_8.4bpp build/assets/graphics/pokemon/dialga/overworld.png_mwidth_8__mheight_8.4bpp.smol
tools/compresSmol/compresSmol -w build/assets/graphics/pokemon/diancie/anim_front.png.4bpp build/assets/graphics/pokemon/diancie/anim_front.png.4bpp.smol
tools/compresSmol/compresSmol -w build/assets/graphics/pokemon/diancie/back.png.4bpp build/assets/graphics/pokemon/diancie/back.png.4bpp.smol
tools/compresSmol/compresSmol -w build/assets/graphics/pokemon/diancie/mega/back.png.4bpp build/assets/graphics/pokemon/diancie/mega/back.png.4bpp.smol
tools/compresSmol/compresSmol -w build/assets/graphics/pokemon/diancie/mega/front.png.4bpp build/assets/graphics/pokemon/diancie/mega/front.png.4bpp.smol
tools/compresSmol/compresSmol -w build/assets/graphics/pokemon/diancie/mega/overworld.png_mwidth_4__mheight_4.4bpp build/assets/graphics/pokemon/diancie/mega/overworld.png_mwidth_4__mheight_4.4bpp.smol
tools/compresSmol/compresSmol -w build/assets/graphics/pokemon/diancie/overworld.png_mwidth_4__mheight_4.4bpp build/assets/graphics/pokemon/diancie/overworld.png_mwidth_4__mheight_4.4bpp.smol
tools/compresSmol/compresSmol -w build/assets/graphics/pokemon/diggersby/anim_front.png.4bpp build/assets/graphics/pokemon/diggersby/anim_front.png.4bpp.smol
tools/compresSmol/compresSmol -w build/assets/graphics/pokemon/diggersby/back.png.4bpp build/assets/graphics/pokemon/diggersby/back.png.4bpp.smol
tools/compresSmol/compresSmol -w build/assets/graphics/pokemon/diggersby/overworld.png_mwidth_4__mheight_4.4bpp build/assets/graphics/pokemon/diggersby/overworld.png_mwidth_4__mheight_4.4bpp.smol
tools/compresSmol/compresSmol -w build/assets/graphics/pokemon/diglett/alola/back.png.4bpp build/assets/graphics/pokemon/diglett/alola/back.png.4bpp.smol
tools/compresSmol/compresSmol -w build/assets/graphics/pokemon/diglett/alola/front.png.4bpp build/assets/graphics/pokemon/diglett/alola/front.png.4bpp.smol
tools/compresSmol/compresSmol -w build/assets/graphics/pokemon/diglett/alola/overworld.png_mwidth_4__mheight_4.4bpp build/assets/graphics/pokemon/diglett/alola/overworld.png_mwidth_4__mheight_4.4bpp.smol
tools/compresSmol/compresSmol -w build/assets/graphics/pokemon/diglett/anim_front.png.4bpp build/assets/graphics/pokemon/diglett/anim_front.png.4bpp.smol
tools/compresSmol/compresSmol -w build/assets/graphics/pokemon/diglett/anim_front_gba.png.4bpp build/assets/graphics/pokemon/diglett/anim_front_gba.png.4bpp.smol
tools/compresSmol/compresSmol -w build/assets/graphics/pokemon/diglett/back.png.4bpp build/assets/graphics/pokemon/diglett/back.png.4bpp.smol
tools/compresSmol/compresSmol -w build/assets/graphics/pokemon/diglett/back_gba.png.4bpp build/assets/graphics/pokemon/diglett/back_gba.png.4bpp.smol
tools/compresSmol/compresSmol -w build/assets/graphics/pokemon/diglett/overworld.png_mwidth_4__mheight_4.4bpp build/assets/graphics/pokemon/diglett/overworld.png_mwidth_4__mheight_4.4bpp.smol
tools/compresSmol/compresSmol -w build/assets/graphics/pokemon/dipplin/back.png.4bpp build/assets/graphics/pokemon/dipplin/back.png.4bpp.smol
tools/compresSmol/compresSmol -w build/assets/graphics/pokemon/dipplin/front.png.4bpp build/assets/graphics/pokemon/dipplin/front.png.4bpp.smol
tools/compresSmol/compresSmol -w build/assets/graphics/pokemon/dipplin/overworld.png_mwidth_4__mheight_4.4bpp build/assets/graphics/pokemon/dipplin/overworld.png_mwidth_4__mheight_4.4bpp.smol
tools/compresSmol/compresSmol -w build/assets/graphics/pokemon/ditto/anim_front.png.4bpp build/assets/graphics/pokemon/ditto/anim_front.png.4bpp.smol
tools/compresSmol/compresSmol -w build/assets/graphics/pokemon/ditto/anim_front_gba.png.4bpp build/assets/graphics/pokemon/ditto/anim_front_gba.png.4bpp.smol
tools/compresSmol/compresSmol -w build/assets/graphics/pokemon/ditto/back.png.4bpp build/assets/graphics/pokemon/ditto/back.png.4bpp.smol
tools/compresSmol/compresSmol -w build/assets/graphics/pokemon/ditto/back_gba.png.4bpp build/assets/graphics/pokemon/ditto/back_gba.png.4bpp.smol
tools/compresSmol/compresSmol -w build/assets/graphics/pokemon/ditto/overworld.png_mwidth_4__mheight_4.4bpp build/assets/graphics/pokemon/ditto/overworld.png_mwidth_4__mheight_4.4bpp.smol
tools/compresSmol/compresSmol -w build/assets/graphics/pokemon/dodrio/anim_front.png.4bpp build/assets/graphics/pokemon/dodrio/anim_front.png.4bpp.smol
tools/compresSmol/compresSmol -w build/assets/graphics/pokemon/dodrio/anim_front_gba.png.4bpp build/assets/graphics/pokemon/dodrio/anim_front_gba.png.4bpp.smol
tools/compresSmol/compresSmol -w build/assets/graphics/pokemon/dodrio/anim_frontf.png.4bpp build/assets/graphics/pokemon/dodrio/anim_frontf.png.4bpp.smol
tools/compresSmol/compresSmol -w build/assets/graphics/pokemon/dodrio/back.png.4bpp build/assets/graphics/pokemon/dodrio/back.png.4bpp.smol
tools/compresSmol/compresSmol -w build/assets/graphics/pokemon/dodrio/back_gba.png.4bpp build/assets/graphics/pokemon/dodrio/back_gba.png.4bpp.smol
tools/compresSmol/compresSmol -w build/assets/graphics/pokemon/dodrio/backf.png.4bpp build/assets/graphics/pokemon/dodrio/backf.png.4bpp.smol
tools/compresSmol/compresSmol -w build/assets/graphics/pokemon/dodrio/overworld.png_mwidth_4__mheight_4.4bpp build/assets/graphics/pokemon/dodrio/overworld.png_mwidth_4__mheight_4.4bpp.smol
tools/compresSmol/compresSmol -w build/assets/graphics/pokemon/dodrio/overworldf.png_mwidth_4__mheight_4.4bpp build/assets/graphics/pokemon/dodrio/overworldf.png_mwidth_4__mheight_4.4bpp.smol
tools/compresSmol/compresSmol -w build/assets/graphics/pokemon/doduo/anim_front.png.4bpp build/assets/graphics/pokemon/doduo/anim_front.png.4bpp.smol
tools/compresSmol/compresSmol -w build/assets/graphics/pokemon/doduo/anim_front_gba.png.4bpp build/assets/graphics/pokemon/doduo/anim_front_gba.png.4bpp.smol
tools/compresSmol/compresSmol -w build/assets/graphics/pokemon/doduo/anim_frontf.png.4bpp build/assets/graphics/pokemon/doduo/anim_frontf.png.4bpp.smol
tools/compresSmol/compresSmol -w build/assets/graphics/pokemon/doduo/back.png.4bpp build/assets/graphics/pokemon/doduo/back.png.4bpp.smol
tools/compresSmol/compresSmol -w build/assets/graphics/pokemon/doduo/back_gba.png.4bpp build/assets/graphics/pokemon/doduo/back_gba.png.4bpp.smol
tools/compresSmol/compresSmol -w build/assets/graphics/pokemon/doduo/backf.png.4bpp build/assets/graphics/pokemon/doduo/backf.png.4bpp.smol
tools/compresSmol/compresSmol -w build/assets/graphics/pokemon/doduo/overworld.png_mwidth_4__mheight_4.4bpp build/assets/graphics/pokemon/doduo/overworld.png_mwidth_4__mheight_4.4bpp.smol
tools/compresSmol/compresSmol -w build/assets/graphics/pokemon/doduo/overworldf.png_mwidth_4__mheight_4.4bpp build/assets/graphics/pokemon/doduo/overworldf.png_mwidth_4__mheight_4.4bpp.smol
tools/compresSmol/compresSmol -w build/assets/graphics/pokemon/dolliv/back.png.4bpp build/assets/graphics/pokemon/dolliv/back.png.4bpp.smol
tools/compresSmol/compresSmol -w build/assets/graphics/pokemon/dolliv/front.png.4bpp build/assets/graphics/pokemon/dolliv/front.png.4bpp.smol
tools/compresSmol/compresSmol -w build/assets/graphics/pokemon/dolliv/overworld.png_mwidth_4__mheight_4.4bpp build/assets/graphics/pokemon/dolliv/overworld.png_mwidth_4__mheight_4.4bpp.smol
tools/compresSmol/compresSmol -w build/assets/graphics/pokemon/dondozo/back.png.4bpp build/assets/graphics/pokemon/dondozo/back.png.4bpp.smol
tools/compresSmol/compresSmol -w build/assets/graphics/pokemon/dondozo/front.png.4bpp build/assets/graphics/pokemon/dondozo/front.png.4bpp.smol
tools/compresSmol/compresSmol -w build/assets/graphics/pokemon/dondozo/overworld.png_mwidth_8__mheight_8.4bpp build/assets/graphics/pokemon/dondozo/overworld.png_mwidth_8__mheight_8.4bpp.smol
tools/compresSmol/compresSmol -w build/assets/graphics/pokemon/donphan/anim_front.png.4bpp build/assets/graphics/pokemon/donphan/anim_front.png.4bpp.smol
tools/compresSmol/compresSmol -w build/assets/graphics/pokemon/donphan/anim_front_gba.png.4bpp build/assets/graphics/pokemon/donphan/anim_front_gba.png.4bpp.smol
tools/compresSmol/compresSmol -w build/assets/graphics/pokemon/donphan/anim_frontf.png.4bpp build/assets/graphics/pokemon/donphan/anim_frontf.png.4bpp.smol
tools/compresSmol/compresSmol -w build/assets/graphics/pokemon/donphan/back.png.4bpp build/assets/graphics/pokemon/donphan/back.png.4bpp.smol
tools/compresSmol/compresSmol -w build/assets/graphics/pokemon/donphan/back_gba.png.4bpp build/assets/graphics/pokemon/donphan/back_gba.png.4bpp.smol
tools/compresSmol/compresSmol -w build/assets/graphics/pokemon/donphan/backf.png.4bpp build/assets/graphics/pokemon/donphan/backf.png.4bpp.smol
tools/compresSmol/compresSmol -w build/assets/graphics/pokemon/donphan/overworld.png_mwidth_4__mheight_4.4bpp build/assets/graphics/pokemon/donphan/overworld.png_mwidth_4__mheight_4.4bpp.smol
tools/compresSmol/compresSmol -w build/assets/graphics/pokemon/donphan/overworldf.png_mwidth_4__mheight_4.4bpp build/assets/graphics/pokemon/donphan/overworldf.png_mwidth_4__mheight_4.4bpp.smol
tools/compresSmol/compresSmol -w build/assets/graphics/pokemon/dottler/back.png.4bpp build/assets/graphics/pokemon/dottler/back.png.4bpp.smol
tools/compresSmol/compresSmol -w build/assets/graphics/pokemon/dottler/front.png.4bpp build/assets/graphics/pokemon/dottler/front.png.4bpp.smol
tools/compresSmol/compresSmol -w build/assets/graphics/pokemon/dottler/overworld.png_mwidth_4__mheight_4.4bpp build/assets/graphics/pokemon/dottler/overworld.png_mwidth_4__mheight_4.4bpp.smol
tools/compresSmol/compresSmol -w build/assets/graphics/pokemon/doublade/anim_front.png.4bpp build/assets/graphics/pokemon/doublade/anim_front.png.4bpp.smol
tools/compresSmol/compresSmol -w build/assets/graphics/pokemon/doublade/back.png.4bpp build/assets/graphics/pokemon/doublade/back.png.4bpp.smol
tools/compresSmol/compresSmol -w build/assets/graphics/pokemon/doublade/overworld.png_mwidth_4__mheight_4.4bpp build/assets/graphics/pokemon/doublade/overworld.png_mwidth_4__mheight_4.4bpp.smol
tools/compresSmol/compresSmol -w build/assets/graphics/pokemon/dracovish/back.png.4bpp build/assets/graphics/pokemon/dracovish/back.png.4bpp.smol
tools/compresSmol/compresSmol -w build/assets/graphics/pokemon/dracovish/front.png.4bpp build/assets/graphics/pokemon/dracovish/front.png.4bpp.smol
tools/compresSmol/compresSmol -w build/assets/graphics/pokemon/dracovish/overworld.png_mwidth_4__mheight_4.4bpp build/assets/graphics/pokemon/dracovish/overworld.png_mwidth_4__mheight_4.4bpp.smol
tools/compresSmol/compresSmol -w build/assets/graphics/pokemon/dracozolt/back.png.4bpp build/assets/graphics/pokemon/dracozolt/back.png.4bpp.smol
tools/compresSmol/compresSmol -w build/assets/graphics/pokemon/dracozolt/front.png.4bpp build/assets/graphics/pokemon/dracozolt/front.png.4bpp.smol
tools/compresSmol/compresSmol -w build/assets/graphics/pokemon/dracozolt/overworld.png_mwidth_4__mheight_4.4bpp build/assets/graphics/pokemon/dracozolt/overworld.png_mwidth_4__mheight_4.4bpp.smol
tools/compresSmol/compresSmol -w build/assets/graphics/pokemon/dragalge/anim_front.png.4bpp build/assets/graphics/pokemon/dragalge/anim_front.png.4bpp.smol
tools/compresSmol/compresSmol -w build/assets/graphics/pokemon/dragalge/back.png.4bpp build/assets/graphics/pokemon/dragalge/back.png.4bpp.smol
tools/compresSmol/compresSmol -w build/assets/graphics/pokemon/dragalge/mega/back.png.4bpp build/assets/graphics/pokemon/dragalge/mega/back.png.4bpp.smol
tools/compresSmol/compresSmol -w build/assets/graphics/pokemon/dragalge/mega/front.png.4bpp build/assets/graphics/pokemon/dragalge/mega/front.png.4bpp.smol
tools/compresSmol/compresSmol -w build/assets/graphics/pokemon/dragalge/overworld.png_mwidth_4__mheight_4.4bpp build/assets/graphics/pokemon/dragalge/overworld.png_mwidth_4__mheight_4.4bpp.smol
tools/compresSmol/compresSmol -w build/assets/graphics/pokemon/dragapult/back.png.4bpp build/assets/graphics/pokemon/dragapult/back.png.4bpp.smol
tools/compresSmol/compresSmol -w build/assets/graphics/pokemon/dragapult/front.png.4bpp build/assets/graphics/pokemon/dragapult/front.png.4bpp.smol
tools/compresSmol/compresSmol -w build/assets/graphics/pokemon/dragapult/overworld.png_mwidth_4__mheight_4.4bpp build/assets/graphics/pokemon/dragapult/overworld.png_mwidth_4__mheight_4.4bpp.smol
tools/compresSmol/compresSmol -w build/assets/graphics/pokemon/dragonair/anim_front.png.4bpp build/assets/graphics/pokemon/dragonair/anim_front.png.4bpp.smol
tools/compresSmol/compresSmol -w build/assets/graphics/pokemon/dragonair/anim_front_gba.png.4bpp build/assets/graphics/pokemon/dragonair/anim_front_gba.png.4bpp.smol
tools/compresSmol/compresSmol -w build/assets/graphics/pokemon/dragonair/back.png.4bpp build/assets/graphics/pokemon/dragonair/back.png.4bpp.smol
tools/compresSmol/compresSmol -w build/assets/graphics/pokemon/dragonair/back_gba.png.4bpp build/assets/graphics/pokemon/dragonair/back_gba.png.4bpp.smol
tools/compresSmol/compresSmol -w build/assets/graphics/pokemon/dragonair/overworld.png_mwidth_4__mheight_4.4bpp build/assets/graphics/pokemon/dragonair/overworld.png_mwidth_4__mheight_4.4bpp.smol
tools/compresSmol/compresSmol -w build/assets/graphics/pokemon/dragonite/anim_front.png.4bpp build/assets/graphics/pokemon/dragonite/anim_front.png.4bpp.smol
tools/compresSmol/compresSmol -w build/assets/graphics/pokemon/dragonite/anim_front_gba.png.4bpp build/assets/graphics/pokemon/dragonite/anim_front_gba.png.4bpp.smol
tools/compresSmol/compresSmol -w build/assets/graphics/pokemon/dragonite/back.png.4bpp build/assets/graphics/pokemon/dragonite/back.png.4bpp.smol
tools/compresSmol/compresSmol -w build/assets/graphics/pokemon/dragonite/back_gba.png.4bpp build/assets/graphics/pokemon/dragonite/back_gba.png.4bpp.smol
tools/compresSmol/compresSmol -w build/assets/graphics/pokemon/dragonite/mega/back.png.4bpp build/assets/graphics/pokemon/dragonite/mega/back.png.4bpp.smol
tools/compresSmol/compresSmol -w build/assets/graphics/pokemon/dragonite/mega/front.png.4bpp build/assets/graphics/pokemon/dragonite/mega/front.png.4bpp.smol
tools/compresSmol/compresSmol -w build/assets/graphics/pokemon/dragonite/overworld.png_mwidth_4__mheight_4.4bpp build/assets/graphics/pokemon/dragonite/overworld.png_mwidth_4__mheight_4.4bpp.smol
tools/compresSmol/compresSmol -w build/assets/graphics/pokemon/drakloak/back.png.4bpp build/assets/graphics/pokemon/drakloak/back.png.4bpp.smol
tools/compresSmol/compresSmol -w build/assets/graphics/pokemon/drakloak/front.png.4bpp build/assets/graphics/pokemon/drakloak/front.png.4bpp.smol
tools/compresSmol/compresSmol -w build/assets/graphics/pokemon/drakloak/overworld.png_mwidth_4__mheight_4.4bpp build/assets/graphics/pokemon/drakloak/overworld.png_mwidth_4__mheight_4.4bpp.smol
tools/compresSmol/compresSmol -w build/assets/graphics/pokemon/drampa/anim_front.png.4bpp build/assets/graphics/pokemon/drampa/anim_front.png.4bpp.smol
tools/compresSmol/compresSmol -w build/assets/graphics/pokemon/drampa/back.png.4bpp build/assets/graphics/pokemon/drampa/back.png.4bpp.smol
tools/compresSmol/compresSmol -w build/assets/graphics/pokemon/drampa/mega/back.png.4bpp build/assets/graphics/pokemon/drampa/mega/back.png.4bpp.smol
tools/compresSmol/compresSmol -w build/assets/graphics/pokemon/drampa/mega/front.png.4bpp build/assets/graphics/pokemon/drampa/mega/front.png.4bpp.smol
tools/compresSmol/compresSmol -w build/assets/graphics/pokemon/drampa/overworld.png_mwidth_4__mheight_4.4bpp build/assets/graphics/pokemon/drampa/overworld.png_mwidth_4__mheight_4.4bpp.smol
tools/compresSmol/compresSmol -w build/assets/graphics/pokemon/drapion/anim_front.png.4bpp build/assets/graphics/pokemon/drapion/anim_front.png.4bpp.smol
tools/compresSmol/compresSmol -w build/assets/graphics/pokemon/drapion/back.png.4bpp build/assets/graphics/pokemon/drapion/back.png.4bpp.smol
tools/compresSmol/compresSmol -w build/assets/graphics/pokemon/drapion/overworld.png_mwidth_4__mheight_4.4bpp build/assets/graphics/pokemon/drapion/overworld.png_mwidth_4__mheight_4.4bpp.smol
tools/compresSmol/compresSmol -w build/assets/graphics/pokemon/dratini/anim_front.png.4bpp build/assets/graphics/pokemon/dratini/anim_front.png.4bpp.smol
tools/compresSmol/compresSmol -w build/assets/graphics/pokemon/dratini/anim_front_gba.png.4bpp build/assets/graphics/pokemon/dratini/anim_front_gba.png.4bpp.smol
tools/compresSmol/compresSmol -w build/assets/graphics/pokemon/dratini/back.png.4bpp build/assets/graphics/pokemon/dratini/back.png.4bpp.smol
tools/compresSmol/compresSmol -w build/assets/graphics/pokemon/dratini/back_gba.png.4bpp build/assets/graphics/pokemon/dratini/back_gba.png.4bpp.smol
tools/compresSmol/compresSmol -w build/assets/graphics/pokemon/dratini/overworld.png_mwidth_4__mheight_4.4bpp build/assets/graphics/pokemon/dratini/overworld.png_mwidth_4__mheight_4.4bpp.smol
tools/compresSmol/compresSmol -w build/assets/graphics/pokemon/drednaw/anim_front.png.4bpp build/assets/graphics/pokemon/drednaw/anim_front.png.4bpp.smol
tools/compresSmol/compresSmol -w build/assets/graphics/pokemon/drednaw/back.png.4bpp build/assets/graphics/pokemon/drednaw/back.png.4bpp.smol
tools/compresSmol/compresSmol -w build/assets/graphics/pokemon/drednaw/gmax/back.png.4bpp build/assets/graphics/pokemon/drednaw/gmax/back.png.4bpp.smol
tools/compresSmol/compresSmol -w build/assets/graphics/pokemon/drednaw/gmax/front.png.4bpp build/assets/graphics/pokemon/drednaw/gmax/front.png.4bpp.smol
tools/compresSmol/compresSmol -w build/assets/graphics/pokemon/drednaw/overworld.png_mwidth_4__mheight_4.4bpp build/assets/graphics/pokemon/drednaw/overworld.png_mwidth_4__mheight_4.4bpp.smol
tools/compresSmol/compresSmol -w build/assets/graphics/pokemon/dreepy/back.png.4bpp build/assets/graphics/pokemon/dreepy/back.png.4bpp.smol
tools/compresSmol/compresSmol -w build/assets/graphics/pokemon/dreepy/front.png.4bpp build/assets/graphics/pokemon/dreepy/front.png.4bpp.smol
tools/compresSmol/compresSmol -w build/assets/graphics/pokemon/dreepy/overworld.png_mwidth_4__mheight_4.4bpp build/assets/graphics/pokemon/dreepy/overworld.png_mwidth_4__mheight_4.4bpp.smol
tools/compresSmol/compresSmol -w build/assets/graphics/pokemon/drifblim/anim_front.png.4bpp build/assets/graphics/pokemon/drifblim/anim_front.png.4bpp.smol
tools/compresSmol/compresSmol -w build/assets/graphics/pokemon/drifblim/back.png.4bpp build/assets/graphics/pokemon/drifblim/back.png.4bpp.smol
tools/compresSmol/compresSmol -w build/assets/graphics/pokemon/drifblim/overworld.png_mwidth_4__mheight_4.4bpp build/assets/graphics/pokemon/drifblim/overworld.png_mwidth_4__mheight_4.4bpp.smol
tools/compresSmol/compresSmol -w build/assets/graphics/pokemon/drifloon/anim_front.png.4bpp build/assets/graphics/pokemon/drifloon/anim_front.png.4bpp.smol
tools/compresSmol/compresSmol -w build/assets/graphics/pokemon/drifloon/back.png.4bpp build/assets/graphics/pokemon/drifloon/back.png.4bpp.smol
tools/compresSmol/compresSmol -w build/assets/graphics/pokemon/drifloon/overworld.png_mwidth_4__mheight_4.4bpp build/assets/graphics/pokemon/drifloon/overworld.png_mwidth_4__mheight_4.4bpp.smol
tools/compresSmol/compresSmol -w build/assets/graphics/pokemon/drilbur/anim_front.png.4bpp build/assets/graphics/pokemon/drilbur/anim_front.png.4bpp.smol
tools/compresSmol/compresSmol -w build/assets/graphics/pokemon/drilbur/back.png.4bpp build/assets/graphics/pokemon/drilbur/back.png.4bpp.smol
tools/compresSmol/compresSmol -w build/assets/graphics/pokemon/drilbur/overworld.png_mwidth_4__mheight_4.4bpp build/assets/graphics/pokemon/drilbur/overworld.png_mwidth_4__mheight_4.4bpp.smol
tools/compresSmol/compresSmol -w build/assets/graphics/pokemon/drizzile/back.png.4bpp build/assets/graphics/pokemon/drizzile/back.png.4bpp.smol
tools/compresSmol/compresSmol -w build/assets/graphics/pokemon/drizzile/front.png.4bpp build/assets/graphics/pokemon/drizzile/front.png.4bpp.smol
tools/compresSmol/compresSmol -w build/assets/graphics/pokemon/drizzile/overworld.png_mwidth_4__mheight_4.4bpp build/assets/graphics/pokemon/drizzile/overworld.png_mwidth_4__mheight_4.4bpp.smol
tools/compresSmol/compresSmol -w build/assets/graphics/pokemon/drowzee/anim_front.png.4bpp build/assets/graphics/pokemon/drowzee/anim_front.png.4bpp.smol
tools/compresSmol/compresSmol -w build/assets/graphics/pokemon/drowzee/anim_front_gba.png.4bpp build/assets/graphics/pokemon/drowzee/anim_front_gba.png.4bpp.smol
tools/compresSmol/compresSmol -w build/assets/graphics/pokemon/drowzee/back.png.4bpp build/assets/graphics/pokemon/drowzee/back.png.4bpp.smol
tools/compresSmol/compresSmol -w build/assets/graphics/pokemon/drowzee/back_gba.png.4bpp build/assets/graphics/pokemon/drowzee/back_gba.png.4bpp.smol
tools/compresSmol/compresSmol -w build/assets/graphics/pokemon/drowzee/overworld.png_mwidth_4__mheight_4.4bpp build/assets/graphics/pokemon/drowzee/overworld.png_mwidth_4__mheight_4.4bpp.smol
tools/compresSmol/compresSmol -w build/assets/graphics/pokemon/druddigon/anim_front.png.4bpp build/assets/graphics/pokemon/druddigon/anim_front.png.4bpp.smol
tools/compresSmol/compresSmol -w build/assets/graphics/pokemon/druddigon/back.png.4bpp build/assets/graphics/pokemon/druddigon/back.png.4bpp.smol
tools/compresSmol/compresSmol -w build/assets/graphics/pokemon/druddigon/overworld.png_mwidth_4__mheight_4.4bpp build/assets/graphics/pokemon/druddigon/overworld.png_mwidth_4__mheight_4.4bpp.smol
tools/compresSmol/compresSmol -w build/assets/graphics/pokemon/dubwool/back.png.4bpp build/assets/graphics/pokemon/dubwool/back.png.4bpp.smol
tools/compresSmol/compresSmol -w build/assets/graphics/pokemon/dubwool/front.png.4bpp build/assets/graphics/pokemon/dubwool/front.png.4bpp.smol
tools/compresSmol/compresSmol -w build/assets/graphics/pokemon/dubwool/overworld.png_mwidth_4__mheight_4.4bpp build/assets/graphics/pokemon/dubwool/overworld.png_mwidth_4__mheight_4.4bpp.smol
tools/compresSmol/compresSmol -w build/assets/graphics/pokemon/ducklett/anim_front.png.4bpp build/assets/graphics/pokemon/ducklett/anim_front.png.4bpp.smol
tools/compresSmol/compresSmol -w build/assets/graphics/pokemon/ducklett/back.png.4bpp build/assets/graphics/pokemon/ducklett/back.png.4bpp.smol
tools/compresSmol/compresSmol -w build/assets/graphics/pokemon/ducklett/overworld.png_mwidth_4__mheight_4.4bpp build/assets/graphics/pokemon/ducklett/overworld.png_mwidth_4__mheight_4.4bpp.smol
tools/compresSmol/compresSmol -w build/assets/graphics/pokemon/dudunsparce/back.png.4bpp build/assets/graphics/pokemon/dudunsparce/back.png.4bpp.smol
tools/compresSmol/compresSmol -w build/assets/graphics/pokemon/dudunsparce/front.png.4bpp build/assets/graphics/pokemon/dudunsparce/front.png.4bpp.smol
tools/compresSmol/compresSmol -w build/assets/graphics/pokemon/dudunsparce/overworld.png_mwidth_4__mheight_4.4bpp build/assets/graphics/pokemon/dudunsparce/overworld.png_mwidth_4__mheight_4.4bpp.smol
tools/compresSmol/compresSmol -w build/assets/graphics/pokemon/dudunsparce/three_segment/back.png.4bpp build/assets/graphics/pokemon/dudunsparce/three_segment/back.png.4bpp.smol
tools/compresSmol/compresSmol -w build/assets/graphics/pokemon/dudunsparce/three_segment/front.png.4bpp build/assets/graphics/pokemon/dudunsparce/three_segment/front.png.4bpp.smol
tools/compresSmol/compresSmol -w build/assets/graphics/pokemon/dudunsparce/three_segment/overworld.png_mwidth_8__mheight_8.4bpp build/assets/graphics/pokemon/dudunsparce/three_segment/overworld.png_mwidth_8__mheight_8.4bpp.smol
tools/compresSmol/compresSmol -w build/assets/graphics/pokemon/dugtrio/alola/back.png.4bpp build/assets/graphics/pokemon/dugtrio/alola/back.png.4bpp.smol
tools/compresSmol/compresSmol -w build/assets/graphics/pokemon/dugtrio/alola/front.png.4bpp build/assets/graphics/pokemon/dugtrio/alola/front.png.4bpp.smol
tools/compresSmol/compresSmol -w build/assets/graphics/pokemon/dugtrio/alola/overworld.png_mwidth_4__mheight_4.4bpp build/assets/graphics/pokemon/dugtrio/alola/overworld.png_mwidth_4__mheight_4.4bpp.smol
tools/compresSmol/compresSmol -w build/assets/graphics/pokemon/dugtrio/anim_front.png.4bpp build/assets/graphics/pokemon/dugtrio/anim_front.png.4bpp.smol
tools/compresSmol/compresSmol -w build/assets/graphics/pokemon/dugtrio/anim_front_gba.png.4bpp build/assets/graphics/pokemon/dugtrio/anim_front_gba.png.4bpp.smol
tools/compresSmol/compresSmol -w build/assets/graphics/pokemon/dugtrio/back.png.4bpp build/assets/graphics/pokemon/dugtrio/back.png.4bpp.smol
tools/compresSmol/compresSmol -w build/assets/graphics/pokemon/dugtrio/back_gba.png.4bpp build/assets/graphics/pokemon/dugtrio/back_gba.png.4bpp.smol
tools/compresSmol/compresSmol -w build/assets/graphics/pokemon/dugtrio/overworld.png_mwidth_4__mheight_4.4bpp build/assets/graphics/pokemon/dugtrio/overworld.png_mwidth_4__mheight_4.4bpp.smol
tools/compresSmol/compresSmol -w build/assets/graphics/pokemon/dunsparce/anim_front.png.4bpp build/assets/graphics/pokemon/dunsparce/anim_front.png.4bpp.smol
tools/compresSmol/compresSmol -w build/assets/graphics/pokemon/dunsparce/anim_front_gba.png.4bpp build/assets/graphics/pokemon/dunsparce/anim_front_gba.png.4bpp.smol
tools/compresSmol/compresSmol -w build/assets/graphics/pokemon/dunsparce/back.png.4bpp build/assets/graphics/pokemon/dunsparce/back.png.4bpp.smol
tools/compresSmol/compresSmol -w build/assets/graphics/pokemon/dunsparce/back_gba.png.4bpp build/assets/graphics/pokemon/dunsparce/back_gba.png.4bpp.smol
tools/compresSmol/compresSmol -w build/assets/graphics/pokemon/dunsparce/overworld.png_mwidth_4__mheight_4.4bpp build/assets/graphics/pokemon/dunsparce/overworld.png_mwidth_4__mheight_4.4bpp.smol
tools/compresSmol/compresSmol -w build/assets/graphics/pokemon/duosion/anim_front.png.4bpp build/assets/graphics/pokemon/duosion/anim_front.png.4bpp.smol
tools/compresSmol/compresSmol -w build/assets/graphics/pokemon/duosion/back.png.4bpp build/assets/graphics/pokemon/duosion/back.png.4bpp.smol
tools/compresSmol/compresSmol -w build/assets/graphics/pokemon/duosion/overworld.png_mwidth_4__mheight_4.4bpp build/assets/graphics/pokemon/duosion/overworld.png_mwidth_4__mheight_4.4bpp.smol
tools/compresSmol/compresSmol -w build/assets/graphics/pokemon/duraludon/anim_front.png.4bpp build/assets/graphics/pokemon/duraludon/anim_front.png.4bpp.smol
tools/compresSmol/compresSmol -w build/assets/graphics/pokemon/duraludon/back.png.4bpp build/assets/graphics/pokemon/duraludon/back.png.4bpp.smol
tools/compresSmol/compresSmol -w build/assets/graphics/pokemon/duraludon/gmax/back.png.4bpp build/assets/graphics/pokemon/duraludon/gmax/back.png.4bpp.smol
tools/compresSmol/compresSmol -w build/assets/graphics/pokemon/duraludon/gmax/front.png.4bpp build/assets/graphics/pokemon/duraludon/gmax/front.png.4bpp.smol
tools/compresSmol/compresSmol -w build/assets/graphics/pokemon/duraludon/overworld.png_mwidth_4__mheight_4.4bpp build/assets/graphics/pokemon/duraludon/overworld.png_mwidth_4__mheight_4.4bpp.smol
tools/compresSmol/compresSmol -w build/assets/graphics/pokemon/durant/anim_front.png.4bpp build/assets/graphics/pokemon/durant/anim_front.png.4bpp.smol
tools/compresSmol/compresSmol -w build/assets/graphics/pokemon/durant/back.png.4bpp build/assets/graphics/pokemon/durant/back.png.4bpp.smol
tools/compresSmol/compresSmol -w build/assets/graphics/pokemon/durant/overworld.png_mwidth_4__mheight_4.4bpp build/assets/graphics/pokemon/durant/overworld.png_mwidth_4__mheight_4.4bpp.smol
tools/compresSmol/compresSmol -w build/assets/graphics/pokemon/dusclops/anim_front.png.4bpp build/assets/graphics/pokemon/dusclops/anim_front.png.4bpp.smol
tools/compresSmol/compresSmol -w build/assets/graphics/pokemon/dusclops/anim_front_gba.png.4bpp build/assets/graphics/pokemon/dusclops/anim_front_gba.png.4bpp.smol
tools/compresSmol/compresSmol -w build/assets/graphics/pokemon/dusclops/back.png.4bpp build/assets/graphics/pokemon/dusclops/back.png.4bpp.smol
tools/compresSmol/compresSmol -w build/assets/graphics/pokemon/dusclops/back_gba.png.4bpp build/assets/graphics/pokemon/dusclops/back_gba.png.4bpp.smol
tools/compresSmol/compresSmol -w build/assets/graphics/pokemon/dusclops/overworld.png_mwidth_4__mheight_4.4bpp build/assets/graphics/pokemon/dusclops/overworld.png_mwidth_4__mheight_4.4bpp.smol
tools/compresSmol/compresSmol -w build/assets/graphics/pokemon/dusknoir/anim_front.png.4bpp build/assets/graphics/pokemon/dusknoir/anim_front.png.4bpp.smol
tools/compresSmol/compresSmol -w build/assets/graphics/pokemon/dusknoir/back.png.4bpp build/assets/graphics/pokemon/dusknoir/back.png.4bpp.smol
tools/compresSmol/compresSmol -w build/assets/graphics/pokemon/dusknoir/overworld.png_mwidth_4__mheight_4.4bpp build/assets/graphics/pokemon/dusknoir/overworld.png_mwidth_4__mheight_4.4bpp.smol
tools/compresSmol/compresSmol -w build/assets/graphics/pokemon/duskull/anim_front.png.4bpp build/assets/graphics/pokemon/duskull/anim_front.png.4bpp.smol
tools/compresSmol/compresSmol -w build/assets/graphics/pokemon/duskull/anim_front_gba.png.4bpp build/assets/graphics/pokemon/duskull/anim_front_gba.png.4bpp.smol
tools/compresSmol/compresSmol -w build/assets/graphics/pokemon/duskull/back.png.4bpp build/assets/graphics/pokemon/duskull/back.png.4bpp.smol
tools/compresSmol/compresSmol -w build/assets/graphics/pokemon/duskull/back_gba.png.4bpp build/assets/graphics/pokemon/duskull/back_gba.png.4bpp.smol
tools/compresSmol/compresSmol -w build/assets/graphics/pokemon/duskull/overworld.png_mwidth_4__mheight_4.4bpp build/assets/graphics/pokemon/duskull/overworld.png_mwidth_4__mheight_4.4bpp.smol
tools/compresSmol/compresSmol -w build/assets/graphics/pokemon/dustox/anim_front.png.4bpp build/assets/graphics/pokemon/dustox/anim_front.png.4bpp.smol
tools/compresSmol/compresSmol -w build/assets/graphics/pokemon/dustox/anim_front_gba.png.4bpp build/assets/graphics/pokemon/dustox/anim_front_gba.png.4bpp.smol
tools/compresSmol/compresSmol -w build/assets/graphics/pokemon/dustox/anim_frontf.png.4bpp build/assets/graphics/pokemon/dustox/anim_frontf.png.4bpp.smol
tools/compresSmol/compresSmol -w build/assets/graphics/pokemon/dustox/back.png.4bpp build/assets/graphics/pokemon/dustox/back.png.4bpp.smol
tools/compresSmol/compresSmol -w build/assets/graphics/pokemon/dustox/back_gba.png.4bpp build/assets/graphics/pokemon/dustox/back_gba.png.4bpp.smol
tools/compresSmol/compresSmol -w build/assets/graphics/pokemon/dustox/backf.png.4bpp build/assets/graphics/pokemon/dustox/backf.png.4bpp.smol
tools/compresSmol/compresSmol -w build/assets/graphics/pokemon/dustox/overworld.png_mwidth_4__mheight_4.4bpp build/assets/graphics/pokemon/dustox/overworld.png_mwidth_4__mheight_4.4bpp.smol
tools/compresSmol/compresSmol -w build/assets/graphics/pokemon/dustox/overworldf.png_mwidth_4__mheight_4.4bpp build/assets/graphics/pokemon/dustox/overworldf.png_mwidth_4__mheight_4.4bpp.smol
tools/compresSmol/compresSmol -w build/assets/graphics/pokemon/dwebble/anim_front.png.4bpp build/assets/graphics/pokemon/dwebble/anim_front.png.4bpp.smol
tools/compresSmol/compresSmol -w build/assets/graphics/pokemon/dwebble/back.png.4bpp build/assets/graphics/pokemon/dwebble/back.png.4bpp.smol
tools/compresSmol/compresSmol -w build/assets/graphics/pokemon/dwebble/overworld.png_mwidth_4__mheight_4.4bpp build/assets/graphics/pokemon/dwebble/overworld.png_mwidth_4__mheight_4.4bpp.smol
tools/compresSmol/compresSmol -w build/assets/graphics/pokemon/eelektrik/anim_front.png.4bpp build/assets/graphics/pokemon/eelektrik/anim_front.png.4bpp.smol
tools/compresSmol/compresSmol -w build/assets/graphics/pokemon/eelektrik/back.png.4bpp build/assets/graphics/pokemon/eelektrik/back.png.4bpp.smol
tools/compresSmol/compresSmol -w build/assets/graphics/pokemon/eelektrik/overworld.png_mwidth_4__mheight_4.4bpp build/assets/graphics/pokemon/eelektrik/overworld.png_mwidth_4__mheight_4.4bpp.smol
tools/compresSmol/compresSmol -w build/assets/graphics/pokemon/eelektross/anim_front.png.4bpp build/assets/graphics/pokemon/eelektross/anim_front.png.4bpp.smol
tools/compresSmol/compresSmol -w build/assets/graphics/pokemon/eelektross/back.png.4bpp build/assets/graphics/pokemon/eelektross/back.png.4bpp.smol
tools/compresSmol/compresSmol -w build/assets/graphics/pokemon/eelektross/mega/back.png.4bpp build/assets/graphics/pokemon/eelektross/mega/back.png.4bpp.smol
tools/compresSmol/compresSmol -w build/assets/graphics/pokemon/eelektross/mega/front.png.4bpp build/assets/graphics/pokemon/eelektross/mega/front.png.4bpp.smol
tools/compresSmol/compresSmol -w build/assets/graphics/pokemon/eelektross/overworld.png_mwidth_4__mheight_4.4bpp build/assets/graphics/pokemon/eelektross/overworld.png_mwidth_4__mheight_4.4bpp.smol
tools/compresSmol/compresSmol -w build/assets/graphics/pokemon/eevee/anim_front.png.4bpp build/assets/graphics/pokemon/eevee/anim_front.png.4bpp.smol
tools/compresSmol/compresSmol -w build/assets/graphics/pokemon/eevee/anim_front_gba.png.4bpp build/assets/graphics/pokemon/eevee/anim_front_gba.png.4bpp.smol
tools/compresSmol/compresSmol -w build/assets/graphics/pokemon/eevee/anim_frontf.png.4bpp build/assets/graphics/pokemon/eevee/anim_frontf.png.4bpp.smol
tools/compresSmol/compresSmol -w build/assets/graphics/pokemon/eevee/back.png.4bpp build/assets/graphics/pokemon/eevee/back.png.4bpp.smol
tools/compresSmol/compresSmol -w build/assets/graphics/pokemon/eevee/back_gba.png.4bpp build/assets/graphics/pokemon/eevee/back_gba.png.4bpp.smol
tools/compresSmol/compresSmol -w build/assets/graphics/pokemon/eevee/backf.png.4bpp build/assets/graphics/pokemon/eevee/backf.png.4bpp.smol
tools/compresSmol/compresSmol -w build/assets/graphics/pokemon/eevee/gmax/back.png.4bpp build/assets/graphics/pokemon/eevee/gmax/back.png.4bpp.smol
tools/compresSmol/compresSmol -w build/assets/graphics/pokemon/eevee/gmax/front.png.4bpp build/assets/graphics/pokemon/eevee/gmax/front.png.4bpp.smol
tools/compresSmol/compresSmol -w build/assets/graphics/pokemon/eevee/overworld.png_mwidth_4__mheight_4.4bpp build/assets/graphics/pokemon/eevee/overworld.png_mwidth_4__mheight_4.4bpp.smol
tools/compresSmol/compresSmol -w build/assets/graphics/pokemon/eevee/overworldf.png_mwidth_4__mheight_4.4bpp build/assets/graphics/pokemon/eevee/overworldf.png_mwidth_4__mheight_4.4bpp.smol
tools/compresSmol/compresSmol -w build/assets/graphics/pokemon/egg/anim_front.png.4bpp build/assets/graphics/pokemon/egg/anim_front.png.4bpp.smol
tools/compresSmol/compresSmol -w build/assets/graphics/pokemon/eiscue/back.png.4bpp build/assets/graphics/pokemon/eiscue/back.png.4bpp.smol
tools/compresSmol/compresSmol -w build/assets/graphics/pokemon/eiscue/front.png.4bpp build/assets/graphics/pokemon/eiscue/front.png.4bpp.smol
tools/compresSmol/compresSmol -w build/assets/graphics/pokemon/eiscue/noice_face/back.png.4bpp build/assets/graphics/pokemon/eiscue/noice_face/back.png.4bpp.smol
tools/compresSmol/compresSmol -w build/assets/graphics/pokemon/eiscue/noice_face/front.png.4bpp build/assets/graphics/pokemon/eiscue/noice_face/front.png.4bpp.smol
tools/compresSmol/compresSmol -w build/assets/graphics/pokemon/eiscue/overworld.png_mwidth_4__mheight_4.4bpp build/assets/graphics/pokemon/eiscue/overworld.png_mwidth_4__mheight_4.4bpp.smol
tools/compresSmol/compresSmol -w build/assets/graphics/pokemon/ekans/anim_front.png.4bpp build/assets/graphics/pokemon/ekans/anim_front.png.4bpp.smol
tools/compresSmol/compresSmol -w build/assets/graphics/pokemon/ekans/anim_front_gba.png.4bpp build/assets/graphics/pokemon/ekans/anim_front_gba.png.4bpp.smol
tools/compresSmol/compresSmol -w build/assets/graphics/pokemon/ekans/back.png.4bpp build/assets/graphics/pokemon/ekans/back.png.4bpp.smol
tools/compresSmol/compresSmol -w build/assets/graphics/pokemon/ekans/back_gba.png.4bpp build/assets/graphics/pokemon/ekans/back_gba.png.4bpp.smol
tools/compresSmol/compresSmol -w build/assets/graphics/pokemon/ekans/overworld.png_mwidth_4__mheight_4.4bpp build/assets/graphics/pokemon/ekans/overworld.png_mwidth_4__mheight_4.4bpp.smol
tools/compresSmol/compresSmol -w build/assets/graphics/pokemon/eldegoss/back.png.4bpp build/assets/graphics/pokemon/eldegoss/back.png.4bpp.smol
tools/compresSmol/compresSmol -w build/assets/graphics/pokemon/eldegoss/front.png.4bpp build/assets/graphics/pokemon/eldegoss/front.png.4bpp.smol
tools/compresSmol/compresSmol -w build/assets/graphics/pokemon/eldegoss/overworld.png_mwidth_4__mheight_4.4bpp build/assets/graphics/pokemon/eldegoss/overworld.png_mwidth_4__mheight_4.4bpp.smol
tools/compresSmol/compresSmol -w build/assets/graphics/pokemon/electabuzz/anim_front.png.4bpp build/assets/graphics/pokemon/electabuzz/anim_front.png.4bpp.smol
tools/compresSmol/compresSmol -w build/assets/graphics/pokemon/electabuzz/anim_front_gba.png.4bpp build/assets/graphics/pokemon/electabuzz/anim_front_gba.png.4bpp.smol
tools/compresSmol/compresSmol -w build/assets/graphics/pokemon/electabuzz/back.png.4bpp build/assets/graphics/pokemon/electabuzz/back.png.4bpp.smol
tools/compresSmol/compresSmol -w build/assets/graphics/pokemon/electabuzz/back_gba.png.4bpp build/assets/graphics/pokemon/electabuzz/back_gba.png.4bpp.smol
tools/compresSmol/compresSmol -w build/assets/graphics/pokemon/electabuzz/overworld.png_mwidth_4__mheight_4.4bpp build/assets/graphics/pokemon/electabuzz/overworld.png_mwidth_4__mheight_4.4bpp.smol
tools/compresSmol/compresSmol -w build/assets/graphics/pokemon/electivire/anim_front.png.4bpp build/assets/graphics/pokemon/electivire/anim_front.png.4bpp.smol
tools/compresSmol/compresSmol -w build/assets/graphics/pokemon/electivire/back.png.4bpp build/assets/graphics/pokemon/electivire/back.png.4bpp.smol
tools/compresSmol/compresSmol -w build/assets/graphics/pokemon/electivire/overworld.png_mwidth_4__mheight_4.4bpp build/assets/graphics/pokemon/electivire/overworld.png_mwidth_4__mheight_4.4bpp.smol
tools/compresSmol/compresSmol -w build/assets/graphics/pokemon/electrike/anim_front.png.4bpp build/assets/graphics/pokemon/electrike/anim_front.png.4bpp.smol
tools/compresSmol/compresSmol -w build/assets/graphics/pokemon/electrike/anim_front_gba.png.4bpp build/assets/graphics/pokemon/electrike/anim_front_gba.png.4bpp.smol
tools/compresSmol/compresSmol -w build/assets/graphics/pokemon/electrike/back.png.4bpp build/assets/graphics/pokemon/electrike/back.png.4bpp.smol
tools/compresSmol/compresSmol -w build/assets/graphics/pokemon/electrike/back_gba.png.4bpp build/assets/graphics/pokemon/electrike/back_gba.png.4bpp.smol
tools/compresSmol/compresSmol -w build/assets/graphics/pokemon/electrike/overworld.png_mwidth_4__mheight_4.4bpp build/assets/graphics/pokemon/electrike/overworld.png_mwidth_4__mheight_4.4bpp.smol
tools/compresSmol/compresSmol -w build/assets/graphics/pokemon/electrode/anim_front.png.4bpp build/assets/graphics/pokemon/electrode/anim_front.png.4bpp.smol
tools/compresSmol/compresSmol -w build/assets/graphics/pokemon/electrode/anim_front_gba.png.4bpp build/assets/graphics/pokemon/electrode/anim_front_gba.png.4bpp.smol
tools/compresSmol/compresSmol -w build/assets/graphics/pokemon/electrode/back.png.4bpp build/assets/graphics/pokemon/electrode/back.png.4bpp.smol
tools/compresSmol/compresSmol -w build/assets/graphics/pokemon/electrode/back_gba.png.4bpp build/assets/graphics/pokemon/electrode/back_gba.png.4bpp.smol
tools/compresSmol/compresSmol -w build/assets/graphics/pokemon/electrode/hisui/back.png.4bpp build/assets/graphics/pokemon/electrode/hisui/back.png.4bpp.smol
tools/compresSmol/compresSmol -w build/assets/graphics/pokemon/electrode/hisui/front.png.4bpp build/assets/graphics/pokemon/electrode/hisui/front.png.4bpp.smol
tools/compresSmol/compresSmol -w build/assets/graphics/pokemon/electrode/hisui/overworld.png_mwidth_4__mheight_4.4bpp build/assets/graphics/pokemon/electrode/hisui/overworld.png_mwidth_4__mheight_4.4bpp.smol
tools/compresSmol/compresSmol -w build/assets/graphics/pokemon/electrode/overworld.png_mwidth_4__mheight_4.4bpp build/assets/graphics/pokemon/electrode/overworld.png_mwidth_4__mheight_4.4bpp.smol
tools/compresSmol/compresSmol -w build/assets/graphics/pokemon/elekid/anim_front.png.4bpp build/assets/graphics/pokemon/elekid/anim_front.png.4bpp.smol
tools/compresSmol/compresSmol -w build/assets/graphics/pokemon/elekid/anim_front_gba.png.4bpp build/assets/graphics/pokemon/elekid/anim_front_gba.png.4bpp.smol
tools/compresSmol/compresSmol -w build/assets/graphics/pokemon/elekid/back.png.4bpp build/assets/graphics/pokemon/elekid/back.png.4bpp.smol
tools/compresSmol/compresSmol -w build/assets/graphics/pokemon/elekid/back_gba.png.4bpp build/assets/graphics/pokemon/elekid/back_gba.png.4bpp.smol
tools/compresSmol/compresSmol -w build/assets/graphics/pokemon/elekid/overworld.png_mwidth_4__mheight_4.4bpp build/assets/graphics/pokemon/elekid/overworld.png_mwidth_4__mheight_4.4bpp.smol
tools/compresSmol/compresSmol -w build/assets/graphics/pokemon/elgyem/anim_front.png.4bpp build/assets/graphics/pokemon/elgyem/anim_front.png.4bpp.smol
tools/compresSmol/compresSmol -w build/assets/graphics/pokemon/elgyem/back.png.4bpp build/assets/graphics/pokemon/elgyem/back.png.4bpp.smol
tools/compresSmol/compresSmol -w build/assets/graphics/pokemon/elgyem/overworld.png_mwidth_4__mheight_4.4bpp build/assets/graphics/pokemon/elgyem/overworld.png_mwidth_4__mheight_4.4bpp.smol
tools/compresSmol/compresSmol -w build/assets/graphics/pokemon/emboar/anim_front.png.4bpp build/assets/graphics/pokemon/emboar/anim_front.png.4bpp.smol
tools/compresSmol/compresSmol -w build/assets/graphics/pokemon/emboar/back.png.4bpp build/assets/graphics/pokemon/emboar/back.png.4bpp.smol
tools/compresSmol/compresSmol -w build/assets/graphics/pokemon/emboar/mega/back.png.4bpp build/assets/graphics/pokemon/emboar/mega/back.png.4bpp.smol
tools/compresSmol/compresSmol -w build/assets/graphics/pokemon/emboar/mega/front.png.4bpp build/assets/graphics/pokemon/emboar/mega/front.png.4bpp.smol
tools/compresSmol/compresSmol -w build/assets/graphics/pokemon/emboar/overworld.png_mwidth_4__mheight_4.4bpp build/assets/graphics/pokemon/emboar/overworld.png_mwidth_4__mheight_4.4bpp.smol
tools/compresSmol/compresSmol -w build/assets/graphics/pokemon/emolga/anim_front.png.4bpp build/assets/graphics/pokemon/emolga/anim_front.png.4bpp.smol
tools/compresSmol/compresSmol -w build/assets/graphics/pokemon/emolga/back.png.4bpp build/assets/graphics/pokemon/emolga/back.png.4bpp.smol
tools/compresSmol/compresSmol -w build/assets/graphics/pokemon/emolga/overworld.png_mwidth_4__mheight_4.4bpp build/assets/graphics/pokemon/emolga/overworld.png_mwidth_4__mheight_4.4bpp.smol
tools/compresSmol/compresSmol -w build/assets/graphics/pokemon/empoleon/anim_front.png.4bpp build/assets/graphics/pokemon/empoleon/anim_front.png.4bpp.smol
tools/compresSmol/compresSmol -w build/assets/graphics/pokemon/empoleon/back.png.4bpp build/assets/graphics/pokemon/empoleon/back.png.4bpp.smol
tools/compresSmol/compresSmol -w build/assets/graphics/pokemon/empoleon/overworld.png_mwidth_4__mheight_4.4bpp build/assets/graphics/pokemon/empoleon/overworld.png_mwidth_4__mheight_4.4bpp.smol
tools/compresSmol/compresSmol -w build/assets/graphics/pokemon/enamorus/anim_front.png.4bpp build/assets/graphics/pokemon/enamorus/anim_front.png.4bpp.smol
tools/compresSmol/compresSmol -w build/assets/graphics/pokemon/enamorus/back.png.4bpp build/assets/graphics/pokemon/enamorus/back.png.4bpp.smol
tools/compresSmol/compresSmol -w build/assets/graphics/pokemon/enamorus/overworld.png_mwidth_8__mheight_8.4bpp build/assets/graphics/pokemon/enamorus/overworld.png_mwidth_8__mheight_8.4bpp.smol
tools/compresSmol/compresSmol -w build/assets/graphics/pokemon/enamorus/therian/back.png.4bpp build/assets/graphics/pokemon/enamorus/therian/back.png.4bpp.smol
tools/compresSmol/compresSmol -w build/assets/graphics/pokemon/enamorus/therian/front.png.4bpp build/assets/graphics/pokemon/enamorus/therian/front.png.4bpp.smol
tools/compresSmol/compresSmol -w build/assets/graphics/pokemon/enamorus/therian/overworld.png_mwidth_8__mheight_8.4bpp build/assets/graphics/pokemon/enamorus/therian/overworld.png_mwidth_8__mheight_8.4bpp.smol
tools/compresSmol/compresSmol -w build/assets/graphics/pokemon/entei/anim_front.png.4bpp build/assets/graphics/pokemon/entei/anim_front.png.4bpp.smol
tools/compresSmol/compresSmol -w build/assets/graphics/pokemon/entei/anim_front_gba.png.4bpp build/assets/graphics/pokemon/entei/anim_front_gba.png.4bpp.smol
tools/compresSmol/compresSmol -w build/assets/graphics/pokemon/entei/back.png.4bpp build/assets/graphics/pokemon/entei/back.png.4bpp.smol
tools/compresSmol/compresSmol -w build/assets/graphics/pokemon/entei/back_gba.png.4bpp build/assets/graphics/pokemon/entei/back_gba.png.4bpp.smol
tools/compresSmol/compresSmol -w build/assets/graphics/pokemon/entei/overworld.png_mwidth_4__mheight_4.4bpp build/assets/graphics/pokemon/entei/overworld.png_mwidth_4__mheight_4.4bpp.smol
tools/compresSmol/compresSmol -w build/assets/graphics/pokemon/escavalier/anim_front.png.4bpp build/assets/graphics/pokemon/escavalier/anim_front.png.4bpp.smol
tools/compresSmol/compresSmol -w build/assets/graphics/pokemon/escavalier/back.png.4bpp build/assets/graphics/pokemon/escavalier/back.png.4bpp.smol
tools/compresSmol/compresSmol -w build/assets/graphics/pokemon/escavalier/overworld.png_mwidth_4__mheight_4.4bpp build/assets/graphics/pokemon/escavalier/overworld.png_mwidth_4__mheight_4.4bpp.smol
tools/compresSmol/compresSmol -w build/assets/graphics/pokemon/espathra/back.png.4bpp build/assets/graphics/pokemon/espathra/back.png.4bpp.smol
tools/compresSmol/compresSmol -w build/assets/graphics/pokemon/espathra/front.png.4bpp build/assets/graphics/pokemon/espathra/front.png.4bpp.smol
tools/compresSmol/compresSmol -w build/assets/graphics/pokemon/espathra/overworld.png_mwidth_4__mheight_4.4bpp build/assets/graphics/pokemon/espathra/overworld.png_mwidth_4__mheight_4.4bpp.smol
tools/compresSmol/compresSmol -w build/assets/graphics/pokemon/espeon/anim_front.png.4bpp build/assets/graphics/pokemon/espeon/anim_front.png.4bpp.smol
tools/compresSmol/compresSmol -w build/assets/graphics/pokemon/espeon/anim_front_gba.png.4bpp build/assets/graphics/pokemon/espeon/anim_front_gba.png.4bpp.smol
tools/compresSmol/compresSmol -w build/assets/graphics/pokemon/espeon/back.png.4bpp build/assets/graphics/pokemon/espeon/back.png.4bpp.smol
tools/compresSmol/compresSmol -w build/assets/graphics/pokemon/espeon/back_gba.png.4bpp build/assets/graphics/pokemon/espeon/back_gba.png.4bpp.smol
tools/compresSmol/compresSmol -w build/assets/graphics/pokemon/espeon/overworld.png_mwidth_4__mheight_4.4bpp build/assets/graphics/pokemon/espeon/overworld.png_mwidth_4__mheight_4.4bpp.smol
tools/compresSmol/compresSmol -w build/assets/graphics/pokemon/espurr/anim_front.png.4bpp build/assets/graphics/pokemon/espurr/anim_front.png.4bpp.smol
tools/compresSmol/compresSmol -w build/assets/graphics/pokemon/espurr/back.png.4bpp build/assets/graphics/pokemon/espurr/back.png.4bpp.smol
tools/compresSmol/compresSmol -w build/assets/graphics/pokemon/espurr/overworld.png_mwidth_4__mheight_4.4bpp build/assets/graphics/pokemon/espurr/overworld.png_mwidth_4__mheight_4.4bpp.smol
tools/compresSmol/compresSmol -w build/assets/graphics/pokemon/eternatus/back.png.4bpp build/assets/graphics/pokemon/eternatus/back.png.4bpp.smol
tools/compresSmol/compresSmol -w build/assets/graphics/pokemon/eternatus/eternamax/back.png.4bpp build/assets/graphics/pokemon/eternatus/eternamax/back.png.4bpp.smol
tools/compresSmol/compresSmol -w build/assets/graphics/pokemon/eternatus/eternamax/front.png.4bpp build/assets/graphics/pokemon/eternatus/eternamax/front.png.4bpp.smol
tools/compresSmol/compresSmol -w build/assets/graphics/pokemon/eternatus/front.png.4bpp build/assets/graphics/pokemon/eternatus/front.png.4bpp.smol
tools/compresSmol/compresSmol -w build/assets/graphics/pokemon/eternatus/overworld.png_mwidth_4__mheight_4.4bpp build/assets/graphics/pokemon/eternatus/overworld.png_mwidth_4__mheight_4.4bpp.smol
tools/compresSmol/compresSmol -w build/assets/graphics/pokemon/excadrill/anim_front.png.4bpp build/assets/graphics/pokemon/excadrill/anim_front.png.4bpp.smol
tools/compresSmol/compresSmol -w build/assets/graphics/pokemon/excadrill/back.png.4bpp build/assets/graphics/pokemon/excadrill/back.png.4bpp.smol
tools/compresSmol/compresSmol -w build/assets/graphics/pokemon/excadrill/mega/back.png.4bpp build/assets/graphics/pokemon/excadrill/mega/back.png.4bpp.smol
tools/compresSmol/compresSmol -w build/assets/graphics/pokemon/excadrill/mega/front.png.4bpp build/assets/graphics/pokemon/excadrill/mega/front.png.4bpp.smol
tools/compresSmol/compresSmol -w build/assets/graphics/pokemon/excadrill/overworld.png_mwidth_4__mheight_4.4bpp build/assets/graphics/pokemon/excadrill/overworld.png_mwidth_4__mheight_4.4bpp.smol
tools/compresSmol/compresSmol -w build/assets/graphics/pokemon/exeggcute/anim_front.png.4bpp build/assets/graphics/pokemon/exeggcute/anim_front.png.4bpp.smol
tools/compresSmol/compresSmol -w build/assets/graphics/pokemon/exeggcute/anim_front_gba.png.4bpp build/assets/graphics/pokemon/exeggcute/anim_front_gba.png.4bpp.smol
tools/compresSmol/compresSmol -w build/assets/graphics/pokemon/exeggcute/back.png.4bpp build/assets/graphics/pokemon/exeggcute/back.png.4bpp.smol
tools/compresSmol/compresSmol -w build/assets/graphics/pokemon/exeggcute/back_gba.png.4bpp build/assets/graphics/pokemon/exeggcute/back_gba.png.4bpp.smol
tools/compresSmol/compresSmol -w build/assets/graphics/pokemon/exeggcute/overworld.png_mwidth_4__mheight_4.4bpp build/assets/graphics/pokemon/exeggcute/overworld.png_mwidth_4__mheight_4.4bpp.smol
tools/compresSmol/compresSmol -w build/assets/graphics/pokemon/exeggutor/alola/anim_front.png.4bpp build/assets/graphics/pokemon/exeggutor/alola/anim_front.png.4bpp.smol
tools/compresSmol/compresSmol -w build/assets/graphics/pokemon/exeggutor/alola/back.png.4bpp build/assets/graphics/pokemon/exeggutor/alola/back.png.4bpp.smol
tools/compresSmol/compresSmol -w build/assets/graphics/pokemon/exeggutor/alola/overworld.png_mwidth_8__mheight_8.4bpp build/assets/graphics/pokemon/exeggutor/alola/overworld.png_mwidth_8__mheight_8.4bpp.smol
tools/compresSmol/compresSmol -w build/assets/graphics/pokemon/exeggutor/anim_front.png.4bpp build/assets/graphics/pokemon/exeggutor/anim_front.png.4bpp.smol
tools/compresSmol/compresSmol -w build/assets/graphics/pokemon/exeggutor/anim_front_gba.png.4bpp build/assets/graphics/pokemon/exeggutor/anim_front_gba.png.4bpp.smol
tools/compresSmol/compresSmol -w build/assets/graphics/pokemon/exeggutor/back.png.4bpp build/assets/graphics/pokemon/exeggutor/back.png.4bpp.smol
tools/compresSmol/compresSmol -w build/assets/graphics/pokemon/exeggutor/back_gba.png.4bpp build/assets/graphics/pokemon/exeggutor/back_gba.png.4bpp.smol
tools/compresSmol/compresSmol -w build/assets/graphics/pokemon/exeggutor/overworld.png_mwidth_4__mheight_4.4bpp build/assets/graphics/pokemon/exeggutor/overworld.png_mwidth_4__mheight_4.4bpp.smol
tools/compresSmol/compresSmol -w build/assets/graphics/pokemon/exploud/anim_front.png.4bpp build/assets/graphics/pokemon/exploud/anim_front.png.4bpp.smol
tools/compresSmol/compresSmol -w build/assets/graphics/pokemon/exploud/anim_front_gba.png.4bpp build/assets/graphics/pokemon/exploud/anim_front_gba.png.4bpp.smol
tools/compresSmol/compresSmol -w build/assets/graphics/pokemon/exploud/back.png.4bpp build/assets/graphics/pokemon/exploud/back.png.4bpp.smol
tools/compresSmol/compresSmol -w build/assets/graphics/pokemon/exploud/back_gba.png.4bpp build/assets/graphics/pokemon/exploud/back_gba.png.4bpp.smol
tools/compresSmol/compresSmol -w build/assets/graphics/pokemon/exploud/overworld.png_mwidth_4__mheight_4.4bpp build/assets/graphics/pokemon/exploud/overworld.png_mwidth_4__mheight_4.4bpp.smol
tools/compresSmol/compresSmol -w build/assets/graphics/pokemon/falinks/back.png.4bpp build/assets/graphics/pokemon/falinks/back.png.4bpp.smol
tools/compresSmol/compresSmol -w build/assets/graphics/pokemon/falinks/front.png.4bpp build/assets/graphics/pokemon/falinks/front.png.4bpp.smol
tools/compresSmol/compresSmol -w build/assets/graphics/pokemon/falinks/mega/back.png.4bpp build/assets/graphics/pokemon/falinks/mega/back.png.4bpp.smol
tools/compresSmol/compresSmol -w build/assets/graphics/pokemon/falinks/mega/front.png.4bpp build/assets/graphics/pokemon/falinks/mega/front.png.4bpp.smol
tools/compresSmol/compresSmol -w build/assets/graphics/pokemon/falinks/overworld.png_mwidth_4__mheight_4.4bpp build/assets/graphics/pokemon/falinks/overworld.png_mwidth_4__mheight_4.4bpp.smol
tools/compresSmol/compresSmol -w build/assets/graphics/pokemon/farfetchd/anim_front.png.4bpp build/assets/graphics/pokemon/farfetchd/anim_front.png.4bpp.smol
tools/compresSmol/compresSmol -w build/assets/graphics/pokemon/farfetchd/anim_front_gba.png.4bpp build/assets/graphics/pokemon/farfetchd/anim_front_gba.png.4bpp.smol
tools/compresSmol/compresSmol -w build/assets/graphics/pokemon/farfetchd/back.png.4bpp build/assets/graphics/pokemon/farfetchd/back.png.4bpp.smol
tools/compresSmol/compresSmol -w build/assets/graphics/pokemon/farfetchd/back_gba.png.4bpp build/assets/graphics/pokemon/farfetchd/back_gba.png.4bpp.smol
tools/compresSmol/compresSmol -w build/assets/graphics/pokemon/farfetchd/galar/back.png.4bpp build/assets/graphics/pokemon/farfetchd/galar/back.png.4bpp.smol
tools/compresSmol/compresSmol -w build/assets/graphics/pokemon/farfetchd/galar/front.png.4bpp build/assets/graphics/pokemon/farfetchd/galar/front.png.4bpp.smol
tools/compresSmol/compresSmol -w build/assets/graphics/pokemon/farfetchd/galar/overworld.png_mwidth_4__mheight_4.4bpp build/assets/graphics/pokemon/farfetchd/galar/overworld.png_mwidth_4__mheight_4.4bpp.smol
tools/compresSmol/compresSmol -w build/assets/graphics/pokemon/farfetchd/overworld.png_mwidth_4__mheight_4.4bpp build/assets/graphics/pokemon/farfetchd/overworld.png_mwidth_4__mheight_4.4bpp.smol
tools/compresSmol/compresSmol -w build/assets/graphics/pokemon/farigiraf/back.png.4bpp build/assets/graphics/pokemon/farigiraf/back.png.4bpp.smol
tools/compresSmol/compresSmol -w build/assets/graphics/pokemon/farigiraf/front.png.4bpp build/assets/graphics/pokemon/farigiraf/front.png.4bpp.smol
tools/compresSmol/compresSmol -w build/assets/graphics/pokemon/farigiraf/overworld.png_mwidth_4__mheight_4.4bpp build/assets/graphics/pokemon/farigiraf/overworld.png_mwidth_4__mheight_4.4bpp.smol
tools/compresSmol/compresSmol -w build/assets/graphics/pokemon/fearow/anim_front.png.4bpp build/assets/graphics/pokemon/fearow/anim_front.png.4bpp.smol
tools/compresSmol/compresSmol -w build/assets/graphics/pokemon/fearow/anim_front_gba.png.4bpp build/assets/graphics/pokemon/fearow/anim_front_gba.png.4bpp.smol
tools/compresSmol/compresSmol -w build/assets/graphics/pokemon/fearow/back.png.4bpp build/assets/graphics/pokemon/fearow/back.png.4bpp.smol
tools/compresSmol/compresSmol -w build/assets/graphics/pokemon/fearow/back_gba.png.4bpp build/assets/graphics/pokemon/fearow/back_gba.png.4bpp.smol
tools/compresSmol/compresSmol -w build/assets/graphics/pokemon/fearow/overworld.png_mwidth_4__mheight_4.4bpp build/assets/graphics/pokemon/fearow/overworld.png_mwidth_4__mheight_4.4bpp.smol
tools/compresSmol/compresSmol -w build/assets/graphics/pokemon/feebas/anim_front.png.4bpp build/assets/graphics/pokemon/feebas/anim_front.png.4bpp.smol
tools/compresSmol/compresSmol -w build/assets/graphics/pokemon/feebas/anim_front_gba.png.4bpp build/assets/graphics/pokemon/feebas/anim_front_gba.png.4bpp.smol
tools/compresSmol/compresSmol -w build/assets/graphics/pokemon/feebas/back.png.4bpp build/assets/graphics/pokemon/feebas/back.png.4bpp.smol
tools/compresSmol/compresSmol -w build/assets/graphics/pokemon/feebas/back_gba.png.4bpp build/assets/graphics/pokemon/feebas/back_gba.png.4bpp.smol
tools/compresSmol/compresSmol -w build/assets/graphics/pokemon/feebas/overworld.png_mwidth_4__mheight_4.4bpp build/assets/graphics/pokemon/feebas/overworld.png_mwidth_4__mheight_4.4bpp.smol
tools/compresSmol/compresSmol -w build/assets/graphics/pokemon/fennekin/anim_front.png.4bpp build/assets/graphics/pokemon/fennekin/anim_front.png.4bpp.smol
tools/compresSmol/compresSmol -w build/assets/graphics/pokemon/fennekin/back.png.4bpp build/assets/graphics/pokemon/fennekin/back.png.4bpp.smol
tools/compresSmol/compresSmol -w build/assets/graphics/pokemon/fennekin/overworld.png_mwidth_4__mheight_4.4bpp build/assets/graphics/pokemon/fennekin/overworld.png_mwidth_4__mheight_4.4bpp.smol
tools/compresSmol/compresSmol -w build/assets/graphics/pokemon/feraligatr/anim_front.png.4bpp build/assets/graphics/pokemon/feraligatr/anim_front.png.4bpp.smol
tools/compresSmol/compresSmol -w build/assets/graphics/pokemon/feraligatr/anim_front_gba.png.4bpp build/assets/graphics/pokemon/feraligatr/anim_front_gba.png.4bpp.smol
tools/compresSmol/compresSmol -w build/assets/graphics/pokemon/feraligatr/back.png.4bpp build/assets/graphics/pokemon/feraligatr/back.png.4bpp.smol
tools/compresSmol/compresSmol -w build/assets/graphics/pokemon/feraligatr/back_gba.png.4bpp build/assets/graphics/pokemon/feraligatr/back_gba.png.4bpp.smol
tools/compresSmol/compresSmol -w build/assets/graphics/pokemon/feraligatr/mega/back.png.4bpp build/assets/graphics/pokemon/feraligatr/mega/back.png.4bpp.smol
tools/compresSmol/compresSmol -w build/assets/graphics/pokemon/feraligatr/mega/front.png.4bpp build/assets/graphics/pokemon/feraligatr/mega/front.png.4bpp.smol
tools/compresSmol/compresSmol -w build/assets/graphics/pokemon/feraligatr/overworld.png_mwidth_4__mheight_4.4bpp build/assets/graphics/pokemon/feraligatr/overworld.png_mwidth_4__mheight_4.4bpp.smol
tools/compresSmol/compresSmol -w build/assets/graphics/pokemon/ferroseed/anim_front.png.4bpp build/assets/graphics/pokemon/ferroseed/anim_front.png.4bpp.smol
tools/compresSmol/compresSmol -w build/assets/graphics/pokemon/ferroseed/back.png.4bpp build/assets/graphics/pokemon/ferroseed/back.png.4bpp.smol
tools/compresSmol/compresSmol -w build/assets/graphics/pokemon/ferroseed/overworld.png_mwidth_4__mheight_4.4bpp build/assets/graphics/pokemon/ferroseed/overworld.png_mwidth_4__mheight_4.4bpp.smol
tools/compresSmol/compresSmol -w build/assets/graphics/pokemon/ferrothorn/anim_front.png.4bpp build/assets/graphics/pokemon/ferrothorn/anim_front.png.4bpp.smol
tools/compresSmol/compresSmol -w build/assets/graphics/pokemon/ferrothorn/back.png.4bpp build/assets/graphics/pokemon/ferrothorn/back.png.4bpp.smol
tools/compresSmol/compresSmol -w build/assets/graphics/pokemon/ferrothorn/overworld.png_mwidth_4__mheight_4.4bpp build/assets/graphics/pokemon/ferrothorn/overworld.png_mwidth_4__mheight_4.4bpp.smol
tools/compresSmol/compresSmol -w build/assets/graphics/pokemon/fezandipiti/back.png.4bpp build/assets/graphics/pokemon/fezandipiti/back.png.4bpp.smol
tools/compresSmol/compresSmol -w build/assets/graphics/pokemon/fezandipiti/front.png.4bpp build/assets/graphics/pokemon/fezandipiti/front.png.4bpp.smol
tools/compresSmol/compresSmol -w build/assets/graphics/pokemon/fezandipiti/overworld.png_mwidth_4__mheight_4.4bpp build/assets/graphics/pokemon/fezandipiti/overworld.png_mwidth_4__mheight_4.4bpp.smol
tools/compresSmol/compresSmol -w build/assets/graphics/pokemon/fidough/back.png.4bpp build/assets/graphics/pokemon/fidough/back.png.4bpp.smol
tools/compresSmol/compresSmol -w build/assets/graphics/pokemon/fidough/front.png.4bpp build/assets/graphics/pokemon/fidough/front.png.4bpp.smol
tools/compresSmol/compresSmol -w build/assets/graphics/pokemon/fidough/overworld.png_mwidth_4__mheight_4.4bpp build/assets/graphics/pokemon/fidough/overworld.png_mwidth_4__mheight_4.4bpp.smol
tools/compresSmol/compresSmol -w build/assets/graphics/pokemon/finizen/back.png.4bpp build/assets/graphics/pokemon/finizen/back.png.4bpp.smol
tools/compresSmol/compresSmol -w build/assets/graphics/pokemon/finizen/front.png.4bpp build/assets/graphics/pokemon/finizen/front.png.4bpp.smol
tools/compresSmol/compresSmol -w build/assets/graphics/pokemon/finizen/overworld.png_mwidth_4__mheight_4.4bpp build/assets/graphics/pokemon/finizen/overworld.png_mwidth_4__mheight_4.4bpp.smol
tools/compresSmol/compresSmol -w build/assets/graphics/pokemon/finneon/anim_front.png.4bpp build/assets/graphics/pokemon/finneon/anim_front.png.4bpp.smol
tools/compresSmol/compresSmol -w build/assets/graphics/pokemon/finneon/anim_frontf.png.4bpp build/assets/graphics/pokemon/finneon/anim_frontf.png.4bpp.smol
tools/compresSmol/compresSmol -w build/assets/graphics/pokemon/finneon/back.png.4bpp build/assets/graphics/pokemon/finneon/back.png.4bpp.smol
tools/compresSmol/compresSmol -w build/assets/graphics/pokemon/finneon/backf.png.4bpp build/assets/graphics/pokemon/finneon/backf.png.4bpp.smol
tools/compresSmol/compresSmol -w build/assets/graphics/pokemon/finneon/overworld.png_mwidth_4__mheight_4.4bpp build/assets/graphics/pokemon/finneon/overworld.png_mwidth_4__mheight_4.4bpp.smol
tools/compresSmol/compresSmol -w build/assets/graphics/pokemon/finneon/overworldf.png_mwidth_4__mheight_4.4bpp build/assets/graphics/pokemon/finneon/overworldf.png_mwidth_4__mheight_4.4bpp.smol
tools/compresSmol/compresSmol -w build/assets/graphics/pokemon/flaaffy/anim_front.png.4bpp build/assets/graphics/pokemon/flaaffy/anim_front.png.4bpp.smol
tools/compresSmol/compresSmol -w build/assets/graphics/pokemon/flaaffy/anim_front_gba.png.4bpp build/assets/graphics/pokemon/flaaffy/anim_front_gba.png.4bpp.smol
tools/compresSmol/compresSmol -w build/assets/graphics/pokemon/flaaffy/back.png.4bpp build/assets/graphics/pokemon/flaaffy/back.png.4bpp.smol
tools/compresSmol/compresSmol -w build/assets/graphics/pokemon/flaaffy/back_gba.png.4bpp build/assets/graphics/pokemon/flaaffy/back_gba.png.4bpp.smol
tools/compresSmol/compresSmol -w build/assets/graphics/pokemon/flaaffy/overworld.png_mwidth_4__mheight_4.4bpp build/assets/graphics/pokemon/flaaffy/overworld.png_mwidth_4__mheight_4.4bpp.smol
tools/compresSmol/compresSmol -w build/assets/graphics/pokemon/flabebe/anim_front.png.4bpp build/assets/graphics/pokemon/flabebe/anim_front.png.4bpp.smol
tools/compresSmol/compresSmol -w build/assets/graphics/pokemon/flabebe/back.png.4bpp build/assets/graphics/pokemon/flabebe/back.png.4bpp.smol
tools/compresSmol/compresSmol -w build/assets/graphics/pokemon/flabebe/blue/overworld.png_mwidth_4__mheight_4.4bpp build/assets/graphics/pokemon/flabebe/blue/overworld.png_mwidth_4__mheight_4.4bpp.smol
tools/compresSmol/compresSmol -w build/assets/graphics/pokemon/flabebe/orange/overworld.png_mwidth_4__mheight_4.4bpp build/assets/graphics/pokemon/flabebe/orange/overworld.png_mwidth_4__mheight_4.4bpp.smol
tools/compresSmol/compresSmol -w build/assets/graphics/pokemon/flabebe/overworld.png_mwidth_4__mheight_4.4bpp build/assets/graphics/pokemon/flabebe/overworld.png_mwidth_4__mheight_4.4bpp.smol
tools/compresSmol/compresSmol -w build/assets/graphics/pokemon/flabebe/white/overworld.png_mwidth_4__mheight_4.4bpp build/assets/graphics/pokemon/flabebe/white/overworld.png_mwidth_4__mheight_4.4bpp.smol
tools/compresSmol/compresSmol -w build/assets/graphics/pokemon/flabebe/yellow/overworld.png_mwidth_4__mheight_4.4bpp build/assets/graphics/pokemon/flabebe/yellow/overworld.png_mwidth_4__mheight_4.4bpp.smol
tools/compresSmol/compresSmol -w build/assets/graphics/pokemon/flamigo/back.png.4bpp build/assets/graphics/pokemon/flamigo/back.png.4bpp.smol
tools/compresSmol/compresSmol -w build/assets/graphics/pokemon/flamigo/front.png.4bpp build/assets/graphics/pokemon/flamigo/front.png.4bpp.smol
tools/compresSmol/compresSmol -w build/assets/graphics/pokemon/flamigo/overworld.png_mwidth_4__mheight_4.4bpp build/assets/graphics/pokemon/flamigo/overworld.png_mwidth_4__mheight_4.4bpp.smol
tools/compresSmol/compresSmol -w build/assets/graphics/pokemon/flapple/anim_front.png.4bpp build/assets/graphics/pokemon/flapple/anim_front.png.4bpp.smol
tools/compresSmol/compresSmol -w build/assets/graphics/pokemon/flapple/back.png.4bpp build/assets/graphics/pokemon/flapple/back.png.4bpp.smol
tools/compresSmol/compresSmol -w build/assets/graphics/pokemon/flapple/gmax/back.png.4bpp build/assets/graphics/pokemon/flapple/gmax/back.png.4bpp.smol
tools/compresSmol/compresSmol -w build/assets/graphics/pokemon/flapple/gmax/front.png.4bpp build/assets/graphics/pokemon/flapple/gmax/front.png.4bpp.smol
tools/compresSmol/compresSmol -w build/assets/graphics/pokemon/flapple/overworld.png_mwidth_4__mheight_4.4bpp build/assets/graphics/pokemon/flapple/overworld.png_mwidth_4__mheight_4.4bpp.smol
tools/compresSmol/compresSmol -w build/assets/graphics/pokemon/flareon/anim_front.png.4bpp build/assets/graphics/pokemon/flareon/anim_front.png.4bpp.smol
tools/compresSmol/compresSmol -w build/assets/graphics/pokemon/flareon/anim_front_gba.png.4bpp build/assets/graphics/pokemon/flareon/anim_front_gba.png.4bpp.smol
tools/compresSmol/compresSmol -w build/assets/graphics/pokemon/flareon/back.png.4bpp build/assets/graphics/pokemon/flareon/back.png.4bpp.smol
tools/compresSmol/compresSmol -w build/assets/graphics/pokemon/flareon/back_gba.png.4bpp build/assets/graphics/pokemon/flareon/back_gba.png.4bpp.smol
tools/compresSmol/compresSmol -w build/assets/graphics/pokemon/flareon/overworld.png_mwidth_4__mheight_4.4bpp build/assets/graphics/pokemon/flareon/overworld.png_mwidth_4__mheight_4.4bpp.smol
tools/compresSmol/compresSmol -w build/assets/graphics/pokemon/fletchinder/anim_front.png.4bpp build/assets/graphics/pokemon/fletchinder/anim_front.png.4bpp.smol
tools/compresSmol/compresSmol -w build/assets/graphics/pokemon/fletchinder/back.png.4bpp build/assets/graphics/pokemon/fletchinder/back.png.4bpp.smol
tools/compresSmol/compresSmol -w build/assets/graphics/pokemon/fletchinder/overworld.png_mwidth_4__mheight_4.4bpp build/assets/graphics/pokemon/fletchinder/overworld.png_mwidth_4__mheight_4.4bpp.smol
tools/compresSmol/compresSmol -w build/assets/graphics/pokemon/fletchling/anim_front.png.4bpp build/assets/graphics/pokemon/fletchling/anim_front.png.4bpp.smol
tools/compresSmol/compresSmol -w build/assets/graphics/pokemon/fletchling/back.png.4bpp build/assets/graphics/pokemon/fletchling/back.png.4bpp.smol
tools/compresSmol/compresSmol -w build/assets/graphics/pokemon/fletchling/overworld.png_mwidth_4__mheight_4.4bpp build/assets/graphics/pokemon/fletchling/overworld.png_mwidth_4__mheight_4.4bpp.smol
tools/compresSmol/compresSmol -w build/assets/graphics/pokemon/flittle/back.png.4bpp build/assets/graphics/pokemon/flittle/back.png.4bpp.smol
tools/compresSmol/compresSmol -w build/assets/graphics/pokemon/flittle/front.png.4bpp build/assets/graphics/pokemon/flittle/front.png.4bpp.smol
tools/compresSmol/compresSmol -w build/assets/graphics/pokemon/flittle/overworld.png_mwidth_4__mheight_4.4bpp build/assets/graphics/pokemon/flittle/overworld.png_mwidth_4__mheight_4.4bpp.smol
tools/compresSmol/compresSmol -w build/assets/graphics/pokemon/floatzel/anim_front.png.4bpp build/assets/graphics/pokemon/floatzel/anim_front.png.4bpp.smol
tools/compresSmol/compresSmol -w build/assets/graphics/pokemon/floatzel/back.png.4bpp build/assets/graphics/pokemon/floatzel/back.png.4bpp.smol
tools/compresSmol/compresSmol -w build/assets/graphics/pokemon/floatzel/backf.png.4bpp build/assets/graphics/pokemon/floatzel/backf.png.4bpp.smol
tools/compresSmol/compresSmol -w build/assets/graphics/pokemon/floatzel/overworld.png_mwidth_4__mheight_4.4bpp build/assets/graphics/pokemon/floatzel/overworld.png_mwidth_4__mheight_4.4bpp.smol
tools/compresSmol/compresSmol -w build/assets/graphics/pokemon/floatzel/overworldf.png_mwidth_4__mheight_4.4bpp build/assets/graphics/pokemon/floatzel/overworldf.png_mwidth_4__mheight_4.4bpp.smol
tools/compresSmol/compresSmol -w build/assets/graphics/pokemon/floette/anim_front.png.4bpp build/assets/graphics/pokemon/floette/anim_front.png.4bpp.smol
tools/compresSmol/compresSmol -w build/assets/graphics/pokemon/floette/back.png.4bpp build/assets/graphics/pokemon/floette/back.png.4bpp.smol
tools/compresSmol/compresSmol -w build/assets/graphics/pokemon/floette/blue/overworld.png_mwidth_4__mheight_4.4bpp build/assets/graphics/pokemon/floette/blue/overworld.png_mwidth_4__mheight_4.4bpp.smol
tools/compresSmol/compresSmol -w build/assets/graphics/pokemon/floette/eternal/anim_front.png.4bpp build/assets/graphics/pokemon/floette/eternal/anim_front.png.4bpp.smol
tools/compresSmol/compresSmol -w build/assets/graphics/pokemon/floette/eternal/back.png.4bpp build/assets/graphics/pokemon/floette/eternal/back.png.4bpp.smol
tools/compresSmol/compresSmol -w build/assets/graphics/pokemon/floette/eternal/overworld.png_mwidth_4__mheight_4.4bpp build/assets/graphics/pokemon/floette/eternal/overworld.png_mwidth_4__mheight_4.4bpp.smol
tools/compresSmol/compresSmol -w build/assets/graphics/pokemon/floette/mega/back.png.4bpp build/assets/graphics/pokemon/floette/mega/back.png.4bpp.smol
tools/compresSmol/compresSmol -w build/assets/graphics/pokemon/floette/mega/front.png.4bpp build/assets/graphics/pokemon/floette/mega/front.png.4bpp.smol
tools/compresSmol/compresSmol -w build/assets/graphics/pokemon/floette/orange/overworld.png_mwidth_4__mheight_4.4bpp build/assets/graphics/pokemon/floette/orange/overworld.png_mwidth_4__mheight_4.4bpp.smol
tools/compresSmol/compresSmol -w build/assets/graphics/pokemon/floette/overworld.png_mwidth_4__mheight_4.4bpp build/assets/graphics/pokemon/floette/overworld.png_mwidth_4__mheight_4.4bpp.smol
tools/compresSmol/compresSmol -w build/assets/graphics/pokemon/floette/white/overworld.png_mwidth_4__mheight_4.4bpp build/assets/graphics/pokemon/floette/white/overworld.png_mwidth_4__mheight_4.4bpp.smol
tools/compresSmol/compresSmol -w build/assets/graphics/pokemon/floette/yellow/overworld.png_mwidth_4__mheight_4.4bpp build/assets/graphics/pokemon/floette/yellow/overworld.png_mwidth_4__mheight_4.4bpp.smol
tools/compresSmol/compresSmol -w build/assets/graphics/pokemon/floragato/back.png.4bpp build/assets/graphics/pokemon/floragato/back.png.4bpp.smol
tools/compresSmol/compresSmol -w build/assets/graphics/pokemon/floragato/front.png.4bpp build/assets/graphics/pokemon/floragato/front.png.4bpp.smol
tools/compresSmol/compresSmol -w build/assets/graphics/pokemon/floragato/overworld.png_mwidth_4__mheight_4.4bpp build/assets/graphics/pokemon/floragato/overworld.png_mwidth_4__mheight_4.4bpp.smol
tools/compresSmol/compresSmol -w build/assets/graphics/pokemon/florges/anim_front.png.4bpp build/assets/graphics/pokemon/florges/anim_front.png.4bpp.smol
tools/compresSmol/compresSmol -w build/assets/graphics/pokemon/florges/back.png.4bpp build/assets/graphics/pokemon/florges/back.png.4bpp.smol
tools/compresSmol/compresSmol -w build/assets/graphics/pokemon/florges/blue/overworld.png_mwidth_4__mheight_4.4bpp build/assets/graphics/pokemon/florges/blue/overworld.png_mwidth_4__mheight_4.4bpp.smol
tools/compresSmol/compresSmol -w build/assets/graphics/pokemon/florges/orange/overworld.png_mwidth_4__mheight_4.4bpp build/assets/graphics/pokemon/florges/orange/overworld.png_mwidth_4__mheight_4.4bpp.smol
tools/compresSmol/compresSmol -w build/assets/graphics/pokemon/florges/overworld.png_mwidth_4__mheight_4.4bpp build/assets/graphics/pokemon/florges/overworld.png_mwidth_4__mheight_4.4bpp.smol
tools/compresSmol/compresSmol -w build/assets/graphics/pokemon/florges/white/overworld.png_mwidth_4__mheight_4.4bpp build/assets/graphics/pokemon/florges/white/overworld.png_mwidth_4__mheight_4.4bpp.smol
tools/compresSmol/compresSmol -w build/assets/graphics/pokemon/florges/yellow/overworld.png_mwidth_4__mheight_4.4bpp build/assets/graphics/pokemon/florges/yellow/overworld.png_mwidth_4__mheight_4.4bpp.smol
tools/compresSmol/compresSmol -w build/assets/graphics/pokemon/flutter_mane/back.png.4bpp build/assets/graphics/pokemon/flutter_mane/back.png.4bpp.smol
tools/compresSmol/compresSmol -w build/assets/graphics/pokemon/flutter_mane/front.png.4bpp build/assets/graphics/pokemon/flutter_mane/front.png.4bpp.smol
tools/compresSmol/compresSmol -w build/assets/graphics/pokemon/flutter_mane/overworld.png_mwidth_4__mheight_4.4bpp build/assets/graphics/pokemon/flutter_mane/overworld.png_mwidth_4__mheight_4.4bpp.smol
tools/compresSmol/compresSmol -w build/assets/graphics/pokemon/flygon/anim_front.png.4bpp build/assets/graphics/pokemon/flygon/anim_front.png.4bpp.smol
tools/compresSmol/compresSmol -w build/assets/graphics/pokemon/flygon/anim_front_gba.png.4bpp build/assets/graphics/pokemon/flygon/anim_front_gba.png.4bpp.smol
tools/compresSmol/compresSmol -w build/assets/graphics/pokemon/flygon/back.png.4bpp build/assets/graphics/pokemon/flygon/back.png.4bpp.smol
tools/compresSmol/compresSmol -w build/assets/graphics/pokemon/flygon/back_gba.png.4bpp build/assets/graphics/pokemon/flygon/back_gba.png.4bpp.smol
tools/compresSmol/compresSmol -w build/assets/graphics/pokemon/flygon/overworld.png_mwidth_4__mheight_4.4bpp build/assets/graphics/pokemon/flygon/overworld.png_mwidth_4__mheight_4.4bpp.smol
tools/compresSmol/compresSmol -w build/assets/graphics/pokemon/fomantis/back.png.4bpp build/assets/graphics/pokemon/fomantis/back.png.4bpp.smol
tools/compresSmol/compresSmol -w build/assets/graphics/pokemon/fomantis/front.png.4bpp build/assets/graphics/pokemon/fomantis/front.png.4bpp.smol
tools/compresSmol/compresSmol -w build/assets/graphics/pokemon/fomantis/overworld.png_mwidth_4__mheight_4.4bpp build/assets/graphics/pokemon/fomantis/overworld.png_mwidth_4__mheight_4.4bpp.smol
tools/compresSmol/compresSmol -w build/assets/graphics/pokemon/foongus/anim_front.png.4bpp build/assets/graphics/pokemon/foongus/anim_front.png.4bpp.smol
tools/compresSmol/compresSmol -w build/assets/graphics/pokemon/foongus/back.png.4bpp build/assets/graphics/pokemon/foongus/back.png.4bpp.smol
tools/compresSmol/compresSmol -w build/assets/graphics/pokemon/foongus/overworld.png_mwidth_4__mheight_4.4bpp build/assets/graphics/pokemon/foongus/overworld.png_mwidth_4__mheight_4.4bpp.smol
tools/compresSmol/compresSmol -w build/assets/graphics/pokemon/forretress/anim_front.png.4bpp build/assets/graphics/pokemon/forretress/anim_front.png.4bpp.smol
tools/compresSmol/compresSmol -w build/assets/graphics/pokemon/forretress/anim_front_gba.png.4bpp build/assets/graphics/pokemon/forretress/anim_front_gba.png.4bpp.smol
tools/compresSmol/compresSmol -w build/assets/graphics/pokemon/forretress/back.png.4bpp build/assets/graphics/pokemon/forretress/back.png.4bpp.smol
tools/compresSmol/compresSmol -w build/assets/graphics/pokemon/forretress/back_gba.png.4bpp build/assets/graphics/pokemon/forretress/back_gba.png.4bpp.smol
tools/compresSmol/compresSmol -w build/assets/graphics/pokemon/forretress/overworld.png_mwidth_4__mheight_4.4bpp build/assets/graphics/pokemon/forretress/overworld.png_mwidth_4__mheight_4.4bpp.smol
tools/compresSmol/compresSmol -w build/assets/graphics/pokemon/fraxure/anim_front.png.4bpp build/assets/graphics/pokemon/fraxure/anim_front.png.4bpp.smol
tools/compresSmol/compresSmol -w build/assets/graphics/pokemon/fraxure/back.png.4bpp build/assets/graphics/pokemon/fraxure/back.png.4bpp.smol
tools/compresSmol/compresSmol -w build/assets/graphics/pokemon/fraxure/overworld.png_mwidth_4__mheight_4.4bpp build/assets/graphics/pokemon/fraxure/overworld.png_mwidth_4__mheight_4.4bpp.smol
tools/compresSmol/compresSmol -w build/assets/graphics/pokemon/frigibax/back.png.4bpp build/assets/graphics/pokemon/frigibax/back.png.4bpp.smol
tools/compresSmol/compresSmol -w build/assets/graphics/pokemon/frigibax/front.png.4bpp build/assets/graphics/pokemon/frigibax/front.png.4bpp.smol
tools/compresSmol/compresSmol -w build/assets/graphics/pokemon/frigibax/overworld.png_mwidth_4__mheight_4.4bpp build/assets/graphics/pokemon/frigibax/overworld.png_mwidth_4__mheight_4.4bpp.smol
tools/compresSmol/compresSmol -w build/assets/graphics/pokemon/frillish/anim_front.png.4bpp build/assets/graphics/pokemon/frillish/anim_front.png.4bpp.smol
tools/compresSmol/compresSmol -w build/assets/graphics/pokemon/frillish/anim_frontf.png.4bpp build/assets/graphics/pokemon/frillish/anim_frontf.png.4bpp.smol
tools/compresSmol/compresSmol -w build/assets/graphics/pokemon/frillish/back.png.4bpp build/assets/graphics/pokemon/frillish/back.png.4bpp.smol
tools/compresSmol/compresSmol -w build/assets/graphics/pokemon/frillish/backf.png.4bpp build/assets/graphics/pokemon/frillish/backf.png.4bpp.smol
tools/compresSmol/compresSmol -w build/assets/graphics/pokemon/frillish/overworld.png_mwidth_4__mheight_4.4bpp build/assets/graphics/pokemon/frillish/overworld.png_mwidth_4__mheight_4.4bpp.smol
tools/compresSmol/compresSmol -w build/assets/graphics/pokemon/frillish/overworldf.png_mwidth_4__mheight_4.4bpp build/assets/graphics/pokemon/frillish/overworldf.png_mwidth_4__mheight_4.4bpp.smol
tools/compresSmol/compresSmol -w build/assets/graphics/pokemon/froakie/anim_front.png.4bpp build/assets/graphics/pokemon/froakie/anim_front.png.4bpp.smol
tools/compresSmol/compresSmol -w build/assets/graphics/pokemon/froakie/back.png.4bpp build/assets/graphics/pokemon/froakie/back.png.4bpp.smol
tools/compresSmol/compresSmol -w build/assets/graphics/pokemon/froakie/overworld.png_mwidth_4__mheight_4.4bpp build/assets/graphics/pokemon/froakie/overworld.png_mwidth_4__mheight_4.4bpp.smol
tools/compresSmol/compresSmol -w build/assets/graphics/pokemon/frogadier/anim_front.png.4bpp build/assets/graphics/pokemon/frogadier/anim_front.png.4bpp.smol
tools/compresSmol/compresSmol -w build/assets/graphics/pokemon/frogadier/back.png.4bpp build/assets/graphics/pokemon/frogadier/back.png.4bpp.smol
tools/compresSmol/compresSmol -w build/assets/graphics/pokemon/frogadier/overworld.png_mwidth_4__mheight_4.4bpp build/assets/graphics/pokemon/frogadier/overworld.png_mwidth_4__mheight_4.4bpp.smol
tools/compresSmol/compresSmol -w build/assets/graphics/pokemon/froslass/anim_front.png.4bpp build/assets/graphics/pokemon/froslass/anim_front.png.4bpp.smol
tools/compresSmol/compresSmol -w build/assets/graphics/pokemon/froslass/back.png.4bpp build/assets/graphics/pokemon/froslass/back.png.4bpp.smol
tools/compresSmol/compresSmol -w build/assets/graphics/pokemon/froslass/mega/back.png.4bpp build/assets/graphics/pokemon/froslass/mega/back.png.4bpp.smol
tools/compresSmol/compresSmol -w build/assets/graphics/pokemon/froslass/mega/front.png.4bpp build/assets/graphics/pokemon/froslass/mega/front.png.4bpp.smol
tools/compresSmol/compresSmol -w build/assets/graphics/pokemon/froslass/overworld.png_mwidth_4__mheight_4.4bpp build/assets/graphics/pokemon/froslass/overworld.png_mwidth_4__mheight_4.4bpp.smol
tools/compresSmol/compresSmol -w build/assets/graphics/pokemon/frosmoth/back.png.4bpp build/assets/graphics/pokemon/frosmoth/back.png.4bpp.smol
tools/compresSmol/compresSmol -w build/assets/graphics/pokemon/frosmoth/front.png.4bpp build/assets/graphics/pokemon/frosmoth/front.png.4bpp.smol
tools/compresSmol/compresSmol -w build/assets/graphics/pokemon/frosmoth/overworld.png_mwidth_4__mheight_4.4bpp build/assets/graphics/pokemon/frosmoth/overworld.png_mwidth_4__mheight_4.4bpp.smol
tools/compresSmol/compresSmol -w build/assets/graphics/pokemon/fuecoco/back.png.4bpp build/assets/graphics/pokemon/fuecoco/back.png.4bpp.smol
tools/compresSmol/compresSmol -w build/assets/graphics/pokemon/fuecoco/front.png.4bpp build/assets/graphics/pokemon/fuecoco/front.png.4bpp.smol
tools/compresSmol/compresSmol -w build/assets/graphics/pokemon/fuecoco/overworld.png_mwidth_4__mheight_4.4bpp build/assets/graphics/pokemon/fuecoco/overworld.png_mwidth_4__mheight_4.4bpp.smol
tools/compresSmol/compresSmol -w build/assets/graphics/pokemon/furfrou/anim_front.png.4bpp build/assets/graphics/pokemon/furfrou/anim_front.png.4bpp.smol
tools/compresSmol/compresSmol -w build/assets/graphics/pokemon/furfrou/back.png.4bpp build/assets/graphics/pokemon/furfrou/back.png.4bpp.smol
tools/compresSmol/compresSmol -w build/assets/graphics/pokemon/furfrou/dandy/anim_front.png.4bpp build/assets/graphics/pokemon/furfrou/dandy/anim_front.png.4bpp.smol
tools/compresSmol/compresSmol -w build/assets/graphics/pokemon/furfrou/dandy/back.png.4bpp build/assets/graphics/pokemon/furfrou/dandy/back.png.4bpp.smol
tools/compresSmol/compresSmol -w build/assets/graphics/pokemon/furfrou/dandy/overworld.png_mwidth_4__mheight_4.4bpp build/assets/graphics/pokemon/furfrou/dandy/overworld.png_mwidth_4__mheight_4.4bpp.smol
tools/compresSmol/compresSmol -w build/assets/graphics/pokemon/furfrou/debutante/anim_front.png.4bpp build/assets/graphics/pokemon/furfrou/debutante/anim_front.png.4bpp.smol
tools/compresSmol/compresSmol -w build/assets/graphics/pokemon/furfrou/debutante/back.png.4bpp build/assets/graphics/pokemon/furfrou/debutante/back.png.4bpp.smol
tools/compresSmol/compresSmol -w build/assets/graphics/pokemon/furfrou/debutante/overworld.png_mwidth_4__mheight_4.4bpp build/assets/graphics/pokemon/furfrou/debutante/overworld.png_mwidth_4__mheight_4.4bpp.smol
tools/compresSmol/compresSmol -w build/assets/graphics/pokemon/furfrou/diamond/anim_front.png.4bpp build/assets/graphics/pokemon/furfrou/diamond/anim_front.png.4bpp.smol
tools/compresSmol/compresSmol -w build/assets/graphics/pokemon/furfrou/diamond/back.png.4bpp build/assets/graphics/pokemon/furfrou/diamond/back.png.4bpp.smol
tools/compresSmol/compresSmol -w build/assets/graphics/pokemon/furfrou/diamond/overworld.png_mwidth_4__mheight_4.4bpp build/assets/graphics/pokemon/furfrou/diamond/overworld.png_mwidth_4__mheight_4.4bpp.smol
tools/compresSmol/compresSmol -w build/assets/graphics/pokemon/furfrou/heart/anim_front.png.4bpp build/assets/graphics/pokemon/furfrou/heart/anim_front.png.4bpp.smol
tools/compresSmol/compresSmol -w build/assets/graphics/pokemon/furfrou/heart/back.png.4bpp build/assets/graphics/pokemon/furfrou/heart/back.png.4bpp.smol
tools/compresSmol/compresSmol -w build/assets/graphics/pokemon/furfrou/heart/overworld.png_mwidth_4__mheight_4.4bpp build/assets/graphics/pokemon/furfrou/heart/overworld.png_mwidth_4__mheight_4.4bpp.smol
tools/compresSmol/compresSmol -w build/assets/graphics/pokemon/furfrou/kabuki/anim_front.png.4bpp build/assets/graphics/pokemon/furfrou/kabuki/anim_front.png.4bpp.smol
tools/compresSmol/compresSmol -w build/assets/graphics/pokemon/furfrou/kabuki/back.png.4bpp build/assets/graphics/pokemon/furfrou/kabuki/back.png.4bpp.smol
tools/compresSmol/compresSmol -w build/assets/graphics/pokemon/furfrou/kabuki/overworld.png_mwidth_4__mheight_4.4bpp build/assets/graphics/pokemon/furfrou/kabuki/overworld.png_mwidth_4__mheight_4.4bpp.smol
tools/compresSmol/compresSmol -w build/assets/graphics/pokemon/furfrou/la_reine/anim_front.png.4bpp build/assets/graphics/pokemon/furfrou/la_reine/anim_front.png.4bpp.smol
tools/compresSmol/compresSmol -w build/assets/graphics/pokemon/furfrou/la_reine/back.png.4bpp build/assets/graphics/pokemon/furfrou/la_reine/back.png.4bpp.smol
tools/compresSmol/compresSmol -w build/assets/graphics/pokemon/furfrou/la_reine/overworld.png_mwidth_4__mheight_4.4bpp build/assets/graphics/pokemon/furfrou/la_reine/overworld.png_mwidth_4__mheight_4.4bpp.smol
tools/compresSmol/compresSmol -w build/assets/graphics/pokemon/furfrou/matron/anim_front.png.4bpp build/assets/graphics/pokemon/furfrou/matron/anim_front.png.4bpp.smol
tools/compresSmol/compresSmol -w build/assets/graphics/pokemon/furfrou/matron/back.png.4bpp build/assets/graphics/pokemon/furfrou/matron/back.png.4bpp.smol
tools/compresSmol/compresSmol -w build/assets/graphics/pokemon/furfrou/matron/overworld.png_mwidth_4__mheight_4.4bpp build/assets/graphics/pokemon/furfrou/matron/overworld.png_mwidth_4__mheight_4.4bpp.smol
tools/compresSmol/compresSmol -w build/assets/graphics/pokemon/furfrou/overworld.png_mwidth_4__mheight_4.4bpp build/assets/graphics/pokemon/furfrou/overworld.png_mwidth_4__mheight_4.4bpp.smol
tools/compresSmol/compresSmol -w build/assets/graphics/pokemon/furfrou/pharaoh/anim_front.png.4bpp build/assets/graphics/pokemon/furfrou/pharaoh/anim_front.png.4bpp.smol
tools/compresSmol/compresSmol -w build/assets/graphics/pokemon/furfrou/pharaoh/back.png.4bpp build/assets/graphics/pokemon/furfrou/pharaoh/back.png.4bpp.smol
tools/compresSmol/compresSmol -w build/assets/graphics/pokemon/furfrou/pharaoh/overworld.png_mwidth_4__mheight_4.4bpp build/assets/graphics/pokemon/furfrou/pharaoh/overworld.png_mwidth_4__mheight_4.4bpp.smol
tools/compresSmol/compresSmol -w build/assets/graphics/pokemon/furfrou/star/anim_front.png.4bpp build/assets/graphics/pokemon/furfrou/star/anim_front.png.4bpp.smol
tools/compresSmol/compresSmol -w build/assets/graphics/pokemon/furfrou/star/back.png.4bpp build/assets/graphics/pokemon/furfrou/star/back.png.4bpp.smol
tools/compresSmol/compresSmol -w build/assets/graphics/pokemon/furfrou/star/overworld.png_mwidth_4__mheight_4.4bpp build/assets/graphics/pokemon/furfrou/star/overworld.png_mwidth_4__mheight_4.4bpp.smol
tools/compresSmol/compresSmol -w build/assets/graphics/pokemon/furret/anim_front.png.4bpp build/assets/graphics/pokemon/furret/anim_front.png.4bpp.smol
tools/compresSmol/compresSmol -w build/assets/graphics/pokemon/furret/anim_front_gba.png.4bpp build/assets/graphics/pokemon/furret/anim_front_gba.png.4bpp.smol
tools/compresSmol/compresSmol -w build/assets/graphics/pokemon/furret/back.png.4bpp build/assets/graphics/pokemon/furret/back.png.4bpp.smol
tools/compresSmol/compresSmol -w build/assets/graphics/pokemon/furret/back_gba.png.4bpp build/assets/graphics/pokemon/furret/back_gba.png.4bpp.smol
tools/compresSmol/compresSmol -w build/assets/graphics/pokemon/furret/overworld.png_mwidth_4__mheight_4.4bpp build/assets/graphics/pokemon/furret/overworld.png_mwidth_4__mheight_4.4bpp.smol
tools/compresSmol/compresSmol -w build/assets/graphics/pokemon/gabite/anim_front.png.4bpp build/assets/graphics/pokemon/gabite/anim_front.png.4bpp.smol
tools/compresSmol/compresSmol -w build/assets/graphics/pokemon/gabite/anim_frontf.png.4bpp build/assets/graphics/pokemon/gabite/anim_frontf.png.4bpp.smol
tools/compresSmol/compresSmol -w build/assets/graphics/pokemon/gabite/back.png.4bpp build/assets/graphics/pokemon/gabite/back.png.4bpp.smol
tools/compresSmol/compresSmol -w build/assets/graphics/pokemon/gabite/backf.png.4bpp build/assets/graphics/pokemon/gabite/backf.png.4bpp.smol
tools/compresSmol/compresSmol -w build/assets/graphics/pokemon/gabite/overworld.png_mwidth_4__mheight_4.4bpp build/assets/graphics/pokemon/gabite/overworld.png_mwidth_4__mheight_4.4bpp.smol
tools/compresSmol/compresSmol -w build/assets/graphics/pokemon/gabite/overworldf.png_mwidth_4__mheight_4.4bpp build/assets/graphics/pokemon/gabite/overworldf.png_mwidth_4__mheight_4.4bpp.smol
tools/compresSmol/compresSmol -w build/assets/graphics/pokemon/gallade/anim_front.png.4bpp build/assets/graphics/pokemon/gallade/anim_front.png.4bpp.smol
tools/compresSmol/compresSmol -w build/assets/graphics/pokemon/gallade/back.png.4bpp build/assets/graphics/pokemon/gallade/back.png.4bpp.smol
tools/compresSmol/compresSmol -w build/assets/graphics/pokemon/gallade/mega/back.png.4bpp build/assets/graphics/pokemon/gallade/mega/back.png.4bpp.smol
tools/compresSmol/compresSmol -w build/assets/graphics/pokemon/gallade/mega/front.png.4bpp build/assets/graphics/pokemon/gallade/mega/front.png.4bpp.smol
tools/compresSmol/compresSmol -w build/assets/graphics/pokemon/gallade/mega/overworld.png_mwidth_4__mheight_4.4bpp build/assets/graphics/pokemon/gallade/mega/overworld.png_mwidth_4__mheight_4.4bpp.smol
tools/compresSmol/compresSmol -w build/assets/graphics/pokemon/gallade/overworld.png_mwidth_4__mheight_4.4bpp build/assets/graphics/pokemon/gallade/overworld.png_mwidth_4__mheight_4.4bpp.smol
tools/compresSmol/compresSmol -w build/assets/graphics/pokemon/galvantula/anim_front.png.4bpp build/assets/graphics/pokemon/galvantula/anim_front.png.4bpp.smol
tools/compresSmol/compresSmol -w build/assets/graphics/pokemon/galvantula/back.png.4bpp build/assets/graphics/pokemon/galvantula/back.png.4bpp.smol
tools/compresSmol/compresSmol -w build/assets/graphics/pokemon/galvantula/overworld.png_mwidth_4__mheight_4.4bpp build/assets/graphics/pokemon/galvantula/overworld.png_mwidth_4__mheight_4.4bpp.smol
tools/compresSmol/compresSmol -w build/assets/graphics/pokemon/garbodor/anim_front.png.4bpp build/assets/graphics/pokemon/garbodor/anim_front.png.4bpp.smol
tools/compresSmol/compresSmol -w build/assets/graphics/pokemon/garbodor/back.png.4bpp build/assets/graphics/pokemon/garbodor/back.png.4bpp.smol
tools/compresSmol/compresSmol -w build/assets/graphics/pokemon/garbodor/gmax/back.png.4bpp build/assets/graphics/pokemon/garbodor/gmax/back.png.4bpp.smol
tools/compresSmol/compresSmol -w build/assets/graphics/pokemon/garbodor/gmax/front.png.4bpp build/assets/graphics/pokemon/garbodor/gmax/front.png.4bpp.smol
tools/compresSmol/compresSmol -w build/assets/graphics/pokemon/garbodor/overworld.png_mwidth_4__mheight_4.4bpp build/assets/graphics/pokemon/garbodor/overworld.png_mwidth_4__mheight_4.4bpp.smol
tools/compresSmol/compresSmol -w build/assets/graphics/pokemon/garchomp/anim_front.png.4bpp build/assets/graphics/pokemon/garchomp/anim_front.png.4bpp.smol
tools/compresSmol/compresSmol -w build/assets/graphics/pokemon/garchomp/anim_frontf.png.4bpp build/assets/graphics/pokemon/garchomp/anim_frontf.png.4bpp.smol
tools/compresSmol/compresSmol -w build/assets/graphics/pokemon/garchomp/back.png.4bpp build/assets/graphics/pokemon/garchomp/back.png.4bpp.smol
tools/compresSmol/compresSmol -w build/assets/graphics/pokemon/garchomp/mega/back.png.4bpp build/assets/graphics/pokemon/garchomp/mega/back.png.4bpp.smol
tools/compresSmol/compresSmol -w build/assets/graphics/pokemon/garchomp/mega/front.png.4bpp build/assets/graphics/pokemon/garchomp/mega/front.png.4bpp.smol
tools/compresSmol/compresSmol -w build/assets/graphics/pokemon/garchomp/mega/overworld.png_mwidth_4__mheight_4.4bpp build/assets/graphics/pokemon/garchomp/mega/overworld.png_mwidth_4__mheight_4.4bpp.smol
tools/compresSmol/compresSmol -w build/assets/graphics/pokemon/garchomp/overworld.png_mwidth_4__mheight_4.4bpp build/assets/graphics/pokemon/garchomp/overworld.png_mwidth_4__mheight_4.4bpp.smol
tools/compresSmol/compresSmol -w build/assets/graphics/pokemon/garchomp/overworldf.png_mwidth_4__mheight_4.4bpp build/assets/graphics/pokemon/garchomp/overworldf.png_mwidth_4__mheight_4.4bpp.smol
tools/compresSmol/compresSmol -w build/assets/graphics/pokemon/gardevoir/anim_front.png.4bpp build/assets/graphics/pokemon/gardevoir/anim_front.png.4bpp.smol
tools/compresSmol/compresSmol -w build/assets/graphics/pokemon/gardevoir/anim_front_gba.png.4bpp build/assets/graphics/pokemon/gardevoir/anim_front_gba.png.4bpp.smol
tools/compresSmol/compresSmol -w build/assets/graphics/pokemon/gardevoir/back.png.4bpp build/assets/graphics/pokemon/gardevoir/back.png.4bpp.smol
tools/compresSmol/compresSmol -w build/assets/graphics/pokemon/gardevoir/back_gba.png.4bpp build/assets/graphics/pokemon/gardevoir/back_gba.png.4bpp.smol
tools/compresSmol/compresSmol -w build/assets/graphics/pokemon/gardevoir/mega/back.png.4bpp build/assets/graphics/pokemon/gardevoir/mega/back.png.4bpp.smol
tools/compresSmol/compresSmol -w build/assets/graphics/pokemon/gardevoir/mega/front.png.4bpp build/assets/graphics/pokemon/gardevoir/mega/front.png.4bpp.smol
tools/compresSmol/compresSmol -w build/assets/graphics/pokemon/gardevoir/mega/overworld.png_mwidth_4__mheight_4.4bpp build/assets/graphics/pokemon/gardevoir/mega/overworld.png_mwidth_4__mheight_4.4bpp.smol
tools/compresSmol/compresSmol -w build/assets/graphics/pokemon/gardevoir/overworld.png_mwidth_4__mheight_4.4bpp build/assets/graphics/pokemon/gardevoir/overworld.png_mwidth_4__mheight_4.4bpp.smol
tools/compresSmol/compresSmol -w build/assets/graphics/pokemon/garganacl/back.png.4bpp build/assets/graphics/pokemon/garganacl/back.png.4bpp.smol
tools/compresSmol/compresSmol -w build/assets/graphics/pokemon/garganacl/front.png.4bpp build/assets/graphics/pokemon/garganacl/front.png.4bpp.smol
tools/compresSmol/compresSmol -w build/assets/graphics/pokemon/garganacl/overworld.png_mwidth_4__mheight_4.4bpp build/assets/graphics/pokemon/garganacl/overworld.png_mwidth_4__mheight_4.4bpp.smol
tools/compresSmol/compresSmol -w build/assets/graphics/pokemon/gastly/anim_front.png.4bpp build/assets/graphics/pokemon/gastly/anim_front.png.4bpp.smol
tools/compresSmol/compresSmol -w build/assets/graphics/pokemon/gastly/anim_front_gba.png.4bpp build/assets/graphics/pokemon/gastly/anim_front_gba.png.4bpp.smol
tools/compresSmol/compresSmol -w build/assets/graphics/pokemon/gastly/back.png.4bpp build/assets/graphics/pokemon/gastly/back.png.4bpp.smol
tools/compresSmol/compresSmol -w build/assets/graphics/pokemon/gastly/back_gba.png.4bpp build/assets/graphics/pokemon/gastly/back_gba.png.4bpp.smol
tools/compresSmol/compresSmol -w build/assets/graphics/pokemon/gastly/overworld.png_mwidth_4__mheight_4.4bpp build/assets/graphics/pokemon/gastly/overworld.png_mwidth_4__mheight_4.4bpp.smol
tools/compresSmol/compresSmol -w build/assets/graphics/pokemon/gastrodon/anim_front.png.4bpp build/assets/graphics/pokemon/gastrodon/anim_front.png.4bpp.smol
tools/compresSmol/compresSmol -w build/assets/graphics/pokemon/gastrodon/back.png.4bpp build/assets/graphics/pokemon/gastrodon/back.png.4bpp.smol
tools/compresSmol/compresSmol -w build/assets/graphics/pokemon/gastrodon/east/anim_front.png.4bpp build/assets/graphics/pokemon/gastrodon/east/anim_front.png.4bpp.smol
tools/compresSmol/compresSmol -w build/assets/graphics/pokemon/gastrodon/east/back.png.4bpp build/assets/graphics/pokemon/gastrodon/east/back.png.4bpp.smol
tools/compresSmol/compresSmol -w build/assets/graphics/pokemon/gastrodon/east/overworld.png_mwidth_4__mheight_4.4bpp build/assets/graphics/pokemon/gastrodon/east/overworld.png_mwidth_4__mheight_4.4bpp.smol
tools/compresSmol/compresSmol -w build/assets/graphics/pokemon/gastrodon/overworld.png_mwidth_4__mheight_4.4bpp build/assets/graphics/pokemon/gastrodon/overworld.png_mwidth_4__mheight_4.4bpp.smol
tools/compresSmol/compresSmol -w build/assets/graphics/pokemon/genesect/anim_front.png.4bpp build/assets/graphics/pokemon/genesect/anim_front.png.4bpp.smol
tools/compresSmol/compresSmol -w build/assets/graphics/pokemon/genesect/back.png.4bpp build/assets/graphics/pokemon/genesect/back.png.4bpp.smol
tools/compresSmol/compresSmol -w build/assets/graphics/pokemon/genesect/overworld.png_mwidth_4__mheight_4.4bpp build/assets/graphics/pokemon/genesect/overworld.png_mwidth_4__mheight_4.4bpp.smol
tools/compresSmol/compresSmol -w build/assets/graphics/pokemon/gengar/anim_front.png.4bpp build/assets/graphics/pokemon/gengar/anim_front.png.4bpp.smol
tools/compresSmol/compresSmol -w build/assets/graphics/pokemon/gengar/anim_front_gba.png.4bpp build/assets/graphics/pokemon/gengar/anim_front_gba.png.4bpp.smol
tools/compresSmol/compresSmol -w build/assets/graphics/pokemon/gengar/back.png.4bpp build/assets/graphics/pokemon/gengar/back.png.4bpp.smol
tools/compresSmol/compresSmol -w build/assets/graphics/pokemon/gengar/back_gba.png.4bpp build/assets/graphics/pokemon/gengar/back_gba.png.4bpp.smol
tools/compresSmol/compresSmol -w build/assets/graphics/pokemon/gengar/gmax/back.png.4bpp build/assets/graphics/pokemon/gengar/gmax/back.png.4bpp.smol
tools/compresSmol/compresSmol -w build/assets/graphics/pokemon/gengar/gmax/front.png.4bpp build/assets/graphics/pokemon/gengar/gmax/front.png.4bpp.smol
tools/compresSmol/compresSmol -w build/assets/graphics/pokemon/gengar/mega/back.png.4bpp build/assets/graphics/pokemon/gengar/mega/back.png.4bpp.smol
tools/compresSmol/compresSmol -w build/assets/graphics/pokemon/gengar/mega/front.png.4bpp build/assets/graphics/pokemon/gengar/mega/front.png.4bpp.smol
tools/compresSmol/compresSmol -w build/assets/graphics/pokemon/gengar/mega/overworld.png_mwidth_4__mheight_4.4bpp build/assets/graphics/pokemon/gengar/mega/overworld.png_mwidth_4__mheight_4.4bpp.smol
tools/compresSmol/compresSmol -w build/assets/graphics/pokemon/gengar/overworld.png_mwidth_4__mheight_4.4bpp build/assets/graphics/pokemon/gengar/overworld.png_mwidth_4__mheight_4.4bpp.smol
tools/compresSmol/compresSmol -w build/assets/graphics/pokemon/geodude/alola/back.png.4bpp build/assets/graphics/pokemon/geodude/alola/back.png.4bpp.smol
tools/compresSmol/compresSmol -w build/assets/graphics/pokemon/geodude/alola/front.png.4bpp build/assets/graphics/pokemon/geodude/alola/front.png.4bpp.smol
tools/compresSmol/compresSmol -w build/assets/graphics/pokemon/geodude/alola/overworld.png_mwidth_4__mheight_4.4bpp build/assets/graphics/pokemon/geodude/alola/overworld.png_mwidth_4__mheight_4.4bpp.smol
tools/compresSmol/compresSmol -w build/assets/graphics/pokemon/geodude/anim_front.png.4bpp build/assets/graphics/pokemon/geodude/anim_front.png.4bpp.smol
tools/compresSmol/compresSmol -w build/assets/graphics/pokemon/geodude/anim_front_gba.png.4bpp build/assets/graphics/pokemon/geodude/anim_front_gba.png.4bpp.smol
tools/compresSmol/compresSmol -w build/assets/graphics/pokemon/geodude/back.png.4bpp build/assets/graphics/pokemon/geodude/back.png.4bpp.smol
tools/compresSmol/compresSmol -w build/assets/graphics/pokemon/geodude/back_gba.png.4bpp build/assets/graphics/pokemon/geodude/back_gba.png.4bpp.smol
tools/compresSmol/compresSmol -w build/assets/graphics/pokemon/geodude/overworld.png_mwidth_4__mheight_4.4bpp build/assets/graphics/pokemon/geodude/overworld.png_mwidth_4__mheight_4.4bpp.smol
tools/compresSmol/compresSmol -w build/assets/graphics/pokemon/gholdengo/back.png.4bpp build/assets/graphics/pokemon/gholdengo/back.png.4bpp.smol
tools/compresSmol/compresSmol -w build/assets/graphics/pokemon/gholdengo/front.png.4bpp build/assets/graphics/pokemon/gholdengo/front.png.4bpp.smol
tools/compresSmol/compresSmol -w build/assets/graphics/pokemon/gholdengo/overworld.png_mwidth_4__mheight_4.4bpp build/assets/graphics/pokemon/gholdengo/overworld.png_mwidth_4__mheight_4.4bpp.smol
tools/compresSmol/compresSmol -w build/assets/graphics/pokemon/gible/anim_front.png.4bpp build/assets/graphics/pokemon/gible/anim_front.png.4bpp.smol
tools/compresSmol/compresSmol -w build/assets/graphics/pokemon/gible/anim_frontf.png.4bpp build/assets/graphics/pokemon/gible/anim_frontf.png.4bpp.smol
tools/compresSmol/compresSmol -w build/assets/graphics/pokemon/gible/back.png.4bpp build/assets/graphics/pokemon/gible/back.png.4bpp.smol
tools/compresSmol/compresSmol -w build/assets/graphics/pokemon/gible/backf.png.4bpp build/assets/graphics/pokemon/gible/backf.png.4bpp.smol
tools/compresSmol/compresSmol -w build/assets/graphics/pokemon/gible/overworld.png_mwidth_4__mheight_4.4bpp build/assets/graphics/pokemon/gible/overworld.png_mwidth_4__mheight_4.4bpp.smol
tools/compresSmol/compresSmol -w build/assets/graphics/pokemon/gible/overworldf.png_mwidth_4__mheight_4.4bpp build/assets/graphics/pokemon/gible/overworldf.png_mwidth_4__mheight_4.4bpp.smol
tools/compresSmol/compresSmol -w build/assets/graphics/pokemon/gigalith/anim_front.png.4bpp build/assets/graphics/pokemon/gigalith/anim_front.png.4bpp.smol
tools/compresSmol/compresSmol -w build/assets/graphics/pokemon/gigalith/back.png.4bpp build/assets/graphics/pokemon/gigalith/back.png.4bpp.smol
tools/compresSmol/compresSmol -w build/assets/graphics/pokemon/gigalith/overworld.png_mwidth_4__mheight_4.4bpp build/assets/graphics/pokemon/gigalith/overworld.png_mwidth_4__mheight_4.4bpp.smol
tools/compresSmol/compresSmol -w build/assets/graphics/pokemon/gimmighoul/back.png.4bpp build/assets/graphics/pokemon/gimmighoul/back.png.4bpp.smol
tools/compresSmol/compresSmol -w build/assets/graphics/pokemon/gimmighoul/front.png.4bpp build/assets/graphics/pokemon/gimmighoul/front.png.4bpp.smol
tools/compresSmol/compresSmol -w build/assets/graphics/pokemon/gimmighoul/overworld.png_mwidth_4__mheight_4.4bpp build/assets/graphics/pokemon/gimmighoul/overworld.png_mwidth_4__mheight_4.4bpp.smol
tools/compresSmol/compresSmol -w build/assets/graphics/pokemon/gimmighoul/roaming/back.png.4bpp build/assets/graphics/pokemon/gimmighoul/roaming/back.png.4bpp.smol
tools/compresSmol/compresSmol -w build/assets/graphics/pokemon/gimmighoul/roaming/front.png.4bpp build/assets/graphics/pokemon/gimmighoul/roaming/front.png.4bpp.smol
tools/compresSmol/compresSmol -w build/assets/graphics/pokemon/girafarig/anim_front.png.4bpp build/assets/graphics/pokemon/girafarig/anim_front.png.4bpp.smol
tools/compresSmol/compresSmol -w build/assets/graphics/pokemon/girafarig/anim_front_gba.png.4bpp build/assets/graphics/pokemon/girafarig/anim_front_gba.png.4bpp.smol
tools/compresSmol/compresSmol -w build/assets/graphics/pokemon/girafarig/anim_frontf.png.4bpp build/assets/graphics/pokemon/girafarig/anim_frontf.png.4bpp.smol
tools/compresSmol/compresSmol -w build/assets/graphics/pokemon/girafarig/back.png.4bpp build/assets/graphics/pokemon/girafarig/back.png.4bpp.smol
tools/compresSmol/compresSmol -w build/assets/graphics/pokemon/girafarig/back_gba.png.4bpp build/assets/graphics/pokemon/girafarig/back_gba.png.4bpp.smol
tools/compresSmol/compresSmol -w build/assets/graphics/pokemon/girafarig/backf.png.4bpp build/assets/graphics/pokemon/girafarig/backf.png.4bpp.smol
tools/compresSmol/compresSmol -w build/assets/graphics/pokemon/girafarig/overworld.png_mwidth_4__mheight_4.4bpp build/assets/graphics/pokemon/girafarig/overworld.png_mwidth_4__mheight_4.4bpp.smol
tools/compresSmol/compresSmol -w build/assets/graphics/pokemon/girafarig/overworldf.png_mwidth_4__mheight_4.4bpp build/assets/graphics/pokemon/girafarig/overworldf.png_mwidth_4__mheight_4.4bpp.smol
tools/compresSmol/compresSmol -w build/assets/graphics/pokemon/giratina/anim_front.png.4bpp build/assets/graphics/pokemon/giratina/anim_front.png.4bpp.smol
tools/compresSmol/compresSmol -w build/assets/graphics/pokemon/giratina/back.png.4bpp build/assets/graphics/pokemon/giratina/back.png.4bpp.smol
tools/compresSmol/compresSmol -w build/assets/graphics/pokemon/giratina/origin/anim_front.png.4bpp build/assets/graphics/pokemon/giratina/origin/anim_front.png.4bpp.smol
tools/compresSmol/compresSmol -w build/assets/graphics/pokemon/giratina/origin/back.png.4bpp build/assets/graphics/pokemon/giratina/origin/back.png.4bpp.smol
tools/compresSmol/compresSmol -w build/assets/graphics/pokemon/giratina/origin/overworld.png_mwidth_8__mheight_8.4bpp build/assets/graphics/pokemon/giratina/origin/overworld.png_mwidth_8__mheight_8.4bpp.smol
tools/compresSmol/compresSmol -w build/assets/graphics/pokemon/giratina/overworld.png_mwidth_8__mheight_8.4bpp build/assets/graphics/pokemon/giratina/overworld.png_mwidth_8__mheight_8.4bpp.smol
tools/compresSmol/compresSmol -w build/assets/graphics/pokemon/glaceon/anim_front.png.4bpp build/assets/graphics/pokemon/glaceon/anim_front.png.4bpp.smol
tools/compresSmol/compresSmol -w build/assets/graphics/pokemon/glaceon/back.png.4bpp build/assets/graphics/pokemon/glaceon/back.png.4bpp.smol
tools/compresSmol/compresSmol -w build/assets/graphics/pokemon/glaceon/overworld.png_mwidth_4__mheight_4.4bpp build/assets/graphics/pokemon/glaceon/overworld.png_mwidth_4__mheight_4.4bpp.smol
tools/compresSmol/compresSmol -w build/assets/graphics/pokemon/glalie/anim_front.png.4bpp build/assets/graphics/pokemon/glalie/anim_front.png.4bpp.smol
tools/compresSmol/compresSmol -w build/assets/graphics/pokemon/glalie/anim_front_gba.png.4bpp build/assets/graphics/pokemon/glalie/anim_front_gba.png.4bpp.smol
tools/compresSmol/compresSmol -w build/assets/graphics/pokemon/glalie/back.png.4bpp build/assets/graphics/pokemon/glalie/back.png.4bpp.smol
tools/compresSmol/compresSmol -w build/assets/graphics/pokemon/glalie/back_gba.png.4bpp build/assets/graphics/pokemon/glalie/back_gba.png.4bpp.smol
tools/compresSmol/compresSmol -w build/assets/graphics/pokemon/glalie/mega/back.png.4bpp build/assets/graphics/pokemon/glalie/mega/back.png.4bpp.smol
tools/compresSmol/compresSmol -w build/assets/graphics/pokemon/glalie/mega/front.png.4bpp build/assets/graphics/pokemon/glalie/mega/front.png.4bpp.smol
tools/compresSmol/compresSmol -w build/assets/graphics/pokemon/glalie/mega/overworld.png_mwidth_4__mheight_4.4bpp build/assets/graphics/pokemon/glalie/mega/overworld.png_mwidth_4__mheight_4.4bpp.smol
tools/compresSmol/compresSmol -w build/assets/graphics/pokemon/glalie/overworld.png_mwidth_4__mheight_4.4bpp build/assets/graphics/pokemon/glalie/overworld.png_mwidth_4__mheight_4.4bpp.smol
tools/compresSmol/compresSmol -w build/assets/graphics/pokemon/glameow/anim_front.png.4bpp build/assets/graphics/pokemon/glameow/anim_front.png.4bpp.smol
tools/compresSmol/compresSmol -w build/assets/graphics/pokemon/glameow/back.png.4bpp build/assets/graphics/pokemon/glameow/back.png.4bpp.smol
tools/compresSmol/compresSmol -w build/assets/graphics/pokemon/glameow/overworld.png_mwidth_4__mheight_4.4bpp build/assets/graphics/pokemon/glameow/overworld.png_mwidth_4__mheight_4.4bpp.smol
tools/compresSmol/compresSmol -w build/assets/graphics/pokemon/glastrier/back.png.4bpp build/assets/graphics/pokemon/glastrier/back.png.4bpp.smol
tools/compresSmol/compresSmol -w build/assets/graphics/pokemon/glastrier/front.png.4bpp build/assets/graphics/pokemon/glastrier/front.png.4bpp.smol
tools/compresSmol/compresSmol -w build/assets/graphics/pokemon/glastrier/overworld.png_mwidth_4__mheight_4.4bpp build/assets/graphics/pokemon/glastrier/overworld.png_mwidth_4__mheight_4.4bpp.smol
tools/compresSmol/compresSmol -w build/assets/graphics/pokemon/gligar/anim_front.png.4bpp build/assets/graphics/pokemon/gligar/anim_front.png.4bpp.smol
tools/compresSmol/compresSmol -w build/assets/graphics/pokemon/gligar/anim_front_gba.png.4bpp build/assets/graphics/pokemon/gligar/anim_front_gba.png.4bpp.smol
tools/compresSmol/compresSmol -w build/assets/graphics/pokemon/gligar/anim_frontf.png.4bpp build/assets/graphics/pokemon/gligar/anim_frontf.png.4bpp.smol
tools/compresSmol/compresSmol -w build/assets/graphics/pokemon/gligar/back.png.4bpp build/assets/graphics/pokemon/gligar/back.png.4bpp.smol
tools/compresSmol/compresSmol -w build/assets/graphics/pokemon/gligar/back_gba.png.4bpp build/assets/graphics/pokemon/gligar/back_gba.png.4bpp.smol
tools/compresSmol/compresSmol -w build/assets/graphics/pokemon/gligar/backf.png.4bpp build/assets/graphics/pokemon/gligar/backf.png.4bpp.smol
tools/compresSmol/compresSmol -w build/assets/graphics/pokemon/gligar/overworld.png_mwidth_4__mheight_4.4bpp build/assets/graphics/pokemon/gligar/overworld.png_mwidth_4__mheight_4.4bpp.smol
tools/compresSmol/compresSmol -w build/assets/graphics/pokemon/gligar/overworldf.png_mwidth_4__mheight_4.4bpp build/assets/graphics/pokemon/gligar/overworldf.png_mwidth_4__mheight_4.4bpp.smol
tools/compresSmol/compresSmol -w build/assets/graphics/pokemon/glimmet/back.png.4bpp build/assets/graphics/pokemon/glimmet/back.png.4bpp.smol
tools/compresSmol/compresSmol -w build/assets/graphics/pokemon/glimmet/front.png.4bpp build/assets/graphics/pokemon/glimmet/front.png.4bpp.smol
tools/compresSmol/compresSmol -w build/assets/graphics/pokemon/glimmet/overworld.png_mwidth_4__mheight_4.4bpp build/assets/graphics/pokemon/glimmet/overworld.png_mwidth_4__mheight_4.4bpp.smol
tools/compresSmol/compresSmol -w build/assets/graphics/pokemon/glimmora/back.png.4bpp build/assets/graphics/pokemon/glimmora/back.png.4bpp.smol
tools/compresSmol/compresSmol -w build/assets/graphics/pokemon/glimmora/front.png.4bpp build/assets/graphics/pokemon/glimmora/front.png.4bpp.smol
tools/compresSmol/compresSmol -w build/assets/graphics/pokemon/glimmora/mega/back.png.4bpp build/assets/graphics/pokemon/glimmora/mega/back.png.4bpp.smol
tools/compresSmol/compresSmol -w build/assets/graphics/pokemon/glimmora/mega/front.png.4bpp build/assets/graphics/pokemon/glimmora/mega/front.png.4bpp.smol
tools/compresSmol/compresSmol -w build/assets/graphics/pokemon/glimmora/overworld.png_mwidth_4__mheight_4.4bpp build/assets/graphics/pokemon/glimmora/overworld.png_mwidth_4__mheight_4.4bpp.smol
tools/compresSmol/compresSmol -w build/assets/graphics/pokemon/gliscor/anim_front.png.4bpp build/assets/graphics/pokemon/gliscor/anim_front.png.4bpp.smol
tools/compresSmol/compresSmol -w build/assets/graphics/pokemon/gliscor/back.png.4bpp build/assets/graphics/pokemon/gliscor/back.png.4bpp.smol
tools/compresSmol/compresSmol -w build/assets/graphics/pokemon/gliscor/overworld.png_mwidth_4__mheight_4.4bpp build/assets/graphics/pokemon/gliscor/overworld.png_mwidth_4__mheight_4.4bpp.smol
tools/compresSmol/compresSmol -w build/assets/graphics/pokemon/gloom/anim_front.png.4bpp build/assets/graphics/pokemon/gloom/anim_front.png.4bpp.smol
tools/compresSmol/compresSmol -w build/assets/graphics/pokemon/gloom/anim_front_gba.png.4bpp build/assets/graphics/pokemon/gloom/anim_front_gba.png.4bpp.smol
tools/compresSmol/compresSmol -w build/assets/graphics/pokemon/gloom/anim_frontf.png.4bpp build/assets/graphics/pokemon/gloom/anim_frontf.png.4bpp.smol
tools/compresSmol/compresSmol -w build/assets/graphics/pokemon/gloom/back.png.4bpp build/assets/graphics/pokemon/gloom/back.png.4bpp.smol
tools/compresSmol/compresSmol -w build/assets/graphics/pokemon/gloom/back_gba.png.4bpp build/assets/graphics/pokemon/gloom/back_gba.png.4bpp.smol
tools/compresSmol/compresSmol -w build/assets/graphics/pokemon/gloom/backf.png.4bpp build/assets/graphics/pokemon/gloom/backf.png.4bpp.smol
tools/compresSmol/compresSmol -w build/assets/graphics/pokemon/gloom/overworld.png_mwidth_4__mheight_4.4bpp build/assets/graphics/pokemon/gloom/overworld.png_mwidth_4__mheight_4.4bpp.smol
tools/compresSmol/compresSmol -w build/assets/graphics/pokemon/gloom/overworldf.png_mwidth_4__mheight_4.4bpp build/assets/graphics/pokemon/gloom/overworldf.png_mwidth_4__mheight_4.4bpp.smol
tools/compresSmol/compresSmol -w build/assets/graphics/pokemon/gogoat/anim_front.png.4bpp build/assets/graphics/pokemon/gogoat/anim_front.png.4bpp.smol
tools/compresSmol/compresSmol -w build/assets/graphics/pokemon/gogoat/back.png.4bpp build/assets/graphics/pokemon/gogoat/back.png.4bpp.smol
tools/compresSmol/compresSmol -w build/assets/graphics/pokemon/gogoat/overworld.png_mwidth_4__mheight_4.4bpp build/assets/graphics/pokemon/gogoat/overworld.png_mwidth_4__mheight_4.4bpp.smol
tools/compresSmol/compresSmol -w build/assets/graphics/pokemon/golbat/anim_front.png.4bpp build/assets/graphics/pokemon/golbat/anim_front.png.4bpp.smol
tools/compresSmol/compresSmol -w build/assets/graphics/pokemon/golbat/anim_front_gba.png.4bpp build/assets/graphics/pokemon/golbat/anim_front_gba.png.4bpp.smol
tools/compresSmol/compresSmol -w build/assets/graphics/pokemon/golbat/anim_frontf.png.4bpp build/assets/graphics/pokemon/golbat/anim_frontf.png.4bpp.smol
tools/compresSmol/compresSmol -w build/assets/graphics/pokemon/golbat/back.png.4bpp build/assets/graphics/pokemon/golbat/back.png.4bpp.smol
tools/compresSmol/compresSmol -w build/assets/graphics/pokemon/golbat/back_gba.png.4bpp build/assets/graphics/pokemon/golbat/back_gba.png.4bpp.smol
tools/compresSmol/compresSmol -w build/assets/graphics/pokemon/golbat/backf.png.4bpp build/assets/graphics/pokemon/golbat/backf.png.4bpp.smol
tools/compresSmol/compresSmol -w build/assets/graphics/pokemon/golbat/overworld.png_mwidth_4__mheight_4.4bpp build/assets/graphics/pokemon/golbat/overworld.png_mwidth_4__mheight_4.4bpp.smol
tools/compresSmol/compresSmol -w build/assets/graphics/pokemon/golbat/overworldf.png_mwidth_4__mheight_4.4bpp build/assets/graphics/pokemon/golbat/overworldf.png_mwidth_4__mheight_4.4bpp.smol
tools/compresSmol/compresSmol -w build/assets/graphics/pokemon/goldeen/anim_front.png.4bpp build/assets/graphics/pokemon/goldeen/anim_front.png.4bpp.smol
tools/compresSmol/compresSmol -w build/assets/graphics/pokemon/goldeen/anim_front_gba.png.4bpp build/assets/graphics/pokemon/goldeen/anim_front_gba.png.4bpp.smol
tools/compresSmol/compresSmol -w build/assets/graphics/pokemon/goldeen/anim_frontf.png.4bpp build/assets/graphics/pokemon/goldeen/anim_frontf.png.4bpp.smol
tools/compresSmol/compresSmol -w build/assets/graphics/pokemon/goldeen/back.png.4bpp build/assets/graphics/pokemon/goldeen/back.png.4bpp.smol
tools/compresSmol/compresSmol -w build/assets/graphics/pokemon/goldeen/back_gba.png.4bpp build/assets/graphics/pokemon/goldeen/back_gba.png.4bpp.smol
tools/compresSmol/compresSmol -w build/assets/graphics/pokemon/goldeen/backf.png.4bpp build/assets/graphics/pokemon/goldeen/backf.png.4bpp.smol
tools/compresSmol/compresSmol -w build/assets/graphics/pokemon/goldeen/overworld.png_mwidth_4__mheight_4.4bpp build/assets/graphics/pokemon/goldeen/overworld.png_mwidth_4__mheight_4.4bpp.smol
tools/compresSmol/compresSmol -w build/assets/graphics/pokemon/goldeen/overworldf.png_mwidth_4__mheight_4.4bpp build/assets/graphics/pokemon/goldeen/overworldf.png_mwidth_4__mheight_4.4bpp.smol
tools/compresSmol/compresSmol -w build/assets/graphics/pokemon/golduck/anim_front.png.4bpp build/assets/graphics/pokemon/golduck/anim_front.png.4bpp.smol
tools/compresSmol/compresSmol -w build/assets/graphics/pokemon/golduck/anim_front_gba.png.4bpp build/assets/graphics/pokemon/golduck/anim_front_gba.png.4bpp.smol
tools/compresSmol/compresSmol -w build/assets/graphics/pokemon/golduck/back.png.4bpp build/assets/graphics/pokemon/golduck/back.png.4bpp.smol
tools/compresSmol/compresSmol -w build/assets/graphics/pokemon/golduck/back_gba.png.4bpp build/assets/graphics/pokemon/golduck/back_gba.png.4bpp.smol
tools/compresSmol/compresSmol -w build/assets/graphics/pokemon/golduck/overworld.png_mwidth_4__mheight_4.4bpp build/assets/graphics/pokemon/golduck/overworld.png_mwidth_4__mheight_4.4bpp.smol
tools/compresSmol/compresSmol -w build/assets/graphics/pokemon/golem/alola/back.png.4bpp build/assets/graphics/pokemon/golem/alola/back.png.4bpp.smol
tools/compresSmol/compresSmol -w build/assets/graphics/pokemon/golem/alola/front.png.4bpp build/assets/graphics/pokemon/golem/alola/front.png.4bpp.smol
tools/compresSmol/compresSmol -w build/assets/graphics/pokemon/golem/alola/overworld.png_mwidth_4__mheight_4.4bpp build/assets/graphics/pokemon/golem/alola/overworld.png_mwidth_4__mheight_4.4bpp.smol
tools/compresSmol/compresSmol -w build/assets/graphics/pokemon/golem/anim_front.png.4bpp build/assets/graphics/pokemon/golem/anim_front.png.4bpp.smol
tools/compresSmol/compresSmol -w build/assets/graphics/pokemon/golem/anim_front_gba.png.4bpp build/assets/graphics/pokemon/golem/anim_front_gba.png.4bpp.smol
tools/compresSmol/compresSmol -w build/assets/graphics/pokemon/golem/back.png.4bpp build/assets/graphics/pokemon/golem/back.png.4bpp.smol
tools/compresSmol/compresSmol -w build/assets/graphics/pokemon/golem/back_gba.png.4bpp build/assets/graphics/pokemon/golem/back_gba.png.4bpp.smol
tools/compresSmol/compresSmol -w build/assets/graphics/pokemon/golem/overworld.png_mwidth_4__mheight_4.4bpp build/assets/graphics/pokemon/golem/overworld.png_mwidth_4__mheight_4.4bpp.smol
tools/compresSmol/compresSmol -w build/assets/graphics/pokemon/golett/anim_front.png.4bpp build/assets/graphics/pokemon/golett/anim_front.png.4bpp.smol
tools/compresSmol/compresSmol -w build/assets/graphics/pokemon/golett/back.png.4bpp build/assets/graphics/pokemon/golett/back.png.4bpp.smol
tools/compresSmol/compresSmol -w build/assets/graphics/pokemon/golett/overworld.png_mwidth_4__mheight_4.4bpp build/assets/graphics/pokemon/golett/overworld.png_mwidth_4__mheight_4.4bpp.smol
tools/compresSmol/compresSmol -w build/assets/graphics/pokemon/golisopod/anim_front.png.4bpp build/assets/graphics/pokemon/golisopod/anim_front.png.4bpp.smol
tools/compresSmol/compresSmol -w build/assets/graphics/pokemon/golisopod/back.png.4bpp build/assets/graphics/pokemon/golisopod/back.png.4bpp.smol
tools/compresSmol/compresSmol -w build/assets/graphics/pokemon/golisopod/mega/back.png.4bpp build/assets/graphics/pokemon/golisopod/mega/back.png.4bpp.smol
tools/compresSmol/compresSmol -w build/assets/graphics/pokemon/golisopod/mega/front.png.4bpp build/assets/graphics/pokemon/golisopod/mega/front.png.4bpp.smol
tools/compresSmol/compresSmol -w build/assets/graphics/pokemon/golisopod/overworld.png_mwidth_4__mheight_4.4bpp build/assets/graphics/pokemon/golisopod/overworld.png_mwidth_4__mheight_4.4bpp.smol
tools/compresSmol/compresSmol -w build/assets/graphics/pokemon/golurk/anim_front.png.4bpp build/assets/graphics/pokemon/golurk/anim_front.png.4bpp.smol
tools/compresSmol/compresSmol -w build/assets/graphics/pokemon/golurk/back.png.4bpp build/assets/graphics/pokemon/golurk/back.png.4bpp.smol
tools/compresSmol/compresSmol -w build/assets/graphics/pokemon/golurk/mega/back.png.4bpp build/assets/graphics/pokemon/golurk/mega/back.png.4bpp.smol
tools/compresSmol/compresSmol -w build/assets/graphics/pokemon/golurk/mega/front.png.4bpp build/assets/graphics/pokemon/golurk/mega/front.png.4bpp.smol
tools/compresSmol/compresSmol -w build/assets/graphics/pokemon/golurk/overworld.png_mwidth_4__mheight_4.4bpp build/assets/graphics/pokemon/golurk/overworld.png_mwidth_4__mheight_4.4bpp.smol
tools/compresSmol/compresSmol -w build/assets/graphics/pokemon/goodra/anim_front.png.4bpp build/assets/graphics/pokemon/goodra/anim_front.png.4bpp.smol
tools/compresSmol/compresSmol -w build/assets/graphics/pokemon/goodra/back.png.4bpp build/assets/graphics/pokemon/goodra/back.png.4bpp.smol
tools/compresSmol/compresSmol -w build/assets/graphics/pokemon/goodra/hisui/back.png.4bpp build/assets/graphics/pokemon/goodra/hisui/back.png.4bpp.smol
tools/compresSmol/compresSmol -w build/assets/graphics/pokemon/goodra/hisui/front.png.4bpp build/assets/graphics/pokemon/goodra/hisui/front.png.4bpp.smol
tools/compresSmol/compresSmol -w build/assets/graphics/pokemon/goodra/hisui/overworld.png_mwidth_4__mheight_4.4bpp build/assets/graphics/pokemon/goodra/hisui/overworld.png_mwidth_4__mheight_4.4bpp.smol
tools/compresSmol/compresSmol -w build/assets/graphics/pokemon/goodra/overworld.png_mwidth_4__mheight_4.4bpp build/assets/graphics/pokemon/goodra/overworld.png_mwidth_4__mheight_4.4bpp.smol
tools/compresSmol/compresSmol -w build/assets/graphics/pokemon/goomy/anim_front.png.4bpp build/assets/graphics/pokemon/goomy/anim_front.png.4bpp.smol
tools/compresSmol/compresSmol -w build/assets/graphics/pokemon/goomy/back.png.4bpp build/assets/graphics/pokemon/goomy/back.png.4bpp.smol
tools/compresSmol/compresSmol -w build/assets/graphics/pokemon/goomy/overworld.png_mwidth_4__mheight_4.4bpp build/assets/graphics/pokemon/goomy/overworld.png_mwidth_4__mheight_4.4bpp.smol
tools/compresSmol/compresSmol -w build/assets/graphics/pokemon/gorebyss/anim_front.png.4bpp build/assets/graphics/pokemon/gorebyss/anim_front.png.4bpp.smol
tools/compresSmol/compresSmol -w build/assets/graphics/pokemon/gorebyss/anim_front_gba.png.4bpp build/assets/graphics/pokemon/gorebyss/anim_front_gba.png.4bpp.smol
tools/compresSmol/compresSmol -w build/assets/graphics/pokemon/gorebyss/back.png.4bpp build/assets/graphics/pokemon/gorebyss/back.png.4bpp.smol
tools/compresSmol/compresSmol -w build/assets/graphics/pokemon/gorebyss/back_gba.png.4bpp build/assets/graphics/pokemon/gorebyss/back_gba.png.4bpp.smol
tools/compresSmol/compresSmol -w build/assets/graphics/pokemon/gorebyss/overworld.png_mwidth_4__mheight_4.4bpp build/assets/graphics/pokemon/gorebyss/overworld.png_mwidth_4__mheight_4.4bpp.smol
tools/compresSmol/compresSmol -w build/assets/graphics/pokemon/gossifleur/back.png.4bpp build/assets/graphics/pokemon/gossifleur/back.png.4bpp.smol
tools/compresSmol/compresSmol -w build/assets/graphics/pokemon/gossifleur/front.png.4bpp build/assets/graphics/pokemon/gossifleur/front.png.4bpp.smol
tools/compresSmol/compresSmol -w build/assets/graphics/pokemon/gossifleur/overworld.png_mwidth_4__mheight_4.4bpp build/assets/graphics/pokemon/gossifleur/overworld.png_mwidth_4__mheight_4.4bpp.smol
tools/compresSmol/compresSmol -w build/assets/graphics/pokemon/gothita/anim_front.png.4bpp build/assets/graphics/pokemon/gothita/anim_front.png.4bpp.smol
tools/compresSmol/compresSmol -w build/assets/graphics/pokemon/gothita/back.png.4bpp build/assets/graphics/pokemon/gothita/back.png.4bpp.smol
tools/compresSmol/compresSmol -w build/assets/graphics/pokemon/gothita/overworld.png_mwidth_4__mheight_4.4bpp build/assets/graphics/pokemon/gothita/overworld.png_mwidth_4__mheight_4.4bpp.smol
tools/compresSmol/compresSmol -w build/assets/graphics/pokemon/gothitelle/anim_front.png.4bpp build/assets/graphics/pokemon/gothitelle/anim_front.png.4bpp.smol
tools/compresSmol/compresSmol -w build/assets/graphics/pokemon/gothitelle/back.png.4bpp build/assets/graphics/pokemon/gothitelle/back.png.4bpp.smol
tools/compresSmol/compresSmol -w build/assets/graphics/pokemon/gothitelle/overworld.png_mwidth_4__mheight_4.4bpp build/assets/graphics/pokemon/gothitelle/overworld.png_mwidth_4__mheight_4.4bpp.smol
tools/compresSmol/compresSmol -w build/assets/graphics/pokemon/gothorita/anim_front.png.4bpp build/assets/graphics/pokemon/gothorita/anim_front.png.4bpp.smol
tools/compresSmol/compresSmol -w build/assets/graphics/pokemon/gothorita/back.png.4bpp build/assets/graphics/pokemon/gothorita/back.png.4bpp.smol
tools/compresSmol/compresSmol -w build/assets/graphics/pokemon/gothorita/overworld.png_mwidth_4__mheight_4.4bpp build/assets/graphics/pokemon/gothorita/overworld.png_mwidth_4__mheight_4.4bpp.smol
tools/compresSmol/compresSmol -w build/assets/graphics/pokemon/gouging_fire/back.png.4bpp build/assets/graphics/pokemon/gouging_fire/back.png.4bpp.smol
tools/compresSmol/compresSmol -w build/assets/graphics/pokemon/gouging_fire/front.png.4bpp build/assets/graphics/pokemon/gouging_fire/front.png.4bpp.smol
tools/compresSmol/compresSmol -w build/assets/graphics/pokemon/gouging_fire/overworld.png_mwidth_4__mheight_4.4bpp build/assets/graphics/pokemon/gouging_fire/overworld.png_mwidth_4__mheight_4.4bpp.smol
tools/compresSmol/compresSmol -w build/assets/graphics/pokemon/gourgeist/anim_front.png.4bpp build/assets/graphics/pokemon/gourgeist/anim_front.png.4bpp.smol
tools/compresSmol/compresSmol -w build/assets/graphics/pokemon/gourgeist/back.png.4bpp build/assets/graphics/pokemon/gourgeist/back.png.4bpp.smol
tools/compresSmol/compresSmol -w build/assets/graphics/pokemon/gourgeist/large/anim_front.png.4bpp build/assets/graphics/pokemon/gourgeist/large/anim_front.png.4bpp.smol
tools/compresSmol/compresSmol -w build/assets/graphics/pokemon/gourgeist/large/back.png.4bpp build/assets/graphics/pokemon/gourgeist/large/back.png.4bpp.smol
tools/compresSmol/compresSmol -w build/assets/graphics/pokemon/gourgeist/large/overworld.png_mwidth_4__mheight_4.4bpp build/assets/graphics/pokemon/gourgeist/large/overworld.png_mwidth_4__mheight_4.4bpp.smol
tools/compresSmol/compresSmol -w build/assets/graphics/pokemon/gourgeist/overworld.png_mwidth_4__mheight_4.4bpp build/assets/graphics/pokemon/gourgeist/overworld.png_mwidth_4__mheight_4.4bpp.smol
tools/compresSmol/compresSmol -w build/assets/graphics/pokemon/gourgeist/small/anim_front.png.4bpp build/assets/graphics/pokemon/gourgeist/small/anim_front.png.4bpp.smol
tools/compresSmol/compresSmol -w build/assets/graphics/pokemon/gourgeist/small/back.png.4bpp build/assets/graphics/pokemon/gourgeist/small/back.png.4bpp.smol
tools/compresSmol/compresSmol -w build/assets/graphics/pokemon/gourgeist/small/overworld.png_mwidth_4__mheight_4.4bpp build/assets/graphics/pokemon/gourgeist/small/overworld.png_mwidth_4__mheight_4.4bpp.smol
tools/compresSmol/compresSmol -w build/assets/graphics/pokemon/gourgeist/super/anim_front.png.4bpp build/assets/graphics/pokemon/gourgeist/super/anim_front.png.4bpp.smol
tools/compresSmol/compresSmol -w build/assets/graphics/pokemon/gourgeist/super/back.png.4bpp build/assets/graphics/pokemon/gourgeist/super/back.png.4bpp.smol
tools/compresSmol/compresSmol -w build/assets/graphics/pokemon/gourgeist/super/overworld.png_mwidth_4__mheight_4.4bpp build/assets/graphics/pokemon/gourgeist/super/overworld.png_mwidth_4__mheight_4.4bpp.smol
tools/compresSmol/compresSmol -w build/assets/graphics/pokemon/grafaiai/back.png.4bpp build/assets/graphics/pokemon/grafaiai/back.png.4bpp.smol
tools/compresSmol/compresSmol -w build/assets/graphics/pokemon/grafaiai/front.png.4bpp build/assets/graphics/pokemon/grafaiai/front.png.4bpp.smol
tools/compresSmol/compresSmol -w build/assets/graphics/pokemon/grafaiai/overworld.png_mwidth_4__mheight_4.4bpp build/assets/graphics/pokemon/grafaiai/overworld.png_mwidth_4__mheight_4.4bpp.smol
tools/compresSmol/compresSmol -w build/assets/graphics/pokemon/granbull/anim_front.png.4bpp build/assets/graphics/pokemon/granbull/anim_front.png.4bpp.smol
tools/compresSmol/compresSmol -w build/assets/graphics/pokemon/granbull/anim_front_gba.png.4bpp build/assets/graphics/pokemon/granbull/anim_front_gba.png.4bpp.smol
tools/compresSmol/compresSmol -w build/assets/graphics/pokemon/granbull/back.png.4bpp build/assets/graphics/pokemon/granbull/back.png.4bpp.smol
tools/compresSmol/compresSmol -w build/assets/graphics/pokemon/granbull/back_gba.png.4bpp build/assets/graphics/pokemon/granbull/back_gba.png.4bpp.smol
tools/compresSmol/compresSmol -w build/assets/graphics/pokemon/granbull/overworld.png_mwidth_4__mheight_4.4bpp build/assets/graphics/pokemon/granbull/overworld.png_mwidth_4__mheight_4.4bpp.smol
tools/compresSmol/compresSmol -w build/assets/graphics/pokemon/grapploct/back.png.4bpp build/assets/graphics/pokemon/grapploct/back.png.4bpp.smol
tools/compresSmol/compresSmol -w build/assets/graphics/pokemon/grapploct/front.png.4bpp build/assets/graphics/pokemon/grapploct/front.png.4bpp.smol
tools/compresSmol/compresSmol -w build/assets/graphics/pokemon/grapploct/overworld.png_mwidth_4__mheight_4.4bpp build/assets/graphics/pokemon/grapploct/overworld.png_mwidth_4__mheight_4.4bpp.smol
tools/compresSmol/compresSmol -w build/assets/graphics/pokemon/graveler/alola/back.png.4bpp build/assets/graphics/pokemon/graveler/alola/back.png.4bpp.smol
tools/compresSmol/compresSmol -w build/assets/graphics/pokemon/graveler/alola/front.png.4bpp build/assets/graphics/pokemon/graveler/alola/front.png.4bpp.smol
tools/compresSmol/compresSmol -w build/assets/graphics/pokemon/graveler/alola/overworld.png_mwidth_4__mheight_4.4bpp build/assets/graphics/pokemon/graveler/alola/overworld.png_mwidth_4__mheight_4.4bpp.smol
tools/compresSmol/compresSmol -w build/assets/graphics/pokemon/graveler/anim_front.png.4bpp build/assets/graphics/pokemon/graveler/anim_front.png.4bpp.smol
tools/compresSmol/compresSmol -w build/assets/graphics/pokemon/graveler/anim_front_gba.png.4bpp build/assets/graphics/pokemon/graveler/anim_front_gba.png.4bpp.smol
tools/compresSmol/compresSmol -w build/assets/graphics/pokemon/graveler/back.png.4bpp build/assets/graphics/pokemon/graveler/back.png.4bpp.smol
tools/compresSmol/compresSmol -w build/assets/graphics/pokemon/graveler/back_gba.png.4bpp build/assets/graphics/pokemon/graveler/back_gba.png.4bpp.smol
tools/compresSmol/compresSmol -w build/assets/graphics/pokemon/graveler/overworld.png_mwidth_4__mheight_4.4bpp build/assets/graphics/pokemon/graveler/overworld.png_mwidth_4__mheight_4.4bpp.smol
tools/compresSmol/compresSmol -w build/assets/graphics/pokemon/great_tusk/back.png.4bpp build/assets/graphics/pokemon/great_tusk/back.png.4bpp.smol
tools/compresSmol/compresSmol -w build/assets/graphics/pokemon/great_tusk/front.png.4bpp build/assets/graphics/pokemon/great_tusk/front.png.4bpp.smol
tools/compresSmol/compresSmol -w build/assets/graphics/pokemon/great_tusk/overworld.png_mwidth_4__mheight_4.4bpp build/assets/graphics/pokemon/great_tusk/overworld.png_mwidth_4__mheight_4.4bpp.smol
tools/compresSmol/compresSmol -w build/assets/graphics/pokemon/greavard/back.png.4bpp build/assets/graphics/pokemon/greavard/back.png.4bpp.smol
tools/compresSmol/compresSmol -w build/assets/graphics/pokemon/greavard/front.png.4bpp build/assets/graphics/pokemon/greavard/front.png.4bpp.smol
tools/compresSmol/compresSmol -w build/assets/graphics/pokemon/greavard/overworld.png_mwidth_4__mheight_4.4bpp build/assets/graphics/pokemon/greavard/overworld.png_mwidth_4__mheight_4.4bpp.smol
tools/compresSmol/compresSmol -w build/assets/graphics/pokemon/greedent/back.png.4bpp build/assets/graphics/pokemon/greedent/back.png.4bpp.smol
tools/compresSmol/compresSmol -w build/assets/graphics/pokemon/greedent/front.png.4bpp build/assets/graphics/pokemon/greedent/front.png.4bpp.smol
tools/compresSmol/compresSmol -w build/assets/graphics/pokemon/greedent/overworld.png_mwidth_4__mheight_4.4bpp build/assets/graphics/pokemon/greedent/overworld.png_mwidth_4__mheight_4.4bpp.smol
tools/compresSmol/compresSmol -w build/assets/graphics/pokemon/greninja/anim_front.png.4bpp build/assets/graphics/pokemon/greninja/anim_front.png.4bpp.smol
tools/compresSmol/compresSmol -w build/assets/graphics/pokemon/greninja/ash/anim_front.png.4bpp build/assets/graphics/pokemon/greninja/ash/anim_front.png.4bpp.smol
tools/compresSmol/compresSmol -w build/assets/graphics/pokemon/greninja/ash/back.png.4bpp build/assets/graphics/pokemon/greninja/ash/back.png.4bpp.smol
tools/compresSmol/compresSmol -w build/assets/graphics/pokemon/greninja/ash/overworld.png_mwidth_4__mheight_4.4bpp build/assets/graphics/pokemon/greninja/ash/overworld.png_mwidth_4__mheight_4.4bpp.smol
tools/compresSmol/compresSmol -w build/assets/graphics/pokemon/greninja/back.png.4bpp build/assets/graphics/pokemon/greninja/back.png.4bpp.smol
tools/compresSmol/compresSmol -w build/assets/graphics/pokemon/greninja/mega/back.png.4bpp build/assets/graphics/pokemon/greninja/mega/back.png.4bpp.smol
tools/compresSmol/compresSmol -w build/assets/graphics/pokemon/greninja/mega/front.png.4bpp build/assets/graphics/pokemon/greninja/mega/front.png.4bpp.smol
tools/compresSmol/compresSmol -w build/assets/graphics/pokemon/greninja/overworld.png_mwidth_4__mheight_4.4bpp build/assets/graphics/pokemon/greninja/overworld.png_mwidth_4__mheight_4.4bpp.smol
tools/compresSmol/compresSmol -w build/assets/graphics/pokemon/grimer/alola/back.png.4bpp build/assets/graphics/pokemon/grimer/alola/back.png.4bpp.smol
tools/compresSmol/compresSmol -w build/assets/graphics/pokemon/grimer/alola/front.png.4bpp build/assets/graphics/pokemon/grimer/alola/front.png.4bpp.smol
tools/compresSmol/compresSmol -w build/assets/graphics/pokemon/grimer/alola/overworld.png_mwidth_4__mheight_4.4bpp build/assets/graphics/pokemon/grimer/alola/overworld.png_mwidth_4__mheight_4.4bpp.smol
tools/compresSmol/compresSmol -w build/assets/graphics/pokemon/grimer/anim_front.png.4bpp build/assets/graphics/pokemon/grimer/anim_front.png.4bpp.smol
tools/compresSmol/compresSmol -w build/assets/graphics/pokemon/grimer/anim_front_gba.png.4bpp build/assets/graphics/pokemon/grimer/anim_front_gba.png.4bpp.smol
tools/compresSmol/compresSmol -w build/assets/graphics/pokemon/grimer/back.png.4bpp build/assets/graphics/pokemon/grimer/back.png.4bpp.smol
tools/compresSmol/compresSmol -w build/assets/graphics/pokemon/grimer/back_gba.png.4bpp build/assets/graphics/pokemon/grimer/back_gba.png.4bpp.smol
tools/compresSmol/compresSmol -w build/assets/graphics/pokemon/grimer/overworld.png_mwidth_4__mheight_4.4bpp build/assets/graphics/pokemon/grimer/overworld.png_mwidth_4__mheight_4.4bpp.smol
tools/compresSmol/compresSmol -w build/assets/graphics/pokemon/grimmsnarl/back.png.4bpp build/assets/graphics/pokemon/grimmsnarl/back.png.4bpp.smol
tools/compresSmol/compresSmol -w build/assets/graphics/pokemon/grimmsnarl/front.png.4bpp build/assets/graphics/pokemon/grimmsnarl/front.png.4bpp.smol
tools/compresSmol/compresSmol -w build/assets/graphics/pokemon/grimmsnarl/gmax/back.png.4bpp build/assets/graphics/pokemon/grimmsnarl/gmax/back.png.4bpp.smol
tools/compresSmol/compresSmol -w build/assets/graphics/pokemon/grimmsnarl/gmax/front.png.4bpp build/assets/graphics/pokemon/grimmsnarl/gmax/front.png.4bpp.smol
tools/compresSmol/compresSmol -w build/assets/graphics/pokemon/grimmsnarl/overworld.png_mwidth_4__mheight_4.4bpp build/assets/graphics/pokemon/grimmsnarl/overworld.png_mwidth_4__mheight_4.4bpp.smol
tools/compresSmol/compresSmol -w build/assets/graphics/pokemon/grookey/back.png.4bpp build/assets/graphics/pokemon/grookey/back.png.4bpp.smol
tools/compresSmol/compresSmol -w build/assets/graphics/pokemon/grookey/front.png.4bpp build/assets/graphics/pokemon/grookey/front.png.4bpp.smol
tools/compresSmol/compresSmol -w build/assets/graphics/pokemon/grookey/overworld.png_mwidth_4__mheight_4.4bpp build/assets/graphics/pokemon/grookey/overworld.png_mwidth_4__mheight_4.4bpp.smol
tools/compresSmol/compresSmol -w build/assets/graphics/pokemon/grotle/anim_front.png.4bpp build/assets/graphics/pokemon/grotle/anim_front.png.4bpp.smol
tools/compresSmol/compresSmol -w build/assets/graphics/pokemon/grotle/back.png.4bpp build/assets/graphics/pokemon/grotle/back.png.4bpp.smol
tools/compresSmol/compresSmol -w build/assets/graphics/pokemon/grotle/overworld.png_mwidth_4__mheight_4.4bpp build/assets/graphics/pokemon/grotle/overworld.png_mwidth_4__mheight_4.4bpp.smol
tools/compresSmol/compresSmol -w build/assets/graphics/pokemon/groudon/anim_front.png.4bpp build/assets/graphics/pokemon/groudon/anim_front.png.4bpp.smol
tools/compresSmol/compresSmol -w build/assets/graphics/pokemon/groudon/anim_front_gba.png.4bpp build/assets/graphics/pokemon/groudon/anim_front_gba.png.4bpp.smol
tools/compresSmol/compresSmol -w build/assets/graphics/pokemon/groudon/back.png.4bpp build/assets/graphics/pokemon/groudon/back.png.4bpp.smol
tools/compresSmol/compresSmol -w build/assets/graphics/pokemon/groudon/back_gba.png.4bpp build/assets/graphics/pokemon/groudon/back_gba.png.4bpp.smol
tools/compresSmol/compresSmol -w build/assets/graphics/pokemon/groudon/overworld.png_mwidth_8__mheight_8.4bpp build/assets/graphics/pokemon/groudon/overworld.png_mwidth_8__mheight_8.4bpp.smol
tools/compresSmol/compresSmol -w build/assets/graphics/pokemon/groudon/primal/back.png.4bpp build/assets/graphics/pokemon/groudon/primal/back.png.4bpp.smol
tools/compresSmol/compresSmol -w build/assets/graphics/pokemon/groudon/primal/front.png.4bpp build/assets/graphics/pokemon/groudon/primal/front.png.4bpp.smol
tools/compresSmol/compresSmol -w build/assets/graphics/pokemon/groudon/primal/overworld.png_mwidth_8__mheight_8.4bpp build/assets/graphics/pokemon/groudon/primal/overworld.png_mwidth_8__mheight_8.4bpp.smol
tools/compresSmol/compresSmol -w build/assets/graphics/pokemon/grovyle/anim_front.png.4bpp build/assets/graphics/pokemon/grovyle/anim_front.png.4bpp.smol
tools/compresSmol/compresSmol -w build/assets/graphics/pokemon/grovyle/anim_front_gba.png.4bpp build/assets/graphics/pokemon/grovyle/anim_front_gba.png.4bpp.smol
tools/compresSmol/compresSmol -w build/assets/graphics/pokemon/grovyle/back.png.4bpp build/assets/graphics/pokemon/grovyle/back.png.4bpp.smol
tools/compresSmol/compresSmol -w build/assets/graphics/pokemon/grovyle/back_gba.png.4bpp build/assets/graphics/pokemon/grovyle/back_gba.png.4bpp.smol
tools/compresSmol/compresSmol -w build/assets/graphics/pokemon/grovyle/overworld.png_mwidth_4__mheight_4.4bpp build/assets/graphics/pokemon/grovyle/overworld.png_mwidth_4__mheight_4.4bpp.smol
tools/compresSmol/compresSmol -w build/assets/graphics/pokemon/growlithe/anim_front.png.4bpp build/assets/graphics/pokemon/growlithe/anim_front.png.4bpp.smol
tools/compresSmol/compresSmol -w build/assets/graphics/pokemon/growlithe/anim_front_gba.png.4bpp build/assets/graphics/pokemon/growlithe/anim_front_gba.png.4bpp.smol
tools/compresSmol/compresSmol -w build/assets/graphics/pokemon/growlithe/back.png.4bpp build/assets/graphics/pokemon/growlithe/back.png.4bpp.smol
tools/compresSmol/compresSmol -w build/assets/graphics/pokemon/growlithe/back_gba.png.4bpp build/assets/graphics/pokemon/growlithe/back_gba.png.4bpp.smol
tools/compresSmol/compresSmol -w build/assets/graphics/pokemon/growlithe/hisui/back.png.4bpp build/assets/graphics/pokemon/growlithe/hisui/back.png.4bpp.smol
tools/compresSmol/compresSmol -w build/assets/graphics/pokemon/growlithe/hisui/front.png.4bpp build/assets/graphics/pokemon/growlithe/hisui/front.png.4bpp.smol
tools/compresSmol/compresSmol -w build/assets/graphics/pokemon/growlithe/hisui/overworld.png_mwidth_4__mheight_4.4bpp build/assets/graphics/pokemon/growlithe/hisui/overworld.png_mwidth_4__mheight_4.4bpp.smol
tools/compresSmol/compresSmol -w build/assets/graphics/pokemon/growlithe/overworld.png_mwidth_4__mheight_4.4bpp build/assets/graphics/pokemon/growlithe/overworld.png_mwidth_4__mheight_4.4bpp.smol
tools/compresSmol/compresSmol -w build/assets/graphics/pokemon/grubbin/anim_front.png.4bpp build/assets/graphics/pokemon/grubbin/anim_front.png.4bpp.smol
tools/compresSmol/compresSmol -w build/assets/graphics/pokemon/grubbin/back.png.4bpp build/assets/graphics/pokemon/grubbin/back.png.4bpp.smol
tools/compresSmol/compresSmol -w build/assets/graphics/pokemon/grubbin/overworld.png_mwidth_4__mheight_4.4bpp build/assets/graphics/pokemon/grubbin/overworld.png_mwidth_4__mheight_4.4bpp.smol
tools/compresSmol/compresSmol -w build/assets/graphics/pokemon/grumpig/anim_front.png.4bpp build/assets/graphics/pokemon/grumpig/anim_front.png.4bpp.smol
tools/compresSmol/compresSmol -w build/assets/graphics/pokemon/grumpig/anim_front_gba.png.4bpp build/assets/graphics/pokemon/grumpig/anim_front_gba.png.4bpp.smol
tools/compresSmol/compresSmol -w build/assets/graphics/pokemon/grumpig/back.png.4bpp build/assets/graphics/pokemon/grumpig/back.png.4bpp.smol
tools/compresSmol/compresSmol -w build/assets/graphics/pokemon/grumpig/back_gba.png.4bpp build/assets/graphics/pokemon/grumpig/back_gba.png.4bpp.smol
tools/compresSmol/compresSmol -w build/assets/graphics/pokemon/grumpig/overworld.png_mwidth_4__mheight_4.4bpp build/assets/graphics/pokemon/grumpig/overworld.png_mwidth_4__mheight_4.4bpp.smol
tools/compresSmol/compresSmol -w build/assets/graphics/pokemon/gulpin/anim_front.png.4bpp build/assets/graphics/pokemon/gulpin/anim_front.png.4bpp.smol
tools/compresSmol/compresSmol -w build/assets/graphics/pokemon/gulpin/anim_front_gba.png.4bpp build/assets/graphics/pokemon/gulpin/anim_front_gba.png.4bpp.smol
tools/compresSmol/compresSmol -w build/assets/graphics/pokemon/gulpin/anim_frontf.png.4bpp build/assets/graphics/pokemon/gulpin/anim_frontf.png.4bpp.smol
tools/compresSmol/compresSmol -w build/assets/graphics/pokemon/gulpin/back.png.4bpp build/assets/graphics/pokemon/gulpin/back.png.4bpp.smol
tools/compresSmol/compresSmol -w build/assets/graphics/pokemon/gulpin/back_gba.png.4bpp build/assets/graphics/pokemon/gulpin/back_gba.png.4bpp.smol
tools/compresSmol/compresSmol -w build/assets/graphics/pokemon/gulpin/backf.png.4bpp build/assets/graphics/pokemon/gulpin/backf.png.4bpp.smol
tools/compresSmol/compresSmol -w build/assets/graphics/pokemon/gulpin/overworld.png_mwidth_4__mheight_4.4bpp build/assets/graphics/pokemon/gulpin/overworld.png_mwidth_4__mheight_4.4bpp.smol
tools/compresSmol/compresSmol -w build/assets/graphics/pokemon/gulpin/overworldf.png_mwidth_4__mheight_4.4bpp build/assets/graphics/pokemon/gulpin/overworldf.png_mwidth_4__mheight_4.4bpp.smol
tools/compresSmol/compresSmol -w build/assets/graphics/pokemon/gumshoos/back.png.4bpp build/assets/graphics/pokemon/gumshoos/back.png.4bpp.smol
tools/compresSmol/compresSmol -w build/assets/graphics/pokemon/gumshoos/front.png.4bpp build/assets/graphics/pokemon/gumshoos/front.png.4bpp.smol
tools/compresSmol/compresSmol -w build/assets/graphics/pokemon/gumshoos/overworld.png_mwidth_4__mheight_4.4bpp build/assets/graphics/pokemon/gumshoos/overworld.png_mwidth_4__mheight_4.4bpp.smol
tools/compresSmol/compresSmol -w build/assets/graphics/pokemon/gurdurr/anim_front.png.4bpp build/assets/graphics/pokemon/gurdurr/anim_front.png.4bpp.smol
tools/compresSmol/compresSmol -w build/assets/graphics/pokemon/gurdurr/back.png.4bpp build/assets/graphics/pokemon/gurdurr/back.png.4bpp.smol
tools/compresSmol/compresSmol -w build/assets/graphics/pokemon/gurdurr/overworld.png_mwidth_4__mheight_4.4bpp build/assets/graphics/pokemon/gurdurr/overworld.png_mwidth_4__mheight_4.4bpp.smol
tools/compresSmol/compresSmol -w build/assets/graphics/pokemon/guzzlord/back.png.4bpp build/assets/graphics/pokemon/guzzlord/back.png.4bpp.smol
tools/compresSmol/compresSmol -w build/assets/graphics/pokemon/guzzlord/front.png.4bpp build/assets/graphics/pokemon/guzzlord/front.png.4bpp.smol
tools/compresSmol/compresSmol -w build/assets/graphics/pokemon/guzzlord/overworld.png_mwidth_4__mheight_4.4bpp build/assets/graphics/pokemon/guzzlord/overworld.png_mwidth_4__mheight_4.4bpp.smol
tools/compresSmol/compresSmol -w build/assets/graphics/pokemon/gyarados/anim_front.png.4bpp build/assets/graphics/pokemon/gyarados/anim_front.png.4bpp.smol
tools/compresSmol/compresSmol -w build/assets/graphics/pokemon/gyarados/anim_front_gba.png.4bpp build/assets/graphics/pokemon/gyarados/anim_front_gba.png.4bpp.smol
tools/compresSmol/compresSmol -w build/assets/graphics/pokemon/gyarados/anim_frontf.png.4bpp build/assets/graphics/pokemon/gyarados/anim_frontf.png.4bpp.smol
tools/compresSmol/compresSmol -w build/assets/graphics/pokemon/gyarados/back.png.4bpp build/assets/graphics/pokemon/gyarados/back.png.4bpp.smol
tools/compresSmol/compresSmol -w build/assets/graphics/pokemon/gyarados/back_gba.png.4bpp build/assets/graphics/pokemon/gyarados/back_gba.png.4bpp.smol
tools/compresSmol/compresSmol -w build/assets/graphics/pokemon/gyarados/backf.png.4bpp build/assets/graphics/pokemon/gyarados/backf.png.4bpp.smol
tools/compresSmol/compresSmol -w build/assets/graphics/pokemon/gyarados/mega/back.png.4bpp build/assets/graphics/pokemon/gyarados/mega/back.png.4bpp.smol
tools/compresSmol/compresSmol -w build/assets/graphics/pokemon/gyarados/mega/front.png.4bpp build/assets/graphics/pokemon/gyarados/mega/front.png.4bpp.smol
tools/compresSmol/compresSmol -w build/assets/graphics/pokemon/gyarados/mega/overworld.png_mwidth_4__mheight_4.4bpp build/assets/graphics/pokemon/gyarados/mega/overworld.png_mwidth_4__mheight_4.4bpp.smol
tools/compresSmol/compresSmol -w build/assets/graphics/pokemon/gyarados/overworld.png_mwidth_4__mheight_4.4bpp build/assets/graphics/pokemon/gyarados/overworld.png_mwidth_4__mheight_4.4bpp.smol
tools/compresSmol/compresSmol -w build/assets/graphics/pokemon/gyarados/overworldf.png_mwidth_4__mheight_4.4bpp build/assets/graphics/pokemon/gyarados/overworldf.png_mwidth_4__mheight_4.4bpp.smol
tools/compresSmol/compresSmol -w build/assets/graphics/pokemon/hakamo_o/anim_front.png.4bpp build/assets/graphics/pokemon/hakamo_o/anim_front.png.4bpp.smol
tools/compresSmol/compresSmol -w build/assets/graphics/pokemon/hakamo_o/back.png.4bpp build/assets/graphics/pokemon/hakamo_o/back.png.4bpp.smol
tools/compresSmol/compresSmol -w build/assets/graphics/pokemon/hakamo_o/overworld.png_mwidth_4__mheight_4.4bpp build/assets/graphics/pokemon/hakamo_o/overworld.png_mwidth_4__mheight_4.4bpp.smol
tools/compresSmol/compresSmol -w build/assets/graphics/pokemon/happiny/anim_front.png.4bpp build/assets/graphics/pokemon/happiny/anim_front.png.4bpp.smol
tools/compresSmol/compresSmol -w build/assets/graphics/pokemon/happiny/back.png.4bpp build/assets/graphics/pokemon/happiny/back.png.4bpp.smol
tools/compresSmol/compresSmol -w build/assets/graphics/pokemon/happiny/overworld.png_mwidth_4__mheight_4.4bpp build/assets/graphics/pokemon/happiny/overworld.png_mwidth_4__mheight_4.4bpp.smol
tools/compresSmol/compresSmol -w build/assets/graphics/pokemon/hariyama/anim_front.png.4bpp build/assets/graphics/pokemon/hariyama/anim_front.png.4bpp.smol
tools/compresSmol/compresSmol -w build/assets/graphics/pokemon/hariyama/anim_front_gba.png.4bpp build/assets/graphics/pokemon/hariyama/anim_front_gba.png.4bpp.smol
tools/compresSmol/compresSmol -w build/assets/graphics/pokemon/hariyama/back.png.4bpp build/assets/graphics/pokemon/hariyama/back.png.4bpp.smol
tools/compresSmol/compresSmol -w build/assets/graphics/pokemon/hariyama/back_gba.png.4bpp build/assets/graphics/pokemon/hariyama/back_gba.png.4bpp.smol
tools/compresSmol/compresSmol -w build/assets/graphics/pokemon/hariyama/overworld.png_mwidth_4__mheight_4.4bpp build/assets/graphics/pokemon/hariyama/overworld.png_mwidth_4__mheight_4.4bpp.smol
tools/compresSmol/compresSmol -w build/assets/graphics/pokemon/hatenna/back.png.4bpp build/assets/graphics/pokemon/hatenna/back.png.4bpp.smol
tools/compresSmol/compresSmol -w build/assets/graphics/pokemon/hatenna/front.png.4bpp build/assets/graphics/pokemon/hatenna/front.png.4bpp.smol
tools/compresSmol/compresSmol -w build/assets/graphics/pokemon/hatenna/overworld.png_mwidth_4__mheight_4.4bpp build/assets/graphics/pokemon/hatenna/overworld.png_mwidth_4__mheight_4.4bpp.smol
tools/compresSmol/compresSmol -w build/assets/graphics/pokemon/hatterene/back.png.4bpp build/assets/graphics/pokemon/hatterene/back.png.4bpp.smol
tools/compresSmol/compresSmol -w build/assets/graphics/pokemon/hatterene/front.png.4bpp build/assets/graphics/pokemon/hatterene/front.png.4bpp.smol
tools/compresSmol/compresSmol -w build/assets/graphics/pokemon/hatterene/gmax/back.png.4bpp build/assets/graphics/pokemon/hatterene/gmax/back.png.4bpp.smol
tools/compresSmol/compresSmol -w build/assets/graphics/pokemon/hatterene/gmax/front.png.4bpp build/assets/graphics/pokemon/hatterene/gmax/front.png.4bpp.smol
tools/compresSmol/compresSmol -w build/assets/graphics/pokemon/hatterene/overworld.png_mwidth_4__mheight_4.4bpp build/assets/graphics/pokemon/hatterene/overworld.png_mwidth_4__mheight_4.4bpp.smol
tools/compresSmol/compresSmol -w build/assets/graphics/pokemon/hattrem/back.png.4bpp build/assets/graphics/pokemon/hattrem/back.png.4bpp.smol
tools/compresSmol/compresSmol -w build/assets/graphics/pokemon/hattrem/front.png.4bpp build/assets/graphics/pokemon/hattrem/front.png.4bpp.smol
tools/compresSmol/compresSmol -w build/assets/graphics/pokemon/hattrem/overworld.png_mwidth_4__mheight_4.4bpp build/assets/graphics/pokemon/hattrem/overworld.png_mwidth_4__mheight_4.4bpp.smol
tools/compresSmol/compresSmol -w build/assets/graphics/pokemon/haunter/anim_front.png.4bpp build/assets/graphics/pokemon/haunter/anim_front.png.4bpp.smol
tools/compresSmol/compresSmol -w build/assets/graphics/pokemon/haunter/anim_front_gba.png.4bpp build/assets/graphics/pokemon/haunter/anim_front_gba.png.4bpp.smol
tools/compresSmol/compresSmol -w build/assets/graphics/pokemon/haunter/back.png.4bpp build/assets/graphics/pokemon/haunter/back.png.4bpp.smol
tools/compresSmol/compresSmol -w build/assets/graphics/pokemon/haunter/back_gba.png.4bpp build/assets/graphics/pokemon/haunter/back_gba.png.4bpp.smol
tools/compresSmol/compresSmol -w build/assets/graphics/pokemon/haunter/overworld.png_mwidth_4__mheight_4.4bpp build/assets/graphics/pokemon/haunter/overworld.png_mwidth_4__mheight_4.4bpp.smol
tools/compresSmol/compresSmol -w build/assets/graphics/pokemon/hawlucha/anim_front.png.4bpp build/assets/graphics/pokemon/hawlucha/anim_front.png.4bpp.smol
tools/compresSmol/compresSmol -w build/assets/graphics/pokemon/hawlucha/back.png.4bpp build/assets/graphics/pokemon/hawlucha/back.png.4bpp.smol
tools/compresSmol/compresSmol -w build/assets/graphics/pokemon/hawlucha/mega/back.png.4bpp build/assets/graphics/pokemon/hawlucha/mega/back.png.4bpp.smol
tools/compresSmol/compresSmol -w build/assets/graphics/pokemon/hawlucha/mega/front.png.4bpp build/assets/graphics/pokemon/hawlucha/mega/front.png.4bpp.smol
tools/compresSmol/compresSmol -w build/assets/graphics/pokemon/hawlucha/overworld.png_mwidth_4__mheight_4.4bpp build/assets/graphics/pokemon/hawlucha/overworld.png_mwidth_4__mheight_4.4bpp.smol
tools/compresSmol/compresSmol -w build/assets/graphics/pokemon/haxorus/anim_front.png.4bpp build/assets/graphics/pokemon/haxorus/anim_front.png.4bpp.smol
tools/compresSmol/compresSmol -w build/assets/graphics/pokemon/haxorus/back.png.4bpp build/assets/graphics/pokemon/haxorus/back.png.4bpp.smol
tools/compresSmol/compresSmol -w build/assets/graphics/pokemon/haxorus/overworld.png_mwidth_4__mheight_4.4bpp build/assets/graphics/pokemon/haxorus/overworld.png_mwidth_4__mheight_4.4bpp.smol
tools/compresSmol/compresSmol -w build/assets/graphics/pokemon/heatmor/anim_front.png.4bpp build/assets/graphics/pokemon/heatmor/anim_front.png.4bpp.smol
tools/compresSmol/compresSmol -w build/assets/graphics/pokemon/heatmor/back.png.4bpp build/assets/graphics/pokemon/heatmor/back.png.4bpp.smol
tools/compresSmol/compresSmol -w build/assets/graphics/pokemon/heatmor/overworld.png_mwidth_4__mheight_4.4bpp build/assets/graphics/pokemon/heatmor/overworld.png_mwidth_4__mheight_4.4bpp.smol
tools/compresSmol/compresSmol -w build/assets/graphics/pokemon/heatran/anim_front.png.4bpp build/assets/graphics/pokemon/heatran/anim_front.png.4bpp.smol
tools/compresSmol/compresSmol -w build/assets/graphics/pokemon/heatran/back.png.4bpp build/assets/graphics/pokemon/heatran/back.png.4bpp.smol
tools/compresSmol/compresSmol -w build/assets/graphics/pokemon/heatran/mega/back.png.4bpp build/assets/graphics/pokemon/heatran/mega/back.png.4bpp.smol
tools/compresSmol/compresSmol -w build/assets/graphics/pokemon/heatran/mega/front.png.4bpp build/assets/graphics/pokemon/heatran/mega/front.png.4bpp.smol
tools/compresSmol/compresSmol -w build/assets/graphics/pokemon/heatran/overworld.png_mwidth_4__mheight_4.4bpp build/assets/graphics/pokemon/heatran/overworld.png_mwidth_4__mheight_4.4bpp.smol
tools/compresSmol/compresSmol -w build/assets/graphics/pokemon/heliolisk/anim_front.png.4bpp build/assets/graphics/pokemon/heliolisk/anim_front.png.4bpp.smol
tools/compresSmol/compresSmol -w build/assets/graphics/pokemon/heliolisk/back.png.4bpp build/assets/graphics/pokemon/heliolisk/back.png.4bpp.smol
tools/compresSmol/compresSmol -w build/assets/graphics/pokemon/heliolisk/overworld.png_mwidth_4__mheight_4.4bpp build/assets/graphics/pokemon/heliolisk/overworld.png_mwidth_4__mheight_4.4bpp.smol
tools/compresSmol/compresSmol -w build/assets/graphics/pokemon/helioptile/anim_front.png.4bpp build/assets/graphics/pokemon/helioptile/anim_front.png.4bpp.smol
tools/compresSmol/compresSmol -w build/assets/graphics/pokemon/helioptile/back.png.4bpp build/assets/graphics/pokemon/helioptile/back.png.4bpp.smol
tools/compresSmol/compresSmol -w build/assets/graphics/pokemon/helioptile/overworld.png_mwidth_4__mheight_4.4bpp build/assets/graphics/pokemon/helioptile/overworld.png_mwidth_4__mheight_4.4bpp.smol
tools/compresSmol/compresSmol -w build/assets/graphics/pokemon/heracross/anim_front.png.4bpp build/assets/graphics/pokemon/heracross/anim_front.png.4bpp.smol
tools/compresSmol/compresSmol -w build/assets/graphics/pokemon/heracross/anim_front_gba.png.4bpp build/assets/graphics/pokemon/heracross/anim_front_gba.png.4bpp.smol
tools/compresSmol/compresSmol -w build/assets/graphics/pokemon/heracross/anim_frontf.png.4bpp build/assets/graphics/pokemon/heracross/anim_frontf.png.4bpp.smol
tools/compresSmol/compresSmol -w build/assets/graphics/pokemon/heracross/back.png.4bpp build/assets/graphics/pokemon/heracross/back.png.4bpp.smol
tools/compresSmol/compresSmol -w build/assets/graphics/pokemon/heracross/back_gba.png.4bpp build/assets/graphics/pokemon/heracross/back_gba.png.4bpp.smol
tools/compresSmol/compresSmol -w build/assets/graphics/pokemon/heracross/backf.png.4bpp build/assets/graphics/pokemon/heracross/backf.png.4bpp.smol
tools/compresSmol/compresSmol -w build/assets/graphics/pokemon/heracross/mega/back.png.4bpp build/assets/graphics/pokemon/heracross/mega/back.png.4bpp.smol
tools/compresSmol/compresSmol -w build/assets/graphics/pokemon/heracross/mega/front.png.4bpp build/assets/graphics/pokemon/heracross/mega/front.png.4bpp.smol
tools/compresSmol/compresSmol -w build/assets/graphics/pokemon/heracross/mega/overworld.png_mwidth_4__mheight_4.4bpp build/assets/graphics/pokemon/heracross/mega/overworld.png_mwidth_4__mheight_4.4bpp.smol
tools/compresSmol/compresSmol -w build/assets/graphics/pokemon/heracross/overworld.png_mwidth_4__mheight_4.4bpp build/assets/graphics/pokemon/heracross/overworld.png_mwidth_4__mheight_4.4bpp.smol
tools/compresSmol/compresSmol -w build/assets/graphics/pokemon/heracross/overworldf.png_mwidth_4__mheight_4.4bpp build/assets/graphics/pokemon/heracross/overworldf.png_mwidth_4__mheight_4.4bpp.smol
tools/compresSmol/compresSmol -w build/assets/graphics/pokemon/herdier/anim_front.png.4bpp build/assets/graphics/pokemon/herdier/anim_front.png.4bpp.smol
tools/compresSmol/compresSmol -w build/assets/graphics/pokemon/herdier/back.png.4bpp build/assets/graphics/pokemon/herdier/back.png.4bpp.smol
tools/compresSmol/compresSmol -w build/assets/graphics/pokemon/herdier/overworld.png_mwidth_4__mheight_4.4bpp build/assets/graphics/pokemon/herdier/overworld.png_mwidth_4__mheight_4.4bpp.smol
tools/compresSmol/compresSmol -w build/assets/graphics/pokemon/hippopotas/anim_front.png.4bpp build/assets/graphics/pokemon/hippopotas/anim_front.png.4bpp.smol
tools/compresSmol/compresSmol -w build/assets/graphics/pokemon/hippopotas/back.png.4bpp build/assets/graphics/pokemon/hippopotas/back.png.4bpp.smol
tools/compresSmol/compresSmol -w build/assets/graphics/pokemon/hippopotas/overworld.png_mwidth_4__mheight_4.4bpp build/assets/graphics/pokemon/hippopotas/overworld.png_mwidth_4__mheight_4.4bpp.smol
tools/compresSmol/compresSmol -w build/assets/graphics/pokemon/hippopotas/overworldf.png_mwidth_4__mheight_4.4bpp build/assets/graphics/pokemon/hippopotas/overworldf.png_mwidth_4__mheight_4.4bpp.smol
tools/compresSmol/compresSmol -w build/assets/graphics/pokemon/hippowdon/anim_front.png.4bpp build/assets/graphics/pokemon/hippowdon/anim_front.png.4bpp.smol
tools/compresSmol/compresSmol -w build/assets/graphics/pokemon/hippowdon/back.png.4bpp build/assets/graphics/pokemon/hippowdon/back.png.4bpp.smol
tools/compresSmol/compresSmol -w build/assets/graphics/pokemon/hippowdon/overworld.png_mwidth_4__mheight_4.4bpp build/assets/graphics/pokemon/hippowdon/overworld.png_mwidth_4__mheight_4.4bpp.smol
tools/compresSmol/compresSmol -w build/assets/graphics/pokemon/hitmonchan/anim_front.png.4bpp build/assets/graphics/pokemon/hitmonchan/anim_front.png.4bpp.smol
tools/compresSmol/compresSmol -w build/assets/graphics/pokemon/hitmonchan/anim_front_gba.png.4bpp build/assets/graphics/pokemon/hitmonchan/anim_front_gba.png.4bpp.smol
tools/compresSmol/compresSmol -w build/assets/graphics/pokemon/hitmonchan/back.png.4bpp build/assets/graphics/pokemon/hitmonchan/back.png.4bpp.smol
tools/compresSmol/compresSmol -w build/assets/graphics/pokemon/hitmonchan/back_gba.png.4bpp build/assets/graphics/pokemon/hitmonchan/back_gba.png.4bpp.smol
tools/compresSmol/compresSmol -w build/assets/graphics/pokemon/hitmonchan/overworld.png_mwidth_4__mheight_4.4bpp build/assets/graphics/pokemon/hitmonchan/overworld.png_mwidth_4__mheight_4.4bpp.smol
tools/compresSmol/compresSmol -w build/assets/graphics/pokemon/hitmonlee/anim_front.png.4bpp build/assets/graphics/pokemon/hitmonlee/anim_front.png.4bpp.smol
tools/compresSmol/compresSmol -w build/assets/graphics/pokemon/hitmonlee/anim_front_gba.png.4bpp build/assets/graphics/pokemon/hitmonlee/anim_front_gba.png.4bpp.smol
tools/compresSmol/compresSmol -w build/assets/graphics/pokemon/hitmonlee/back.png.4bpp build/assets/graphics/pokemon/hitmonlee/back.png.4bpp.smol
tools/compresSmol/compresSmol -w build/assets/graphics/pokemon/hitmonlee/back_gba.png.4bpp build/assets/graphics/pokemon/hitmonlee/back_gba.png.4bpp.smol
tools/compresSmol/compresSmol -w build/assets/graphics/pokemon/hitmonlee/overworld.png_mwidth_4__mheight_4.4bpp build/assets/graphics/pokemon/hitmonlee/overworld.png_mwidth_4__mheight_4.4bpp.smol
tools/compresSmol/compresSmol -w build/assets/graphics/pokemon/hitmontop/anim_front.png.4bpp build/assets/graphics/pokemon/hitmontop/anim_front.png.4bpp.smol
tools/compresSmol/compresSmol -w build/assets/graphics/pokemon/hitmontop/anim_front_gba.png.4bpp build/assets/graphics/pokemon/hitmontop/anim_front_gba.png.4bpp.smol
tools/compresSmol/compresSmol -w build/assets/graphics/pokemon/hitmontop/back.png.4bpp build/assets/graphics/pokemon/hitmontop/back.png.4bpp.smol
tools/compresSmol/compresSmol -w build/assets/graphics/pokemon/hitmontop/back_gba.png.4bpp build/assets/graphics/pokemon/hitmontop/back_gba.png.4bpp.smol
tools/compresSmol/compresSmol -w build/assets/graphics/pokemon/hitmontop/overworld.png_mwidth_4__mheight_4.4bpp build/assets/graphics/pokemon/hitmontop/overworld.png_mwidth_4__mheight_4.4bpp.smol
tools/compresSmol/compresSmol -w build/assets/graphics/pokemon/ho_oh/anim_front.png.4bpp build/assets/graphics/pokemon/ho_oh/anim_front.png.4bpp.smol
tools/compresSmol/compresSmol -w build/assets/graphics/pokemon/ho_oh/anim_front_gba.png.4bpp build/assets/graphics/pokemon/ho_oh/anim_front_gba.png.4bpp.smol
tools/compresSmol/compresSmol -w build/assets/graphics/pokemon/ho_oh/back.png.4bpp build/assets/graphics/pokemon/ho_oh/back.png.4bpp.smol
tools/compresSmol/compresSmol -w build/assets/graphics/pokemon/ho_oh/back_gba.png.4bpp build/assets/graphics/pokemon/ho_oh/back_gba.png.4bpp.smol
tools/compresSmol/compresSmol -w build/assets/graphics/pokemon/ho_oh/overworld.png_mwidth_8__mheight_8.4bpp build/assets/graphics/pokemon/ho_oh/overworld.png_mwidth_8__mheight_8.4bpp.smol
tools/compresSmol/compresSmol -w build/assets/graphics/pokemon/honchkrow/anim_front.png.4bpp build/assets/graphics/pokemon/honchkrow/anim_front.png.4bpp.smol
tools/compresSmol/compresSmol -w build/assets/graphics/pokemon/honchkrow/back.png.4bpp build/assets/graphics/pokemon/honchkrow/back.png.4bpp.smol
tools/compresSmol/compresSmol -w build/assets/graphics/pokemon/honchkrow/overworld.png_mwidth_4__mheight_4.4bpp build/assets/graphics/pokemon/honchkrow/overworld.png_mwidth_4__mheight_4.4bpp.smol
tools/compresSmol/compresSmol -w build/assets/graphics/pokemon/honedge/anim_front.png.4bpp build/assets/graphics/pokemon/honedge/anim_front.png.4bpp.smol
tools/compresSmol/compresSmol -w build/assets/graphics/pokemon/honedge/back.png.4bpp build/assets/graphics/pokemon/honedge/back.png.4bpp.smol
tools/compresSmol/compresSmol -w build/assets/graphics/pokemon/honedge/overworld.png_mwidth_4__mheight_4.4bpp build/assets/graphics/pokemon/honedge/overworld.png_mwidth_4__mheight_4.4bpp.smol
tools/compresSmol/compresSmol -w build/assets/graphics/pokemon/hoopa/anim_front.png.4bpp build/assets/graphics/pokemon/hoopa/anim_front.png.4bpp.smol
tools/compresSmol/compresSmol -w build/assets/graphics/pokemon/hoopa/back.png.4bpp build/assets/graphics/pokemon/hoopa/back.png.4bpp.smol
tools/compresSmol/compresSmol -w build/assets/graphics/pokemon/hoopa/overworld.png_mwidth_4__mheight_4.4bpp build/assets/graphics/pokemon/hoopa/overworld.png_mwidth_4__mheight_4.4bpp.smol
tools/compresSmol/compresSmol -w build/assets/graphics/pokemon/hoopa/unbound/anim_front.png.4bpp build/assets/graphics/pokemon/hoopa/unbound/anim_front.png.4bpp.smol
tools/compresSmol/compresSmol -w build/assets/graphics/pokemon/hoopa/unbound/back.png.4bpp build/assets/graphics/pokemon/hoopa/unbound/back.png.4bpp.smol
tools/compresSmol/compresSmol -w build/assets/graphics/pokemon/hoopa/unbound/overworld.png_mwidth_8__mheight_8.4bpp build/assets/graphics/pokemon/hoopa/unbound/overworld.png_mwidth_8__mheight_8.4bpp.smol
tools/compresSmol/compresSmol -w build/assets/graphics/pokemon/hoothoot/anim_front.png.4bpp build/assets/graphics/pokemon/hoothoot/anim_front.png.4bpp.smol
tools/compresSmol/compresSmol -w build/assets/graphics/pokemon/hoothoot/anim_front_gba.png.4bpp build/assets/graphics/pokemon/hoothoot/anim_front_gba.png.4bpp.smol
tools/compresSmol/compresSmol -w build/assets/graphics/pokemon/hoothoot/back.png.4bpp build/assets/graphics/pokemon/hoothoot/back.png.4bpp.smol
tools/compresSmol/compresSmol -w build/assets/graphics/pokemon/hoothoot/back_gba.png.4bpp build/assets/graphics/pokemon/hoothoot/back_gba.png.4bpp.smol
tools/compresSmol/compresSmol -w build/assets/graphics/pokemon/hoothoot/overworld.png_mwidth_4__mheight_4.4bpp build/assets/graphics/pokemon/hoothoot/overworld.png_mwidth_4__mheight_4.4bpp.smol
tools/compresSmol/compresSmol -w build/assets/graphics/pokemon/hoppip/anim_front.png.4bpp build/assets/graphics/pokemon/hoppip/anim_front.png.4bpp.smol
tools/compresSmol/compresSmol -w build/assets/graphics/pokemon/hoppip/anim_front_gba.png.4bpp build/assets/graphics/pokemon/hoppip/anim_front_gba.png.4bpp.smol
tools/compresSmol/compresSmol -w build/assets/graphics/pokemon/hoppip/back.png.4bpp build/assets/graphics/pokemon/hoppip/back.png.4bpp.smol
tools/compresSmol/compresSmol -w build/assets/graphics/pokemon/hoppip/back_gba.png.4bpp build/assets/graphics/pokemon/hoppip/back_gba.png.4bpp.smol
tools/compresSmol/compresSmol -w build/assets/graphics/pokemon/hoppip/overworld.png_mwidth_4__mheight_4.4bpp build/assets/graphics/pokemon/hoppip/overworld.png_mwidth_4__mheight_4.4bpp.smol
tools/compresSmol/compresSmol -w build/assets/graphics/pokemon/horsea/anim_front.png.4bpp build/assets/graphics/pokemon/horsea/anim_front.png.4bpp.smol
tools/compresSmol/compresSmol -w build/assets/graphics/pokemon/horsea/anim_front_gba.png.4bpp build/assets/graphics/pokemon/horsea/anim_front_gba.png.4bpp.smol
tools/compresSmol/compresSmol -w build/assets/graphics/pokemon/horsea/back.png.4bpp build/assets/graphics/pokemon/horsea/back.png.4bpp.smol
tools/compresSmol/compresSmol -w build/assets/graphics/pokemon/horsea/back_gba.png.4bpp build/assets/graphics/pokemon/horsea/back_gba.png.4bpp.smol
tools/compresSmol/compresSmol -w build/assets/graphics/pokemon/horsea/overworld.png_mwidth_4__mheight_4.4bpp build/assets/graphics/pokemon/horsea/overworld.png_mwidth_4__mheight_4.4bpp.smol
tools/compresSmol/compresSmol -w build/assets/graphics/pokemon/houndoom/anim_front.png.4bpp build/assets/graphics/pokemon/houndoom/anim_front.png.4bpp.smol
tools/compresSmol/compresSmol -w build/assets/graphics/pokemon/houndoom/anim_front_gba.png.4bpp build/assets/graphics/pokemon/houndoom/anim_front_gba.png.4bpp.smol
tools/compresSmol/compresSmol -w build/assets/graphics/pokemon/houndoom/anim_frontf.png.4bpp build/assets/graphics/pokemon/houndoom/anim_frontf.png.4bpp.smol
tools/compresSmol/compresSmol -w build/assets/graphics/pokemon/houndoom/back.png.4bpp build/assets/graphics/pokemon/houndoom/back.png.4bpp.smol
tools/compresSmol/compresSmol -w build/assets/graphics/pokemon/houndoom/back_gba.png.4bpp build/assets/graphics/pokemon/houndoom/back_gba.png.4bpp.smol
tools/compresSmol/compresSmol -w build/assets/graphics/pokemon/houndoom/backf.png.4bpp build/assets/graphics/pokemon/houndoom/backf.png.4bpp.smol
tools/compresSmol/compresSmol -w build/assets/graphics/pokemon/houndoom/mega/back.png.4bpp build/assets/graphics/pokemon/houndoom/mega/back.png.4bpp.smol
tools/compresSmol/compresSmol -w build/assets/graphics/pokemon/houndoom/mega/front.png.4bpp build/assets/graphics/pokemon/houndoom/mega/front.png.4bpp.smol
tools/compresSmol/compresSmol -w build/assets/graphics/pokemon/houndoom/mega/overworld.png_mwidth_4__mheight_4.4bpp build/assets/graphics/pokemon/houndoom/mega/overworld.png_mwidth_4__mheight_4.4bpp.smol
tools/compresSmol/compresSmol -w build/assets/graphics/pokemon/houndoom/overworld.png_mwidth_4__mheight_4.4bpp build/assets/graphics/pokemon/houndoom/overworld.png_mwidth_4__mheight_4.4bpp.smol
tools/compresSmol/compresSmol -w build/assets/graphics/pokemon/houndoom/overworldf.png_mwidth_4__mheight_4.4bpp build/assets/graphics/pokemon/houndoom/overworldf.png_mwidth_4__mheight_4.4bpp.smol
tools/compresSmol/compresSmol -w build/assets/graphics/pokemon/houndour/anim_front.png.4bpp build/assets/graphics/pokemon/houndour/anim_front.png.4bpp.smol
tools/compresSmol/compresSmol -w build/assets/graphics/pokemon/houndour/anim_front_gba.png.4bpp build/assets/graphics/pokemon/houndour/anim_front_gba.png.4bpp.smol
tools/compresSmol/compresSmol -w build/assets/graphics/pokemon/houndour/back.png.4bpp build/assets/graphics/pokemon/houndour/back.png.4bpp.smol
tools/compresSmol/compresSmol -w build/assets/graphics/pokemon/houndour/back_gba.png.4bpp build/assets/graphics/pokemon/houndour/back_gba.png.4bpp.smol
tools/compresSmol/compresSmol -w build/assets/graphics/pokemon/houndour/overworld.png_mwidth_4__mheight_4.4bpp build/assets/graphics/pokemon/houndour/overworld.png_mwidth_4__mheight_4.4bpp.smol
tools/compresSmol/compresSmol -w build/assets/graphics/pokemon/houndstone/back.png.4bpp build/assets/graphics/pokemon/houndstone/back.png.4bpp.smol
tools/compresSmol/compresSmol -w build/assets/graphics/pokemon/houndstone/front.png.4bpp build/assets/graphics/pokemon/houndstone/front.png.4bpp.smol
tools/compresSmol/compresSmol -w build/assets/graphics/pokemon/houndstone/overworld.png_mwidth_4__mheight_4.4bpp build/assets/graphics/pokemon/houndstone/overworld.png_mwidth_4__mheight_4.4bpp.smol
tools/compresSmol/compresSmol -w build/assets/graphics/pokemon/huntail/anim_front.png.4bpp build/assets/graphics/pokemon/huntail/anim_front.png.4bpp.smol
tools/compresSmol/compresSmol -w build/assets/graphics/pokemon/huntail/anim_front_gba.png.4bpp build/assets/graphics/pokemon/huntail/anim_front_gba.png.4bpp.smol
tools/compresSmol/compresSmol -w build/assets/graphics/pokemon/huntail/back.png.4bpp build/assets/graphics/pokemon/huntail/back.png.4bpp.smol
tools/compresSmol/compresSmol -w build/assets/graphics/pokemon/huntail/back_gba.png.4bpp build/assets/graphics/pokemon/huntail/back_gba.png.4bpp.smol
tools/compresSmol/compresSmol -w build/assets/graphics/pokemon/huntail/overworld.png_mwidth_4__mheight_4.4bpp build/assets/graphics/pokemon/huntail/overworld.png_mwidth_4__mheight_4.4bpp.smol
tools/compresSmol/compresSmol -w build/assets/graphics/pokemon/hydrapple/back.png.4bpp build/assets/graphics/pokemon/hydrapple/back.png.4bpp.smol
tools/compresSmol/compresSmol -w build/assets/graphics/pokemon/hydrapple/front.png.4bpp build/assets/graphics/pokemon/hydrapple/front.png.4bpp.smol
tools/compresSmol/compresSmol -w build/assets/graphics/pokemon/hydrapple/overworld.png_mwidth_8__mheight_8.4bpp build/assets/graphics/pokemon/hydrapple/overworld.png_mwidth_8__mheight_8.4bpp.smol
tools/compresSmol/compresSmol -w build/assets/graphics/pokemon/hydreigon/anim_front.png.4bpp build/assets/graphics/pokemon/hydreigon/anim_front.png.4bpp.smol
tools/compresSmol/compresSmol -w build/assets/graphics/pokemon/hydreigon/back.png.4bpp build/assets/graphics/pokemon/hydreigon/back.png.4bpp.smol
tools/compresSmol/compresSmol -w build/assets/graphics/pokemon/hydreigon/overworld.png_mwidth_4__mheight_4.4bpp build/assets/graphics/pokemon/hydreigon/overworld.png_mwidth_4__mheight_4.4bpp.smol
tools/compresSmol/compresSmol -w build/assets/graphics/pokemon/hypno/anim_front.png.4bpp build/assets/graphics/pokemon/hypno/anim_front.png.4bpp.smol
tools/compresSmol/compresSmol -w build/assets/graphics/pokemon/hypno/anim_front_gba.png.4bpp build/assets/graphics/pokemon/hypno/anim_front_gba.png.4bpp.smol
tools/compresSmol/compresSmol -w build/assets/graphics/pokemon/hypno/anim_frontf.png.4bpp build/assets/graphics/pokemon/hypno/anim_frontf.png.4bpp.smol
tools/compresSmol/compresSmol -w build/assets/graphics/pokemon/hypno/back.png.4bpp build/assets/graphics/pokemon/hypno/back.png.4bpp.smol
tools/compresSmol/compresSmol -w build/assets/graphics/pokemon/hypno/back_gba.png.4bpp build/assets/graphics/pokemon/hypno/back_gba.png.4bpp.smol
tools/compresSmol/compresSmol -w build/assets/graphics/pokemon/hypno/backf.png.4bpp build/assets/graphics/pokemon/hypno/backf.png.4bpp.smol
tools/compresSmol/compresSmol -w build/assets/graphics/pokemon/hypno/overworld.png_mwidth_4__mheight_4.4bpp build/assets/graphics/pokemon/hypno/overworld.png_mwidth_4__mheight_4.4bpp.smol
tools/compresSmol/compresSmol -w build/assets/graphics/pokemon/hypno/overworldf.png_mwidth_4__mheight_4.4bpp build/assets/graphics/pokemon/hypno/overworldf.png_mwidth_4__mheight_4.4bpp.smol
tools/compresSmol/compresSmol -w build/assets/graphics/pokemon/igglybuff/anim_front.png.4bpp build/assets/graphics/pokemon/igglybuff/anim_front.png.4bpp.smol
tools/compresSmol/compresSmol -w build/assets/graphics/pokemon/igglybuff/anim_front_gba.png.4bpp build/assets/graphics/pokemon/igglybuff/anim_front_gba.png.4bpp.smol
tools/compresSmol/compresSmol -w build/assets/graphics/pokemon/igglybuff/back.png.4bpp build/assets/graphics/pokemon/igglybuff/back.png.4bpp.smol
tools/compresSmol/compresSmol -w build/assets/graphics/pokemon/igglybuff/back_gba.png.4bpp build/assets/graphics/pokemon/igglybuff/back_gba.png.4bpp.smol
tools/compresSmol/compresSmol -w build/assets/graphics/pokemon/igglybuff/overworld.png_mwidth_4__mheight_4.4bpp build/assets/graphics/pokemon/igglybuff/overworld.png_mwidth_4__mheight_4.4bpp.smol
tools/compresSmol/compresSmol -w build/assets/graphics/pokemon/illumise/anim_front.png.4bpp build/assets/graphics/pokemon/illumise/anim_front.png.4bpp.smol
tools/compresSmol/compresSmol -w build/assets/graphics/pokemon/illumise/anim_front_gba.png.4bpp build/assets/graphics/pokemon/illumise/anim_front_gba.png.4bpp.smol
tools/compresSmol/compresSmol -w build/assets/graphics/pokemon/illumise/back.png.4bpp build/assets/graphics/pokemon/illumise/back.png.4bpp.smol
tools/compresSmol/compresSmol -w build/assets/graphics/pokemon/illumise/back_gba.png.4bpp build/assets/graphics/pokemon/illumise/back_gba.png.4bpp.smol
tools/compresSmol/compresSmol -w build/assets/graphics/pokemon/illumise/overworld.png_mwidth_4__mheight_4.4bpp build/assets/graphics/pokemon/illumise/overworld.png_mwidth_4__mheight_4.4bpp.smol
tools/compresSmol/compresSmol -w build/assets/graphics/pokemon/impidimp/back.png.4bpp build/assets/graphics/pokemon/impidimp/back.png.4bpp.smol
tools/compresSmol/compresSmol -w build/assets/graphics/pokemon/impidimp/front.png.4bpp build/assets/graphics/pokemon/impidimp/front.png.4bpp.smol
tools/compresSmol/compresSmol -w build/assets/graphics/pokemon/impidimp/overworld.png_mwidth_4__mheight_4.4bpp build/assets/graphics/pokemon/impidimp/overworld.png_mwidth_4__mheight_4.4bpp.smol
tools/compresSmol/compresSmol -w build/assets/graphics/pokemon/incineroar/back.png.4bpp build/assets/graphics/pokemon/incineroar/back.png.4bpp.smol
tools/compresSmol/compresSmol -w build/assets/graphics/pokemon/incineroar/front.png.4bpp build/assets/graphics/pokemon/incineroar/front.png.4bpp.smol
tools/compresSmol/compresSmol -w build/assets/graphics/pokemon/incineroar/overworld.png_mwidth_4__mheight_4.4bpp build/assets/graphics/pokemon/incineroar/overworld.png_mwidth_4__mheight_4.4bpp.smol
tools/compresSmol/compresSmol -w build/assets/graphics/pokemon/indeedee/back.png.4bpp build/assets/graphics/pokemon/indeedee/back.png.4bpp.smol
tools/compresSmol/compresSmol -w build/assets/graphics/pokemon/indeedee/f/back.png.4bpp build/assets/graphics/pokemon/indeedee/f/back.png.4bpp.smol
tools/compresSmol/compresSmol -w build/assets/graphics/pokemon/indeedee/f/front.png.4bpp build/assets/graphics/pokemon/indeedee/f/front.png.4bpp.smol
tools/compresSmol/compresSmol -w build/assets/graphics/pokemon/indeedee/f/overworld.png_mwidth_4__mheight_4.4bpp build/assets/graphics/pokemon/indeedee/f/overworld.png_mwidth_4__mheight_4.4bpp.smol
tools/compresSmol/compresSmol -w build/assets/graphics/pokemon/indeedee/front.png.4bpp build/assets/graphics/pokemon/indeedee/front.png.4bpp.smol
tools/compresSmol/compresSmol -w build/assets/graphics/pokemon/indeedee/overworld.png_mwidth_4__mheight_4.4bpp build/assets/graphics/pokemon/indeedee/overworld.png_mwidth_4__mheight_4.4bpp.smol
tools/compresSmol/compresSmol -w build/assets/graphics/pokemon/infernape/anim_front.png.4bpp build/assets/graphics/pokemon/infernape/anim_front.png.4bpp.smol
tools/compresSmol/compresSmol -w build/assets/graphics/pokemon/infernape/back.png.4bpp build/assets/graphics/pokemon/infernape/back.png.4bpp.smol
tools/compresSmol/compresSmol -w build/assets/graphics/pokemon/infernape/overworld.png_mwidth_4__mheight_4.4bpp build/assets/graphics/pokemon/infernape/overworld.png_mwidth_4__mheight_4.4bpp.smol
tools/compresSmol/compresSmol -w build/assets/graphics/pokemon/inkay/anim_front.png.4bpp build/assets/graphics/pokemon/inkay/anim_front.png.4bpp.smol
tools/compresSmol/compresSmol -w build/assets/graphics/pokemon/inkay/back.png.4bpp build/assets/graphics/pokemon/inkay/back.png.4bpp.smol
tools/compresSmol/compresSmol -w build/assets/graphics/pokemon/inkay/overworld.png_mwidth_4__mheight_4.4bpp build/assets/graphics/pokemon/inkay/overworld.png_mwidth_4__mheight_4.4bpp.smol
tools/compresSmol/compresSmol -w build/assets/graphics/pokemon/inteleon/back.png.4bpp build/assets/graphics/pokemon/inteleon/back.png.4bpp.smol
tools/compresSmol/compresSmol -w build/assets/graphics/pokemon/inteleon/front.png.4bpp build/assets/graphics/pokemon/inteleon/front.png.4bpp.smol
tools/compresSmol/compresSmol -w build/assets/graphics/pokemon/inteleon/gmax/back.png.4bpp build/assets/graphics/pokemon/inteleon/gmax/back.png.4bpp.smol
tools/compresSmol/compresSmol -w build/assets/graphics/pokemon/inteleon/gmax/front.png.4bpp build/assets/graphics/pokemon/inteleon/gmax/front.png.4bpp.smol
tools/compresSmol/compresSmol -w build/assets/graphics/pokemon/inteleon/overworld.png_mwidth_4__mheight_4.4bpp build/assets/graphics/pokemon/inteleon/overworld.png_mwidth_4__mheight_4.4bpp.smol
tools/compresSmol/compresSmol -w build/assets/graphics/pokemon/iron_boulder/back.png.4bpp build/assets/graphics/pokemon/iron_boulder/back.png.4bpp.smol
tools/compresSmol/compresSmol -w build/assets/graphics/pokemon/iron_boulder/front.png.4bpp build/assets/graphics/pokemon/iron_boulder/front.png.4bpp.smol
tools/compresSmol/compresSmol -w build/assets/graphics/pokemon/iron_boulder/overworld.png_mwidth_4__mheight_4.4bpp build/assets/graphics/pokemon/iron_boulder/overworld.png_mwidth_4__mheight_4.4bpp.smol
tools/compresSmol/compresSmol -w build/assets/graphics/pokemon/iron_bundle/back.png.4bpp build/assets/graphics/pokemon/iron_bundle/back.png.4bpp.smol
tools/compresSmol/compresSmol -w build/assets/graphics/pokemon/iron_bundle/front.png.4bpp build/assets/graphics/pokemon/iron_bundle/front.png.4bpp.smol
tools/compresSmol/compresSmol -w build/assets/graphics/pokemon/iron_bundle/overworld.png_mwidth_4__mheight_4.4bpp build/assets/graphics/pokemon/iron_bundle/overworld.png_mwidth_4__mheight_4.4bpp.smol
tools/compresSmol/compresSmol -w build/assets/graphics/pokemon/iron_crown/back.png.4bpp build/assets/graphics/pokemon/iron_crown/back.png.4bpp.smol
tools/compresSmol/compresSmol -w build/assets/graphics/pokemon/iron_crown/front.png.4bpp build/assets/graphics/pokemon/iron_crown/front.png.4bpp.smol
tools/compresSmol/compresSmol -w build/assets/graphics/pokemon/iron_crown/overworld.png_mwidth_4__mheight_4.4bpp build/assets/graphics/pokemon/iron_crown/overworld.png_mwidth_4__mheight_4.4bpp.smol
tools/compresSmol/compresSmol -w build/assets/graphics/pokemon/iron_hands/back.png.4bpp build/assets/graphics/pokemon/iron_hands/back.png.4bpp.smol
tools/compresSmol/compresSmol -w build/assets/graphics/pokemon/iron_hands/front.png.4bpp build/assets/graphics/pokemon/iron_hands/front.png.4bpp.smol
tools/compresSmol/compresSmol -w build/assets/graphics/pokemon/iron_hands/overworld.png_mwidth_4__mheight_4.4bpp build/assets/graphics/pokemon/iron_hands/overworld.png_mwidth_4__mheight_4.4bpp.smol
tools/compresSmol/compresSmol -w build/assets/graphics/pokemon/iron_jugulis/back.png.4bpp build/assets/graphics/pokemon/iron_jugulis/back.png.4bpp.smol
tools/compresSmol/compresSmol -w build/assets/graphics/pokemon/iron_jugulis/front.png.4bpp build/assets/graphics/pokemon/iron_jugulis/front.png.4bpp.smol
tools/compresSmol/compresSmol -w build/assets/graphics/pokemon/iron_jugulis/overworld.png_mwidth_4__mheight_4.4bpp build/assets/graphics/pokemon/iron_jugulis/overworld.png_mwidth_4__mheight_4.4bpp.smol
tools/compresSmol/compresSmol -w build/assets/graphics/pokemon/iron_leaves/back.png.4bpp build/assets/graphics/pokemon/iron_leaves/back.png.4bpp.smol
tools/compresSmol/compresSmol -w build/assets/graphics/pokemon/iron_leaves/front.png.4bpp build/assets/graphics/pokemon/iron_leaves/front.png.4bpp.smol
tools/compresSmol/compresSmol -w build/assets/graphics/pokemon/iron_leaves/overworld.png_mwidth_4__mheight_4.4bpp build/assets/graphics/pokemon/iron_leaves/overworld.png_mwidth_4__mheight_4.4bpp.smol
tools/compresSmol/compresSmol -w build/assets/graphics/pokemon/iron_moth/back.png.4bpp build/assets/graphics/pokemon/iron_moth/back.png.4bpp.smol
tools/compresSmol/compresSmol -w build/assets/graphics/pokemon/iron_moth/front.png.4bpp build/assets/graphics/pokemon/iron_moth/front.png.4bpp.smol
tools/compresSmol/compresSmol -w build/assets/graphics/pokemon/iron_moth/overworld.png_mwidth_4__mheight_4.4bpp build/assets/graphics/pokemon/iron_moth/overworld.png_mwidth_4__mheight_4.4bpp.smol
tools/compresSmol/compresSmol -w build/assets/graphics/pokemon/iron_thorns/back.png.4bpp build/assets/graphics/pokemon/iron_thorns/back.png.4bpp.smol
tools/compresSmol/compresSmol -w build/assets/graphics/pokemon/iron_thorns/front.png.4bpp build/assets/graphics/pokemon/iron_thorns/front.png.4bpp.smol
tools/compresSmol/compresSmol -w build/assets/graphics/pokemon/iron_thorns/overworld.png_mwidth_4__mheight_4.4bpp build/assets/graphics/pokemon/iron_thorns/overworld.png_mwidth_4__mheight_4.4bpp.smol
tools/compresSmol/compresSmol -w build/assets/graphics/pokemon/iron_treads/back.png.4bpp build/assets/graphics/pokemon/iron_treads/back.png.4bpp.smol
tools/compresSmol/compresSmol -w build/assets/graphics/pokemon/iron_treads/front.png.4bpp build/assets/graphics/pokemon/iron_treads/front.png.4bpp.smol
tools/compresSmol/compresSmol -w build/assets/graphics/pokemon/iron_treads/overworld.png_mwidth_4__mheight_4.4bpp build/assets/graphics/pokemon/iron_treads/overworld.png_mwidth_4__mheight_4.4bpp.smol
tools/compresSmol/compresSmol -w build/assets/graphics/pokemon/iron_valiant/back.png.4bpp build/assets/graphics/pokemon/iron_valiant/back.png.4bpp.smol
tools/compresSmol/compresSmol -w build/assets/graphics/pokemon/iron_valiant/front.png.4bpp build/assets/graphics/pokemon/iron_valiant/front.png.4bpp.smol
tools/compresSmol/compresSmol -w build/assets/graphics/pokemon/iron_valiant/overworld.png_mwidth_4__mheight_4.4bpp build/assets/graphics/pokemon/iron_valiant/overworld.png_mwidth_4__mheight_4.4bpp.smol
tools/compresSmol/compresSmol -w build/assets/graphics/pokemon/ivysaur/anim_front.png.4bpp build/assets/graphics/pokemon/ivysaur/anim_front.png.4bpp.smol
tools/compresSmol/compresSmol -w build/assets/graphics/pokemon/ivysaur/anim_front_gba.png.4bpp build/assets/graphics/pokemon/ivysaur/anim_front_gba.png.4bpp.smol
tools/compresSmol/compresSmol -w build/assets/graphics/pokemon/ivysaur/back.png.4bpp build/assets/graphics/pokemon/ivysaur/back.png.4bpp.smol
tools/compresSmol/compresSmol -w build/assets/graphics/pokemon/ivysaur/back_gba.png.4bpp build/assets/graphics/pokemon/ivysaur/back_gba.png.4bpp.smol
tools/compresSmol/compresSmol -w build/assets/graphics/pokemon/ivysaur/overworld.png_mwidth_4__mheight_4.4bpp build/assets/graphics/pokemon/ivysaur/overworld.png_mwidth_4__mheight_4.4bpp.smol
tools/compresSmol/compresSmol -w build/assets/graphics/pokemon/jangmo_o/anim_front.png.4bpp build/assets/graphics/pokemon/jangmo_o/anim_front.png.4bpp.smol
tools/compresSmol/compresSmol -w build/assets/graphics/pokemon/jangmo_o/back.png.4bpp build/assets/graphics/pokemon/jangmo_o/back.png.4bpp.smol
tools/compresSmol/compresSmol -w build/assets/graphics/pokemon/jangmo_o/overworld.png_mwidth_4__mheight_4.4bpp build/assets/graphics/pokemon/jangmo_o/overworld.png_mwidth_4__mheight_4.4bpp.smol
tools/compresSmol/compresSmol -w build/assets/graphics/pokemon/jellicent/anim_front.png.4bpp build/assets/graphics/pokemon/jellicent/anim_front.png.4bpp.smol
tools/compresSmol/compresSmol -w build/assets/graphics/pokemon/jellicent/anim_frontf.png.4bpp build/assets/graphics/pokemon/jellicent/anim_frontf.png.4bpp.smol
tools/compresSmol/compresSmol -w build/assets/graphics/pokemon/jellicent/back.png.4bpp build/assets/graphics/pokemon/jellicent/back.png.4bpp.smol
tools/compresSmol/compresSmol -w build/assets/graphics/pokemon/jellicent/backf.png.4bpp build/assets/graphics/pokemon/jellicent/backf.png.4bpp.smol
tools/compresSmol/compresSmol -w build/assets/graphics/pokemon/jellicent/overworld.png_mwidth_4__mheight_4.4bpp build/assets/graphics/pokemon/jellicent/overworld.png_mwidth_4__mheight_4.4bpp.smol
tools/compresSmol/compresSmol -w build/assets/graphics/pokemon/jellicent/overworldf.png_mwidth_4__mheight_4.4bpp build/assets/graphics/pokemon/jellicent/overworldf.png_mwidth_4__mheight_4.4bpp.smol
tools/compresSmol/compresSmol -w build/assets/graphics/pokemon/jigglypuff/anim_front.png.4bpp build/assets/graphics/pokemon/jigglypuff/anim_front.png.4bpp.smol
tools/compresSmol/compresSmol -w build/assets/graphics/pokemon/jigglypuff/anim_front_gba.png.4bpp build/assets/graphics/pokemon/jigglypuff/anim_front_gba.png.4bpp.smol
tools/compresSmol/compresSmol -w build/assets/graphics/pokemon/jigglypuff/back.png.4bpp build/assets/graphics/pokemon/jigglypuff/back.png.4bpp.smol
tools/compresSmol/compresSmol -w build/assets/graphics/pokemon/jigglypuff/back_gba.png.4bpp build/assets/graphics/pokemon/jigglypuff/back_gba.png.4bpp.smol
tools/compresSmol/compresSmol -w build/assets/graphics/pokemon/jigglypuff/overworld.png_mwidth_4__mheight_4.4bpp build/assets/graphics/pokemon/jigglypuff/overworld.png_mwidth_4__mheight_4.4bpp.smol
tools/compresSmol/compresSmol -w build/assets/graphics/pokemon/jirachi/anim_front.png.4bpp build/assets/graphics/pokemon/jirachi/anim_front.png.4bpp.smol
tools/compresSmol/compresSmol -w build/assets/graphics/pokemon/jirachi/anim_front_gba.png.4bpp build/assets/graphics/pokemon/jirachi/anim_front_gba.png.4bpp.smol
tools/compresSmol/compresSmol -w build/assets/graphics/pokemon/jirachi/back.png.4bpp build/assets/graphics/pokemon/jirachi/back.png.4bpp.smol
tools/compresSmol/compresSmol -w build/assets/graphics/pokemon/jirachi/back_gba.png.4bpp build/assets/graphics/pokemon/jirachi/back_gba.png.4bpp.smol
tools/compresSmol/compresSmol -w build/assets/graphics/pokemon/jirachi/overworld.png_mwidth_4__mheight_4.4bpp build/assets/graphics/pokemon/jirachi/overworld.png_mwidth_4__mheight_4.4bpp.smol
tools/compresSmol/compresSmol -w build/assets/graphics/pokemon/jolteon/anim_front.png.4bpp build/assets/graphics/pokemon/jolteon/anim_front.png.4bpp.smol
tools/compresSmol/compresSmol -w build/assets/graphics/pokemon/jolteon/anim_front_gba.png.4bpp build/assets/graphics/pokemon/jolteon/anim_front_gba.png.4bpp.smol
tools/compresSmol/compresSmol -w build/assets/graphics/pokemon/jolteon/back.png.4bpp build/assets/graphics/pokemon/jolteon/back.png.4bpp.smol
tools/compresSmol/compresSmol -w build/assets/graphics/pokemon/jolteon/back_gba.png.4bpp build/assets/graphics/pokemon/jolteon/back_gba.png.4bpp.smol
tools/compresSmol/compresSmol -w build/assets/graphics/pokemon/jolteon/overworld.png_mwidth_4__mheight_4.4bpp build/assets/graphics/pokemon/jolteon/overworld.png_mwidth_4__mheight_4.4bpp.smol
tools/compresSmol/compresSmol -w build/assets/graphics/pokemon/joltik/anim_front.png.4bpp build/assets/graphics/pokemon/joltik/anim_front.png.4bpp.smol
tools/compresSmol/compresSmol -w build/assets/graphics/pokemon/joltik/back.png.4bpp build/assets/graphics/pokemon/joltik/back.png.4bpp.smol
tools/compresSmol/compresSmol -w build/assets/graphics/pokemon/joltik/overworld.png_mwidth_4__mheight_4.4bpp build/assets/graphics/pokemon/joltik/overworld.png_mwidth_4__mheight_4.4bpp.smol
tools/compresSmol/compresSmol -w build/assets/graphics/pokemon/jumpluff/anim_front.png.4bpp build/assets/graphics/pokemon/jumpluff/anim_front.png.4bpp.smol
tools/compresSmol/compresSmol -w build/assets/graphics/pokemon/jumpluff/anim_front_gba.png.4bpp build/assets/graphics/pokemon/jumpluff/anim_front_gba.png.4bpp.smol
tools/compresSmol/compresSmol -w build/assets/graphics/pokemon/jumpluff/back.png.4bpp build/assets/graphics/pokemon/jumpluff/back.png.4bpp.smol
tools/compresSmol/compresSmol -w build/assets/graphics/pokemon/jumpluff/back_gba.png.4bpp build/assets/graphics/pokemon/jumpluff/back_gba.png.4bpp.smol
tools/compresSmol/compresSmol -w build/assets/graphics/pokemon/jumpluff/overworld.png_mwidth_4__mheight_4.4bpp build/assets/graphics/pokemon/jumpluff/overworld.png_mwidth_4__mheight_4.4bpp.smol
tools/compresSmol/compresSmol -w build/assets/graphics/pokemon/jynx/anim_front.png.4bpp build/assets/graphics/pokemon/jynx/anim_front.png.4bpp.smol
tools/compresSmol/compresSmol -w build/assets/graphics/pokemon/jynx/anim_front_gba.png.4bpp build/assets/graphics/pokemon/jynx/anim_front_gba.png.4bpp.smol
tools/compresSmol/compresSmol -w build/assets/graphics/pokemon/jynx/back.png.4bpp build/assets/graphics/pokemon/jynx/back.png.4bpp.smol
tools/compresSmol/compresSmol -w build/assets/graphics/pokemon/jynx/back_gba.png.4bpp build/assets/graphics/pokemon/jynx/back_gba.png.4bpp.smol
tools/compresSmol/compresSmol -w build/assets/graphics/pokemon/jynx/overworld.png_mwidth_4__mheight_4.4bpp build/assets/graphics/pokemon/jynx/overworld.png_mwidth_4__mheight_4.4bpp.smol
tools/compresSmol/compresSmol -w build/assets/graphics/pokemon/kabuto/anim_front.png.4bpp build/assets/graphics/pokemon/kabuto/anim_front.png.4bpp.smol
tools/compresSmol/compresSmol -w build/assets/graphics/pokemon/kabuto/anim_front_gba.png.4bpp build/assets/graphics/pokemon/kabuto/anim_front_gba.png.4bpp.smol
tools/compresSmol/compresSmol -w build/assets/graphics/pokemon/kabuto/back.png.4bpp build/assets/graphics/pokemon/kabuto/back.png.4bpp.smol
tools/compresSmol/compresSmol -w build/assets/graphics/pokemon/kabuto/back_gba.png.4bpp build/assets/graphics/pokemon/kabuto/back_gba.png.4bpp.smol
tools/compresSmol/compresSmol -w build/assets/graphics/pokemon/kabuto/overworld.png_mwidth_4__mheight_4.4bpp build/assets/graphics/pokemon/kabuto/overworld.png_mwidth_4__mheight_4.4bpp.smol
tools/compresSmol/compresSmol -w build/assets/graphics/pokemon/kabutops/anim_front.png.4bpp build/assets/graphics/pokemon/kabutops/anim_front.png.4bpp.smol
tools/compresSmol/compresSmol -w build/assets/graphics/pokemon/kabutops/anim_front_gba.png.4bpp build/assets/graphics/pokemon/kabutops/anim_front_gba.png.4bpp.smol
tools/compresSmol/compresSmol -w build/assets/graphics/pokemon/kabutops/back.png.4bpp build/assets/graphics/pokemon/kabutops/back.png.4bpp.smol
tools/compresSmol/compresSmol -w build/assets/graphics/pokemon/kabutops/back_gba.png.4bpp build/assets/graphics/pokemon/kabutops/back_gba.png.4bpp.smol
tools/compresSmol/compresSmol -w build/assets/graphics/pokemon/kabutops/overworld.png_mwidth_4__mheight_4.4bpp build/assets/graphics/pokemon/kabutops/overworld.png_mwidth_4__mheight_4.4bpp.smol
tools/compresSmol/compresSmol -w build/assets/graphics/pokemon/kadabra/anim_front.png.4bpp build/assets/graphics/pokemon/kadabra/anim_front.png.4bpp.smol
tools/compresSmol/compresSmol -w build/assets/graphics/pokemon/kadabra/anim_front_gba.png.4bpp build/assets/graphics/pokemon/kadabra/anim_front_gba.png.4bpp.smol
tools/compresSmol/compresSmol -w build/assets/graphics/pokemon/kadabra/anim_frontf.png.4bpp build/assets/graphics/pokemon/kadabra/anim_frontf.png.4bpp.smol
tools/compresSmol/compresSmol -w build/assets/graphics/pokemon/kadabra/back.png.4bpp build/assets/graphics/pokemon/kadabra/back.png.4bpp.smol
tools/compresSmol/compresSmol -w build/assets/graphics/pokemon/kadabra/back_gba.png.4bpp build/assets/graphics/pokemon/kadabra/back_gba.png.4bpp.smol
tools/compresSmol/compresSmol -w build/assets/graphics/pokemon/kadabra/backf.png.4bpp build/assets/graphics/pokemon/kadabra/backf.png.4bpp.smol
tools/compresSmol/compresSmol -w build/assets/graphics/pokemon/kadabra/overworld.png_mwidth_4__mheight_4.4bpp build/assets/graphics/pokemon/kadabra/overworld.png_mwidth_4__mheight_4.4bpp.smol
tools/compresSmol/compresSmol -w build/assets/graphics/pokemon/kadabra/overworldf.png_mwidth_4__mheight_4.4bpp build/assets/graphics/pokemon/kadabra/overworldf.png_mwidth_4__mheight_4.4bpp.smol
tools/compresSmol/compresSmol -w build/assets/graphics/pokemon/kakuna/anim_front.png.4bpp build/assets/graphics/pokemon/kakuna/anim_front.png.4bpp.smol
tools/compresSmol/compresSmol -w build/assets/graphics/pokemon/kakuna/anim_front_gba.png.4bpp build/assets/graphics/pokemon/kakuna/anim_front_gba.png.4bpp.smol
tools/compresSmol/compresSmol -w build/assets/graphics/pokemon/kakuna/back.png.4bpp build/assets/graphics/pokemon/kakuna/back.png.4bpp.smol
tools/compresSmol/compresSmol -w build/assets/graphics/pokemon/kakuna/back_gba.png.4bpp build/assets/graphics/pokemon/kakuna/back_gba.png.4bpp.smol
tools/compresSmol/compresSmol -w build/assets/graphics/pokemon/kakuna/overworld.png_mwidth_4__mheight_4.4bpp build/assets/graphics/pokemon/kakuna/overworld.png_mwidth_4__mheight_4.4bpp.smol
tools/compresSmol/compresSmol -w build/assets/graphics/pokemon/kangaskhan/anim_front.png.4bpp build/assets/graphics/pokemon/kangaskhan/anim_front.png.4bpp.smol
tools/compresSmol/compresSmol -w build/assets/graphics/pokemon/kangaskhan/anim_front_gba.png.4bpp build/assets/graphics/pokemon/kangaskhan/anim_front_gba.png.4bpp.smol
tools/compresSmol/compresSmol -w build/assets/graphics/pokemon/kangaskhan/back.png.4bpp build/assets/graphics/pokemon/kangaskhan/back.png.4bpp.smol
tools/compresSmol/compresSmol -w build/assets/graphics/pokemon/kangaskhan/back_gba.png.4bpp build/assets/graphics/pokemon/kangaskhan/back_gba.png.4bpp.smol
tools/compresSmol/compresSmol -w build/assets/graphics/pokemon/kangaskhan/mega/back.png.4bpp build/assets/graphics/pokemon/kangaskhan/mega/back.png.4bpp.smol
tools/compresSmol/compresSmol -w build/assets/graphics/pokemon/kangaskhan/mega/front.png.4bpp build/assets/graphics/pokemon/kangaskhan/mega/front.png.4bpp.smol
tools/compresSmol/compresSmol -w build/assets/graphics/pokemon/kangaskhan/mega/overworld.png_mwidth_4__mheight_4.4bpp build/assets/graphics/pokemon/kangaskhan/mega/overworld.png_mwidth_4__mheight_4.4bpp.smol
tools/compresSmol/compresSmol -w build/assets/graphics/pokemon/kangaskhan/overworld.png_mwidth_4__mheight_4.4bpp build/assets/graphics/pokemon/kangaskhan/overworld.png_mwidth_4__mheight_4.4bpp.smol
tools/compresSmol/compresSmol -w build/assets/graphics/pokemon/karrablast/anim_front.png.4bpp build/assets/graphics/pokemon/karrablast/anim_front.png.4bpp.smol
tools/compresSmol/compresSmol -w build/assets/graphics/pokemon/karrablast/back.png.4bpp build/assets/graphics/pokemon/karrablast/back.png.4bpp.smol
tools/compresSmol/compresSmol -w build/assets/graphics/pokemon/karrablast/overworld.png_mwidth_4__mheight_4.4bpp build/assets/graphics/pokemon/karrablast/overworld.png_mwidth_4__mheight_4.4bpp.smol
tools/compresSmol/compresSmol -w build/assets/graphics/pokemon/kartana/back.png.4bpp build/assets/graphics/pokemon/kartana/back.png.4bpp.smol
tools/compresSmol/compresSmol -w build/assets/graphics/pokemon/kartana/front.png.4bpp build/assets/graphics/pokemon/kartana/front.png.4bpp.smol
tools/compresSmol/compresSmol -w build/assets/graphics/pokemon/kartana/overworld.png_mwidth_4__mheight_4.4bpp build/assets/graphics/pokemon/kartana/overworld.png_mwidth_4__mheight_4.4bpp.smol
tools/compresSmol/compresSmol -w build/assets/graphics/pokemon/kecleon/anim_front.png.4bpp build/assets/graphics/pokemon/kecleon/anim_front.png.4bpp.smol
tools/compresSmol/compresSmol -w build/assets/graphics/pokemon/kecleon/anim_front_gba.png.4bpp build/assets/graphics/pokemon/kecleon/anim_front_gba.png.4bpp.smol
tools/compresSmol/compresSmol -w build/assets/graphics/pokemon/kecleon/back.png.4bpp build/assets/graphics/pokemon/kecleon/back.png.4bpp.smol
tools/compresSmol/compresSmol -w build/assets/graphics/pokemon/kecleon/back_gba.png.4bpp build/assets/graphics/pokemon/kecleon/back_gba.png.4bpp.smol
tools/compresSmol/compresSmol -w build/assets/graphics/pokemon/kecleon/overworld.png_mwidth_4__mheight_4.4bpp build/assets/graphics/pokemon/kecleon/overworld.png_mwidth_4__mheight_4.4bpp.smol
tools/compresSmol/compresSmol -w build/assets/graphics/pokemon/keldeo/anim_front.png.4bpp build/assets/graphics/pokemon/keldeo/anim_front.png.4bpp.smol
tools/compresSmol/compresSmol -w build/assets/graphics/pokemon/keldeo/back.png.4bpp build/assets/graphics/pokemon/keldeo/back.png.4bpp.smol
tools/compresSmol/compresSmol -w build/assets/graphics/pokemon/keldeo/overworld.png_mwidth_4__mheight_4.4bpp build/assets/graphics/pokemon/keldeo/overworld.png_mwidth_4__mheight_4.4bpp.smol
tools/compresSmol/compresSmol -w build/assets/graphics/pokemon/keldeo/resolute/anim_front.png.4bpp build/assets/graphics/pokemon/keldeo/resolute/anim_front.png.4bpp.smol
tools/compresSmol/compresSmol -w build/assets/graphics/pokemon/keldeo/resolute/back.png.4bpp build/assets/graphics/pokemon/keldeo/resolute/back.png.4bpp.smol
tools/compresSmol/compresSmol -w build/assets/graphics/pokemon/kilowattrel/back.png.4bpp build/assets/graphics/pokemon/kilowattrel/back.png.4bpp.smol
tools/compresSmol/compresSmol -w build/assets/graphics/pokemon/kilowattrel/front.png.4bpp build/assets/graphics/pokemon/kilowattrel/front.png.4bpp.smol
tools/compresSmol/compresSmol -w build/assets/graphics/pokemon/kilowattrel/overworld.png_mwidth_4__mheight_4.4bpp build/assets/graphics/pokemon/kilowattrel/overworld.png_mwidth_4__mheight_4.4bpp.smol
tools/compresSmol/compresSmol -w build/assets/graphics/pokemon/kingambit/back.png.4bpp build/assets/graphics/pokemon/kingambit/back.png.4bpp.smol
tools/compresSmol/compresSmol -w build/assets/graphics/pokemon/kingambit/front.png.4bpp build/assets/graphics/pokemon/kingambit/front.png.4bpp.smol
tools/compresSmol/compresSmol -w build/assets/graphics/pokemon/kingambit/overworld.png_mwidth_8__mheight_8.4bpp build/assets/graphics/pokemon/kingambit/overworld.png_mwidth_8__mheight_8.4bpp.smol
tools/compresSmol/compresSmol -w build/assets/graphics/pokemon/kingdra/anim_front.png.4bpp build/assets/graphics/pokemon/kingdra/anim_front.png.4bpp.smol
tools/compresSmol/compresSmol -w build/assets/graphics/pokemon/kingdra/anim_front_gba.png.4bpp build/assets/graphics/pokemon/kingdra/anim_front_gba.png.4bpp.smol
tools/compresSmol/compresSmol -w build/assets/graphics/pokemon/kingdra/back.png.4bpp build/assets/graphics/pokemon/kingdra/back.png.4bpp.smol
tools/compresSmol/compresSmol -w build/assets/graphics/pokemon/kingdra/back_gba.png.4bpp build/assets/graphics/pokemon/kingdra/back_gba.png.4bpp.smol
tools/compresSmol/compresSmol -w build/assets/graphics/pokemon/kingdra/overworld.png_mwidth_4__mheight_4.4bpp build/assets/graphics/pokemon/kingdra/overworld.png_mwidth_4__mheight_4.4bpp.smol
tools/compresSmol/compresSmol -w build/assets/graphics/pokemon/kingler/anim_front.png.4bpp build/assets/graphics/pokemon/kingler/anim_front.png.4bpp.smol
tools/compresSmol/compresSmol -w build/assets/graphics/pokemon/kingler/anim_front_gba.png.4bpp build/assets/graphics/pokemon/kingler/anim_front_gba.png.4bpp.smol
tools/compresSmol/compresSmol -w build/assets/graphics/pokemon/kingler/back.png.4bpp build/assets/graphics/pokemon/kingler/back.png.4bpp.smol
tools/compresSmol/compresSmol -w build/assets/graphics/pokemon/kingler/back_gba.png.4bpp build/assets/graphics/pokemon/kingler/back_gba.png.4bpp.smol
tools/compresSmol/compresSmol -w build/assets/graphics/pokemon/kingler/gmax/back.png.4bpp build/assets/graphics/pokemon/kingler/gmax/back.png.4bpp.smol
tools/compresSmol/compresSmol -w build/assets/graphics/pokemon/kingler/gmax/front.png.4bpp build/assets/graphics/pokemon/kingler/gmax/front.png.4bpp.smol
tools/compresSmol/compresSmol -w build/assets/graphics/pokemon/kingler/overworld.png_mwidth_4__mheight_4.4bpp build/assets/graphics/pokemon/kingler/overworld.png_mwidth_4__mheight_4.4bpp.smol
tools/compresSmol/compresSmol -w build/assets/graphics/pokemon/kirlia/anim_front.png.4bpp build/assets/graphics/pokemon/kirlia/anim_front.png.4bpp.smol
tools/compresSmol/compresSmol -w build/assets/graphics/pokemon/kirlia/anim_front_gba.png.4bpp build/assets/graphics/pokemon/kirlia/anim_front_gba.png.4bpp.smol
tools/compresSmol/compresSmol -w build/assets/graphics/pokemon/kirlia/back.png.4bpp build/assets/graphics/pokemon/kirlia/back.png.4bpp.smol
tools/compresSmol/compresSmol -w build/assets/graphics/pokemon/kirlia/back_gba.png.4bpp build/assets/graphics/pokemon/kirlia/back_gba.png.4bpp.smol
tools/compresSmol/compresSmol -w build/assets/graphics/pokemon/kirlia/overworld.png_mwidth_4__mheight_4.4bpp build/assets/graphics/pokemon/kirlia/overworld.png_mwidth_4__mheight_4.4bpp.smol
tools/compresSmol/compresSmol -w build/assets/graphics/pokemon/klang/anim_front.png.4bpp build/assets/graphics/pokemon/klang/anim_front.png.4bpp.smol
tools/compresSmol/compresSmol -w build/assets/graphics/pokemon/klang/back.png.4bpp build/assets/graphics/pokemon/klang/back.png.4bpp.smol
tools/compresSmol/compresSmol -w build/assets/graphics/pokemon/klang/overworld.png_mwidth_4__mheight_4.4bpp build/assets/graphics/pokemon/klang/overworld.png_mwidth_4__mheight_4.4bpp.smol
tools/compresSmol/compresSmol -w build/assets/graphics/pokemon/klawf/back.png.4bpp build/assets/graphics/pokemon/klawf/back.png.4bpp.smol
tools/compresSmol/compresSmol -w build/assets/graphics/pokemon/klawf/front.png.4bpp build/assets/graphics/pokemon/klawf/front.png.4bpp.smol
tools/compresSmol/compresSmol -w build/assets/graphics/pokemon/klawf/overworld.png_mwidth_4__mheight_4.4bpp build/assets/graphics/pokemon/klawf/overworld.png_mwidth_4__mheight_4.4bpp.smol
tools/compresSmol/compresSmol -w build/assets/graphics/pokemon/kleavor/back.png.4bpp build/assets/graphics/pokemon/kleavor/back.png.4bpp.smol
tools/compresSmol/compresSmol -w build/assets/graphics/pokemon/kleavor/front.png.4bpp build/assets/graphics/pokemon/kleavor/front.png.4bpp.smol
tools/compresSmol/compresSmol -w build/assets/graphics/pokemon/kleavor/overworld.png_mwidth_4__mheight_4.4bpp build/assets/graphics/pokemon/kleavor/overworld.png_mwidth_4__mheight_4.4bpp.smol
tools/compresSmol/compresSmol -w build/assets/graphics/pokemon/klefki/anim_front.png.4bpp build/assets/graphics/pokemon/klefki/anim_front.png.4bpp.smol
tools/compresSmol/compresSmol -w build/assets/graphics/pokemon/klefki/back.png.4bpp build/assets/graphics/pokemon/klefki/back.png.4bpp.smol
tools/compresSmol/compresSmol -w build/assets/graphics/pokemon/klefki/overworld.png_mwidth_4__mheight_4.4bpp build/assets/graphics/pokemon/klefki/overworld.png_mwidth_4__mheight_4.4bpp.smol
tools/compresSmol/compresSmol -w build/assets/graphics/pokemon/klink/anim_front.png.4bpp build/assets/graphics/pokemon/klink/anim_front.png.4bpp.smol
tools/compresSmol/compresSmol -w build/assets/graphics/pokemon/klink/back.png.4bpp build/assets/graphics/pokemon/klink/back.png.4bpp.smol
tools/compresSmol/compresSmol -w build/assets/graphics/pokemon/klink/overworld.png_mwidth_4__mheight_4.4bpp build/assets/graphics/pokemon/klink/overworld.png_mwidth_4__mheight_4.4bpp.smol
tools/compresSmol/compresSmol -w build/assets/graphics/pokemon/klinklang/anim_front.png.4bpp build/assets/graphics/pokemon/klinklang/anim_front.png.4bpp.smol
tools/compresSmol/compresSmol -w build/assets/graphics/pokemon/klinklang/back.png.4bpp build/assets/graphics/pokemon/klinklang/back.png.4bpp.smol
tools/compresSmol/compresSmol -w build/assets/graphics/pokemon/klinklang/overworld.png_mwidth_4__mheight_4.4bpp build/assets/graphics/pokemon/klinklang/overworld.png_mwidth_4__mheight_4.4bpp.smol
tools/compresSmol/compresSmol -w build/assets/graphics/pokemon/koffing/anim_front.png.4bpp build/assets/graphics/pokemon/koffing/anim_front.png.4bpp.smol
tools/compresSmol/compresSmol -w build/assets/graphics/pokemon/koffing/anim_front_gba.png.4bpp build/assets/graphics/pokemon/koffing/anim_front_gba.png.4bpp.smol
tools/compresSmol/compresSmol -w build/assets/graphics/pokemon/koffing/back.png.4bpp build/assets/graphics/pokemon/koffing/back.png.4bpp.smol
tools/compresSmol/compresSmol -w build/assets/graphics/pokemon/koffing/back_gba.png.4bpp build/assets/graphics/pokemon/koffing/back_gba.png.4bpp.smol
tools/compresSmol/compresSmol -w build/assets/graphics/pokemon/koffing/overworld.png_mwidth_4__mheight_4.4bpp build/assets/graphics/pokemon/koffing/overworld.png_mwidth_4__mheight_4.4bpp.smol
tools/compresSmol/compresSmol -w build/assets/graphics/pokemon/komala/back.png.4bpp build/assets/graphics/pokemon/komala/back.png.4bpp.smol
tools/compresSmol/compresSmol -w build/assets/graphics/pokemon/komala/front.png.4bpp build/assets/graphics/pokemon/komala/front.png.4bpp.smol
tools/compresSmol/compresSmol -w build/assets/graphics/pokemon/komala/overworld.png_mwidth_4__mheight_4.4bpp build/assets/graphics/pokemon/komala/overworld.png_mwidth_4__mheight_4.4bpp.smol
tools/compresSmol/compresSmol -w build/assets/graphics/pokemon/kommo_o/anim_front.png.4bpp build/assets/graphics/pokemon/kommo_o/anim_front.png.4bpp.smol
tools/compresSmol/compresSmol -w build/assets/graphics/pokemon/kommo_o/back.png.4bpp build/assets/graphics/pokemon/kommo_o/back.png.4bpp.smol
tools/compresSmol/compresSmol -w build/assets/graphics/pokemon/kommo_o/overworld.png_mwidth_4__mheight_4.4bpp build/assets/graphics/pokemon/kommo_o/overworld.png_mwidth_4__mheight_4.4bpp.smol
tools/compresSmol/compresSmol -w build/assets/graphics/pokemon/koraidon/back.png.4bpp build/assets/graphics/pokemon/koraidon/back.png.4bpp.smol
tools/compresSmol/compresSmol -w build/assets/graphics/pokemon/koraidon/front.png.4bpp build/assets/graphics/pokemon/koraidon/front.png.4bpp.smol
tools/compresSmol/compresSmol -w build/assets/graphics/pokemon/koraidon/overworld.png_mwidth_8__mheight_8.4bpp build/assets/graphics/pokemon/koraidon/overworld.png_mwidth_8__mheight_8.4bpp.smol
tools/compresSmol/compresSmol -w build/assets/graphics/pokemon/krabby/anim_front.png.4bpp build/assets/graphics/pokemon/krabby/anim_front.png.4bpp.smol
tools/compresSmol/compresSmol -w build/assets/graphics/pokemon/krabby/anim_front_gba.png.4bpp build/assets/graphics/pokemon/krabby/anim_front_gba.png.4bpp.smol
tools/compresSmol/compresSmol -w build/assets/graphics/pokemon/krabby/back.png.4bpp build/assets/graphics/pokemon/krabby/back.png.4bpp.smol
tools/compresSmol/compresSmol -w build/assets/graphics/pokemon/krabby/back_gba.png.4bpp build/assets/graphics/pokemon/krabby/back_gba.png.4bpp.smol
tools/compresSmol/compresSmol -w build/assets/graphics/pokemon/krabby/overworld.png_mwidth_4__mheight_4.4bpp build/assets/graphics/pokemon/krabby/overworld.png_mwidth_4__mheight_4.4bpp.smol
tools/compresSmol/compresSmol -w build/assets/graphics/pokemon/kricketot/anim_front.png.4bpp build/assets/graphics/pokemon/kricketot/anim_front.png.4bpp.smol
tools/compresSmol/compresSmol -w build/assets/graphics/pokemon/kricketot/anim_frontf.png.4bpp build/assets/graphics/pokemon/kricketot/anim_frontf.png.4bpp.smol
tools/compresSmol/compresSmol -w build/assets/graphics/pokemon/kricketot/back.png.4bpp build/assets/graphics/pokemon/kricketot/back.png.4bpp.smol
tools/compresSmol/compresSmol -w build/assets/graphics/pokemon/kricketot/backf.png.4bpp build/assets/graphics/pokemon/kricketot/backf.png.4bpp.smol
tools/compresSmol/compresSmol -w build/assets/graphics/pokemon/kricketot/overworld.png_mwidth_4__mheight_4.4bpp build/assets/graphics/pokemon/kricketot/overworld.png_mwidth_4__mheight_4.4bpp.smol
tools/compresSmol/compresSmol -w build/assets/graphics/pokemon/kricketot/overworldf.png_mwidth_4__mheight_4.4bpp build/assets/graphics/pokemon/kricketot/overworldf.png_mwidth_4__mheight_4.4bpp.smol
tools/compresSmol/compresSmol -w build/assets/graphics/pokemon/kricketune/anim_front.png.4bpp build/assets/graphics/pokemon/kricketune/anim_front.png.4bpp.smol
tools/compresSmol/compresSmol -w build/assets/graphics/pokemon/kricketune/anim_frontf.png.4bpp build/assets/graphics/pokemon/kricketune/anim_frontf.png.4bpp.smol
tools/compresSmol/compresSmol -w build/assets/graphics/pokemon/kricketune/back.png.4bpp build/assets/graphics/pokemon/kricketune/back.png.4bpp.smol
tools/compresSmol/compresSmol -w build/assets/graphics/pokemon/kricketune/backf.png.4bpp build/assets/graphics/pokemon/kricketune/backf.png.4bpp.smol
tools/compresSmol/compresSmol -w build/assets/graphics/pokemon/kricketune/overworld.png_mwidth_4__mheight_4.4bpp build/assets/graphics/pokemon/kricketune/overworld.png_mwidth_4__mheight_4.4bpp.smol
tools/compresSmol/compresSmol -w build/assets/graphics/pokemon/kricketune/overworldf.png_mwidth_4__mheight_4.4bpp build/assets/graphics/pokemon/kricketune/overworldf.png_mwidth_4__mheight_4.4bpp.smol
tools/compresSmol/compresSmol -w build/assets/graphics/pokemon/krokorok/anim_front.png.4bpp build/assets/graphics/pokemon/krokorok/anim_front.png.4bpp.smol
tools/compresSmol/compresSmol -w build/assets/graphics/pokemon/krokorok/back.png.4bpp build/assets/graphics/pokemon/krokorok/back.png.4bpp.smol
tools/compresSmol/compresSmol -w build/assets/graphics/pokemon/krokorok/overworld.png_mwidth_4__mheight_4.4bpp build/assets/graphics/pokemon/krokorok/overworld.png_mwidth_4__mheight_4.4bpp.smol
tools/compresSmol/compresSmol -w build/assets/graphics/pokemon/krookodile/anim_front.png.4bpp build/assets/graphics/pokemon/krookodile/anim_front.png.4bpp.smol
tools/compresSmol/compresSmol -w build/assets/graphics/pokemon/krookodile/back.png.4bpp build/assets/graphics/pokemon/krookodile/back.png.4bpp.smol
tools/compresSmol/compresSmol -w build/assets/graphics/pokemon/krookodile/overworld.png_mwidth_4__mheight_4.4bpp build/assets/graphics/pokemon/krookodile/overworld.png_mwidth_4__mheight_4.4bpp.smol
tools/compresSmol/compresSmol -w build/assets/graphics/pokemon/kubfu/back.png.4bpp build/assets/graphics/pokemon/kubfu/back.png.4bpp.smol
tools/compresSmol/compresSmol -w build/assets/graphics/pokemon/kubfu/front.png.4bpp build/assets/graphics/pokemon/kubfu/front.png.4bpp.smol
tools/compresSmol/compresSmol -w build/assets/graphics/pokemon/kubfu/overworld.png_mwidth_4__mheight_4.4bpp build/assets/graphics/pokemon/kubfu/overworld.png_mwidth_4__mheight_4.4bpp.smol
tools/compresSmol/compresSmol -w build/assets/graphics/pokemon/kyogre/anim_front.png.4bpp build/assets/graphics/pokemon/kyogre/anim_front.png.4bpp.smol
tools/compresSmol/compresSmol -w build/assets/graphics/pokemon/kyogre/anim_front_gba.png.4bpp build/assets/graphics/pokemon/kyogre/anim_front_gba.png.4bpp.smol
tools/compresSmol/compresSmol -w build/assets/graphics/pokemon/kyogre/back.png.4bpp build/assets/graphics/pokemon/kyogre/back.png.4bpp.smol
tools/compresSmol/compresSmol -w build/assets/graphics/pokemon/kyogre/back_gba.png.4bpp build/assets/graphics/pokemon/kyogre/back_gba.png.4bpp.smol
tools/compresSmol/compresSmol -w build/assets/graphics/pokemon/kyogre/overworld.png_mwidth_8__mheight_8.4bpp build/assets/graphics/pokemon/kyogre/overworld.png_mwidth_8__mheight_8.4bpp.smol
tools/compresSmol/compresSmol -w build/assets/graphics/pokemon/kyogre/primal/back.png.4bpp build/assets/graphics/pokemon/kyogre/primal/back.png.4bpp.smol
tools/compresSmol/compresSmol -w build/assets/graphics/pokemon/kyogre/primal/front.png.4bpp build/assets/graphics/pokemon/kyogre/primal/front.png.4bpp.smol
tools/compresSmol/compresSmol -w build/assets/graphics/pokemon/kyogre/primal/overworld.png_mwidth_8__mheight_8.4bpp build/assets/graphics/pokemon/kyogre/primal/overworld.png_mwidth_8__mheight_8.4bpp.smol
tools/compresSmol/compresSmol -w build/assets/graphics/pokemon/kyurem/anim_front.png.4bpp build/assets/graphics/pokemon/kyurem/anim_front.png.4bpp.smol
tools/compresSmol/compresSmol -w build/assets/graphics/pokemon/kyurem/back.png.4bpp build/assets/graphics/pokemon/kyurem/back.png.4bpp.smol
tools/compresSmol/compresSmol -w build/assets/graphics/pokemon/kyurem/black/anim_front.png.4bpp build/assets/graphics/pokemon/kyurem/black/anim_front.png.4bpp.smol
tools/compresSmol/compresSmol -w build/assets/graphics/pokemon/kyurem/black/back.png.4bpp build/assets/graphics/pokemon/kyurem/black/back.png.4bpp.smol
tools/compresSmol/compresSmol -w build/assets/graphics/pokemon/kyurem/black/overworld.png_mwidth_4__mheight_4.4bpp build/assets/graphics/pokemon/kyurem/black/overworld.png_mwidth_4__mheight_4.4bpp.smol
tools/compresSmol/compresSmol -w build/assets/graphics/pokemon/kyurem/overworld.png_mwidth_8__mheight_8.4bpp build/assets/graphics/pokemon/kyurem/overworld.png_mwidth_8__mheight_8.4bpp.smol
tools/compresSmol/compresSmol -w build/assets/graphics/pokemon/kyurem/white/anim_front.png.4bpp build/assets/graphics/pokemon/kyurem/white/anim_front.png.4bpp.smol
tools/compresSmol/compresSmol -w build/assets/graphics/pokemon/kyurem/white/back.png.4bpp build/assets/graphics/pokemon/kyurem/white/back.png.4bpp.smol
tools/compresSmol/compresSmol -w build/assets/graphics/pokemon/kyurem/white/overworld.png_mwidth_4__mheight_4.4bpp build/assets/graphics/pokemon/kyurem/white/overworld.png_mwidth_4__mheight_4.4bpp.smol
tools/compresSmol/compresSmol -w build/assets/graphics/pokemon/lairon/anim_front.png.4bpp build/assets/graphics/pokemon/lairon/anim_front.png.4bpp.smol
tools/compresSmol/compresSmol -w build/assets/graphics/pokemon/lairon/anim_front_gba.png.4bpp build/assets/graphics/pokemon/lairon/anim_front_gba.png.4bpp.smol
tools/compresSmol/compresSmol -w build/assets/graphics/pokemon/lairon/back.png.4bpp build/assets/graphics/pokemon/lairon/back.png.4bpp.smol
tools/compresSmol/compresSmol -w build/assets/graphics/pokemon/lairon/back_gba.png.4bpp build/assets/graphics/pokemon/lairon/back_gba.png.4bpp.smol
tools/compresSmol/compresSmol -w build/assets/graphics/pokemon/lairon/overworld.png_mwidth_4__mheight_4.4bpp build/assets/graphics/pokemon/lairon/overworld.png_mwidth_4__mheight_4.4bpp.smol
tools/compresSmol/compresSmol -w build/assets/graphics/pokemon/lampent/anim_front.png.4bpp build/assets/graphics/pokemon/lampent/anim_front.png.4bpp.smol
tools/compresSmol/compresSmol -w build/assets/graphics/pokemon/lampent/back.png.4bpp build/assets/graphics/pokemon/lampent/back.png.4bpp.smol
tools/compresSmol/compresSmol -w build/assets/graphics/pokemon/lampent/overworld.png_mwidth_4__mheight_4.4bpp build/assets/graphics/pokemon/lampent/overworld.png_mwidth_4__mheight_4.4bpp.smol
tools/compresSmol/compresSmol -w build/assets/graphics/pokemon/landorus/anim_front.png.4bpp build/assets/graphics/pokemon/landorus/anim_front.png.4bpp.smol
tools/compresSmol/compresSmol -w build/assets/graphics/pokemon/landorus/back.png.4bpp build/assets/graphics/pokemon/landorus/back.png.4bpp.smol
tools/compresSmol/compresSmol -w build/assets/graphics/pokemon/landorus/overworld.png_mwidth_4__mheight_4.4bpp build/assets/graphics/pokemon/landorus/overworld.png_mwidth_4__mheight_4.4bpp.smol
tools/compresSmol/compresSmol -w build/assets/graphics/pokemon/landorus/therian/anim_front.png.4bpp build/assets/graphics/pokemon/landorus/therian/anim_front.png.4bpp.smol
tools/compresSmol/compresSmol -w build/assets/graphics/pokemon/landorus/therian/back.png.4bpp build/assets/graphics/pokemon/landorus/therian/back.png.4bpp.smol
tools/compresSmol/compresSmol -w build/assets/graphics/pokemon/landorus/therian/overworld.png_mwidth_4__mheight_4.4bpp build/assets/graphics/pokemon/landorus/therian/overworld.png_mwidth_4__mheight_4.4bpp.smol
tools/compresSmol/compresSmol -w build/assets/graphics/pokemon/lanturn/anim_front.png.4bpp build/assets/graphics/pokemon/lanturn/anim_front.png.4bpp.smol
tools/compresSmol/compresSmol -w build/assets/graphics/pokemon/lanturn/anim_front_gba.png.4bpp build/assets/graphics/pokemon/lanturn/anim_front_gba.png.4bpp.smol
tools/compresSmol/compresSmol -w build/assets/graphics/pokemon/lanturn/back.png.4bpp build/assets/graphics/pokemon/lanturn/back.png.4bpp.smol
tools/compresSmol/compresSmol -w build/assets/graphics/pokemon/lanturn/back_gba.png.4bpp build/assets/graphics/pokemon/lanturn/back_gba.png.4bpp.smol
tools/compresSmol/compresSmol -w build/assets/graphics/pokemon/lanturn/overworld.png_mwidth_4__mheight_4.4bpp build/assets/graphics/pokemon/lanturn/overworld.png_mwidth_4__mheight_4.4bpp.smol
tools/compresSmol/compresSmol -w build/assets/graphics/pokemon/lapras/anim_front.png.4bpp build/assets/graphics/pokemon/lapras/anim_front.png.4bpp.smol
tools/compresSmol/compresSmol -w build/assets/graphics/pokemon/lapras/anim_front_gba.png.4bpp build/assets/graphics/pokemon/lapras/anim_front_gba.png.4bpp.smol
tools/compresSmol/compresSmol -w build/assets/graphics/pokemon/lapras/back.png.4bpp build/assets/graphics/pokemon/lapras/back.png.4bpp.smol
tools/compresSmol/compresSmol -w build/assets/graphics/pokemon/lapras/back_gba.png.4bpp build/assets/graphics/pokemon/lapras/back_gba.png.4bpp.smol
tools/compresSmol/compresSmol -w build/assets/graphics/pokemon/lapras/gmax/back.png.4bpp build/assets/graphics/pokemon/lapras/gmax/back.png.4bpp.smol
tools/compresSmol/compresSmol -w build/assets/graphics/pokemon/lapras/gmax/front.png.4bpp build/assets/graphics/pokemon/lapras/gmax/front.png.4bpp.smol
tools/compresSmol/compresSmol -w build/assets/graphics/pokemon/lapras/overworld.png_mwidth_4__mheight_4.4bpp build/assets/graphics/pokemon/lapras/overworld.png_mwidth_4__mheight_4.4bpp.smol
tools/compresSmol/compresSmol -w build/assets/graphics/pokemon/larvesta/anim_front.png.4bpp build/assets/graphics/pokemon/larvesta/anim_front.png.4bpp.smol
tools/compresSmol/compresSmol -w build/assets/graphics/pokemon/larvesta/back.png.4bpp build/assets/graphics/pokemon/larvesta/back.png.4bpp.smol
tools/compresSmol/compresSmol -w build/assets/graphics/pokemon/larvesta/overworld.png_mwidth_4__mheight_4.4bpp build/assets/graphics/pokemon/larvesta/overworld.png_mwidth_4__mheight_4.4bpp.smol
tools/compresSmol/compresSmol -w build/assets/graphics/pokemon/larvitar/anim_front.png.4bpp build/assets/graphics/pokemon/larvitar/anim_front.png.4bpp.smol
tools/compresSmol/compresSmol -w build/assets/graphics/pokemon/larvitar/anim_front_gba.png.4bpp build/assets/graphics/pokemon/larvitar/anim_front_gba.png.4bpp.smol
tools/compresSmol/compresSmol -w build/assets/graphics/pokemon/larvitar/back.png.4bpp build/assets/graphics/pokemon/larvitar/back.png.4bpp.smol
tools/compresSmol/compresSmol -w build/assets/graphics/pokemon/larvitar/back_gba.png.4bpp build/assets/graphics/pokemon/larvitar/back_gba.png.4bpp.smol
tools/compresSmol/compresSmol -w build/assets/graphics/pokemon/larvitar/overworld.png_mwidth_4__mheight_4.4bpp build/assets/graphics/pokemon/larvitar/overworld.png_mwidth_4__mheight_4.4bpp.smol
tools/compresSmol/compresSmol -w build/assets/graphics/pokemon/latias/anim_front.png.4bpp build/assets/graphics/pokemon/latias/anim_front.png.4bpp.smol
tools/compresSmol/compresSmol -w build/assets/graphics/pokemon/latias/anim_front_gba.png.4bpp build/assets/graphics/pokemon/latias/anim_front_gba.png.4bpp.smol
tools/compresSmol/compresSmol -w build/assets/graphics/pokemon/latias/back.png.4bpp build/assets/graphics/pokemon/latias/back.png.4bpp.smol
tools/compresSmol/compresSmol -w build/assets/graphics/pokemon/latias/back_gba.png.4bpp build/assets/graphics/pokemon/latias/back_gba.png.4bpp.smol
tools/compresSmol/compresSmol -w build/assets/graphics/pokemon/latias/mega/back.png.4bpp build/assets/graphics/pokemon/latias/mega/back.png.4bpp.smol
tools/compresSmol/compresSmol -w build/assets/graphics/pokemon/latias/mega/front.png.4bpp build/assets/graphics/pokemon/latias/mega/front.png.4bpp.smol
tools/compresSmol/compresSmol -w build/assets/graphics/pokemon/latias/mega/overworld.png_mwidth_8__mheight_8.4bpp build/assets/graphics/pokemon/latias/mega/overworld.png_mwidth_8__mheight_8.4bpp.smol
tools/compresSmol/compresSmol -w build/assets/graphics/pokemon/latias/overworld.png_mwidth_4__mheight_4.4bpp build/assets/graphics/pokemon/latias/overworld.png_mwidth_4__mheight_4.4bpp.smol
tools/compresSmol/compresSmol -w build/assets/graphics/pokemon/latios/anim_front.png.4bpp build/assets/graphics/pokemon/latios/anim_front.png.4bpp.smol
tools/compresSmol/compresSmol -w build/assets/graphics/pokemon/latios/anim_front_gba.png.4bpp build/assets/graphics/pokemon/latios/anim_front_gba.png.4bpp.smol
tools/compresSmol/compresSmol -w build/assets/graphics/pokemon/latios/back.png.4bpp build/assets/graphics/pokemon/latios/back.png.4bpp.smol
tools/compresSmol/compresSmol -w build/assets/graphics/pokemon/latios/back_gba.png.4bpp build/assets/graphics/pokemon/latios/back_gba.png.4bpp.smol
tools/compresSmol/compresSmol -w build/assets/graphics/pokemon/latios/mega/back.png.4bpp build/assets/graphics/pokemon/latios/mega/back.png.4bpp.smol
tools/compresSmol/compresSmol -w build/assets/graphics/pokemon/latios/mega/front.png.4bpp build/assets/graphics/pokemon/latios/mega/front.png.4bpp.smol
tools/compresSmol/compresSmol -w build/assets/graphics/pokemon/latios/mega/overworld.png_mwidth_8__mheight_8.4bpp build/assets/graphics/pokemon/latios/mega/overworld.png_mwidth_8__mheight_8.4bpp.smol
tools/compresSmol/compresSmol -w build/assets/graphics/pokemon/latios/overworld.png_mwidth_4__mheight_4.4bpp build/assets/graphics/pokemon/latios/overworld.png_mwidth_4__mheight_4.4bpp.smol
tools/compresSmol/compresSmol -w build/assets/graphics/pokemon/leafeon/anim_front.png.4bpp build/assets/graphics/pokemon/leafeon/anim_front.png.4bpp.smol
tools/compresSmol/compresSmol -w build/assets/graphics/pokemon/leafeon/back.png.4bpp build/assets/graphics/pokemon/leafeon/back.png.4bpp.smol
tools/compresSmol/compresSmol -w build/assets/graphics/pokemon/leafeon/overworld.png_mwidth_4__mheight_4.4bpp build/assets/graphics/pokemon/leafeon/overworld.png_mwidth_4__mheight_4.4bpp.smol
tools/compresSmol/compresSmol -w build/assets/graphics/pokemon/leavanny/anim_front.png.4bpp build/assets/graphics/pokemon/leavanny/anim_front.png.4bpp.smol
tools/compresSmol/compresSmol -w build/assets/graphics/pokemon/leavanny/back.png.4bpp build/assets/graphics/pokemon/leavanny/back.png.4bpp.smol
tools/compresSmol/compresSmol -w build/assets/graphics/pokemon/leavanny/overworld.png_mwidth_4__mheight_4.4bpp build/assets/graphics/pokemon/leavanny/overworld.png_mwidth_4__mheight_4.4bpp.smol
tools/compresSmol/compresSmol -w build/assets/graphics/pokemon/lechonk/back.png.4bpp build/assets/graphics/pokemon/lechonk/back.png.4bpp.smol
tools/compresSmol/compresSmol -w build/assets/graphics/pokemon/lechonk/front.png.4bpp build/assets/graphics/pokemon/lechonk/front.png.4bpp.smol
tools/compresSmol/compresSmol -w build/assets/graphics/pokemon/lechonk/overworld.png_mwidth_4__mheight_4.4bpp build/assets/graphics/pokemon/lechonk/overworld.png_mwidth_4__mheight_4.4bpp.smol
tools/compresSmol/compresSmol -w build/assets/graphics/pokemon/ledian/anim_front.png.4bpp build/assets/graphics/pokemon/ledian/anim_front.png.4bpp.smol
tools/compresSmol/compresSmol -w build/assets/graphics/pokemon/ledian/anim_front_gba.png.4bpp build/assets/graphics/pokemon/ledian/anim_front_gba.png.4bpp.smol
tools/compresSmol/compresSmol -w build/assets/graphics/pokemon/ledian/anim_frontf.png.4bpp build/assets/graphics/pokemon/ledian/anim_frontf.png.4bpp.smol
tools/compresSmol/compresSmol -w build/assets/graphics/pokemon/ledian/back.png.4bpp build/assets/graphics/pokemon/ledian/back.png.4bpp.smol
tools/compresSmol/compresSmol -w build/assets/graphics/pokemon/ledian/back_gba.png.4bpp build/assets/graphics/pokemon/ledian/back_gba.png.4bpp.smol
tools/compresSmol/compresSmol -w build/assets/graphics/pokemon/ledian/backf.png.4bpp build/assets/graphics/pokemon/ledian/backf.png.4bpp.smol
tools/compresSmol/compresSmol -w build/assets/graphics/pokemon/ledian/overworld.png_mwidth_4__mheight_4.4bpp build/assets/graphics/pokemon/ledian/overworld.png_mwidth_4__mheight_4.4bpp.smol
tools/compresSmol/compresSmol -w build/assets/graphics/pokemon/ledian/overworldf.png_mwidth_4__mheight_4.4bpp build/assets/graphics/pokemon/ledian/overworldf.png_mwidth_4__mheight_4.4bpp.smol
tools/compresSmol/compresSmol -w build/assets/graphics/pokemon/ledyba/anim_front.png.4bpp build/assets/graphics/pokemon/ledyba/anim_front.png.4bpp.smol
tools/compresSmol/compresSmol -w build/assets/graphics/pokemon/ledyba/anim_front_gba.png.4bpp build/assets/graphics/pokemon/ledyba/anim_front_gba.png.4bpp.smol
tools/compresSmol/compresSmol -w build/assets/graphics/pokemon/ledyba/anim_frontf.png.4bpp build/assets/graphics/pokemon/ledyba/anim_frontf.png.4bpp.smol
tools/compresSmol/compresSmol -w build/assets/graphics/pokemon/ledyba/back.png.4bpp build/assets/graphics/pokemon/ledyba/back.png.4bpp.smol
tools/compresSmol/compresSmol -w build/assets/graphics/pokemon/ledyba/back_gba.png.4bpp build/assets/graphics/pokemon/ledyba/back_gba.png.4bpp.smol
tools/compresSmol/compresSmol -w build/assets/graphics/pokemon/ledyba/backf.png.4bpp build/assets/graphics/pokemon/ledyba/backf.png.4bpp.smol
tools/compresSmol/compresSmol -w build/assets/graphics/pokemon/ledyba/overworld.png_mwidth_4__mheight_4.4bpp build/assets/graphics/pokemon/ledyba/overworld.png_mwidth_4__mheight_4.4bpp.smol
tools/compresSmol/compresSmol -w build/assets/graphics/pokemon/ledyba/overworldf.png_mwidth_4__mheight_4.4bpp build/assets/graphics/pokemon/ledyba/overworldf.png_mwidth_4__mheight_4.4bpp.smol
tools/compresSmol/compresSmol -w build/assets/graphics/pokemon/lickilicky/anim_front.png.4bpp build/assets/graphics/pokemon/lickilicky/anim_front.png.4bpp.smol
tools/compresSmol/compresSmol -w build/assets/graphics/pokemon/lickilicky/back.png.4bpp build/assets/graphics/pokemon/lickilicky/back.png.4bpp.smol
tools/compresSmol/compresSmol -w build/assets/graphics/pokemon/lickilicky/overworld.png_mwidth_4__mheight_4.4bpp build/assets/graphics/pokemon/lickilicky/overworld.png_mwidth_4__mheight_4.4bpp.smol
tools/compresSmol/compresSmol -w build/assets/graphics/pokemon/lickitung/anim_front.png.4bpp build/assets/graphics/pokemon/lickitung/anim_front.png.4bpp.smol
tools/compresSmol/compresSmol -w build/assets/graphics/pokemon/lickitung/anim_front_gba.png.4bpp build/assets/graphics/pokemon/lickitung/anim_front_gba.png.4bpp.smol
tools/compresSmol/compresSmol -w build/assets/graphics/pokemon/lickitung/back.png.4bpp build/assets/graphics/pokemon/lickitung/back.png.4bpp.smol
tools/compresSmol/compresSmol -w build/assets/graphics/pokemon/lickitung/back_gba.png.4bpp build/assets/graphics/pokemon/lickitung/back_gba.png.4bpp.smol
tools/compresSmol/compresSmol -w build/assets/graphics/pokemon/lickitung/overworld.png_mwidth_4__mheight_4.4bpp build/assets/graphics/pokemon/lickitung/overworld.png_mwidth_4__mheight_4.4bpp.smol
tools/compresSmol/compresSmol -w build/assets/graphics/pokemon/liepard/anim_front.png.4bpp build/assets/graphics/pokemon/liepard/anim_front.png.4bpp.smol
tools/compresSmol/compresSmol -w build/assets/graphics/pokemon/liepard/back.png.4bpp build/assets/graphics/pokemon/liepard/back.png.4bpp.smol
tools/compresSmol/compresSmol -w build/assets/graphics/pokemon/liepard/overworld.png_mwidth_4__mheight_4.4bpp build/assets/graphics/pokemon/liepard/overworld.png_mwidth_4__mheight_4.4bpp.smol
tools/compresSmol/compresSmol -w build/assets/graphics/pokemon/lileep/anim_front.png.4bpp build/assets/graphics/pokemon/lileep/anim_front.png.4bpp.smol
tools/compresSmol/compresSmol -w build/assets/graphics/pokemon/lileep/anim_front_gba.png.4bpp build/assets/graphics/pokemon/lileep/anim_front_gba.png.4bpp.smol
tools/compresSmol/compresSmol -w build/assets/graphics/pokemon/lileep/back.png.4bpp build/assets/graphics/pokemon/lileep/back.png.4bpp.smol
tools/compresSmol/compresSmol -w build/assets/graphics/pokemon/lileep/back_gba.png.4bpp build/assets/graphics/pokemon/lileep/back_gba.png.4bpp.smol
tools/compresSmol/compresSmol -w build/assets/graphics/pokemon/lileep/overworld.png_mwidth_4__mheight_4.4bpp build/assets/graphics/pokemon/lileep/overworld.png_mwidth_4__mheight_4.4bpp.smol
tools/compresSmol/compresSmol -w build/assets/graphics/pokemon/lilligant/anim_front.png.4bpp build/assets/graphics/pokemon/lilligant/anim_front.png.4bpp.smol
tools/compresSmol/compresSmol -w build/assets/graphics/pokemon/lilligant/back.png.4bpp build/assets/graphics/pokemon/lilligant/back.png.4bpp.smol
tools/compresSmol/compresSmol -w build/assets/graphics/pokemon/lilligant/hisui/back.png.4bpp build/assets/graphics/pokemon/lilligant/hisui/back.png.4bpp.smol
tools/compresSmol/compresSmol -w build/assets/graphics/pokemon/lilligant/hisui/front.png.4bpp build/assets/graphics/pokemon/lilligant/hisui/front.png.4bpp.smol
tools/compresSmol/compresSmol -w build/assets/graphics/pokemon/lilligant/hisui/overworld.png_mwidth_4__mheight_4.4bpp build/assets/graphics/pokemon/lilligant/hisui/overworld.png_mwidth_4__mheight_4.4bpp.smol
tools/compresSmol/compresSmol -w build/assets/graphics/pokemon/lilligant/overworld.png_mwidth_4__mheight_4.4bpp build/assets/graphics/pokemon/lilligant/overworld.png_mwidth_4__mheight_4.4bpp.smol
tools/compresSmol/compresSmol -w build/assets/graphics/pokemon/lillipup/anim_front.png.4bpp build/assets/graphics/pokemon/lillipup/anim_front.png.4bpp.smol
tools/compresSmol/compresSmol -w build/assets/graphics/pokemon/lillipup/back.png.4bpp build/assets/graphics/pokemon/lillipup/back.png.4bpp.smol
tools/compresSmol/compresSmol -w build/assets/graphics/pokemon/lillipup/overworld.png_mwidth_4__mheight_4.4bpp build/assets/graphics/pokemon/lillipup/overworld.png_mwidth_4__mheight_4.4bpp.smol
tools/compresSmol/compresSmol -w build/assets/graphics/pokemon/linoone/anim_front.png.4bpp build/assets/graphics/pokemon/linoone/anim_front.png.4bpp.smol
tools/compresSmol/compresSmol -w build/assets/graphics/pokemon/linoone/anim_front_gba.png.4bpp build/assets/graphics/pokemon/linoone/anim_front_gba.png.4bpp.smol
tools/compresSmol/compresSmol -w build/assets/graphics/pokemon/linoone/back.png.4bpp build/assets/graphics/pokemon/linoone/back.png.4bpp.smol
tools/compresSmol/compresSmol -w build/assets/graphics/pokemon/linoone/back_gba.png.4bpp build/assets/graphics/pokemon/linoone/back_gba.png.4bpp.smol
tools/compresSmol/compresSmol -w build/assets/graphics/pokemon/linoone/galar/back.png.4bpp build/assets/graphics/pokemon/linoone/galar/back.png.4bpp.smol
tools/compresSmol/compresSmol -w build/assets/graphics/pokemon/linoone/galar/front.png.4bpp build/assets/graphics/pokemon/linoone/galar/front.png.4bpp.smol
tools/compresSmol/compresSmol -w build/assets/graphics/pokemon/linoone/galar/overworld.png_mwidth_4__mheight_4.4bpp build/assets/graphics/pokemon/linoone/galar/overworld.png_mwidth_4__mheight_4.4bpp.smol
tools/compresSmol/compresSmol -w build/assets/graphics/pokemon/linoone/overworld.png_mwidth_4__mheight_4.4bpp build/assets/graphics/pokemon/linoone/overworld.png_mwidth_4__mheight_4.4bpp.smol
tools/compresSmol/compresSmol -w build/assets/graphics/pokemon/litleo/anim_front.png.4bpp build/assets/graphics/pokemon/litleo/anim_front.png.4bpp.smol
tools/compresSmol/compresSmol -w build/assets/graphics/pokemon/litleo/back.png.4bpp build/assets/graphics/pokemon/litleo/back.png.4bpp.smol
tools/compresSmol/compresSmol -w build/assets/graphics/pokemon/litleo/overworld.png_mwidth_4__mheight_4.4bpp build/assets/graphics/pokemon/litleo/overworld.png_mwidth_4__mheight_4.4bpp.smol
tools/compresSmol/compresSmol -w build/assets/graphics/pokemon/litten/back.png.4bpp build/assets/graphics/pokemon/litten/back.png.4bpp.smol
tools/compresSmol/compresSmol -w build/assets/graphics/pokemon/litten/front.png.4bpp build/assets/graphics/pokemon/litten/front.png.4bpp.smol
tools/compresSmol/compresSmol -w build/assets/graphics/pokemon/litten/overworld.png_mwidth_4__mheight_4.4bpp build/assets/graphics/pokemon/litten/overworld.png_mwidth_4__mheight_4.4bpp.smol
tools/compresSmol/compresSmol -w build/assets/graphics/pokemon/litwick/anim_front.png.4bpp build/assets/graphics/pokemon/litwick/anim_front.png.4bpp.smol
tools/compresSmol/compresSmol -w build/assets/graphics/pokemon/litwick/back.png.4bpp build/assets/graphics/pokemon/litwick/back.png.4bpp.smol
tools/compresSmol/compresSmol -w build/assets/graphics/pokemon/litwick/overworld.png_mwidth_4__mheight_4.4bpp build/assets/graphics/pokemon/litwick/overworld.png_mwidth_4__mheight_4.4bpp.smol
tools/compresSmol/compresSmol -w build/assets/graphics/pokemon/lokix/back.png.4bpp build/assets/graphics/pokemon/lokix/back.png.4bpp.smol
tools/compresSmol/compresSmol -w build/assets/graphics/pokemon/lokix/front.png.4bpp build/assets/graphics/pokemon/lokix/front.png.4bpp.smol
tools/compresSmol/compresSmol -w build/assets/graphics/pokemon/lokix/overworld.png_mwidth_4__mheight_4.4bpp build/assets/graphics/pokemon/lokix/overworld.png_mwidth_4__mheight_4.4bpp.smol
tools/compresSmol/compresSmol -w build/assets/graphics/pokemon/lombre/anim_front.png.4bpp build/assets/graphics/pokemon/lombre/anim_front.png.4bpp.smol
tools/compresSmol/compresSmol -w build/assets/graphics/pokemon/lombre/anim_front_gba.png.4bpp build/assets/graphics/pokemon/lombre/anim_front_gba.png.4bpp.smol
tools/compresSmol/compresSmol -w build/assets/graphics/pokemon/lombre/back.png.4bpp build/assets/graphics/pokemon/lombre/back.png.4bpp.smol
tools/compresSmol/compresSmol -w build/assets/graphics/pokemon/lombre/back_gba.png.4bpp build/assets/graphics/pokemon/lombre/back_gba.png.4bpp.smol
tools/compresSmol/compresSmol -w build/assets/graphics/pokemon/lombre/overworld.png_mwidth_4__mheight_4.4bpp build/assets/graphics/pokemon/lombre/overworld.png_mwidth_4__mheight_4.4bpp.smol
tools/compresSmol/compresSmol -w build/assets/graphics/pokemon/lopunny/anim_front.png.4bpp build/assets/graphics/pokemon/lopunny/anim_front.png.4bpp.smol
tools/compresSmol/compresSmol -w build/assets/graphics/pokemon/lopunny/back.png.4bpp build/assets/graphics/pokemon/lopunny/back.png.4bpp.smol
tools/compresSmol/compresSmol -w build/assets/graphics/pokemon/lopunny/mega/back.png.4bpp build/assets/graphics/pokemon/lopunny/mega/back.png.4bpp.smol
tools/compresSmol/compresSmol -w build/assets/graphics/pokemon/lopunny/mega/front.png.4bpp build/assets/graphics/pokemon/lopunny/mega/front.png.4bpp.smol
tools/compresSmol/compresSmol -w build/assets/graphics/pokemon/lopunny/mega/overworld.png_mwidth_4__mheight_4.4bpp build/assets/graphics/pokemon/lopunny/mega/overworld.png_mwidth_4__mheight_4.4bpp.smol
tools/compresSmol/compresSmol -w build/assets/graphics/pokemon/lopunny/overworld.png_mwidth_4__mheight_4.4bpp build/assets/graphics/pokemon/lopunny/overworld.png_mwidth_4__mheight_4.4bpp.smol
tools/compresSmol/compresSmol -w build/assets/graphics/pokemon/lotad/anim_front.png.4bpp build/assets/graphics/pokemon/lotad/anim_front.png.4bpp.smol
tools/compresSmol/compresSmol -w build/assets/graphics/pokemon/lotad/anim_front_gba.png.4bpp build/assets/graphics/pokemon/lotad/anim_front_gba.png.4bpp.smol
tools/compresSmol/compresSmol -w build/assets/graphics/pokemon/lotad/back.png.4bpp build/assets/graphics/pokemon/lotad/back.png.4bpp.smol
tools/compresSmol/compresSmol -w build/assets/graphics/pokemon/lotad/back_gba.png.4bpp build/assets/graphics/pokemon/lotad/back_gba.png.4bpp.smol
tools/compresSmol/compresSmol -w build/assets/graphics/pokemon/lotad/overworld.png_mwidth_4__mheight_4.4bpp build/assets/graphics/pokemon/lotad/overworld.png_mwidth_4__mheight_4.4bpp.smol
tools/compresSmol/compresSmol -w build/assets/graphics/pokemon/loudred/anim_front.png.4bpp build/assets/graphics/pokemon/loudred/anim_front.png.4bpp.smol
tools/compresSmol/compresSmol -w build/assets/graphics/pokemon/loudred/anim_front_gba.png.4bpp build/assets/graphics/pokemon/loudred/anim_front_gba.png.4bpp.smol
tools/compresSmol/compresSmol -w build/assets/graphics/pokemon/loudred/back.png.4bpp build/assets/graphics/pokemon/loudred/back.png.4bpp.smol
tools/compresSmol/compresSmol -w build/assets/graphics/pokemon/loudred/back_gba.png.4bpp build/assets/graphics/pokemon/loudred/back_gba.png.4bpp.smol
tools/compresSmol/compresSmol -w build/assets/graphics/pokemon/loudred/overworld.png_mwidth_4__mheight_4.4bpp build/assets/graphics/pokemon/loudred/overworld.png_mwidth_4__mheight_4.4bpp.smol
tools/compresSmol/compresSmol -w build/assets/graphics/pokemon/lucario/anim_front.png.4bpp build/assets/graphics/pokemon/lucario/anim_front.png.4bpp.smol
tools/compresSmol/compresSmol -w build/assets/graphics/pokemon/lucario/back.png.4bpp build/assets/graphics/pokemon/lucario/back.png.4bpp.smol
tools/compresSmol/compresSmol -w build/assets/graphics/pokemon/lucario/mega/back.png.4bpp build/assets/graphics/pokemon/lucario/mega/back.png.4bpp.smol
tools/compresSmol/compresSmol -w build/assets/graphics/pokemon/lucario/mega/front.png.4bpp build/assets/graphics/pokemon/lucario/mega/front.png.4bpp.smol
tools/compresSmol/compresSmol -w build/assets/graphics/pokemon/lucario/mega/overworld.png_mwidth_4__mheight_4.4bpp build/assets/graphics/pokemon/lucario/mega/overworld.png_mwidth_4__mheight_4.4bpp.smol
tools/compresSmol/compresSmol -w build/assets/graphics/pokemon/lucario/mega_z/back.png.4bpp build/assets/graphics/pokemon/lucario/mega_z/back.png.4bpp.smol
tools/compresSmol/compresSmol -w build/assets/graphics/pokemon/lucario/mega_z/front.png.4bpp build/assets/graphics/pokemon/lucario/mega_z/front.png.4bpp.smol
tools/compresSmol/compresSmol -w build/assets/graphics/pokemon/lucario/overworld.png_mwidth_4__mheight_4.4bpp build/assets/graphics/pokemon/lucario/overworld.png_mwidth_4__mheight_4.4bpp.smol
tools/compresSmol/compresSmol -w build/assets/graphics/pokemon/ludicolo/anim_front.png.4bpp build/assets/graphics/pokemon/ludicolo/anim_front.png.4bpp.smol
tools/compresSmol/compresSmol -w build/assets/graphics/pokemon/ludicolo/anim_front_gba.png.4bpp build/assets/graphics/pokemon/ludicolo/anim_front_gba.png.4bpp.smol
tools/compresSmol/compresSmol -w build/assets/graphics/pokemon/ludicolo/anim_frontf.png.4bpp build/assets/graphics/pokemon/ludicolo/anim_frontf.png.4bpp.smol
tools/compresSmol/compresSmol -w build/assets/graphics/pokemon/ludicolo/back.png.4bpp build/assets/graphics/pokemon/ludicolo/back.png.4bpp.smol
tools/compresSmol/compresSmol -w build/assets/graphics/pokemon/ludicolo/back_gba.png.4bpp build/assets/graphics/pokemon/ludicolo/back_gba.png.4bpp.smol
tools/compresSmol/compresSmol -w build/assets/graphics/pokemon/ludicolo/backf.png.4bpp build/assets/graphics/pokemon/ludicolo/backf.png.4bpp.smol
tools/compresSmol/compresSmol -w build/assets/graphics/pokemon/ludicolo/overworld.png_mwidth_4__mheight_4.4bpp build/assets/graphics/pokemon/ludicolo/overworld.png_mwidth_4__mheight_4.4bpp.smol
tools/compresSmol/compresSmol -w build/assets/graphics/pokemon/ludicolo/overworldf.png_mwidth_4__mheight_4.4bpp build/assets/graphics/pokemon/ludicolo/overworldf.png_mwidth_4__mheight_4.4bpp.smol
tools/compresSmol/compresSmol -w build/assets/graphics/pokemon/lugia/anim_front.png.4bpp build/assets/graphics/pokemon/lugia/anim_front.png.4bpp.smol
tools/compresSmol/compresSmol -w build/assets/graphics/pokemon/lugia/anim_front_gba.png.4bpp build/assets/graphics/pokemon/lugia/anim_front_gba.png.4bpp.smol
tools/compresSmol/compresSmol -w build/assets/graphics/pokemon/lugia/back.png.4bpp build/assets/graphics/pokemon/lugia/back.png.4bpp.smol
tools/compresSmol/compresSmol -w build/assets/graphics/pokemon/lugia/back_gba.png.4bpp build/assets/graphics/pokemon/lugia/back_gba.png.4bpp.smol
tools/compresSmol/compresSmol -w build/assets/graphics/pokemon/lugia/overworld.png_mwidth_8__mheight_8.4bpp build/assets/graphics/pokemon/lugia/overworld.png_mwidth_8__mheight_8.4bpp.smol
tools/compresSmol/compresSmol -w build/assets/graphics/pokemon/lumineon/anim_front.png.4bpp build/assets/graphics/pokemon/lumineon/anim_front.png.4bpp.smol
tools/compresSmol/compresSmol -w build/assets/graphics/pokemon/lumineon/anim_frontf.png.4bpp build/assets/graphics/pokemon/lumineon/anim_frontf.png.4bpp.smol
tools/compresSmol/compresSmol -w build/assets/graphics/pokemon/lumineon/back.png.4bpp build/assets/graphics/pokemon/lumineon/back.png.4bpp.smol
tools/compresSmol/compresSmol -w build/assets/graphics/pokemon/lumineon/backf.png.4bpp build/assets/graphics/pokemon/lumineon/backf.png.4bpp.smol
tools/compresSmol/compresSmol -w build/assets/graphics/pokemon/lumineon/overworld.png_mwidth_4__mheight_4.4bpp build/assets/graphics/pokemon/lumineon/overworld.png_mwidth_4__mheight_4.4bpp.smol
tools/compresSmol/compresSmol -w build/assets/graphics/pokemon/lumineon/overworldf.png_mwidth_4__mheight_4.4bpp build/assets/graphics/pokemon/lumineon/overworldf.png_mwidth_4__mheight_4.4bpp.smol
tools/compresSmol/compresSmol -w build/assets/graphics/pokemon/lunala/back.png.4bpp build/assets/graphics/pokemon/lunala/back.png.4bpp.smol
tools/compresSmol/compresSmol -w build/assets/graphics/pokemon/lunala/front.png.4bpp build/assets/graphics/pokemon/lunala/front.png.4bpp.smol
tools/compresSmol/compresSmol -w build/assets/graphics/pokemon/lunala/overworld.png_mwidth_4__mheight_4.4bpp build/assets/graphics/pokemon/lunala/overworld.png_mwidth_4__mheight_4.4bpp.smol
tools/compresSmol/compresSmol -w build/assets/graphics/pokemon/lunatone/anim_front.png.4bpp build/assets/graphics/pokemon/lunatone/anim_front.png.4bpp.smol
tools/compresSmol/compresSmol -w build/assets/graphics/pokemon/lunatone/anim_front_gba.png.4bpp build/assets/graphics/pokemon/lunatone/anim_front_gba.png.4bpp.smol
tools/compresSmol/compresSmol -w build/assets/graphics/pokemon/lunatone/back.png.4bpp build/assets/graphics/pokemon/lunatone/back.png.4bpp.smol
tools/compresSmol/compresSmol -w build/assets/graphics/pokemon/lunatone/back_gba.png.4bpp build/assets/graphics/pokemon/lunatone/back_gba.png.4bpp.smol
tools/compresSmol/compresSmol -w build/assets/graphics/pokemon/lunatone/overworld.png_mwidth_4__mheight_4.4bpp build/assets/graphics/pokemon/lunatone/overworld.png_mwidth_4__mheight_4.4bpp.smol
tools/compresSmol/compresSmol -w build/assets/graphics/pokemon/lurantis/anim_front.png.4bpp build/assets/graphics/pokemon/lurantis/anim_front.png.4bpp.smol
tools/compresSmol/compresSmol -w build/assets/graphics/pokemon/lurantis/back.png.4bpp build/assets/graphics/pokemon/lurantis/back.png.4bpp.smol
tools/compresSmol/compresSmol -w build/assets/graphics/pokemon/lurantis/overworld.png_mwidth_4__mheight_4.4bpp build/assets/graphics/pokemon/lurantis/overworld.png_mwidth_4__mheight_4.4bpp.smol
tools/compresSmol/compresSmol -w build/assets/graphics/pokemon/luvdisc/anim_front.png.4bpp build/assets/graphics/pokemon/luvdisc/anim_front.png.4bpp.smol
tools/compresSmol/compresSmol -w build/assets/graphics/pokemon/luvdisc/anim_front_gba.png.4bpp build/assets/graphics/pokemon/luvdisc/anim_front_gba.png.4bpp.smol
tools/compresSmol/compresSmol -w build/assets/graphics/pokemon/luvdisc/back.png.4bpp build/assets/graphics/pokemon/luvdisc/back.png.4bpp.smol
tools/compresSmol/compresSmol -w build/assets/graphics/pokemon/luvdisc/back_gba.png.4bpp build/assets/graphics/pokemon/luvdisc/back_gba.png.4bpp.smol
tools/compresSmol/compresSmol -w build/assets/graphics/pokemon/luvdisc/overworld.png_mwidth_4__mheight_4.4bpp build/assets/graphics/pokemon/luvdisc/overworld.png_mwidth_4__mheight_4.4bpp.smol
tools/compresSmol/compresSmol -w build/assets/graphics/pokemon/luxio/anim_front.png.4bpp build/assets/graphics/pokemon/luxio/anim_front.png.4bpp.smol
tools/compresSmol/compresSmol -w build/assets/graphics/pokemon/luxio/anim_frontf.png.4bpp build/assets/graphics/pokemon/luxio/anim_frontf.png.4bpp.smol
tools/compresSmol/compresSmol -w build/assets/graphics/pokemon/luxio/back.png.4bpp build/assets/graphics/pokemon/luxio/back.png.4bpp.smol
tools/compresSmol/compresSmol -w build/assets/graphics/pokemon/luxio/backf.png.4bpp build/assets/graphics/pokemon/luxio/backf.png.4bpp.smol
tools/compresSmol/compresSmol -w build/assets/graphics/pokemon/luxio/overworld.png_mwidth_4__mheight_4.4bpp build/assets/graphics/pokemon/luxio/overworld.png_mwidth_4__mheight_4.4bpp.smol
tools/compresSmol/compresSmol -w build/assets/graphics/pokemon/luxio/overworldf.png_mwidth_4__mheight_4.4bpp build/assets/graphics/pokemon/luxio/overworldf.png_mwidth_4__mheight_4.4bpp.smol
tools/compresSmol/compresSmol -w build/assets/graphics/pokemon/luxray/anim_front.png.4bpp build/assets/graphics/pokemon/luxray/anim_front.png.4bpp.smol
tools/compresSmol/compresSmol -w build/assets/graphics/pokemon/luxray/anim_frontf.png.4bpp build/assets/graphics/pokemon/luxray/anim_frontf.png.4bpp.smol
tools/compresSmol/compresSmol -w build/assets/graphics/pokemon/luxray/back.png.4bpp build/assets/graphics/pokemon/luxray/back.png.4bpp.smol
tools/compresSmol/compresSmol -w build/assets/graphics/pokemon/luxray/backf.png.4bpp build/assets/graphics/pokemon/luxray/backf.png.4bpp.smol
tools/compresSmol/compresSmol -w build/assets/graphics/pokemon/luxray/overworld.png_mwidth_4__mheight_4.4bpp build/assets/graphics/pokemon/luxray/overworld.png_mwidth_4__mheight_4.4bpp.smol
tools/compresSmol/compresSmol -w build/assets/graphics/pokemon/luxray/overworldf.png_mwidth_4__mheight_4.4bpp build/assets/graphics/pokemon/luxray/overworldf.png_mwidth_4__mheight_4.4bpp.smol
tools/compresSmol/compresSmol -w build/assets/graphics/pokemon/lycanroc/anim_front.png.4bpp build/assets/graphics/pokemon/lycanroc/anim_front.png.4bpp.smol
tools/compresSmol/compresSmol -w build/assets/graphics/pokemon/lycanroc/back.png.4bpp build/assets/graphics/pokemon/lycanroc/back.png.4bpp.smol
tools/compresSmol/compresSmol -w build/assets/graphics/pokemon/lycanroc/dusk/anim_front.png.4bpp build/assets/graphics/pokemon/lycanroc/dusk/anim_front.png.4bpp.smol
tools/compresSmol/compresSmol -w build/assets/graphics/pokemon/lycanroc/dusk/back.png.4bpp build/assets/graphics/pokemon/lycanroc/dusk/back.png.4bpp.smol
tools/compresSmol/compresSmol -w build/assets/graphics/pokemon/lycanroc/dusk/overworld.png_mwidth_4__mheight_4.4bpp build/assets/graphics/pokemon/lycanroc/dusk/overworld.png_mwidth_4__mheight_4.4bpp.smol
tools/compresSmol/compresSmol -w build/assets/graphics/pokemon/lycanroc/midnight/anim_front.png.4bpp build/assets/graphics/pokemon/lycanroc/midnight/anim_front.png.4bpp.smol
tools/compresSmol/compresSmol -w build/assets/graphics/pokemon/lycanroc/midnight/back.png.4bpp build/assets/graphics/pokemon/lycanroc/midnight/back.png.4bpp.smol
tools/compresSmol/compresSmol -w build/assets/graphics/pokemon/lycanroc/midnight/overworld.png_mwidth_4__mheight_4.4bpp build/assets/graphics/pokemon/lycanroc/midnight/overworld.png_mwidth_4__mheight_4.4bpp.smol
tools/compresSmol/compresSmol -w build/assets/graphics/pokemon/lycanroc/overworld.png_mwidth_4__mheight_4.4bpp build/assets/graphics/pokemon/lycanroc/overworld.png_mwidth_4__mheight_4.4bpp.smol
tools/compresSmol/compresSmol -w build/assets/graphics/pokemon/mabosstiff/back.png.4bpp build/assets/graphics/pokemon/mabosstiff/back.png.4bpp.smol
tools/compresSmol/compresSmol -w build/assets/graphics/pokemon/mabosstiff/front.png.4bpp build/assets/graphics/pokemon/mabosstiff/front.png.4bpp.smol
tools/compresSmol/compresSmol -w build/assets/graphics/pokemon/mabosstiff/overworld.png_mwidth_4__mheight_4.4bpp build/assets/graphics/pokemon/mabosstiff/overworld.png_mwidth_4__mheight_4.4bpp.smol
tools/compresSmol/compresSmol -w build/assets/graphics/pokemon/machamp/anim_front.png.4bpp build/assets/graphics/pokemon/machamp/anim_front.png.4bpp.smol
tools/compresSmol/compresSmol -w build/assets/graphics/pokemon/machamp/anim_front_gba.png.4bpp build/assets/graphics/pokemon/machamp/anim_front_gba.png.4bpp.smol
tools/compresSmol/compresSmol -w build/assets/graphics/pokemon/machamp/back.png.4bpp build/assets/graphics/pokemon/machamp/back.png.4bpp.smol
tools/compresSmol/compresSmol -w build/assets/graphics/pokemon/machamp/back_gba.png.4bpp build/assets/graphics/pokemon/machamp/back_gba.png.4bpp.smol
tools/compresSmol/compresSmol -w build/assets/graphics/pokemon/machamp/gmax/back.png.4bpp build/assets/graphics/pokemon/machamp/gmax/back.png.4bpp.smol
tools/compresSmol/compresSmol -w build/assets/graphics/pokemon/machamp/gmax/front.png.4bpp build/assets/graphics/pokemon/machamp/gmax/front.png.4bpp.smol
tools/compresSmol/compresSmol -w build/assets/graphics/pokemon/machamp/overworld.png_mwidth_4__mheight_4.4bpp build/assets/graphics/pokemon/machamp/overworld.png_mwidth_4__mheight_4.4bpp.smol
tools/compresSmol/compresSmol -w build/assets/graphics/pokemon/machoke/anim_front.png.4bpp build/assets/graphics/pokemon/machoke/anim_front.png.4bpp.smol
tools/compresSmol/compresSmol -w build/assets/graphics/pokemon/machoke/anim_front_gba.png.4bpp build/assets/graphics/pokemon/machoke/anim_front_gba.png.4bpp.smol
tools/compresSmol/compresSmol -w build/assets/graphics/pokemon/machoke/back.png.4bpp build/assets/graphics/pokemon/machoke/back.png.4bpp.smol
tools/compresSmol/compresSmol -w build/assets/graphics/pokemon/machoke/back_gba.png.4bpp build/assets/graphics/pokemon/machoke/back_gba.png.4bpp.smol
tools/compresSmol/compresSmol -w build/assets/graphics/pokemon/machoke/overworld.png_mwidth_4__mheight_4.4bpp build/assets/graphics/pokemon/machoke/overworld.png_mwidth_4__mheight_4.4bpp.smol
tools/compresSmol/compresSmol -w build/assets/graphics/pokemon/machop/anim_front.png.4bpp build/assets/graphics/pokemon/machop/anim_front.png.4bpp.smol
tools/compresSmol/compresSmol -w build/assets/graphics/pokemon/machop/anim_front_gba.png.4bpp build/assets/graphics/pokemon/machop/anim_front_gba.png.4bpp.smol
tools/compresSmol/compresSmol -w build/assets/graphics/pokemon/machop/back.png.4bpp build/assets/graphics/pokemon/machop/back.png.4bpp.smol
tools/compresSmol/compresSmol -w build/assets/graphics/pokemon/machop/back_gba.png.4bpp build/assets/graphics/pokemon/machop/back_gba.png.4bpp.smol
tools/compresSmol/compresSmol -w build/assets/graphics/pokemon/machop/overworld.png_mwidth_4__mheight_4.4bpp build/assets/graphics/pokemon/machop/overworld.png_mwidth_4__mheight_4.4bpp.smol
tools/compresSmol/compresSmol -w build/assets/graphics/pokemon/magby/anim_front.png.4bpp build/assets/graphics/pokemon/magby/anim_front.png.4bpp.smol
tools/compresSmol/compresSmol -w build/assets/graphics/pokemon/magby/anim_front_gba.png.4bpp build/assets/graphics/pokemon/magby/anim_front_gba.png.4bpp.smol
tools/compresSmol/compresSmol -w build/assets/graphics/pokemon/magby/back.png.4bpp build/assets/graphics/pokemon/magby/back.png.4bpp.smol
tools/compresSmol/compresSmol -w build/assets/graphics/pokemon/magby/back_gba.png.4bpp build/assets/graphics/pokemon/magby/back_gba.png.4bpp.smol
tools/compresSmol/compresSmol -w build/assets/graphics/pokemon/magby/overworld.png_mwidth_4__mheight_4.4bpp build/assets/graphics/pokemon/magby/overworld.png_mwidth_4__mheight_4.4bpp.smol
tools/compresSmol/compresSmol -w build/assets/graphics/pokemon/magcargo/anim_front.png.4bpp build/assets/graphics/pokemon/magcargo/anim_front.png.4bpp.smol
tools/compresSmol/compresSmol -w build/assets/graphics/pokemon/magcargo/anim_front_gba.png.4bpp build/assets/graphics/pokemon/magcargo/anim_front_gba.png.4bpp.smol
tools/compresSmol/compresSmol -w build/assets/graphics/pokemon/magcargo/back.png.4bpp build/assets/graphics/pokemon/magcargo/back.png.4bpp.smol
tools/compresSmol/compresSmol -w build/assets/graphics/pokemon/magcargo/back_gba.png.4bpp build/assets/graphics/pokemon/magcargo/back_gba.png.4bpp.smol
tools/compresSmol/compresSmol -w build/assets/graphics/pokemon/magcargo/overworld.png_mwidth_4__mheight_4.4bpp build/assets/graphics/pokemon/magcargo/overworld.png_mwidth_4__mheight_4.4bpp.smol
tools/compresSmol/compresSmol -w build/assets/graphics/pokemon/magearna/back.png.4bpp build/assets/graphics/pokemon/magearna/back.png.4bpp.smol
tools/compresSmol/compresSmol -w build/assets/graphics/pokemon/magearna/front.png.4bpp build/assets/graphics/pokemon/magearna/front.png.4bpp.smol
tools/compresSmol/compresSmol -w build/assets/graphics/pokemon/magearna/mega/back.png.4bpp build/assets/graphics/pokemon/magearna/mega/back.png.4bpp.smol
tools/compresSmol/compresSmol -w build/assets/graphics/pokemon/magearna/mega/front.png.4bpp build/assets/graphics/pokemon/magearna/mega/front.png.4bpp.smol
tools/compresSmol/compresSmol -w build/assets/graphics/pokemon/magearna/original_color/back.png.4bpp build/assets/graphics/pokemon/magearna/original_color/back.png.4bpp.smol
tools/compresSmol/compresSmol -w build/assets/graphics/pokemon/magearna/original_color/front.png.4bpp build/assets/graphics/pokemon/magearna/original_color/front.png.4bpp.smol
tools/compresSmol/compresSmol -w build/assets/graphics/pokemon/magearna/original_color/mega/back.png.4bpp build/assets/graphics/pokemon/magearna/original_color/mega/back.png.4bpp.smol
tools/compresSmol/compresSmol -w build/assets/graphics/pokemon/magearna/original_color/mega/front.png.4bpp build/assets/graphics/pokemon/magearna/original_color/mega/front.png.4bpp.smol
tools/compresSmol/compresSmol -w build/assets/graphics/pokemon/magearna/original_color/overworld.png_mwidth_4__mheight_4.4bpp build/assets/graphics/pokemon/magearna/original_color/overworld.png_mwidth_4__mheight_4.4bpp.smol
tools/compresSmol/compresSmol -w build/assets/graphics/pokemon/magearna/overworld.png_mwidth_4__mheight_4.4bpp build/assets/graphics/pokemon/magearna/overworld.png_mwidth_4__mheight_4.4bpp.smol
tools/compresSmol/compresSmol -w build/assets/graphics/pokemon/magikarp/anim_front.png.4bpp build/assets/graphics/pokemon/magikarp/anim_front.png.4bpp.smol
tools/compresSmol/compresSmol -w build/assets/graphics/pokemon/magikarp/anim_front_gba.png.4bpp build/assets/graphics/pokemon/magikarp/anim_front_gba.png.4bpp.smol
tools/compresSmol/compresSmol -w build/assets/graphics/pokemon/magikarp/anim_frontf.png.4bpp build/assets/graphics/pokemon/magikarp/anim_frontf.png.4bpp.smol
tools/compresSmol/compresSmol -w build/assets/graphics/pokemon/magikarp/back.png.4bpp build/assets/graphics/pokemon/magikarp/back.png.4bpp.smol
tools/compresSmol/compresSmol -w build/assets/graphics/pokemon/magikarp/back_gba.png.4bpp build/assets/graphics/pokemon/magikarp/back_gba.png.4bpp.smol
tools/compresSmol/compresSmol -w build/assets/graphics/pokemon/magikarp/backf.png.4bpp build/assets/graphics/pokemon/magikarp/backf.png.4bpp.smol
tools/compresSmol/compresSmol -w build/assets/graphics/pokemon/magikarp/overworld.png_mwidth_4__mheight_4.4bpp build/assets/graphics/pokemon/magikarp/overworld.png_mwidth_4__mheight_4.4bpp.smol
tools/compresSmol/compresSmol -w build/assets/graphics/pokemon/magikarp/overworldf.png_mwidth_4__mheight_4.4bpp build/assets/graphics/pokemon/magikarp/overworldf.png_mwidth_4__mheight_4.4bpp.smol
tools/compresSmol/compresSmol -w build/assets/graphics/pokemon/magmar/anim_front.png.4bpp build/assets/graphics/pokemon/magmar/anim_front.png.4bpp.smol
tools/compresSmol/compresSmol -w build/assets/graphics/pokemon/magmar/anim_front_gba.png.4bpp build/assets/graphics/pokemon/magmar/anim_front_gba.png.4bpp.smol
tools/compresSmol/compresSmol -w build/assets/graphics/pokemon/magmar/back.png.4bpp build/assets/graphics/pokemon/magmar/back.png.4bpp.smol
tools/compresSmol/compresSmol -w build/assets/graphics/pokemon/magmar/back_gba.png.4bpp build/assets/graphics/pokemon/magmar/back_gba.png.4bpp.smol
tools/compresSmol/compresSmol -w build/assets/graphics/pokemon/magmar/overworld.png_mwidth_4__mheight_4.4bpp build/assets/graphics/pokemon/magmar/overworld.png_mwidth_4__mheight_4.4bpp.smol
tools/compresSmol/compresSmol -w build/assets/graphics/pokemon/magmortar/anim_front.png.4bpp build/assets/graphics/pokemon/magmortar/anim_front.png.4bpp.smol
tools/compresSmol/compresSmol -w build/assets/graphics/pokemon/magmortar/back.png.4bpp build/assets/graphics/pokemon/magmortar/back.png.4bpp.smol
tools/compresSmol/compresSmol -w build/assets/graphics/pokemon/magmortar/overworld.png_mwidth_4__mheight_4.4bpp build/assets/graphics/pokemon/magmortar/overworld.png_mwidth_4__mheight_4.4bpp.smol
tools/compresSmol/compresSmol -w build/assets/graphics/pokemon/magnemite/anim_front.png.4bpp build/assets/graphics/pokemon/magnemite/anim_front.png.4bpp.smol
tools/compresSmol/compresSmol -w build/assets/graphics/pokemon/magnemite/anim_front_gba.png.4bpp build/assets/graphics/pokemon/magnemite/anim_front_gba.png.4bpp.smol
tools/compresSmol/compresSmol -w build/assets/graphics/pokemon/magnemite/back.png.4bpp build/assets/graphics/pokemon/magnemite/back.png.4bpp.smol
tools/compresSmol/compresSmol -w build/assets/graphics/pokemon/magnemite/back_gba.png.4bpp build/assets/graphics/pokemon/magnemite/back_gba.png.4bpp.smol
tools/compresSmol/compresSmol -w build/assets/graphics/pokemon/magnemite/overworld.png_mwidth_4__mheight_4.4bpp build/assets/graphics/pokemon/magnemite/overworld.png_mwidth_4__mheight_4.4bpp.smol
tools/compresSmol/compresSmol -w build/assets/graphics/pokemon/magneton/anim_front.png.4bpp build/assets/graphics/pokemon/magneton/anim_front.png.4bpp.smol
tools/compresSmol/compresSmol -w build/assets/graphics/pokemon/magneton/anim_front_gba.png.4bpp build/assets/graphics/pokemon/magneton/anim_front_gba.png.4bpp.smol
tools/compresSmol/compresSmol -w build/assets/graphics/pokemon/magneton/back.png.4bpp build/assets/graphics/pokemon/magneton/back.png.4bpp.smol
tools/compresSmol/compresSmol -w build/assets/graphics/pokemon/magneton/back_gba.png.4bpp build/assets/graphics/pokemon/magneton/back_gba.png.4bpp.smol
tools/compresSmol/compresSmol -w build/assets/graphics/pokemon/magneton/overworld.png_mwidth_4__mheight_4.4bpp build/assets/graphics/pokemon/magneton/overworld.png_mwidth_4__mheight_4.4bpp.smol
tools/compresSmol/compresSmol -w build/assets/graphics/pokemon/magnezone/anim_front.png.4bpp build/assets/graphics/pokemon/magnezone/anim_front.png.4bpp.smol
tools/compresSmol/compresSmol -w build/assets/graphics/pokemon/magnezone/back.png.4bpp build/assets/graphics/pokemon/magnezone/back.png.4bpp.smol
tools/compresSmol/compresSmol -w build/assets/graphics/pokemon/magnezone/overworld.png_mwidth_4__mheight_4.4bpp build/assets/graphics/pokemon/magnezone/overworld.png_mwidth_4__mheight_4.4bpp.smol
tools/compresSmol/compresSmol -w build/assets/graphics/pokemon/makuhita/anim_front.png.4bpp build/assets/graphics/pokemon/makuhita/anim_front.png.4bpp.smol
tools/compresSmol/compresSmol -w build/assets/graphics/pokemon/makuhita/anim_front_gba.png.4bpp build/assets/graphics/pokemon/makuhita/anim_front_gba.png.4bpp.smol
tools/compresSmol/compresSmol -w build/assets/graphics/pokemon/makuhita/back.png.4bpp build/assets/graphics/pokemon/makuhita/back.png.4bpp.smol
tools/compresSmol/compresSmol -w build/assets/graphics/pokemon/makuhita/back_gba.png.4bpp build/assets/graphics/pokemon/makuhita/back_gba.png.4bpp.smol
tools/compresSmol/compresSmol -w build/assets/graphics/pokemon/makuhita/overworld.png_mwidth_4__mheight_4.4bpp build/assets/graphics/pokemon/makuhita/overworld.png_mwidth_4__mheight_4.4bpp.smol
tools/compresSmol/compresSmol -w build/assets/graphics/pokemon/malamar/anim_front.png.4bpp build/assets/graphics/pokemon/malamar/anim_front.png.4bpp.smol
tools/compresSmol/compresSmol -w build/assets/graphics/pokemon/malamar/back.png.4bpp build/assets/graphics/pokemon/malamar/back.png.4bpp.smol
tools/compresSmol/compresSmol -w build/assets/graphics/pokemon/malamar/mega/back.png.4bpp build/assets/graphics/pokemon/malamar/mega/back.png.4bpp.smol
tools/compresSmol/compresSmol -w build/assets/graphics/pokemon/malamar/mega/front.png.4bpp build/assets/graphics/pokemon/malamar/mega/front.png.4bpp.smol
tools/compresSmol/compresSmol -w build/assets/graphics/pokemon/malamar/overworld.png_mwidth_4__mheight_4.4bpp build/assets/graphics/pokemon/malamar/overworld.png_mwidth_4__mheight_4.4bpp.smol
tools/compresSmol/compresSmol -w build/assets/graphics/pokemon/mamoswine/anim_front.png.4bpp build/assets/graphics/pokemon/mamoswine/anim_front.png.4bpp.smol
tools/compresSmol/compresSmol -w build/assets/graphics/pokemon/mamoswine/anim_frontf.png.4bpp build/assets/graphics/pokemon/mamoswine/anim_frontf.png.4bpp.smol
tools/compresSmol/compresSmol -w build/assets/graphics/pokemon/mamoswine/back.png.4bpp build/assets/graphics/pokemon/mamoswine/back.png.4bpp.smol
tools/compresSmol/compresSmol -w build/assets/graphics/pokemon/mamoswine/overworld.png_mwidth_4__mheight_4.4bpp build/assets/graphics/pokemon/mamoswine/overworld.png_mwidth_4__mheight_4.4bpp.smol
tools/compresSmol/compresSmol -w build/assets/graphics/pokemon/mamoswine/overworldf.png_mwidth_4__mheight_4.4bpp build/assets/graphics/pokemon/mamoswine/overworldf.png_mwidth_4__mheight_4.4bpp.smol
tools/compresSmol/compresSmol -w build/assets/graphics/pokemon/manaphy/anim_front.png.4bpp build/assets/graphics/pokemon/manaphy/anim_front.png.4bpp.smol
tools/compresSmol/compresSmol -w build/assets/graphics/pokemon/manaphy/back.png.4bpp build/assets/graphics/pokemon/manaphy/back.png.4bpp.smol
tools/compresSmol/compresSmol -w build/assets/graphics/pokemon/manaphy/egg_sprite.png.4bpp build/assets/graphics/pokemon/manaphy/egg_sprite.png.4bpp.smol
tools/compresSmol/compresSmol -w build/assets/graphics/pokemon/manaphy/hatch.png.4bpp build/assets/graphics/pokemon/manaphy/hatch.png.4bpp.smol
tools/compresSmol/compresSmol -w build/assets/graphics/pokemon/manaphy/overworld.png_mwidth_4__mheight_4.4bpp build/assets/graphics/pokemon/manaphy/overworld.png_mwidth_4__mheight_4.4bpp.smol
tools/compresSmol/compresSmol -w build/assets/graphics/pokemon/mandibuzz/anim_front.png.4bpp build/assets/graphics/pokemon/mandibuzz/anim_front.png.4bpp.smol
tools/compresSmol/compresSmol -w build/assets/graphics/pokemon/mandibuzz/back.png.4bpp build/assets/graphics/pokemon/mandibuzz/back.png.4bpp.smol
tools/compresSmol/compresSmol -w build/assets/graphics/pokemon/mandibuzz/overworld.png_mwidth_4__mheight_4.4bpp build/assets/graphics/pokemon/mandibuzz/overworld.png_mwidth_4__mheight_4.4bpp.smol
tools/compresSmol/compresSmol -w build/assets/graphics/pokemon/manectric/anim_front.png.4bpp build/assets/graphics/pokemon/manectric/anim_front.png.4bpp.smol
tools/compresSmol/compresSmol -w build/assets/graphics/pokemon/manectric/anim_front_gba.png.4bpp build/assets/graphics/pokemon/manectric/anim_front_gba.png.4bpp.smol
tools/compresSmol/compresSmol -w build/assets/graphics/pokemon/manectric/back.png.4bpp build/assets/graphics/pokemon/manectric/back.png.4bpp.smol
tools/compresSmol/compresSmol -w build/assets/graphics/pokemon/manectric/back_gba.png.4bpp build/assets/graphics/pokemon/manectric/back_gba.png.4bpp.smol
tools/compresSmol/compresSmol -w build/assets/graphics/pokemon/manectric/mega/back.png.4bpp build/assets/graphics/pokemon/manectric/mega/back.png.4bpp.smol
tools/compresSmol/compresSmol -w build/assets/graphics/pokemon/manectric/mega/front.png.4bpp build/assets/graphics/pokemon/manectric/mega/front.png.4bpp.smol
tools/compresSmol/compresSmol -w build/assets/graphics/pokemon/manectric/mega/overworld.png_mwidth_4__mheight_4.4bpp build/assets/graphics/pokemon/manectric/mega/overworld.png_mwidth_4__mheight_4.4bpp.smol
tools/compresSmol/compresSmol -w build/assets/graphics/pokemon/manectric/overworld.png_mwidth_4__mheight_4.4bpp build/assets/graphics/pokemon/manectric/overworld.png_mwidth_4__mheight_4.4bpp.smol
tools/compresSmol/compresSmol -w build/assets/graphics/pokemon/mankey/anim_front.png.4bpp build/assets/graphics/pokemon/mankey/anim_front.png.4bpp.smol
tools/compresSmol/compresSmol -w build/assets/graphics/pokemon/mankey/anim_front_gba.png.4bpp build/assets/graphics/pokemon/mankey/anim_front_gba.png.4bpp.smol
tools/compresSmol/compresSmol -w build/assets/graphics/pokemon/mankey/back.png.4bpp build/assets/graphics/pokemon/mankey/back.png.4bpp.smol
tools/compresSmol/compresSmol -w build/assets/graphics/pokemon/mankey/back_gba.png.4bpp build/assets/graphics/pokemon/mankey/back_gba.png.4bpp.smol
tools/compresSmol/compresSmol -w build/assets/graphics/pokemon/mankey/overworld.png_mwidth_4__mheight_4.4bpp build/assets/graphics/pokemon/mankey/overworld.png_mwidth_4__mheight_4.4bpp.smol
tools/compresSmol/compresSmol -w build/assets/graphics/pokemon/mantine/anim_front.png.4bpp build/assets/graphics/pokemon/mantine/anim_front.png.4bpp.smol
tools/compresSmol/compresSmol -w build/assets/graphics/pokemon/mantine/anim_front_gba.png.4bpp build/assets/graphics/pokemon/mantine/anim_front_gba.png.4bpp.smol
tools/compresSmol/compresSmol -w build/assets/graphics/pokemon/mantine/back.png.4bpp build/assets/graphics/pokemon/mantine/back.png.4bpp.smol
tools/compresSmol/compresSmol -w build/assets/graphics/pokemon/mantine/back_gba.png.4bpp build/assets/graphics/pokemon/mantine/back_gba.png.4bpp.smol
tools/compresSmol/compresSmol -w build/assets/graphics/pokemon/mantine/overworld.png_mwidth_4__mheight_4.4bpp build/assets/graphics/pokemon/mantine/overworld.png_mwidth_4__mheight_4.4bpp.smol
tools/compresSmol/compresSmol -w build/assets/graphics/pokemon/mantyke/anim_front.png.4bpp build/assets/graphics/pokemon/mantyke/anim_front.png.4bpp.smol
tools/compresSmol/compresSmol -w build/assets/graphics/pokemon/mantyke/back.png.4bpp build/assets/graphics/pokemon/mantyke/back.png.4bpp.smol
tools/compresSmol/compresSmol -w build/assets/graphics/pokemon/mantyke/overworld.png_mwidth_4__mheight_4.4bpp build/assets/graphics/pokemon/mantyke/overworld.png_mwidth_4__mheight_4.4bpp.smol
tools/compresSmol/compresSmol -w build/assets/graphics/pokemon/maractus/anim_front.png.4bpp build/assets/graphics/pokemon/maractus/anim_front.png.4bpp.smol
tools/compresSmol/compresSmol -w build/assets/graphics/pokemon/maractus/back.png.4bpp build/assets/graphics/pokemon/maractus/back.png.4bpp.smol
tools/compresSmol/compresSmol -w build/assets/graphics/pokemon/maractus/overworld.png_mwidth_4__mheight_4.4bpp build/assets/graphics/pokemon/maractus/overworld.png_mwidth_4__mheight_4.4bpp.smol
tools/compresSmol/compresSmol -w build/assets/graphics/pokemon/mareanie/back.png.4bpp build/assets/graphics/pokemon/mareanie/back.png.4bpp.smol
tools/compresSmol/compresSmol -w build/assets/graphics/pokemon/mareanie/front.png.4bpp build/assets/graphics/pokemon/mareanie/front.png.4bpp.smol
tools/compresSmol/compresSmol -w build/assets/graphics/pokemon/mareanie/overworld.png_mwidth_4__mheight_4.4bpp build/assets/graphics/pokemon/mareanie/overworld.png_mwidth_4__mheight_4.4bpp.smol
tools/compresSmol/compresSmol -w build/assets/graphics/pokemon/mareep/anim_front.png.4bpp build/assets/graphics/pokemon/mareep/anim_front.png.4bpp.smol
tools/compresSmol/compresSmol -w build/assets/graphics/pokemon/mareep/anim_front_gba.png.4bpp build/assets/graphics/pokemon/mareep/anim_front_gba.png.4bpp.smol
tools/compresSmol/compresSmol -w build/assets/graphics/pokemon/mareep/back.png.4bpp build/assets/graphics/pokemon/mareep/back.png.4bpp.smol
tools/compresSmol/compresSmol -w build/assets/graphics/pokemon/mareep/back_gba.png.4bpp build/assets/graphics/pokemon/mareep/back_gba.png.4bpp.smol
tools/compresSmol/compresSmol -w build/assets/graphics/pokemon/mareep/overworld.png_mwidth_4__mheight_4.4bpp build/assets/graphics/pokemon/mareep/overworld.png_mwidth_4__mheight_4.4bpp.smol
tools/compresSmol/compresSmol -w build/assets/graphics/pokemon/marill/anim_front.png.4bpp build/assets/graphics/pokemon/marill/anim_front.png.4bpp.smol
tools/compresSmol/compresSmol -w build/assets/graphics/pokemon/marill/anim_front_gba.png.4bpp build/assets/graphics/pokemon/marill/anim_front_gba.png.4bpp.smol
tools/compresSmol/compresSmol -w build/assets/graphics/pokemon/marill/back.png.4bpp build/assets/graphics/pokemon/marill/back.png.4bpp.smol
tools/compresSmol/compresSmol -w build/assets/graphics/pokemon/marill/back_gba.png.4bpp build/assets/graphics/pokemon/marill/back_gba.png.4bpp.smol
tools/compresSmol/compresSmol -w build/assets/graphics/pokemon/marill/overworld.png_mwidth_4__mheight_4.4bpp build/assets/graphics/pokemon/marill/overworld.png_mwidth_4__mheight_4.4bpp.smol
tools/compresSmol/compresSmol -w build/assets/graphics/pokemon/marowak/alola/back.png.4bpp build/assets/graphics/pokemon/marowak/alola/back.png.4bpp.smol
tools/compresSmol/compresSmol -w build/assets/graphics/pokemon/marowak/alola/front.png.4bpp build/assets/graphics/pokemon/marowak/alola/front.png.4bpp.smol
tools/compresSmol/compresSmol -w build/assets/graphics/pokemon/marowak/alola/overworld.png_mwidth_4__mheight_4.4bpp build/assets/graphics/pokemon/marowak/alola/overworld.png_mwidth_4__mheight_4.4bpp.smol
tools/compresSmol/compresSmol -w build/assets/graphics/pokemon/marowak/anim_front.png.4bpp build/assets/graphics/pokemon/marowak/anim_front.png.4bpp.smol
tools/compresSmol/compresSmol -w build/assets/graphics/pokemon/marowak/anim_front_gba.png.4bpp build/assets/graphics/pokemon/marowak/anim_front_gba.png.4bpp.smol
tools/compresSmol/compresSmol -w build/assets/graphics/pokemon/marowak/back.png.4bpp build/assets/graphics/pokemon/marowak/back.png.4bpp.smol
tools/compresSmol/compresSmol -w build/assets/graphics/pokemon/marowak/back_gba.png.4bpp build/assets/graphics/pokemon/marowak/back_gba.png.4bpp.smol
tools/compresSmol/compresSmol -w build/assets/graphics/pokemon/marowak/overworld.png_mwidth_4__mheight_4.4bpp build/assets/graphics/pokemon/marowak/overworld.png_mwidth_4__mheight_4.4bpp.smol
tools/compresSmol/compresSmol -w build/assets/graphics/pokemon/marshadow/anim_front.png.4bpp build/assets/graphics/pokemon/marshadow/anim_front.png.4bpp.smol
tools/compresSmol/compresSmol -w build/assets/graphics/pokemon/marshadow/back.png.4bpp build/assets/graphics/pokemon/marshadow/back.png.4bpp.smol
tools/compresSmol/compresSmol -w build/assets/graphics/pokemon/marshadow/overworld.png_mwidth_4__mheight_4.4bpp build/assets/graphics/pokemon/marshadow/overworld.png_mwidth_4__mheight_4.4bpp.smol
tools/compresSmol/compresSmol -w build/assets/graphics/pokemon/marshtomp/anim_front.png.4bpp build/assets/graphics/pokemon/marshtomp/anim_front.png.4bpp.smol
tools/compresSmol/compresSmol -w build/assets/graphics/pokemon/marshtomp/anim_front_gba.png.4bpp build/assets/graphics/pokemon/marshtomp/anim_front_gba.png.4bpp.smol
tools/compresSmol/compresSmol -w build/assets/graphics/pokemon/marshtomp/back.png.4bpp build/assets/graphics/pokemon/marshtomp/back.png.4bpp.smol
tools/compresSmol/compresSmol -w build/assets/graphics/pokemon/marshtomp/back_gba.png.4bpp build/assets/graphics/pokemon/marshtomp/back_gba.png.4bpp.smol
tools/compresSmol/compresSmol -w build/assets/graphics/pokemon/marshtomp/overworld.png_mwidth_4__mheight_4.4bpp build/assets/graphics/pokemon/marshtomp/overworld.png_mwidth_4__mheight_4.4bpp.smol
tools/compresSmol/compresSmol -w build/assets/graphics/pokemon/maschiff/back.png.4bpp build/assets/graphics/pokemon/maschiff/back.png.4bpp.smol
tools/compresSmol/compresSmol -w build/assets/graphics/pokemon/maschiff/front.png.4bpp build/assets/graphics/pokemon/maschiff/front.png.4bpp.smol
tools/compresSmol/compresSmol -w build/assets/graphics/pokemon/maschiff/overworld.png_mwidth_4__mheight_4.4bpp build/assets/graphics/pokemon/maschiff/overworld.png_mwidth_4__mheight_4.4bpp.smol
tools/compresSmol/compresSmol -w build/assets/graphics/pokemon/masquerain/anim_front.png.4bpp build/assets/graphics/pokemon/masquerain/anim_front.png.4bpp.smol
tools/compresSmol/compresSmol -w build/assets/graphics/pokemon/masquerain/anim_front_gba.png.4bpp build/assets/graphics/pokemon/masquerain/anim_front_gba.png.4bpp.smol
tools/compresSmol/compresSmol -w build/assets/graphics/pokemon/masquerain/back.png.4bpp build/assets/graphics/pokemon/masquerain/back.png.4bpp.smol
tools/compresSmol/compresSmol -w build/assets/graphics/pokemon/masquerain/back_gba.png.4bpp build/assets/graphics/pokemon/masquerain/back_gba.png.4bpp.smol
tools/compresSmol/compresSmol -w build/assets/graphics/pokemon/masquerain/overworld.png_mwidth_4__mheight_4.4bpp build/assets/graphics/pokemon/masquerain/overworld.png_mwidth_4__mheight_4.4bpp.smol
tools/compresSmol/compresSmol -w build/assets/graphics/pokemon/maushold/back.png.4bpp build/assets/graphics/pokemon/maushold/back.png.4bpp.smol
tools/compresSmol/compresSmol -w build/assets/graphics/pokemon/maushold/four/back.png.4bpp build/assets/graphics/pokemon/maushold/four/back.png.4bpp.smol
tools/compresSmol/compresSmol -w build/assets/graphics/pokemon/maushold/four/front.png.4bpp build/assets/graphics/pokemon/maushold/four/front.png.4bpp.smol
tools/compresSmol/compresSmol -w build/assets/graphics/pokemon/maushold/four/overworld.png_mwidth_4__mheight_4.4bpp build/assets/graphics/pokemon/maushold/four/overworld.png_mwidth_4__mheight_4.4bpp.smol
tools/compresSmol/compresSmol -w build/assets/graphics/pokemon/maushold/front.png.4bpp build/assets/graphics/pokemon/maushold/front.png.4bpp.smol
tools/compresSmol/compresSmol -w build/assets/graphics/pokemon/maushold/overworld.png_mwidth_4__mheight_4.4bpp build/assets/graphics/pokemon/maushold/overworld.png_mwidth_4__mheight_4.4bpp.smol
tools/compresSmol/compresSmol -w build/assets/graphics/pokemon/mawile/anim_front.png.4bpp build/assets/graphics/pokemon/mawile/anim_front.png.4bpp.smol
tools/compresSmol/compresSmol -w build/assets/graphics/pokemon/mawile/anim_front_gba.png.4bpp build/assets/graphics/pokemon/mawile/anim_front_gba.png.4bpp.smol
tools/compresSmol/compresSmol -w build/assets/graphics/pokemon/mawile/back.png.4bpp build/assets/graphics/pokemon/mawile/back.png.4bpp.smol
tools/compresSmol/compresSmol -w build/assets/graphics/pokemon/mawile/back_gba.png.4bpp build/assets/graphics/pokemon/mawile/back_gba.png.4bpp.smol
tools/compresSmol/compresSmol -w build/assets/graphics/pokemon/mawile/mega/back.png.4bpp build/assets/graphics/pokemon/mawile/mega/back.png.4bpp.smol
tools/compresSmol/compresSmol -w build/assets/graphics/pokemon/mawile/mega/front.png.4bpp build/assets/graphics/pokemon/mawile/mega/front.png.4bpp.smol
tools/compresSmol/compresSmol -w build/assets/graphics/pokemon/mawile/mega/overworld.png_mwidth_4__mheight_4.4bpp build/assets/graphics/pokemon/mawile/mega/overworld.png_mwidth_4__mheight_4.4bpp.smol
tools/compresSmol/compresSmol -w build/assets/graphics/pokemon/mawile/overworld.png_mwidth_4__mheight_4.4bpp build/assets/graphics/pokemon/mawile/overworld.png_mwidth_4__mheight_4.4bpp.smol
tools/compresSmol/compresSmol -w build/assets/graphics/pokemon/medicham/anim_front.png.4bpp build/assets/graphics/pokemon/medicham/anim_front.png.4bpp.smol
tools/compresSmol/compresSmol -w build/assets/graphics/pokemon/medicham/anim_front_gba.png.4bpp build/assets/graphics/pokemon/medicham/anim_front_gba.png.4bpp.smol
tools/compresSmol/compresSmol -w build/assets/graphics/pokemon/medicham/anim_frontf.png.4bpp build/assets/graphics/pokemon/medicham/anim_frontf.png.4bpp.smol
tools/compresSmol/compresSmol -w build/assets/graphics/pokemon/medicham/back.png.4bpp build/assets/graphics/pokemon/medicham/back.png.4bpp.smol
tools/compresSmol/compresSmol -w build/assets/graphics/pokemon/medicham/back_gba.png.4bpp build/assets/graphics/pokemon/medicham/back_gba.png.4bpp.smol
tools/compresSmol/compresSmol -w build/assets/graphics/pokemon/medicham/backf.png.4bpp build/assets/graphics/pokemon/medicham/backf.png.4bpp.smol
tools/compresSmol/compresSmol -w build/assets/graphics/pokemon/medicham/mega/back.png.4bpp build/assets/graphics/pokemon/medicham/mega/back.png.4bpp.smol
tools/compresSmol/compresSmol -w build/assets/graphics/pokemon/medicham/mega/front.png.4bpp build/assets/graphics/pokemon/medicham/mega/front.png.4bpp.smol
tools/compresSmol/compresSmol -w build/assets/graphics/pokemon/medicham/mega/overworld.png_mwidth_4__mheight_4.4bpp build/assets/graphics/pokemon/medicham/mega/overworld.png_mwidth_4__mheight_4.4bpp.smol
tools/compresSmol/compresSmol -w build/assets/graphics/pokemon/medicham/overworld.png_mwidth_4__mheight_4.4bpp build/assets/graphics/pokemon/medicham/overworld.png_mwidth_4__mheight_4.4bpp.smol
tools/compresSmol/compresSmol -w build/assets/graphics/pokemon/medicham/overworldf.png_mwidth_4__mheight_4.4bpp build/assets/graphics/pokemon/medicham/overworldf.png_mwidth_4__mheight_4.4bpp.smol
tools/compresSmol/compresSmol -w build/assets/graphics/pokemon/meditite/anim_front.png.4bpp build/assets/graphics/pokemon/meditite/anim_front.png.4bpp.smol
tools/compresSmol/compresSmol -w build/assets/graphics/pokemon/meditite/anim_front_gba.png.4bpp build/assets/graphics/pokemon/meditite/anim_front_gba.png.4bpp.smol
tools/compresSmol/compresSmol -w build/assets/graphics/pokemon/meditite/anim_frontf.png.4bpp build/assets/graphics/pokemon/meditite/anim_frontf.png.4bpp.smol
tools/compresSmol/compresSmol -w build/assets/graphics/pokemon/meditite/back.png.4bpp build/assets/graphics/pokemon/meditite/back.png.4bpp.smol
tools/compresSmol/compresSmol -w build/assets/graphics/pokemon/meditite/back_gba.png.4bpp build/assets/graphics/pokemon/meditite/back_gba.png.4bpp.smol
tools/compresSmol/compresSmol -w build/assets/graphics/pokemon/meditite/backf.png.4bpp build/assets/graphics/pokemon/meditite/backf.png.4bpp.smol
tools/compresSmol/compresSmol -w build/assets/graphics/pokemon/meditite/overworld.png_mwidth_4__mheight_4.4bpp build/assets/graphics/pokemon/meditite/overworld.png_mwidth_4__mheight_4.4bpp.smol
tools/compresSmol/compresSmol -w build/assets/graphics/pokemon/meditite/overworldf.png_mwidth_4__mheight_4.4bpp build/assets/graphics/pokemon/meditite/overworldf.png_mwidth_4__mheight_4.4bpp.smol
tools/compresSmol/compresSmol -w build/assets/graphics/pokemon/meganium/anim_front.png.4bpp build/assets/graphics/pokemon/meganium/anim_front.png.4bpp.smol
tools/compresSmol/compresSmol -w build/assets/graphics/pokemon/meganium/anim_front_gba.png.4bpp build/assets/graphics/pokemon/meganium/anim_front_gba.png.4bpp.smol
tools/compresSmol/compresSmol -w build/assets/graphics/pokemon/meganium/anim_frontf.png.4bpp build/assets/graphics/pokemon/meganium/anim_frontf.png.4bpp.smol
tools/compresSmol/compresSmol -w build/assets/graphics/pokemon/meganium/back.png.4bpp build/assets/graphics/pokemon/meganium/back.png.4bpp.smol
tools/compresSmol/compresSmol -w build/assets/graphics/pokemon/meganium/back_gba.png.4bpp build/assets/graphics/pokemon/meganium/back_gba.png.4bpp.smol
tools/compresSmol/compresSmol -w build/assets/graphics/pokemon/meganium/backf.png.4bpp build/assets/graphics/pokemon/meganium/backf.png.4bpp.smol
tools/compresSmol/compresSmol -w build/assets/graphics/pokemon/meganium/mega/back.png.4bpp build/assets/graphics/pokemon/meganium/mega/back.png.4bpp.smol
tools/compresSmol/compresSmol -w build/assets/graphics/pokemon/meganium/mega/front.png.4bpp build/assets/graphics/pokemon/meganium/mega/front.png.4bpp.smol
tools/compresSmol/compresSmol -w build/assets/graphics/pokemon/meganium/overworld.png_mwidth_4__mheight_4.4bpp build/assets/graphics/pokemon/meganium/overworld.png_mwidth_4__mheight_4.4bpp.smol
tools/compresSmol/compresSmol -w build/assets/graphics/pokemon/meganium/overworldf.png_mwidth_4__mheight_4.4bpp build/assets/graphics/pokemon/meganium/overworldf.png_mwidth_4__mheight_4.4bpp.smol
tools/compresSmol/compresSmol -w build/assets/graphics/pokemon/melmetal/back.png.4bpp build/assets/graphics/pokemon/melmetal/back.png.4bpp.smol
tools/compresSmol/compresSmol -w build/assets/graphics/pokemon/melmetal/front.png.4bpp build/assets/graphics/pokemon/melmetal/front.png.4bpp.smol
tools/compresSmol/compresSmol -w build/assets/graphics/pokemon/melmetal/gmax/back.png.4bpp build/assets/graphics/pokemon/melmetal/gmax/back.png.4bpp.smol
tools/compresSmol/compresSmol -w build/assets/graphics/pokemon/melmetal/gmax/front.png.4bpp build/assets/graphics/pokemon/melmetal/gmax/front.png.4bpp.smol
tools/compresSmol/compresSmol -w build/assets/graphics/pokemon/melmetal/overworld.png_mwidth_4__mheight_4.4bpp build/assets/graphics/pokemon/melmetal/overworld.png_mwidth_4__mheight_4.4bpp.smol
tools/compresSmol/compresSmol -w build/assets/graphics/pokemon/meloetta/anim_front.png.4bpp build/assets/graphics/pokemon/meloetta/anim_front.png.4bpp.smol
tools/compresSmol/compresSmol -w build/assets/graphics/pokemon/meloetta/back.png.4bpp build/assets/graphics/pokemon/meloetta/back.png.4bpp.smol
tools/compresSmol/compresSmol -w build/assets/graphics/pokemon/meloetta/overworld.png_mwidth_4__mheight_4.4bpp build/assets/graphics/pokemon/meloetta/overworld.png_mwidth_4__mheight_4.4bpp.smol
tools/compresSmol/compresSmol -w build/assets/graphics/pokemon/meloetta/pirouette/anim_front.png.4bpp build/assets/graphics/pokemon/meloetta/pirouette/anim_front.png.4bpp.smol
tools/compresSmol/compresSmol -w build/assets/graphics/pokemon/meloetta/pirouette/back.png.4bpp build/assets/graphics/pokemon/meloetta/pirouette/back.png.4bpp.smol
tools/compresSmol/compresSmol -w build/assets/graphics/pokemon/meloetta/pirouette/overworld.png_mwidth_4__mheight_4.4bpp build/assets/graphics/pokemon/meloetta/pirouette/overworld.png_mwidth_4__mheight_4.4bpp.smol
tools/compresSmol/compresSmol -w build/assets/graphics/pokemon/meltan/back.png.4bpp build/assets/graphics/pokemon/meltan/back.png.4bpp.smol
tools/compresSmol/compresSmol -w build/assets/graphics/pokemon/meltan/front.png.4bpp build/assets/graphics/pokemon/meltan/front.png.4bpp.smol
tools/compresSmol/compresSmol -w build/assets/graphics/pokemon/meltan/overworld.png_mwidth_4__mheight_4.4bpp build/assets/graphics/pokemon/meltan/overworld.png_mwidth_4__mheight_4.4bpp.smol
tools/compresSmol/compresSmol -w build/assets/graphics/pokemon/meowscarada/back.png.4bpp build/assets/graphics/pokemon/meowscarada/back.png.4bpp.smol
tools/compresSmol/compresSmol -w build/assets/graphics/pokemon/meowscarada/front.png.4bpp build/assets/graphics/pokemon/meowscarada/front.png.4bpp.smol
tools/compresSmol/compresSmol -w build/assets/graphics/pokemon/meowscarada/overworld.png_mwidth_4__mheight_4.4bpp build/assets/graphics/pokemon/meowscarada/overworld.png_mwidth_4__mheight_4.4bpp.smol
tools/compresSmol/compresSmol -w build/assets/graphics/pokemon/meowstic/anim_front.png.4bpp build/assets/graphics/pokemon/meowstic/anim_front.png.4bpp.smol
tools/compresSmol/compresSmol -w build/assets/graphics/pokemon/meowstic/back.png.4bpp build/assets/graphics/pokemon/meowstic/back.png.4bpp.smol
tools/compresSmol/compresSmol -w build/assets/graphics/pokemon/meowstic/f/anim_front.png.4bpp build/assets/graphics/pokemon/meowstic/f/anim_front.png.4bpp.smol
tools/compresSmol/compresSmol -w build/assets/graphics/pokemon/meowstic/f/back.png.4bpp build/assets/graphics/pokemon/meowstic/f/back.png.4bpp.smol
tools/compresSmol/compresSmol -w build/assets/graphics/pokemon/meowstic/f/overworld.png_mwidth_4__mheight_4.4bpp build/assets/graphics/pokemon/meowstic/f/overworld.png_mwidth_4__mheight_4.4bpp.smol
tools/compresSmol/compresSmol -w build/assets/graphics/pokemon/meowstic/mega/back.png.4bpp build/assets/graphics/pokemon/meowstic/mega/back.png.4bpp.smol
tools/compresSmol/compresSmol -w build/assets/graphics/pokemon/meowstic/mega/front.png.4bpp build/assets/graphics/pokemon/meowstic/mega/front.png.4bpp.smol
tools/compresSmol/compresSmol -w build/assets/graphics/pokemon/meowstic/overworld.png_mwidth_4__mheight_4.4bpp build/assets/graphics/pokemon/meowstic/overworld.png_mwidth_4__mheight_4.4bpp.smol
tools/compresSmol/compresSmol -w build/assets/graphics/pokemon/meowth/alola/back.png.4bpp build/assets/graphics/pokemon/meowth/alola/back.png.4bpp.smol
tools/compresSmol/compresSmol -w build/assets/graphics/pokemon/meowth/alola/front.png.4bpp build/assets/graphics/pokemon/meowth/alola/front.png.4bpp.smol
tools/compresSmol/compresSmol -w build/assets/graphics/pokemon/meowth/alola/overworld.png_mwidth_4__mheight_4.4bpp build/assets/graphics/pokemon/meowth/alola/overworld.png_mwidth_4__mheight_4.4bpp.smol
tools/compresSmol/compresSmol -w build/assets/graphics/pokemon/meowth/anim_front.png.4bpp build/assets/graphics/pokemon/meowth/anim_front.png.4bpp.smol
tools/compresSmol/compresSmol -w build/assets/graphics/pokemon/meowth/anim_front_gba.png.4bpp build/assets/graphics/pokemon/meowth/anim_front_gba.png.4bpp.smol
tools/compresSmol/compresSmol -w build/assets/graphics/pokemon/meowth/back.png.4bpp build/assets/graphics/pokemon/meowth/back.png.4bpp.smol
tools/compresSmol/compresSmol -w build/assets/graphics/pokemon/meowth/back_gba.png.4bpp build/assets/graphics/pokemon/meowth/back_gba.png.4bpp.smol
tools/compresSmol/compresSmol -w build/assets/graphics/pokemon/meowth/galar/back.png.4bpp build/assets/graphics/pokemon/meowth/galar/back.png.4bpp.smol
tools/compresSmol/compresSmol -w build/assets/graphics/pokemon/meowth/galar/front.png.4bpp build/assets/graphics/pokemon/meowth/galar/front.png.4bpp.smol
tools/compresSmol/compresSmol -w build/assets/graphics/pokemon/meowth/galar/overworld.png_mwidth_4__mheight_4.4bpp build/assets/graphics/pokemon/meowth/galar/overworld.png_mwidth_4__mheight_4.4bpp.smol
tools/compresSmol/compresSmol -w build/assets/graphics/pokemon/meowth/gmax/back.png.4bpp build/assets/graphics/pokemon/meowth/gmax/back.png.4bpp.smol
tools/compresSmol/compresSmol -w build/assets/graphics/pokemon/meowth/gmax/front.png.4bpp build/assets/graphics/pokemon/meowth/gmax/front.png.4bpp.smol
tools/compresSmol/compresSmol -w build/assets/graphics/pokemon/meowth/overworld.png_mwidth_4__mheight_4.4bpp build/assets/graphics/pokemon/meowth/overworld.png_mwidth_4__mheight_4.4bpp.smol
tools/compresSmol/compresSmol -w build/assets/graphics/pokemon/mesprit/anim_front.png.4bpp build/assets/graphics/pokemon/mesprit/anim_front.png.4bpp.smol
tools/compresSmol/compresSmol -w build/assets/graphics/pokemon/mesprit/back.png.4bpp build/assets/graphics/pokemon/mesprit/back.png.4bpp.smol
tools/compresSmol/compresSmol -w build/assets/graphics/pokemon/mesprit/overworld.png_mwidth_4__mheight_4.4bpp build/assets/graphics/pokemon/mesprit/overworld.png_mwidth_4__mheight_4.4bpp.smol
tools/compresSmol/compresSmol -w build/assets/graphics/pokemon/metagross/anim_front.png.4bpp build/assets/graphics/pokemon/metagross/anim_front.png.4bpp.smol
tools/compresSmol/compresSmol -w build/assets/graphics/pokemon/metagross/anim_front_gba.png.4bpp build/assets/graphics/pokemon/metagross/anim_front_gba.png.4bpp.smol
tools/compresSmol/compresSmol -w build/assets/graphics/pokemon/metagross/back.png.4bpp build/assets/graphics/pokemon/metagross/back.png.4bpp.smol
tools/compresSmol/compresSmol -w build/assets/graphics/pokemon/metagross/back_gba.png.4bpp build/assets/graphics/pokemon/metagross/back_gba.png.4bpp.smol
tools/compresSmol/compresSmol -w build/assets/graphics/pokemon/metagross/mega/back.png.4bpp build/assets/graphics/pokemon/metagross/mega/back.png.4bpp.smol
tools/compresSmol/compresSmol -w build/assets/graphics/pokemon/metagross/mega/front.png.4bpp build/assets/graphics/pokemon/metagross/mega/front.png.4bpp.smol
tools/compresSmol/compresSmol -w build/assets/graphics/pokemon/metagross/mega/overworld.png_mwidth_4__mheight_4.4bpp build/assets/graphics/pokemon/metagross/mega/overworld.png_mwidth_4__mheight_4.4bpp.smol
tools/compresSmol/compresSmol -w build/assets/graphics/pokemon/metagross/overworld.png_mwidth_4__mheight_4.4bpp build/assets/graphics/pokemon/metagross/overworld.png_mwidth_4__mheight_4.4bpp.smol
tools/compresSmol/compresSmol -w build/assets/graphics/pokemon/metang/anim_front.png.4bpp build/assets/graphics/pokemon/metang/anim_front.png.4bpp.smol
tools/compresSmol/compresSmol -w build/assets/graphics/pokemon/metang/anim_front_gba.png.4bpp build/assets/graphics/pokemon/metang/anim_front_gba.png.4bpp.smol
tools/compresSmol/compresSmol -w build/assets/graphics/pokemon/metang/back.png.4bpp build/assets/graphics/pokemon/metang/back.png.4bpp.smol
tools/compresSmol/compresSmol -w build/assets/graphics/pokemon/metang/back_gba.png.4bpp build/assets/graphics/pokemon/metang/back_gba.png.4bpp.smol
tools/compresSmol/compresSmol -w build/assets/graphics/pokemon/metang/overworld.png_mwidth_4__mheight_4.4bpp build/assets/graphics/pokemon/metang/overworld.png_mwidth_4__mheight_4.4bpp.smol
tools/compresSmol/compresSmol -w build/assets/graphics/pokemon/metapod/anim_front.png.4bpp build/assets/graphics/pokemon/metapod/anim_front.png.4bpp.smol
tools/compresSmol/compresSmol -w build/assets/graphics/pokemon/metapod/anim_front_gba.png.4bpp build/assets/graphics/pokemon/metapod/anim_front_gba.png.4bpp.smol
tools/compresSmol/compresSmol -w build/assets/graphics/pokemon/metapod/back.png.4bpp build/assets/graphics/pokemon/metapod/back.png.4bpp.smol
tools/compresSmol/compresSmol -w build/assets/graphics/pokemon/metapod/back_gba.png.4bpp build/assets/graphics/pokemon/metapod/back_gba.png.4bpp.smol
tools/compresSmol/compresSmol -w build/assets/graphics/pokemon/metapod/overworld.png_mwidth_4__mheight_4.4bpp build/assets/graphics/pokemon/metapod/overworld.png_mwidth_4__mheight_4.4bpp.smol
tools/compresSmol/compresSmol -w build/assets/graphics/pokemon/mew/anim_front.png.4bpp build/assets/graphics/pokemon/mew/anim_front.png.4bpp.smol
tools/compresSmol/compresSmol -w build/assets/graphics/pokemon/mew/anim_front_gba.png.4bpp build/assets/graphics/pokemon/mew/anim_front_gba.png.4bpp.smol
tools/compresSmol/compresSmol -w build/assets/graphics/pokemon/mew/back.png.4bpp build/assets/graphics/pokemon/mew/back.png.4bpp.smol
tools/compresSmol/compresSmol -w build/assets/graphics/pokemon/mew/back_gba.png.4bpp build/assets/graphics/pokemon/mew/back_gba.png.4bpp.smol
tools/compresSmol/compresSmol -w build/assets/graphics/pokemon/mew/overworld.png_mwidth_4__mheight_4.4bpp build/assets/graphics/pokemon/mew/overworld.png_mwidth_4__mheight_4.4bpp.smol
tools/compresSmol/compresSmol -w build/assets/graphics/pokemon/mewtwo/anim_front.png.4bpp build/assets/graphics/pokemon/mewtwo/anim_front.png.4bpp.smol
tools/compresSmol/compresSmol -w build/assets/graphics/pokemon/mewtwo/anim_front_gba.png.4bpp build/assets/graphics/pokemon/mewtwo/anim_front_gba.png.4bpp.smol
tools/compresSmol/compresSmol -w build/assets/graphics/pokemon/mewtwo/back.png.4bpp build/assets/graphics/pokemon/mewtwo/back.png.4bpp.smol
tools/compresSmol/compresSmol -w build/assets/graphics/pokemon/mewtwo/back_gba.png.4bpp build/assets/graphics/pokemon/mewtwo/back_gba.png.4bpp.smol
tools/compresSmol/compresSmol -w build/assets/graphics/pokemon/mewtwo/mega_x/back.png.4bpp build/assets/graphics/pokemon/mewtwo/mega_x/back.png.4bpp.smol
tools/compresSmol/compresSmol -w build/assets/graphics/pokemon/mewtwo/mega_x/front.png.4bpp build/assets/graphics/pokemon/mewtwo/mega_x/front.png.4bpp.smol
tools/compresSmol/compresSmol -w build/assets/graphics/pokemon/mewtwo/mega_x/overworld.png_mwidth_4__mheight_4.4bpp build/assets/graphics/pokemon/mewtwo/mega_x/overworld.png_mwidth_4__mheight_4.4bpp.smol
tools/compresSmol/compresSmol -w build/assets/graphics/pokemon/mewtwo/mega_y/back.png.4bpp build/assets/graphics/pokemon/mewtwo/mega_y/back.png.4bpp.smol
tools/compresSmol/compresSmol -w build/assets/graphics/pokemon/mewtwo/mega_y/front.png.4bpp build/assets/graphics/pokemon/mewtwo/mega_y/front.png.4bpp.smol
tools/compresSmol/compresSmol -w build/assets/graphics/pokemon/mewtwo/mega_y/overworld.png_mwidth_4__mheight_4.4bpp build/assets/graphics/pokemon/mewtwo/mega_y/overworld.png_mwidth_4__mheight_4.4bpp.smol
tools/compresSmol/compresSmol -w build/assets/graphics/pokemon/mewtwo/overworld.png_mwidth_4__mheight_4.4bpp build/assets/graphics/pokemon/mewtwo/overworld.png_mwidth_4__mheight_4.4bpp.smol
tools/compresSmol/compresSmol -w build/assets/graphics/pokemon/mienfoo/anim_front.png.4bpp build/assets/graphics/pokemon/mienfoo/anim_front.png.4bpp.smol
tools/compresSmol/compresSmol -w build/assets/graphics/pokemon/mienfoo/back.png.4bpp build/assets/graphics/pokemon/mienfoo/back.png.4bpp.smol
tools/compresSmol/compresSmol -w build/assets/graphics/pokemon/mienfoo/overworld.png_mwidth_4__mheight_4.4bpp build/assets/graphics/pokemon/mienfoo/overworld.png_mwidth_4__mheight_4.4bpp.smol
tools/compresSmol/compresSmol -w build/assets/graphics/pokemon/mienshao/anim_front.png.4bpp build/assets/graphics/pokemon/mienshao/anim_front.png.4bpp.smol
tools/compresSmol/compresSmol -w build/assets/graphics/pokemon/mienshao/back.png.4bpp build/assets/graphics/pokemon/mienshao/back.png.4bpp.smol
tools/compresSmol/compresSmol -w build/assets/graphics/pokemon/mienshao/overworld.png_mwidth_4__mheight_4.4bpp build/assets/graphics/pokemon/mienshao/overworld.png_mwidth_4__mheight_4.4bpp.smol
tools/compresSmol/compresSmol -w build/assets/graphics/pokemon/mightyena/anim_front.png.4bpp build/assets/graphics/pokemon/mightyena/anim_front.png.4bpp.smol
tools/compresSmol/compresSmol -w build/assets/graphics/pokemon/mightyena/anim_front_gba.png.4bpp build/assets/graphics/pokemon/mightyena/anim_front_gba.png.4bpp.smol
tools/compresSmol/compresSmol -w build/assets/graphics/pokemon/mightyena/back.png.4bpp build/assets/graphics/pokemon/mightyena/back.png.4bpp.smol
tools/compresSmol/compresSmol -w build/assets/graphics/pokemon/mightyena/back_gba.png.4bpp build/assets/graphics/pokemon/mightyena/back_gba.png.4bpp.smol
tools/compresSmol/compresSmol -w build/assets/graphics/pokemon/mightyena/overworld.png_mwidth_4__mheight_4.4bpp build/assets/graphics/pokemon/mightyena/overworld.png_mwidth_4__mheight_4.4bpp.smol
tools/compresSmol/compresSmol -w build/assets/graphics/pokemon/milcery/back.png.4bpp build/assets/graphics/pokemon/milcery/back.png.4bpp.smol
tools/compresSmol/compresSmol -w build/assets/graphics/pokemon/milcery/front.png.4bpp build/assets/graphics/pokemon/milcery/front.png.4bpp.smol
tools/compresSmol/compresSmol -w build/assets/graphics/pokemon/milcery/overworld.png_mwidth_4__mheight_4.4bpp build/assets/graphics/pokemon/milcery/overworld.png_mwidth_4__mheight_4.4bpp.smol
tools/compresSmol/compresSmol -w build/assets/graphics/pokemon/milotic/anim_front.png.4bpp build/assets/graphics/pokemon/milotic/anim_front.png.4bpp.smol
tools/compresSmol/compresSmol -w build/assets/graphics/pokemon/milotic/anim_front_gba.png.4bpp build/assets/graphics/pokemon/milotic/anim_front_gba.png.4bpp.smol
tools/compresSmol/compresSmol -w build/assets/graphics/pokemon/milotic/anim_frontf.png.4bpp build/assets/graphics/pokemon/milotic/anim_frontf.png.4bpp.smol
tools/compresSmol/compresSmol -w build/assets/graphics/pokemon/milotic/back.png.4bpp build/assets/graphics/pokemon/milotic/back.png.4bpp.smol
tools/compresSmol/compresSmol -w build/assets/graphics/pokemon/milotic/back_gba.png.4bpp build/assets/graphics/pokemon/milotic/back_gba.png.4bpp.smol
tools/compresSmol/compresSmol -w build/assets/graphics/pokemon/milotic/backf.png.4bpp build/assets/graphics/pokemon/milotic/backf.png.4bpp.smol
tools/compresSmol/compresSmol -w build/assets/graphics/pokemon/milotic/overworld.png_mwidth_4__mheight_4.4bpp build/assets/graphics/pokemon/milotic/overworld.png_mwidth_4__mheight_4.4bpp.smol
tools/compresSmol/compresSmol -w build/assets/graphics/pokemon/milotic/overworldf.png_mwidth_4__mheight_4.4bpp build/assets/graphics/pokemon/milotic/overworldf.png_mwidth_4__mheight_4.4bpp.smol
tools/compresSmol/compresSmol -w build/assets/graphics/pokemon/miltank/anim_front.png.4bpp build/assets/graphics/pokemon/miltank/anim_front.png.4bpp.smol
tools/compresSmol/compresSmol -w build/assets/graphics/pokemon/miltank/anim_front_gba.png.4bpp build/assets/graphics/pokemon/miltank/anim_front_gba.png.4bpp.smol
tools/compresSmol/compresSmol -w build/assets/graphics/pokemon/miltank/back.png.4bpp build/assets/graphics/pokemon/miltank/back.png.4bpp.smol
tools/compresSmol/compresSmol -w build/assets/graphics/pokemon/miltank/back_gba.png.4bpp build/assets/graphics/pokemon/miltank/back_gba.png.4bpp.smol
tools/compresSmol/compresSmol -w build/assets/graphics/pokemon/miltank/overworld.png_mwidth_4__mheight_4.4bpp build/assets/graphics/pokemon/miltank/overworld.png_mwidth_4__mheight_4.4bpp.smol
tools/compresSmol/compresSmol -w build/assets/graphics/pokemon/mime_jr/anim_front.png.4bpp build/assets/graphics/pokemon/mime_jr/anim_front.png.4bpp.smol
tools/compresSmol/compresSmol -w build/assets/graphics/pokemon/mime_jr/back.png.4bpp build/assets/graphics/pokemon/mime_jr/back.png.4bpp.smol
tools/compresSmol/compresSmol -w build/assets/graphics/pokemon/mime_jr/overworld.png_mwidth_4__mheight_4.4bpp build/assets/graphics/pokemon/mime_jr/overworld.png_mwidth_4__mheight_4.4bpp.smol
tools/compresSmol/compresSmol -w build/assets/graphics/pokemon/mimikyu/back.png.4bpp build/assets/graphics/pokemon/mimikyu/back.png.4bpp.smol
tools/compresSmol/compresSmol -w build/assets/graphics/pokemon/mimikyu/busted/back.png.4bpp build/assets/graphics/pokemon/mimikyu/busted/back.png.4bpp.smol
tools/compresSmol/compresSmol -w build/assets/graphics/pokemon/mimikyu/busted/front.png.4bpp build/assets/graphics/pokemon/mimikyu/busted/front.png.4bpp.smol
tools/compresSmol/compresSmol -w build/assets/graphics/pokemon/mimikyu/front.png.4bpp build/assets/graphics/pokemon/mimikyu/front.png.4bpp.smol
tools/compresSmol/compresSmol -w build/assets/graphics/pokemon/mimikyu/overworld.png_mwidth_4__mheight_4.4bpp build/assets/graphics/pokemon/mimikyu/overworld.png_mwidth_4__mheight_4.4bpp.smol
tools/compresSmol/compresSmol -w build/assets/graphics/pokemon/minccino/anim_front.png.4bpp build/assets/graphics/pokemon/minccino/anim_front.png.4bpp.smol
tools/compresSmol/compresSmol -w build/assets/graphics/pokemon/minccino/back.png.4bpp build/assets/graphics/pokemon/minccino/back.png.4bpp.smol
tools/compresSmol/compresSmol -w build/assets/graphics/pokemon/minccino/overworld.png_mwidth_4__mheight_4.4bpp build/assets/graphics/pokemon/minccino/overworld.png_mwidth_4__mheight_4.4bpp.smol
tools/compresSmol/compresSmol -w build/assets/graphics/pokemon/minior/back.png.4bpp build/assets/graphics/pokemon/minior/back.png.4bpp.smol
tools/compresSmol/compresSmol -w build/assets/graphics/pokemon/minior/core/back.png.4bpp build/assets/graphics/pokemon/minior/core/back.png.4bpp.smol
tools/compresSmol/compresSmol -w build/assets/graphics/pokemon/minior/core/front.png.4bpp build/assets/graphics/pokemon/minior/core/front.png.4bpp.smol
tools/compresSmol/compresSmol -w build/assets/graphics/pokemon/minior/front.png.4bpp build/assets/graphics/pokemon/minior/front.png.4bpp.smol
tools/compresSmol/compresSmol -w build/assets/graphics/pokemon/minior/overworld.png_mwidth_4__mheight_4.4bpp build/assets/graphics/pokemon/minior/overworld.png_mwidth_4__mheight_4.4bpp.smol
tools/compresSmol/compresSmol -w build/assets/graphics/pokemon/minun/anim_front.png.4bpp build/assets/graphics/pokemon/minun/anim_front.png.4bpp.smol
tools/compresSmol/compresSmol -w build/assets/graphics/pokemon/minun/anim_front_gba.png.4bpp build/assets/graphics/pokemon/minun/anim_front_gba.png.4bpp.smol
tools/compresSmol/compresSmol -w build/assets/graphics/pokemon/minun/back.png.4bpp build/assets/graphics/pokemon/minun/back.png.4bpp.smol
tools/compresSmol/compresSmol -w build/assets/graphics/pokemon/minun/back_gba.png.4bpp build/assets/graphics/pokemon/minun/back_gba.png.4bpp.smol
tools/compresSmol/compresSmol -w build/assets/graphics/pokemon/minun/overworld.png_mwidth_4__mheight_4.4bpp build/assets/graphics/pokemon/minun/overworld.png_mwidth_4__mheight_4.4bpp.smol
tools/compresSmol/compresSmol -w build/assets/graphics/pokemon/miraidon/back.png.4bpp build/assets/graphics/pokemon/miraidon/back.png.4bpp.smol
tools/compresSmol/compresSmol -w build/assets/graphics/pokemon/miraidon/front.png.4bpp build/assets/graphics/pokemon/miraidon/front.png.4bpp.smol
tools/compresSmol/compresSmol -w build/assets/graphics/pokemon/miraidon/overworld.png_mwidth_8__mheight_8.4bpp build/assets/graphics/pokemon/miraidon/overworld.png_mwidth_8__mheight_8.4bpp.smol
tools/compresSmol/compresSmol -w build/assets/graphics/pokemon/misdreavus/anim_front.png.4bpp build/assets/graphics/pokemon/misdreavus/anim_front.png.4bpp.smol
tools/compresSmol/compresSmol -w build/assets/graphics/pokemon/misdreavus/anim_front_gba.png.4bpp build/assets/graphics/pokemon/misdreavus/anim_front_gba.png.4bpp.smol
tools/compresSmol/compresSmol -w build/assets/graphics/pokemon/misdreavus/back.png.4bpp build/assets/graphics/pokemon/misdreavus/back.png.4bpp.smol
tools/compresSmol/compresSmol -w build/assets/graphics/pokemon/misdreavus/back_gba.png.4bpp build/assets/graphics/pokemon/misdreavus/back_gba.png.4bpp.smol
tools/compresSmol/compresSmol -w build/assets/graphics/pokemon/misdreavus/overworld.png_mwidth_4__mheight_4.4bpp build/assets/graphics/pokemon/misdreavus/overworld.png_mwidth_4__mheight_4.4bpp.smol
tools/compresSmol/compresSmol -w build/assets/graphics/pokemon/mismagius/anim_front.png.4bpp build/assets/graphics/pokemon/mismagius/anim_front.png.4bpp.smol
tools/compresSmol/compresSmol -w build/assets/graphics/pokemon/mismagius/back.png.4bpp build/assets/graphics/pokemon/mismagius/back.png.4bpp.smol
tools/compresSmol/compresSmol -w build/assets/graphics/pokemon/mismagius/overworld.png_mwidth_4__mheight_4.4bpp build/assets/graphics/pokemon/mismagius/overworld.png_mwidth_4__mheight_4.4bpp.smol
tools/compresSmol/compresSmol -w build/assets/graphics/pokemon/moltres/anim_front.png.4bpp build/assets/graphics/pokemon/moltres/anim_front.png.4bpp.smol
tools/compresSmol/compresSmol -w build/assets/graphics/pokemon/moltres/anim_front_gba.png.4bpp build/assets/graphics/pokemon/moltres/anim_front_gba.png.4bpp.smol
tools/compresSmol/compresSmol -w build/assets/graphics/pokemon/moltres/back.png.4bpp build/assets/graphics/pokemon/moltres/back.png.4bpp.smol
tools/compresSmol/compresSmol -w build/assets/graphics/pokemon/moltres/back_gba.png.4bpp build/assets/graphics/pokemon/moltres/back_gba.png.4bpp.smol
tools/compresSmol/compresSmol -w build/assets/graphics/pokemon/moltres/galar/back.png.4bpp build/assets/graphics/pokemon/moltres/galar/back.png.4bpp.smol
tools/compresSmol/compresSmol -w build/assets/graphics/pokemon/moltres/galar/front.png.4bpp build/assets/graphics/pokemon/moltres/galar/front.png.4bpp.smol
tools/compresSmol/compresSmol -w build/assets/graphics/pokemon/moltres/galar/overworld.png_mwidth_4__mheight_4.4bpp build/assets/graphics/pokemon/moltres/galar/overworld.png_mwidth_4__mheight_4.4bpp.smol
tools/compresSmol/compresSmol -w build/assets/graphics/pokemon/moltres/overworld.png_mwidth_4__mheight_4.4bpp build/assets/graphics/pokemon/moltres/overworld.png_mwidth_4__mheight_4.4bpp.smol
tools/compresSmol/compresSmol -w build/assets/graphics/pokemon/monferno/anim_front.png.4bpp build/assets/graphics/pokemon/monferno/anim_front.png.4bpp.smol
tools/compresSmol/compresSmol -w build/assets/graphics/pokemon/monferno/back.png.4bpp build/assets/graphics/pokemon/monferno/back.png.4bpp.smol
tools/compresSmol/compresSmol -w build/assets/graphics/pokemon/monferno/overworld.png_mwidth_4__mheight_4.4bpp build/assets/graphics/pokemon/monferno/overworld.png_mwidth_4__mheight_4.4bpp.smol
tools/compresSmol/compresSmol -w build/assets/graphics/pokemon/morelull/back.png.4bpp build/assets/graphics/pokemon/morelull/back.png.4bpp.smol
tools/compresSmol/compresSmol -w build/assets/graphics/pokemon/morelull/front.png.4bpp build/assets/graphics/pokemon/morelull/front.png.4bpp.smol
tools/compresSmol/compresSmol -w build/assets/graphics/pokemon/morelull/overworld.png_mwidth_4__mheight_4.4bpp build/assets/graphics/pokemon/morelull/overworld.png_mwidth_4__mheight_4.4bpp.smol
tools/compresSmol/compresSmol -w build/assets/graphics/pokemon/morgrem/back.png.4bpp build/assets/graphics/pokemon/morgrem/back.png.4bpp.smol
tools/compresSmol/compresSmol -w build/assets/graphics/pokemon/morgrem/front.png.4bpp build/assets/graphics/pokemon/morgrem/front.png.4bpp.smol
tools/compresSmol/compresSmol -w build/assets/graphics/pokemon/morgrem/overworld.png_mwidth_4__mheight_4.4bpp build/assets/graphics/pokemon/morgrem/overworld.png_mwidth_4__mheight_4.4bpp.smol
tools/compresSmol/compresSmol -w build/assets/graphics/pokemon/morpeko/back.png.4bpp build/assets/graphics/pokemon/morpeko/back.png.4bpp.smol
tools/compresSmol/compresSmol -w build/assets/graphics/pokemon/morpeko/front.png.4bpp build/assets/graphics/pokemon/morpeko/front.png.4bpp.smol
tools/compresSmol/compresSmol -w build/assets/graphics/pokemon/morpeko/hangry/back.png.4bpp build/assets/graphics/pokemon/morpeko/hangry/back.png.4bpp.smol
tools/compresSmol/compresSmol -w build/assets/graphics/pokemon/morpeko/hangry/front.png.4bpp build/assets/graphics/pokemon/morpeko/hangry/front.png.4bpp.smol
tools/compresSmol/compresSmol -w build/assets/graphics/pokemon/morpeko/overworld.png_mwidth_4__mheight_4.4bpp build/assets/graphics/pokemon/morpeko/overworld.png_mwidth_4__mheight_4.4bpp.smol
tools/compresSmol/compresSmol -w build/assets/graphics/pokemon/mothim/anim_front.png.4bpp build/assets/graphics/pokemon/mothim/anim_front.png.4bpp.smol
tools/compresSmol/compresSmol -w build/assets/graphics/pokemon/mothim/back.png.4bpp build/assets/graphics/pokemon/mothim/back.png.4bpp.smol
tools/compresSmol/compresSmol -w build/assets/graphics/pokemon/mothim/overworld.png_mwidth_4__mheight_4.4bpp build/assets/graphics/pokemon/mothim/overworld.png_mwidth_4__mheight_4.4bpp.smol
tools/compresSmol/compresSmol -w build/assets/graphics/pokemon/mr_mime/anim_front.png.4bpp build/assets/graphics/pokemon/mr_mime/anim_front.png.4bpp.smol
tools/compresSmol/compresSmol -w build/assets/graphics/pokemon/mr_mime/anim_front_gba.png.4bpp build/assets/graphics/pokemon/mr_mime/anim_front_gba.png.4bpp.smol
tools/compresSmol/compresSmol -w build/assets/graphics/pokemon/mr_mime/back.png.4bpp build/assets/graphics/pokemon/mr_mime/back.png.4bpp.smol
tools/compresSmol/compresSmol -w build/assets/graphics/pokemon/mr_mime/back_gba.png.4bpp build/assets/graphics/pokemon/mr_mime/back_gba.png.4bpp.smol
tools/compresSmol/compresSmol -w build/assets/graphics/pokemon/mr_mime/galar/back.png.4bpp build/assets/graphics/pokemon/mr_mime/galar/back.png.4bpp.smol
tools/compresSmol/compresSmol -w build/assets/graphics/pokemon/mr_mime/galar/front.png.4bpp build/assets/graphics/pokemon/mr_mime/galar/front.png.4bpp.smol
tools/compresSmol/compresSmol -w build/assets/graphics/pokemon/mr_mime/galar/overworld.png_mwidth_4__mheight_4.4bpp build/assets/graphics/pokemon/mr_mime/galar/overworld.png_mwidth_4__mheight_4.4bpp.smol
tools/compresSmol/compresSmol -w build/assets/graphics/pokemon/mr_mime/overworld.png_mwidth_4__mheight_4.4bpp build/assets/graphics/pokemon/mr_mime/overworld.png_mwidth_4__mheight_4.4bpp.smol
tools/compresSmol/compresSmol -w build/assets/graphics/pokemon/mr_rime/back.png.4bpp build/assets/graphics/pokemon/mr_rime/back.png.4bpp.smol
tools/compresSmol/compresSmol -w build/assets/graphics/pokemon/mr_rime/front.png.4bpp build/assets/graphics/pokemon/mr_rime/front.png.4bpp.smol
tools/compresSmol/compresSmol -w build/assets/graphics/pokemon/mr_rime/overworld.png_mwidth_4__mheight_4.4bpp build/assets/graphics/pokemon/mr_rime/overworld.png_mwidth_4__mheight_4.4bpp.smol
tools/compresSmol/compresSmol -w build/assets/graphics/pokemon/mudbray/back.png.4bpp build/assets/graphics/pokemon/mudbray/back.png.4bpp.smol
tools/compresSmol/compresSmol -w build/assets/graphics/pokemon/mudbray/front.png.4bpp build/assets/graphics/pokemon/mudbray/front.png.4bpp.smol
tools/compresSmol/compresSmol -w build/assets/graphics/pokemon/mudbray/overworld.png_mwidth_4__mheight_4.4bpp build/assets/graphics/pokemon/mudbray/overworld.png_mwidth_4__mheight_4.4bpp.smol
tools/compresSmol/compresSmol -w build/assets/graphics/pokemon/mudkip/anim_front.png.4bpp build/assets/graphics/pokemon/mudkip/anim_front.png.4bpp.smol
tools/compresSmol/compresSmol -w build/assets/graphics/pokemon/mudkip/anim_front_gba.png.4bpp build/assets/graphics/pokemon/mudkip/anim_front_gba.png.4bpp.smol
tools/compresSmol/compresSmol -w build/assets/graphics/pokemon/mudkip/back.png.4bpp build/assets/graphics/pokemon/mudkip/back.png.4bpp.smol
tools/compresSmol/compresSmol -w build/assets/graphics/pokemon/mudkip/back_gba.png.4bpp build/assets/graphics/pokemon/mudkip/back_gba.png.4bpp.smol
tools/compresSmol/compresSmol -w build/assets/graphics/pokemon/mudkip/overworld.png_mwidth_4__mheight_4.4bpp build/assets/graphics/pokemon/mudkip/overworld.png_mwidth_4__mheight_4.4bpp.smol
tools/compresSmol/compresSmol -w build/assets/graphics/pokemon/mudsdale/back.png.4bpp build/assets/graphics/pokemon/mudsdale/back.png.4bpp.smol
tools/compresSmol/compresSmol -w build/assets/graphics/pokemon/mudsdale/front.png.4bpp build/assets/graphics/pokemon/mudsdale/front.png.4bpp.smol
tools/compresSmol/compresSmol -w build/assets/graphics/pokemon/mudsdale/overworld.png_mwidth_4__mheight_4.4bpp build/assets/graphics/pokemon/mudsdale/overworld.png_mwidth_4__mheight_4.4bpp.smol
tools/compresSmol/compresSmol -w build/assets/graphics/pokemon/muk/alola/back.png.4bpp build/assets/graphics/pokemon/muk/alola/back.png.4bpp.smol
tools/compresSmol/compresSmol -w build/assets/graphics/pokemon/muk/alola/front.png.4bpp build/assets/graphics/pokemon/muk/alola/front.png.4bpp.smol
tools/compresSmol/compresSmol -w build/assets/graphics/pokemon/muk/alola/overworld.png_mwidth_4__mheight_4.4bpp build/assets/graphics/pokemon/muk/alola/overworld.png_mwidth_4__mheight_4.4bpp.smol
tools/compresSmol/compresSmol -w build/assets/graphics/pokemon/muk/anim_front.png.4bpp build/assets/graphics/pokemon/muk/anim_front.png.4bpp.smol
tools/compresSmol/compresSmol -w build/assets/graphics/pokemon/muk/anim_front_gba.png.4bpp build/assets/graphics/pokemon/muk/anim_front_gba.png.4bpp.smol
tools/compresSmol/compresSmol -w build/assets/graphics/pokemon/muk/back.png.4bpp build/assets/graphics/pokemon/muk/back.png.4bpp.smol
tools/compresSmol/compresSmol -w build/assets/graphics/pokemon/muk/back_gba.png.4bpp build/assets/graphics/pokemon/muk/back_gba.png.4bpp.smol
tools/compresSmol/compresSmol -w build/assets/graphics/pokemon/muk/overworld.png_mwidth_4__mheight_4.4bpp build/assets/graphics/pokemon/muk/overworld.png_mwidth_4__mheight_4.4bpp.smol
tools/compresSmol/compresSmol -w build/assets/graphics/pokemon/munchlax/anim_front.png.4bpp build/assets/graphics/pokemon/munchlax/anim_front.png.4bpp.smol
tools/compresSmol/compresSmol -w build/assets/graphics/pokemon/munchlax/back.png.4bpp build/assets/graphics/pokemon/munchlax/back.png.4bpp.smol
tools/compresSmol/compresSmol -w build/assets/graphics/pokemon/munchlax/overworld.png_mwidth_4__mheight_4.4bpp build/assets/graphics/pokemon/munchlax/overworld.png_mwidth_4__mheight_4.4bpp.smol
tools/compresSmol/compresSmol -w build/assets/graphics/pokemon/munkidori/back.png.4bpp build/assets/graphics/pokemon/munkidori/back.png.4bpp.smol
tools/compresSmol/compresSmol -w build/assets/graphics/pokemon/munkidori/front.png.4bpp build/assets/graphics/pokemon/munkidori/front.png.4bpp.smol
tools/compresSmol/compresSmol -w build/assets/graphics/pokemon/munkidori/overworld.png_mwidth_4__mheight_4.4bpp build/assets/graphics/pokemon/munkidori/overworld.png_mwidth_4__mheight_4.4bpp.smol
tools/compresSmol/compresSmol -w build/assets/graphics/pokemon/munna/anim_front.png.4bpp build/assets/graphics/pokemon/munna/anim_front.png.4bpp.smol
tools/compresSmol/compresSmol -w build/assets/graphics/pokemon/munna/back.png.4bpp build/assets/graphics/pokemon/munna/back.png.4bpp.smol
tools/compresSmol/compresSmol -w build/assets/graphics/pokemon/munna/overworld.png_mwidth_4__mheight_4.4bpp build/assets/graphics/pokemon/munna/overworld.png_mwidth_4__mheight_4.4bpp.smol
tools/compresSmol/compresSmol -w build/assets/graphics/pokemon/murkrow/anim_front.png.4bpp build/assets/graphics/pokemon/murkrow/anim_front.png.4bpp.smol
tools/compresSmol/compresSmol -w build/assets/graphics/pokemon/murkrow/anim_front_gba.png.4bpp build/assets/graphics/pokemon/murkrow/anim_front_gba.png.4bpp.smol
tools/compresSmol/compresSmol -w build/assets/graphics/pokemon/murkrow/anim_frontf.png.4bpp build/assets/graphics/pokemon/murkrow/anim_frontf.png.4bpp.smol
tools/compresSmol/compresSmol -w build/assets/graphics/pokemon/murkrow/back.png.4bpp build/assets/graphics/pokemon/murkrow/back.png.4bpp.smol
tools/compresSmol/compresSmol -w build/assets/graphics/pokemon/murkrow/back_gba.png.4bpp build/assets/graphics/pokemon/murkrow/back_gba.png.4bpp.smol
tools/compresSmol/compresSmol -w build/assets/graphics/pokemon/murkrow/backf.png.4bpp build/assets/graphics/pokemon/murkrow/backf.png.4bpp.smol
tools/compresSmol/compresSmol -w build/assets/graphics/pokemon/murkrow/overworld.png_mwidth_4__mheight_4.4bpp build/assets/graphics/pokemon/murkrow/overworld.png_mwidth_4__mheight_4.4bpp.smol
tools/compresSmol/compresSmol -w build/assets/graphics/pokemon/murkrow/overworldf.png_mwidth_4__mheight_4.4bpp build/assets/graphics/pokemon/murkrow/overworldf.png_mwidth_4__mheight_4.4bpp.smol
tools/compresSmol/compresSmol -w build/assets/graphics/pokemon/musharna/anim_front.png.4bpp build/assets/graphics/pokemon/musharna/anim_front.png.4bpp.smol
tools/compresSmol/compresSmol -w build/assets/graphics/pokemon/musharna/back.png.4bpp build/assets/graphics/pokemon/musharna/back.png.4bpp.smol
tools/compresSmol/compresSmol -w build/assets/graphics/pokemon/musharna/overworld.png_mwidth_4__mheight_4.4bpp build/assets/graphics/pokemon/musharna/overworld.png_mwidth_4__mheight_4.4bpp.smol
tools/compresSmol/compresSmol -w build/assets/graphics/pokemon/nacli/back.png.4bpp build/assets/graphics/pokemon/nacli/back.png.4bpp.smol
tools/compresSmol/compresSmol -w build/assets/graphics/pokemon/nacli/front.png.4bpp build/assets/graphics/pokemon/nacli/front.png.4bpp.smol
tools/compresSmol/compresSmol -w build/assets/graphics/pokemon/nacli/overworld.png_mwidth_4__mheight_4.4bpp build/assets/graphics/pokemon/nacli/overworld.png_mwidth_4__mheight_4.4bpp.smol
tools/compresSmol/compresSmol -w build/assets/graphics/pokemon/naclstack/back.png.4bpp build/assets/graphics/pokemon/naclstack/back.png.4bpp.smol
tools/compresSmol/compresSmol -w build/assets/graphics/pokemon/naclstack/front.png.4bpp build/assets/graphics/pokemon/naclstack/front.png.4bpp.smol
tools/compresSmol/compresSmol -w build/assets/graphics/pokemon/naclstack/overworld.png_mwidth_4__mheight_4.4bpp build/assets/graphics/pokemon/naclstack/overworld.png_mwidth_4__mheight_4.4bpp.smol
tools/compresSmol/compresSmol -w build/assets/graphics/pokemon/naganadel/back.png.4bpp build/assets/graphics/pokemon/naganadel/back.png.4bpp.smol
tools/compresSmol/compresSmol -w build/assets/graphics/pokemon/naganadel/front.png.4bpp build/assets/graphics/pokemon/naganadel/front.png.4bpp.smol
tools/compresSmol/compresSmol -w build/assets/graphics/pokemon/naganadel/overworld.png_mwidth_4__mheight_4.4bpp build/assets/graphics/pokemon/naganadel/overworld.png_mwidth_4__mheight_4.4bpp.smol
tools/compresSmol/compresSmol -w build/assets/graphics/pokemon/natu/anim_front.png.4bpp build/assets/graphics/pokemon/natu/anim_front.png.4bpp.smol
tools/compresSmol/compresSmol -w build/assets/graphics/pokemon/natu/anim_front_gba.png.4bpp build/assets/graphics/pokemon/natu/anim_front_gba.png.4bpp.smol
tools/compresSmol/compresSmol -w build/assets/graphics/pokemon/natu/back.png.4bpp build/assets/graphics/pokemon/natu/back.png.4bpp.smol
tools/compresSmol/compresSmol -w build/assets/graphics/pokemon/natu/back_gba.png.4bpp build/assets/graphics/pokemon/natu/back_gba.png.4bpp.smol
tools/compresSmol/compresSmol -w build/assets/graphics/pokemon/natu/overworld.png_mwidth_4__mheight_4.4bpp build/assets/graphics/pokemon/natu/overworld.png_mwidth_4__mheight_4.4bpp.smol
tools/compresSmol/compresSmol -w build/assets/graphics/pokemon/necrozma/back.png.4bpp build/assets/graphics/pokemon/necrozma/back.png.4bpp.smol
tools/compresSmol/compresSmol -w build/assets/graphics/pokemon/necrozma/dawn_wings/back.png.4bpp build/assets/graphics/pokemon/necrozma/dawn_wings/back.png.4bpp.smol
tools/compresSmol/compresSmol -w build/assets/graphics/pokemon/necrozma/dawn_wings/front.png.4bpp build/assets/graphics/pokemon/necrozma/dawn_wings/front.png.4bpp.smol
tools/compresSmol/compresSmol -w build/assets/graphics/pokemon/necrozma/dawn_wings/overworld.png_mwidth_4__mheight_4.4bpp build/assets/graphics/pokemon/necrozma/dawn_wings/overworld.png_mwidth_4__mheight_4.4bpp.smol
tools/compresSmol/compresSmol -w build/assets/graphics/pokemon/necrozma/dusk_mane/back.png.4bpp build/assets/graphics/pokemon/necrozma/dusk_mane/back.png.4bpp.smol
tools/compresSmol/compresSmol -w build/assets/graphics/pokemon/necrozma/dusk_mane/front.png.4bpp build/assets/graphics/pokemon/necrozma/dusk_mane/front.png.4bpp.smol
tools/compresSmol/compresSmol -w build/assets/graphics/pokemon/necrozma/dusk_mane/overworld.png_mwidth_4__mheight_4.4bpp build/assets/graphics/pokemon/necrozma/dusk_mane/overworld.png_mwidth_4__mheight_4.4bpp.smol
tools/compresSmol/compresSmol -w build/assets/graphics/pokemon/necrozma/front.png.4bpp build/assets/graphics/pokemon/necrozma/front.png.4bpp.smol
tools/compresSmol/compresSmol -w build/assets/graphics/pokemon/necrozma/overworld.png_mwidth_4__mheight_4.4bpp build/assets/graphics/pokemon/necrozma/overworld.png_mwidth_4__mheight_4.4bpp.smol
tools/compresSmol/compresSmol -w build/assets/graphics/pokemon/necrozma/ultra/back.png.4bpp build/assets/graphics/pokemon/necrozma/ultra/back.png.4bpp.smol
tools/compresSmol/compresSmol -w build/assets/graphics/pokemon/necrozma/ultra/front.png.4bpp build/assets/graphics/pokemon/necrozma/ultra/front.png.4bpp.smol
tools/compresSmol/compresSmol -w build/assets/graphics/pokemon/necrozma/ultra/overworld.png_mwidth_4__mheight_4.4bpp build/assets/graphics/pokemon/necrozma/ultra/overworld.png_mwidth_4__mheight_4.4bpp.smol
tools/compresSmol/compresSmol -w build/assets/graphics/pokemon/nickit/back.png.4bpp build/assets/graphics/pokemon/nickit/back.png.4bpp.smol
tools/compresSmol/compresSmol -w build/assets/graphics/pokemon/nickit/front.png.4bpp build/assets/graphics/pokemon/nickit/front.png.4bpp.smol
tools/compresSmol/compresSmol -w build/assets/graphics/pokemon/nickit/overworld.png_mwidth_4__mheight_4.4bpp build/assets/graphics/pokemon/nickit/overworld.png_mwidth_4__mheight_4.4bpp.smol
tools/compresSmol/compresSmol -w build/assets/graphics/pokemon/nidoking/anim_front.png.4bpp build/assets/graphics/pokemon/nidoking/anim_front.png.4bpp.smol
tools/compresSmol/compresSmol -w build/assets/graphics/pokemon/nidoking/anim_front_gba.png.4bpp build/assets/graphics/pokemon/nidoking/anim_front_gba.png.4bpp.smol
tools/compresSmol/compresSmol -w build/assets/graphics/pokemon/nidoking/back.png.4bpp build/assets/graphics/pokemon/nidoking/back.png.4bpp.smol
tools/compresSmol/compresSmol -w build/assets/graphics/pokemon/nidoking/back_gba.png.4bpp build/assets/graphics/pokemon/nidoking/back_gba.png.4bpp.smol
tools/compresSmol/compresSmol -w build/assets/graphics/pokemon/nidoking/overworld.png_mwidth_4__mheight_4.4bpp build/assets/graphics/pokemon/nidoking/overworld.png_mwidth_4__mheight_4.4bpp.smol
tools/compresSmol/compresSmol -w build/assets/graphics/pokemon/nidoqueen/anim_front.png.4bpp build/assets/graphics/pokemon/nidoqueen/anim_front.png.4bpp.smol
tools/compresSmol/compresSmol -w build/assets/graphics/pokemon/nidoqueen/anim_front_gba.png.4bpp build/assets/graphics/pokemon/nidoqueen/anim_front_gba.png.4bpp.smol
tools/compresSmol/compresSmol -w build/assets/graphics/pokemon/nidoqueen/back.png.4bpp build/assets/graphics/pokemon/nidoqueen/back.png.4bpp.smol
tools/compresSmol/compresSmol -w build/assets/graphics/pokemon/nidoqueen/back_gba.png.4bpp build/assets/graphics/pokemon/nidoqueen/back_gba.png.4bpp.smol
tools/compresSmol/compresSmol -w build/assets/graphics/pokemon/nidoqueen/overworld.png_mwidth_4__mheight_4.4bpp build/assets/graphics/pokemon/nidoqueen/overworld.png_mwidth_4__mheight_4.4bpp.smol
tools/compresSmol/compresSmol -w build/assets/graphics/pokemon/nidoran_f/anim_front.png.4bpp build/assets/graphics/pokemon/nidoran_f/anim_front.png.4bpp.smol
tools/compresSmol/compresSmol -w build/assets/graphics/pokemon/nidoran_f/anim_front_gba.png.4bpp build/assets/graphics/pokemon/nidoran_f/anim_front_gba.png.4bpp.smol
tools/compresSmol/compresSmol -w build/assets/graphics/pokemon/nidoran_f/back.png.4bpp build/assets/graphics/pokemon/nidoran_f/back.png.4bpp.smol
tools/compresSmol/compresSmol -w build/assets/graphics/pokemon/nidoran_f/back_gba.png.4bpp build/assets/graphics/pokemon/nidoran_f/back_gba.png.4bpp.smol
tools/compresSmol/compresSmol -w build/assets/graphics/pokemon/nidoran_f/overworld.png_mwidth_4__mheight_4.4bpp build/assets/graphics/pokemon/nidoran_f/overworld.png_mwidth_4__mheight_4.4bpp.smol
tools/compresSmol/compresSmol -w build/assets/graphics/pokemon/nidoran_m/anim_front.png.4bpp build/assets/graphics/pokemon/nidoran_m/anim_front.png.4bpp.smol
tools/compresSmol/compresSmol -w build/assets/graphics/pokemon/nidoran_m/anim_front_gba.png.4bpp build/assets/graphics/pokemon/nidoran_m/anim_front_gba.png.4bpp.smol
tools/compresSmol/compresSmol -w build/assets/graphics/pokemon/nidoran_m/back.png.4bpp build/assets/graphics/pokemon/nidoran_m/back.png.4bpp.smol
tools/compresSmol/compresSmol -w build/assets/graphics/pokemon/nidoran_m/back_gba.png.4bpp build/assets/graphics/pokemon/nidoran_m/back_gba.png.4bpp.smol
tools/compresSmol/compresSmol -w build/assets/graphics/pokemon/nidoran_m/overworld.png_mwidth_4__mheight_4.4bpp build/assets/graphics/pokemon/nidoran_m/overworld.png_mwidth_4__mheight_4.4bpp.smol
tools/compresSmol/compresSmol -w build/assets/graphics/pokemon/nidorina/anim_front.png.4bpp build/assets/graphics/pokemon/nidorina/anim_front.png.4bpp.smol
tools/compresSmol/compresSmol -w build/assets/graphics/pokemon/nidorina/anim_front_gba.png.4bpp build/assets/graphics/pokemon/nidorina/anim_front_gba.png.4bpp.smol
tools/compresSmol/compresSmol -w build/assets/graphics/pokemon/nidorina/back.png.4bpp build/assets/graphics/pokemon/nidorina/back.png.4bpp.smol
tools/compresSmol/compresSmol -w build/assets/graphics/pokemon/nidorina/back_gba.png.4bpp build/assets/graphics/pokemon/nidorina/back_gba.png.4bpp.smol
tools/compresSmol/compresSmol -w build/assets/graphics/pokemon/nidorina/overworld.png_mwidth_4__mheight_4.4bpp build/assets/graphics/pokemon/nidorina/overworld.png_mwidth_4__mheight_4.4bpp.smol
tools/compresSmol/compresSmol -w build/assets/graphics/pokemon/nidorino/anim_front.png.4bpp build/assets/graphics/pokemon/nidorino/anim_front.png.4bpp.smol
tools/compresSmol/compresSmol -w build/assets/graphics/pokemon/nidorino/anim_front_gba.png.4bpp build/assets/graphics/pokemon/nidorino/anim_front_gba.png.4bpp.smol
tools/compresSmol/compresSmol -w build/assets/graphics/pokemon/nidorino/back.png.4bpp build/assets/graphics/pokemon/nidorino/back.png.4bpp.smol
tools/compresSmol/compresSmol -w build/assets/graphics/pokemon/nidorino/back_gba.png.4bpp build/assets/graphics/pokemon/nidorino/back_gba.png.4bpp.smol
tools/compresSmol/compresSmol -w build/assets/graphics/pokemon/nidorino/overworld.png_mwidth_4__mheight_4.4bpp build/assets/graphics/pokemon/nidorino/overworld.png_mwidth_4__mheight_4.4bpp.smol
tools/compresSmol/compresSmol -w build/assets/graphics/pokemon/nihilego/back.png.4bpp build/assets/graphics/pokemon/nihilego/back.png.4bpp.smol
tools/compresSmol/compresSmol -w build/assets/graphics/pokemon/nihilego/front.png.4bpp build/assets/graphics/pokemon/nihilego/front.png.4bpp.smol
tools/compresSmol/compresSmol -w build/assets/graphics/pokemon/nihilego/overworld.png_mwidth_4__mheight_4.4bpp build/assets/graphics/pokemon/nihilego/overworld.png_mwidth_4__mheight_4.4bpp.smol
tools/compresSmol/compresSmol -w build/assets/graphics/pokemon/nincada/anim_front.png.4bpp build/assets/graphics/pokemon/nincada/anim_front.png.4bpp.smol
tools/compresSmol/compresSmol -w build/assets/graphics/pokemon/nincada/anim_front_gba.png.4bpp build/assets/graphics/pokemon/nincada/anim_front_gba.png.4bpp.smol
tools/compresSmol/compresSmol -w build/assets/graphics/pokemon/nincada/back.png.4bpp build/assets/graphics/pokemon/nincada/back.png.4bpp.smol
tools/compresSmol/compresSmol -w build/assets/graphics/pokemon/nincada/back_gba.png.4bpp build/assets/graphics/pokemon/nincada/back_gba.png.4bpp.smol
tools/compresSmol/compresSmol -w build/assets/graphics/pokemon/nincada/overworld.png_mwidth_4__mheight_4.4bpp build/assets/graphics/pokemon/nincada/overworld.png_mwidth_4__mheight_4.4bpp.smol
tools/compresSmol/compresSmol -w build/assets/graphics/pokemon/ninetales/alola/back.png.4bpp build/assets/graphics/pokemon/ninetales/alola/back.png.4bpp.smol
tools/compresSmol/compresSmol -w build/assets/graphics/pokemon/ninetales/alola/front.png.4bpp build/assets/graphics/pokemon/ninetales/alola/front.png.4bpp.smol
tools/compresSmol/compresSmol -w build/assets/graphics/pokemon/ninetales/alola/overworld.png_mwidth_4__mheight_4.4bpp build/assets/graphics/pokemon/ninetales/alola/overworld.png_mwidth_4__mheight_4.4bpp.smol
tools/compresSmol/compresSmol -w build/assets/graphics/pokemon/ninetales/anim_front.png.4bpp build/assets/graphics/pokemon/ninetales/anim_front.png.4bpp.smol
tools/compresSmol/compresSmol -w build/assets/graphics/pokemon/ninetales/anim_front_gba.png.4bpp build/assets/graphics/pokemon/ninetales/anim_front_gba.png.4bpp.smol
tools/compresSmol/compresSmol -w build/assets/graphics/pokemon/ninetales/back.png.4bpp build/assets/graphics/pokemon/ninetales/back.png.4bpp.smol
tools/compresSmol/compresSmol -w build/assets/graphics/pokemon/ninetales/back_gba.png.4bpp build/assets/graphics/pokemon/ninetales/back_gba.png.4bpp.smol
tools/compresSmol/compresSmol -w build/assets/graphics/pokemon/ninetales/overworld.png_mwidth_4__mheight_4.4bpp build/assets/graphics/pokemon/ninetales/overworld.png_mwidth_4__mheight_4.4bpp.smol
tools/compresSmol/compresSmol -w build/assets/graphics/pokemon/ninjask/anim_front.png.4bpp build/assets/graphics/pokemon/ninjask/anim_front.png.4bpp.smol
tools/compresSmol/compresSmol -w build/assets/graphics/pokemon/ninjask/anim_front_gba.png.4bpp build/assets/graphics/pokemon/ninjask/anim_front_gba.png.4bpp.smol
tools/compresSmol/compresSmol -w build/assets/graphics/pokemon/ninjask/back.png.4bpp build/assets/graphics/pokemon/ninjask/back.png.4bpp.smol
tools/compresSmol/compresSmol -w build/assets/graphics/pokemon/ninjask/back_gba.png.4bpp build/assets/graphics/pokemon/ninjask/back_gba.png.4bpp.smol
tools/compresSmol/compresSmol -w build/assets/graphics/pokemon/ninjask/overworld.png_mwidth_4__mheight_4.4bpp build/assets/graphics/pokemon/ninjask/overworld.png_mwidth_4__mheight_4.4bpp.smol
tools/compresSmol/compresSmol -w build/assets/graphics/pokemon/noctowl/anim_front.png.4bpp build/assets/graphics/pokemon/noctowl/anim_front.png.4bpp.smol
tools/compresSmol/compresSmol -w build/assets/graphics/pokemon/noctowl/anim_front_gba.png.4bpp build/assets/graphics/pokemon/noctowl/anim_front_gba.png.4bpp.smol
tools/compresSmol/compresSmol -w build/assets/graphics/pokemon/noctowl/back.png.4bpp build/assets/graphics/pokemon/noctowl/back.png.4bpp.smol
tools/compresSmol/compresSmol -w build/assets/graphics/pokemon/noctowl/back_gba.png.4bpp build/assets/graphics/pokemon/noctowl/back_gba.png.4bpp.smol
tools/compresSmol/compresSmol -w build/assets/graphics/pokemon/noctowl/overworld.png_mwidth_4__mheight_4.4bpp build/assets/graphics/pokemon/noctowl/overworld.png_mwidth_4__mheight_4.4bpp.smol
tools/compresSmol/compresSmol -w build/assets/graphics/pokemon/noibat/anim_front.png.4bpp build/assets/graphics/pokemon/noibat/anim_front.png.4bpp.smol
tools/compresSmol/compresSmol -w build/assets/graphics/pokemon/noibat/back.png.4bpp build/assets/graphics/pokemon/noibat/back.png.4bpp.smol
tools/compresSmol/compresSmol -w build/assets/graphics/pokemon/noibat/overworld.png_mwidth_4__mheight_4.4bpp build/assets/graphics/pokemon/noibat/overworld.png_mwidth_4__mheight_4.4bpp.smol
tools/compresSmol/compresSmol -w build/assets/graphics/pokemon/noivern/anim_front.png.4bpp build/assets/graphics/pokemon/noivern/anim_front.png.4bpp.smol
tools/compresSmol/compresSmol -w build/assets/graphics/pokemon/noivern/back.png.4bpp build/assets/graphics/pokemon/noivern/back.png.4bpp.smol
tools/compresSmol/compresSmol -w build/assets/graphics/pokemon/noivern/overworld.png_mwidth_4__mheight_4.4bpp build/assets/graphics/pokemon/noivern/overworld.png_mwidth_4__mheight_4.4bpp.smol
tools/compresSmol/compresSmol -w build/assets/graphics/pokemon/nosepass/anim_front.png.4bpp build/assets/graphics/pokemon/nosepass/anim_front.png.4bpp.smol
tools/compresSmol/compresSmol -w build/assets/graphics/pokemon/nosepass/anim_front_gba.png.4bpp build/assets/graphics/pokemon/nosepass/anim_front_gba.png.4bpp.smol
tools/compresSmol/compresSmol -w build/assets/graphics/pokemon/nosepass/back.png.4bpp build/assets/graphics/pokemon/nosepass/back.png.4bpp.smol
tools/compresSmol/compresSmol -w build/assets/graphics/pokemon/nosepass/back_gba.png.4bpp build/assets/graphics/pokemon/nosepass/back_gba.png.4bpp.smol
tools/compresSmol/compresSmol -w build/assets/graphics/pokemon/nosepass/overworld.png_mwidth_4__mheight_4.4bpp build/assets/graphics/pokemon/nosepass/overworld.png_mwidth_4__mheight_4.4bpp.smol
tools/compresSmol/compresSmol -w build/assets/graphics/pokemon/numel/anim_front.png.4bpp build/assets/graphics/pokemon/numel/anim_front.png.4bpp.smol
tools/compresSmol/compresSmol -w build/assets/graphics/pokemon/numel/anim_front_gba.png.4bpp build/assets/graphics/pokemon/numel/anim_front_gba.png.4bpp.smol
tools/compresSmol/compresSmol -w build/assets/graphics/pokemon/numel/anim_frontf.png.4bpp build/assets/graphics/pokemon/numel/anim_frontf.png.4bpp.smol
tools/compresSmol/compresSmol -w build/assets/graphics/pokemon/numel/back.png.4bpp build/assets/graphics/pokemon/numel/back.png.4bpp.smol
tools/compresSmol/compresSmol -w build/assets/graphics/pokemon/numel/back_gba.png.4bpp build/assets/graphics/pokemon/numel/back_gba.png.4bpp.smol
tools/compresSmol/compresSmol -w build/assets/graphics/pokemon/numel/backf.png.4bpp build/assets/graphics/pokemon/numel/backf.png.4bpp.smol
tools/compresSmol/compresSmol -w build/assets/graphics/pokemon/numel/overworld.png_mwidth_4__mheight_4.4bpp build/assets/graphics/pokemon/numel/overworld.png_mwidth_4__mheight_4.4bpp.smol
tools/compresSmol/compresSmol -w build/assets/graphics/pokemon/numel/overworldf.png_mwidth_4__mheight_4.4bpp build/assets/graphics/pokemon/numel/overworldf.png_mwidth_4__mheight_4.4bpp.smol
tools/compresSmol/compresSmol -w build/assets/graphics/pokemon/nuzleaf/anim_front.png.4bpp build/assets/graphics/pokemon/nuzleaf/anim_front.png.4bpp.smol
tools/compresSmol/compresSmol -w build/assets/graphics/pokemon/nuzleaf/anim_front_gba.png.4bpp build/assets/graphics/pokemon/nuzleaf/anim_front_gba.png.4bpp.smol
tools/compresSmol/compresSmol -w build/assets/graphics/pokemon/nuzleaf/anim_frontf.png.4bpp build/assets/graphics/pokemon/nuzleaf/anim_frontf.png.4bpp.smol
tools/compresSmol/compresSmol -w build/assets/graphics/pokemon/nuzleaf/back.png.4bpp build/assets/graphics/pokemon/nuzleaf/back.png.4bpp.smol
tools/compresSmol/compresSmol -w build/assets/graphics/pokemon/nuzleaf/back_gba.png.4bpp build/assets/graphics/pokemon/nuzleaf/back_gba.png.4bpp.smol
tools/compresSmol/compresSmol -w build/assets/graphics/pokemon/nuzleaf/backf.png.4bpp build/assets/graphics/pokemon/nuzleaf/backf.png.4bpp.smol
tools/compresSmol/compresSmol -w build/assets/graphics/pokemon/nuzleaf/overworld.png_mwidth_4__mheight_4.4bpp build/assets/graphics/pokemon/nuzleaf/overworld.png_mwidth_4__mheight_4.4bpp.smol
tools/compresSmol/compresSmol -w build/assets/graphics/pokemon/nuzleaf/overworldf.png_mwidth_4__mheight_4.4bpp build/assets/graphics/pokemon/nuzleaf/overworldf.png_mwidth_4__mheight_4.4bpp.smol
tools/compresSmol/compresSmol -w build/assets/graphics/pokemon/nymble/back.png.4bpp build/assets/graphics/pokemon/nymble/back.png.4bpp.smol
tools/compresSmol/compresSmol -w build/assets/graphics/pokemon/nymble/front.png.4bpp build/assets/graphics/pokemon/nymble/front.png.4bpp.smol
tools/compresSmol/compresSmol -w build/assets/graphics/pokemon/nymble/overworld.png_mwidth_4__mheight_4.4bpp build/assets/graphics/pokemon/nymble/overworld.png_mwidth_4__mheight_4.4bpp.smol
tools/compresSmol/compresSmol -w build/assets/graphics/pokemon/obstagoon/back.png.4bpp build/assets/graphics/pokemon/obstagoon/back.png.4bpp.smol
tools/compresSmol/compresSmol -w build/assets/graphics/pokemon/obstagoon/front.png.4bpp build/assets/graphics/pokemon/obstagoon/front.png.4bpp.smol
tools/compresSmol/compresSmol -w build/assets/graphics/pokemon/obstagoon/overworld.png_mwidth_4__mheight_4.4bpp build/assets/graphics/pokemon/obstagoon/overworld.png_mwidth_4__mheight_4.4bpp.smol
tools/compresSmol/compresSmol -w build/assets/graphics/pokemon/octillery/anim_front.png.4bpp build/assets/graphics/pokemon/octillery/anim_front.png.4bpp.smol
tools/compresSmol/compresSmol -w build/assets/graphics/pokemon/octillery/anim_front_gba.png.4bpp build/assets/graphics/pokemon/octillery/anim_front_gba.png.4bpp.smol
tools/compresSmol/compresSmol -w build/assets/graphics/pokemon/octillery/anim_frontf.png.4bpp build/assets/graphics/pokemon/octillery/anim_frontf.png.4bpp.smol
tools/compresSmol/compresSmol -w build/assets/graphics/pokemon/octillery/back.png.4bpp build/assets/graphics/pokemon/octillery/back.png.4bpp.smol
tools/compresSmol/compresSmol -w build/assets/graphics/pokemon/octillery/back_gba.png.4bpp build/assets/graphics/pokemon/octillery/back_gba.png.4bpp.smol
tools/compresSmol/compresSmol -w build/assets/graphics/pokemon/octillery/backf.png.4bpp build/assets/graphics/pokemon/octillery/backf.png.4bpp.smol
tools/compresSmol/compresSmol -w build/assets/graphics/pokemon/octillery/overworld.png_mwidth_4__mheight_4.4bpp build/assets/graphics/pokemon/octillery/overworld.png_mwidth_4__mheight_4.4bpp.smol
tools/compresSmol/compresSmol -w build/assets/graphics/pokemon/octillery/overworldf.png_mwidth_4__mheight_4.4bpp build/assets/graphics/pokemon/octillery/overworldf.png_mwidth_4__mheight_4.4bpp.smol
tools/compresSmol/compresSmol -w build/assets/graphics/pokemon/oddish/anim_front.png.4bpp build/assets/graphics/pokemon/oddish/anim_front.png.4bpp.smol
tools/compresSmol/compresSmol -w build/assets/graphics/pokemon/oddish/anim_front_gba.png.4bpp build/assets/graphics/pokemon/oddish/anim_front_gba.png.4bpp.smol
tools/compresSmol/compresSmol -w build/assets/graphics/pokemon/oddish/back.png.4bpp build/assets/graphics/pokemon/oddish/back.png.4bpp.smol
tools/compresSmol/compresSmol -w build/assets/graphics/pokemon/oddish/back_gba.png.4bpp build/assets/graphics/pokemon/oddish/back_gba.png.4bpp.smol
tools/compresSmol/compresSmol -w build/assets/graphics/pokemon/oddish/overworld.png_mwidth_4__mheight_4.4bpp build/assets/graphics/pokemon/oddish/overworld.png_mwidth_4__mheight_4.4bpp.smol
tools/compresSmol/compresSmol -w build/assets/graphics/pokemon/ogerpon/back.png.4bpp build/assets/graphics/pokemon/ogerpon/back.png.4bpp.smol
tools/compresSmol/compresSmol -w build/assets/graphics/pokemon/ogerpon/cornerstone/back.png.4bpp build/assets/graphics/pokemon/ogerpon/cornerstone/back.png.4bpp.smol
tools/compresSmol/compresSmol -w build/assets/graphics/pokemon/ogerpon/cornerstone/front.png.4bpp build/assets/graphics/pokemon/ogerpon/cornerstone/front.png.4bpp.smol
tools/compresSmol/compresSmol -w build/assets/graphics/pokemon/ogerpon/cornerstone/overworld.png_mwidth_4__mheight_4.4bpp build/assets/graphics/pokemon/ogerpon/cornerstone/overworld.png_mwidth_4__mheight_4.4bpp.smol
tools/compresSmol/compresSmol -w build/assets/graphics/pokemon/ogerpon/cornerstone_tera/back.png.4bpp build/assets/graphics/pokemon/ogerpon/cornerstone_tera/back.png.4bpp.smol
tools/compresSmol/compresSmol -w build/assets/graphics/pokemon/ogerpon/cornerstone_tera/front.png.4bpp build/assets/graphics/pokemon/ogerpon/cornerstone_tera/front.png.4bpp.smol
tools/compresSmol/compresSmol -w build/assets/graphics/pokemon/ogerpon/front.png.4bpp build/assets/graphics/pokemon/ogerpon/front.png.4bpp.smol
tools/compresSmol/compresSmol -w build/assets/graphics/pokemon/ogerpon/hearthflame/back.png.4bpp build/assets/graphics/pokemon/ogerpon/hearthflame/back.png.4bpp.smol
tools/compresSmol/compresSmol -w build/assets/graphics/pokemon/ogerpon/hearthflame/front.png.4bpp build/assets/graphics/pokemon/ogerpon/hearthflame/front.png.4bpp.smol
tools/compresSmol/compresSmol -w build/assets/graphics/pokemon/ogerpon/hearthflame/overworld.png_mwidth_4__mheight_4.4bpp build/assets/graphics/pokemon/ogerpon/hearthflame/overworld.png_mwidth_4__mheight_4.4bpp.smol
tools/compresSmol/compresSmol -w build/assets/graphics/pokemon/ogerpon/hearthflame_tera/back.png.4bpp build/assets/graphics/pokemon/ogerpon/hearthflame_tera/back.png.4bpp.smol
tools/compresSmol/compresSmol -w build/assets/graphics/pokemon/ogerpon/hearthflame_tera/front.png.4bpp build/assets/graphics/pokemon/ogerpon/hearthflame_tera/front.png.4bpp.smol
tools/compresSmol/compresSmol -w build/assets/graphics/pokemon/ogerpon/overworld.png_mwidth_4__mheight_4.4bpp build/assets/graphics/pokemon/ogerpon/overworld.png_mwidth_4__mheight_4.4bpp.smol
tools/compresSmol/compresSmol -w build/assets/graphics/pokemon/ogerpon/teal_tera/back.png.4bpp build/assets/graphics/pokemon/ogerpon/teal_tera/back.png.4bpp.smol
tools/compresSmol/compresSmol -w build/assets/graphics/pokemon/ogerpon/teal_tera/front.png.4bpp build/assets/graphics/pokemon/ogerpon/teal_tera/front.png.4bpp.smol
tools/compresSmol/compresSmol -w build/assets/graphics/pokemon/ogerpon/wellspring/back.png.4bpp build/assets/graphics/pokemon/ogerpon/wellspring/back.png.4bpp.smol
tools/compresSmol/compresSmol -w build/assets/graphics/pokemon/ogerpon/wellspring/front.png.4bpp build/assets/graphics/pokemon/ogerpon/wellspring/front.png.4bpp.smol
tools/compresSmol/compresSmol -w build/assets/graphics/pokemon/ogerpon/wellspring/overworld.png_mwidth_4__mheight_4.4bpp build/assets/graphics/pokemon/ogerpon/wellspring/overworld.png_mwidth_4__mheight_4.4bpp.smol
tools/compresSmol/compresSmol -w build/assets/graphics/pokemon/ogerpon/wellspring_tera/back.png.4bpp build/assets/graphics/pokemon/ogerpon/wellspring_tera/back.png.4bpp.smol
tools/compresSmol/compresSmol -w build/assets/graphics/pokemon/ogerpon/wellspring_tera/front.png.4bpp build/assets/graphics/pokemon/ogerpon/wellspring_tera/front.png.4bpp.smol
tools/compresSmol/compresSmol -w build/assets/graphics/pokemon/oinkologne/back.png.4bpp build/assets/graphics/pokemon/oinkologne/back.png.4bpp.smol
tools/compresSmol/compresSmol -w build/assets/graphics/pokemon/oinkologne/f/back.png.4bpp build/assets/graphics/pokemon/oinkologne/f/back.png.4bpp.smol
tools/compresSmol/compresSmol -w build/assets/graphics/pokemon/oinkologne/f/front.png.4bpp build/assets/graphics/pokemon/oinkologne/f/front.png.4bpp.smol
tools/compresSmol/compresSmol -w build/assets/graphics/pokemon/oinkologne/f/overworld.png_mwidth_4__mheight_4.4bpp build/assets/graphics/pokemon/oinkologne/f/overworld.png_mwidth_4__mheight_4.4bpp.smol
tools/compresSmol/compresSmol -w build/assets/graphics/pokemon/oinkologne/front.png.4bpp build/assets/graphics/pokemon/oinkologne/front.png.4bpp.smol
tools/compresSmol/compresSmol -w build/assets/graphics/pokemon/oinkologne/overworld.png_mwidth_4__mheight_4.4bpp build/assets/graphics/pokemon/oinkologne/overworld.png_mwidth_4__mheight_4.4bpp.smol
tools/compresSmol/compresSmol -w build/assets/graphics/pokemon/okidogi/back.png.4bpp build/assets/graphics/pokemon/okidogi/back.png.4bpp.smol
tools/compresSmol/compresSmol -w build/assets/graphics/pokemon/okidogi/front.png.4bpp build/assets/graphics/pokemon/okidogi/front.png.4bpp.smol
tools/compresSmol/compresSmol -w build/assets/graphics/pokemon/okidogi/overworld.png_mwidth_4__mheight_4.4bpp build/assets/graphics/pokemon/okidogi/overworld.png_mwidth_4__mheight_4.4bpp.smol
tools/compresSmol/compresSmol -w build/assets/graphics/pokemon/omanyte/anim_front.png.4bpp build/assets/graphics/pokemon/omanyte/anim_front.png.4bpp.smol
tools/compresSmol/compresSmol -w build/assets/graphics/pokemon/omanyte/anim_front_gba.png.4bpp build/assets/graphics/pokemon/omanyte/anim_front_gba.png.4bpp.smol
tools/compresSmol/compresSmol -w build/assets/graphics/pokemon/omanyte/back.png.4bpp build/assets/graphics/pokemon/omanyte/back.png.4bpp.smol
tools/compresSmol/compresSmol -w build/assets/graphics/pokemon/omanyte/back_gba.png.4bpp build/assets/graphics/pokemon/omanyte/back_gba.png.4bpp.smol
tools/compresSmol/compresSmol -w build/assets/graphics/pokemon/omanyte/overworld.png_mwidth_4__mheight_4.4bpp build/assets/graphics/pokemon/omanyte/overworld.png_mwidth_4__mheight_4.4bpp.smol
tools/compresSmol/compresSmol -w build/assets/graphics/pokemon/omastar/anim_front.png.4bpp build/assets/graphics/pokemon/omastar/anim_front.png.4bpp.smol
tools/compresSmol/compresSmol -w build/assets/graphics/pokemon/omastar/anim_front_gba.png.4bpp build/assets/graphics/pokemon/omastar/anim_front_gba.png.4bpp.smol
tools/compresSmol/compresSmol -w build/assets/graphics/pokemon/omastar/back.png.4bpp build/assets/graphics/pokemon/omastar/back.png.4bpp.smol
tools/compresSmol/compresSmol -w build/assets/graphics/pokemon/omastar/back_gba.png.4bpp build/assets/graphics/pokemon/omastar/back_gba.png.4bpp.smol
tools/compresSmol/compresSmol -w build/assets/graphics/pokemon/omastar/overworld.png_mwidth_4__mheight_4.4bpp build/assets/graphics/pokemon/omastar/overworld.png_mwidth_4__mheight_4.4bpp.smol
tools/compresSmol/compresSmol -w build/assets/graphics/pokemon/onix/anim_front.png.4bpp build/assets/graphics/pokemon/onix/anim_front.png.4bpp.smol
tools/compresSmol/compresSmol -w build/assets/graphics/pokemon/onix/anim_front_gba.png.4bpp build/assets/graphics/pokemon/onix/anim_front_gba.png.4bpp.smol
tools/compresSmol/compresSmol -w build/assets/graphics/pokemon/onix/back.png.4bpp build/assets/graphics/pokemon/onix/back.png.4bpp.smol
tools/compresSmol/compresSmol -w build/assets/graphics/pokemon/onix/back_gba.png.4bpp build/assets/graphics/pokemon/onix/back_gba.png.4bpp.smol
tools/compresSmol/compresSmol -w build/assets/graphics/pokemon/onix/overworld.png_mwidth_4__mheight_4.4bpp build/assets/graphics/pokemon/onix/overworld.png_mwidth_4__mheight_4.4bpp.smol
tools/compresSmol/compresSmol -w build/assets/graphics/pokemon/oranguru/anim_front.png.4bpp build/assets/graphics/pokemon/oranguru/anim_front.png.4bpp.smol
tools/compresSmol/compresSmol -w build/assets/graphics/pokemon/oranguru/back.png.4bpp build/assets/graphics/pokemon/oranguru/back.png.4bpp.smol
tools/compresSmol/compresSmol -w build/assets/graphics/pokemon/oranguru/overworld.png_mwidth_4__mheight_4.4bpp build/assets/graphics/pokemon/oranguru/overworld.png_mwidth_4__mheight_4.4bpp.smol
tools/compresSmol/compresSmol -w build/assets/graphics/pokemon/orbeetle/back.png.4bpp build/assets/graphics/pokemon/orbeetle/back.png.4bpp.smol
tools/compresSmol/compresSmol -w build/assets/graphics/pokemon/orbeetle/front.png.4bpp build/assets/graphics/pokemon/orbeetle/front.png.4bpp.smol
tools/compresSmol/compresSmol -w build/assets/graphics/pokemon/orbeetle/gmax/back.png.4bpp build/assets/graphics/pokemon/orbeetle/gmax/back.png.4bpp.smol
tools/compresSmol/compresSmol -w build/assets/graphics/pokemon/orbeetle/gmax/front.png.4bpp build/assets/graphics/pokemon/orbeetle/gmax/front.png.4bpp.smol
tools/compresSmol/compresSmol -w build/assets/graphics/pokemon/orbeetle/overworld.png_mwidth_4__mheight_4.4bpp build/assets/graphics/pokemon/orbeetle/overworld.png_mwidth_4__mheight_4.4bpp.smol
tools/compresSmol/compresSmol -w build/assets/graphics/pokemon/oricorio/back.png.4bpp build/assets/graphics/pokemon/oricorio/back.png.4bpp.smol
tools/compresSmol/compresSmol -w build/assets/graphics/pokemon/oricorio/front.png.4bpp build/assets/graphics/pokemon/oricorio/front.png.4bpp.smol
tools/compresSmol/compresSmol -w build/assets/graphics/pokemon/oricorio/overworld.png_mwidth_4__mheight_4.4bpp build/assets/graphics/pokemon/oricorio/overworld.png_mwidth_4__mheight_4.4bpp.smol
tools/compresSmol/compresSmol -w build/assets/graphics/pokemon/oricorio/pau/back.png.4bpp build/assets/graphics/pokemon/oricorio/pau/back.png.4bpp.smol
tools/compresSmol/compresSmol -w build/assets/graphics/pokemon/oricorio/pau/front.png.4bpp build/assets/graphics/pokemon/oricorio/pau/front.png.4bpp.smol
tools/compresSmol/compresSmol -w build/assets/graphics/pokemon/oricorio/pau/overworld.png_mwidth_4__mheight_4.4bpp build/assets/graphics/pokemon/oricorio/pau/overworld.png_mwidth_4__mheight_4.4bpp.smol
tools/compresSmol/compresSmol -w build/assets/graphics/pokemon/oricorio/pom_pom/back.png.4bpp build/assets/graphics/pokemon/oricorio/pom_pom/back.png.4bpp.smol
tools/compresSmol/compresSmol -w build/assets/graphics/pokemon/oricorio/pom_pom/front.png.4bpp build/assets/graphics/pokemon/oricorio/pom_pom/front.png.4bpp.smol
tools/compresSmol/compresSmol -w build/assets/graphics/pokemon/oricorio/pom_pom/overworld.png_mwidth_4__mheight_4.4bpp build/assets/graphics/pokemon/oricorio/pom_pom/overworld.png_mwidth_4__mheight_4.4bpp.smol
tools/compresSmol/compresSmol -w build/assets/graphics/pokemon/oricorio/sensu/back.png.4bpp build/assets/graphics/pokemon/oricorio/sensu/back.png.4bpp.smol
tools/compresSmol/compresSmol -w build/assets/graphics/pokemon/oricorio/sensu/front.png.4bpp build/assets/graphics/pokemon/oricorio/sensu/front.png.4bpp.smol
tools/compresSmol/compresSmol -w build/assets/graphics/pokemon/oricorio/sensu/overworld.png_mwidth_4__mheight_4.4bpp build/assets/graphics/pokemon/oricorio/sensu/overworld.png_mwidth_4__mheight_4.4bpp.smol
tools/compresSmol/compresSmol -w build/assets/graphics/pokemon/orthworm/back.png.4bpp build/assets/graphics/pokemon/orthworm/back.png.4bpp.smol
tools/compresSmol/compresSmol -w build/assets/graphics/pokemon/orthworm/front.png.4bpp build/assets/graphics/pokemon/orthworm/front.png.4bpp.smol
tools/compresSmol/compresSmol -w build/assets/graphics/pokemon/orthworm/overworld.png_mwidth_4__mheight_4.4bpp build/assets/graphics/pokemon/orthworm/overworld.png_mwidth_4__mheight_4.4bpp.smol
tools/compresSmol/compresSmol -w build/assets/graphics/pokemon/oshawott/anim_front.png.4bpp build/assets/graphics/pokemon/oshawott/anim_front.png.4bpp.smol
tools/compresSmol/compresSmol -w build/assets/graphics/pokemon/oshawott/back.png.4bpp build/assets/graphics/pokemon/oshawott/back.png.4bpp.smol
tools/compresSmol/compresSmol -w build/assets/graphics/pokemon/oshawott/overworld.png_mwidth_4__mheight_4.4bpp build/assets/graphics/pokemon/oshawott/overworld.png_mwidth_4__mheight_4.4bpp.smol
tools/compresSmol/compresSmol -w build/assets/graphics/pokemon/overqwil/back.png.4bpp build/assets/graphics/pokemon/overqwil/back.png.4bpp.smol
tools/compresSmol/compresSmol -w build/assets/graphics/pokemon/overqwil/front.png.4bpp build/assets/graphics/pokemon/overqwil/front.png.4bpp.smol
tools/compresSmol/compresSmol -w build/assets/graphics/pokemon/overqwil/overworld.png_mwidth_4__mheight_4.4bpp build/assets/graphics/pokemon/overqwil/overworld.png_mwidth_4__mheight_4.4bpp.smol
tools/compresSmol/compresSmol -w build/assets/graphics/pokemon/pachirisu/anim_front.png.4bpp build/assets/graphics/pokemon/pachirisu/anim_front.png.4bpp.smol
tools/compresSmol/compresSmol -w build/assets/graphics/pokemon/pachirisu/anim_frontf.png.4bpp build/assets/graphics/pokemon/pachirisu/anim_frontf.png.4bpp.smol
tools/compresSmol/compresSmol -w build/assets/graphics/pokemon/pachirisu/back.png.4bpp build/assets/graphics/pokemon/pachirisu/back.png.4bpp.smol
tools/compresSmol/compresSmol -w build/assets/graphics/pokemon/pachirisu/overworld.png_mwidth_4__mheight_4.4bpp build/assets/graphics/pokemon/pachirisu/overworld.png_mwidth_4__mheight_4.4bpp.smol
tools/compresSmol/compresSmol -w build/assets/graphics/pokemon/pachirisu/overworldf.png_mwidth_4__mheight_4.4bpp build/assets/graphics/pokemon/pachirisu/overworldf.png_mwidth_4__mheight_4.4bpp.smol
tools/compresSmol/compresSmol -w build/assets/graphics/pokemon/palafin/back.png.4bpp build/assets/graphics/pokemon/palafin/back.png.4bpp.smol
tools/compresSmol/compresSmol -w build/assets/graphics/pokemon/palafin/front.png.4bpp build/assets/graphics/pokemon/palafin/front.png.4bpp.smol
tools/compresSmol/compresSmol -w build/assets/graphics/pokemon/palafin/hero/back.png.4bpp build/assets/graphics/pokemon/palafin/hero/back.png.4bpp.smol
tools/compresSmol/compresSmol -w build/assets/graphics/pokemon/palafin/hero/front.png.4bpp build/assets/graphics/pokemon/palafin/hero/front.png.4bpp.smol
tools/compresSmol/compresSmol -w build/assets/graphics/pokemon/palafin/hero/overworld.png_mwidth_4__mheight_4.4bpp build/assets/graphics/pokemon/palafin/hero/overworld.png_mwidth_4__mheight_4.4bpp.smol
tools/compresSmol/compresSmol -w build/assets/graphics/pokemon/palafin/overworld.png_mwidth_4__mheight_4.4bpp build/assets/graphics/pokemon/palafin/overworld.png_mwidth_4__mheight_4.4bpp.smol
tools/compresSmol/compresSmol -w build/assets/graphics/pokemon/palkia/anim_front.png.4bpp build/assets/graphics/pokemon/palkia/anim_front.png.4bpp.smol
tools/compresSmol/compresSmol -w build/assets/graphics/pokemon/palkia/back.png.4bpp build/assets/graphics/pokemon/palkia/back.png.4bpp.smol
tools/compresSmol/compresSmol -w build/assets/graphics/pokemon/palkia/origin/back.png.4bpp build/assets/graphics/pokemon/palkia/origin/back.png.4bpp.smol
tools/compresSmol/compresSmol -w build/assets/graphics/pokemon/palkia/origin/front.png.4bpp build/assets/graphics/pokemon/palkia/origin/front.png.4bpp.smol
tools/compresSmol/compresSmol -w build/assets/graphics/pokemon/palkia/origin/overworld.png_mwidth_8__mheight_8.4bpp build/assets/graphics/pokemon/palkia/origin/overworld.png_mwidth_8__mheight_8.4bpp.smol
tools/compresSmol/compresSmol -w build/assets/graphics/pokemon/palkia/overworld.png_mwidth_8__mheight_8.4bpp build/assets/graphics/pokemon/palkia/overworld.png_mwidth_8__mheight_8.4bpp.smol
tools/compresSmol/compresSmol -w build/assets/graphics/pokemon/palossand/back.png.4bpp build/assets/graphics/pokemon/palossand/back.png.4bpp.smol
tools/compresSmol/compresSmol -w build/assets/graphics/pokemon/palossand/front.png.4bpp build/assets/graphics/pokemon/palossand/front.png.4bpp.smol
tools/compresSmol/compresSmol -w build/assets/graphics/pokemon/palossand/overworld.png_mwidth_4__mheight_4.4bpp build/assets/graphics/pokemon/palossand/overworld.png_mwidth_4__mheight_4.4bpp.smol
tools/compresSmol/compresSmol -w build/assets/graphics/pokemon/palpitoad/anim_front.png.4bpp build/assets/graphics/pokemon/palpitoad/anim_front.png.4bpp.smol
tools/compresSmol/compresSmol -w build/assets/graphics/pokemon/palpitoad/back.png.4bpp build/assets/graphics/pokemon/palpitoad/back.png.4bpp.smol
tools/compresSmol/compresSmol -w build/assets/graphics/pokemon/palpitoad/overworld.png_mwidth_4__mheight_4.4bpp build/assets/graphics/pokemon/palpitoad/overworld.png_mwidth_4__mheight_4.4bpp.smol
tools/compresSmol/compresSmol -w build/assets/graphics/pokemon/pancham/anim_front.png.4bpp build/assets/graphics/pokemon/pancham/anim_front.png.4bpp.smol
tools/compresSmol/compresSmol -w build/assets/graphics/pokemon/pancham/back.png.4bpp build/assets/graphics/pokemon/pancham/back.png.4bpp.smol
tools/compresSmol/compresSmol -w build/assets/graphics/pokemon/pancham/overworld.png_mwidth_4__mheight_4.4bpp build/assets/graphics/pokemon/pancham/overworld.png_mwidth_4__mheight_4.4bpp.smol
tools/compresSmol/compresSmol -w build/assets/graphics/pokemon/pangoro/anim_front.png.4bpp build/assets/graphics/pokemon/pangoro/anim_front.png.4bpp.smol
tools/compresSmol/compresSmol -w build/assets/graphics/pokemon/pangoro/back.png.4bpp build/assets/graphics/pokemon/pangoro/back.png.4bpp.smol
tools/compresSmol/compresSmol -w build/assets/graphics/pokemon/pangoro/overworld.png_mwidth_4__mheight_4.4bpp build/assets/graphics/pokemon/pangoro/overworld.png_mwidth_4__mheight_4.4bpp.smol
tools/compresSmol/compresSmol -w build/assets/graphics/pokemon/panpour/anim_front.png.4bpp build/assets/graphics/pokemon/panpour/anim_front.png.4bpp.smol
tools/compresSmol/compresSmol -w build/assets/graphics/pokemon/panpour/back.png.4bpp build/assets/graphics/pokemon/panpour/back.png.4bpp.smol
tools/compresSmol/compresSmol -w build/assets/graphics/pokemon/panpour/overworld.png_mwidth_4__mheight_4.4bpp build/assets/graphics/pokemon/panpour/overworld.png_mwidth_4__mheight_4.4bpp.smol
tools/compresSmol/compresSmol -w build/assets/graphics/pokemon/pansage/anim_front.png.4bpp build/assets/graphics/pokemon/pansage/anim_front.png.4bpp.smol
tools/compresSmol/compresSmol -w build/assets/graphics/pokemon/pansage/back.png.4bpp build/assets/graphics/pokemon/pansage/back.png.4bpp.smol
tools/compresSmol/compresSmol -w build/assets/graphics/pokemon/pansage/overworld.png_mwidth_4__mheight_4.4bpp build/assets/graphics/pokemon/pansage/overworld.png_mwidth_4__mheight_4.4bpp.smol
tools/compresSmol/compresSmol -w build/assets/graphics/pokemon/pansear/anim_front.png.4bpp build/assets/graphics/pokemon/pansear/anim_front.png.4bpp.smol
tools/compresSmol/compresSmol -w build/assets/graphics/pokemon/pansear/back.png.4bpp build/assets/graphics/pokemon/pansear/back.png.4bpp.smol
tools/compresSmol/compresSmol -w build/assets/graphics/pokemon/pansear/overworld.png_mwidth_4__mheight_4.4bpp build/assets/graphics/pokemon/pansear/overworld.png_mwidth_4__mheight_4.4bpp.smol
tools/compresSmol/compresSmol -w build/assets/graphics/pokemon/paras/anim_front.png.4bpp build/assets/graphics/pokemon/paras/anim_front.png.4bpp.smol
tools/compresSmol/compresSmol -w build/assets/graphics/pokemon/paras/anim_front_gba.png.4bpp build/assets/graphics/pokemon/paras/anim_front_gba.png.4bpp.smol
tools/compresSmol/compresSmol -w build/assets/graphics/pokemon/paras/back.png.4bpp build/assets/graphics/pokemon/paras/back.png.4bpp.smol
tools/compresSmol/compresSmol -w build/assets/graphics/pokemon/paras/back_gba.png.4bpp build/assets/graphics/pokemon/paras/back_gba.png.4bpp.smol
tools/compresSmol/compresSmol -w build/assets/graphics/pokemon/paras/overworld.png_mwidth_4__mheight_4.4bpp build/assets/graphics/pokemon/paras/overworld.png_mwidth_4__mheight_4.4bpp.smol
tools/compresSmol/compresSmol -w build/assets/graphics/pokemon/parasect/anim_front.png.4bpp build/assets/graphics/pokemon/parasect/anim_front.png.4bpp.smol
tools/compresSmol/compresSmol -w build/assets/graphics/pokemon/parasect/anim_front_gba.png.4bpp build/assets/graphics/pokemon/parasect/anim_front_gba.png.4bpp.smol
tools/compresSmol/compresSmol -w build/assets/graphics/pokemon/parasect/back.png.4bpp build/assets/graphics/pokemon/parasect/back.png.4bpp.smol
tools/compresSmol/compresSmol -w build/assets/graphics/pokemon/parasect/back_gba.png.4bpp build/assets/graphics/pokemon/parasect/back_gba.png.4bpp.smol
tools/compresSmol/compresSmol -w build/assets/graphics/pokemon/parasect/overworld.png_mwidth_4__mheight_4.4bpp build/assets/graphics/pokemon/parasect/overworld.png_mwidth_4__mheight_4.4bpp.smol
tools/compresSmol/compresSmol -w build/assets/graphics/pokemon/passimian/anim_front.png.4bpp build/assets/graphics/pokemon/passimian/anim_front.png.4bpp.smol
tools/compresSmol/compresSmol -w build/assets/graphics/pokemon/passimian/back.png.4bpp build/assets/graphics/pokemon/passimian/back.png.4bpp.smol
tools/compresSmol/compresSmol -w build/assets/graphics/pokemon/passimian/overworld.png_mwidth_4__mheight_4.4bpp build/assets/graphics/pokemon/passimian/overworld.png_mwidth_4__mheight_4.4bpp.smol
tools/compresSmol/compresSmol -w build/assets/graphics/pokemon/patrat/anim_front.png.4bpp build/assets/graphics/pokemon/patrat/anim_front.png.4bpp.smol
tools/compresSmol/compresSmol -w build/assets/graphics/pokemon/patrat/back.png.4bpp build/assets/graphics/pokemon/patrat/back.png.4bpp.smol
tools/compresSmol/compresSmol -w build/assets/graphics/pokemon/patrat/overworld.png_mwidth_4__mheight_4.4bpp build/assets/graphics/pokemon/patrat/overworld.png_mwidth_4__mheight_4.4bpp.smol
tools/compresSmol/compresSmol -w build/assets/graphics/pokemon/pawmi/back.png.4bpp build/assets/graphics/pokemon/pawmi/back.png.4bpp.smol
tools/compresSmol/compresSmol -w build/assets/graphics/pokemon/pawmi/front.png.4bpp build/assets/graphics/pokemon/pawmi/front.png.4bpp.smol
tools/compresSmol/compresSmol -w build/assets/graphics/pokemon/pawmi/overworld.png_mwidth_4__mheight_4.4bpp build/assets/graphics/pokemon/pawmi/overworld.png_mwidth_4__mheight_4.4bpp.smol
tools/compresSmol/compresSmol -w build/assets/graphics/pokemon/pawmo/back.png.4bpp build/assets/graphics/pokemon/pawmo/back.png.4bpp.smol
tools/compresSmol/compresSmol -w build/assets/graphics/pokemon/pawmo/front.png.4bpp build/assets/graphics/pokemon/pawmo/front.png.4bpp.smol
tools/compresSmol/compresSmol -w build/assets/graphics/pokemon/pawmo/overworld.png_mwidth_4__mheight_4.4bpp build/assets/graphics/pokemon/pawmo/overworld.png_mwidth_4__mheight_4.4bpp.smol
tools/compresSmol/compresSmol -w build/assets/graphics/pokemon/pawmot/back.png.4bpp build/assets/graphics/pokemon/pawmot/back.png.4bpp.smol
tools/compresSmol/compresSmol -w build/assets/graphics/pokemon/pawmot/front.png.4bpp build/assets/graphics/pokemon/pawmot/front.png.4bpp.smol
tools/compresSmol/compresSmol -w build/assets/graphics/pokemon/pawmot/overworld.png_mwidth_4__mheight_4.4bpp build/assets/graphics/pokemon/pawmot/overworld.png_mwidth_4__mheight_4.4bpp.smol
tools/compresSmol/compresSmol -w build/assets/graphics/pokemon/pawniard/anim_front.png.4bpp build/assets/graphics/pokemon/pawniard/anim_front.png.4bpp.smol
tools/compresSmol/compresSmol -w build/assets/graphics/pokemon/pawniard/back.png.4bpp build/assets/graphics/pokemon/pawniard/back.png.4bpp.smol
tools/compresSmol/compresSmol -w build/assets/graphics/pokemon/pawniard/overworld.png_mwidth_4__mheight_4.4bpp build/assets/graphics/pokemon/pawniard/overworld.png_mwidth_4__mheight_4.4bpp.smol
tools/compresSmol/compresSmol -w build/assets/graphics/pokemon/pecharunt/back.png.4bpp build/assets/graphics/pokemon/pecharunt/back.png.4bpp.smol
tools/compresSmol/compresSmol -w build/assets/graphics/pokemon/pecharunt/front.png.4bpp build/assets/graphics/pokemon/pecharunt/front.png.4bpp.smol
tools/compresSmol/compresSmol -w build/assets/graphics/pokemon/pecharunt/overworld.png_mwidth_4__mheight_4.4bpp build/assets/graphics/pokemon/pecharunt/overworld.png_mwidth_4__mheight_4.4bpp.smol
tools/compresSmol/compresSmol -w build/assets/graphics/pokemon/pelipper/anim_front.png.4bpp build/assets/graphics/pokemon/pelipper/anim_front.png.4bpp.smol
tools/compresSmol/compresSmol -w build/assets/graphics/pokemon/pelipper/anim_front_gba.png.4bpp build/assets/graphics/pokemon/pelipper/anim_front_gba.png.4bpp.smol
tools/compresSmol/compresSmol -w build/assets/graphics/pokemon/pelipper/back.png.4bpp build/assets/graphics/pokemon/pelipper/back.png.4bpp.smol
tools/compresSmol/compresSmol -w build/assets/graphics/pokemon/pelipper/back_gba.png.4bpp build/assets/graphics/pokemon/pelipper/back_gba.png.4bpp.smol
tools/compresSmol/compresSmol -w build/assets/graphics/pokemon/pelipper/overworld.png_mwidth_4__mheight_4.4bpp build/assets/graphics/pokemon/pelipper/overworld.png_mwidth_4__mheight_4.4bpp.smol
tools/compresSmol/compresSmol -w build/assets/graphics/pokemon/perrserker/back.png.4bpp build/assets/graphics/pokemon/perrserker/back.png.4bpp.smol
tools/compresSmol/compresSmol -w build/assets/graphics/pokemon/perrserker/front.png.4bpp build/assets/graphics/pokemon/perrserker/front.png.4bpp.smol
tools/compresSmol/compresSmol -w build/assets/graphics/pokemon/perrserker/overworld.png_mwidth_4__mheight_4.4bpp build/assets/graphics/pokemon/perrserker/overworld.png_mwidth_4__mheight_4.4bpp.smol
tools/compresSmol/compresSmol -w build/assets/graphics/pokemon/persian/alola/back.png.4bpp build/assets/graphics/pokemon/persian/alola/back.png.4bpp.smol
tools/compresSmol/compresSmol -w build/assets/graphics/pokemon/persian/alola/front.png.4bpp build/assets/graphics/pokemon/persian/alola/front.png.4bpp.smol
tools/compresSmol/compresSmol -w build/assets/graphics/pokemon/persian/alola/overworld.png_mwidth_4__mheight_4.4bpp build/assets/graphics/pokemon/persian/alola/overworld.png_mwidth_4__mheight_4.4bpp.smol
tools/compresSmol/compresSmol -w build/assets/graphics/pokemon/persian/anim_front.png.4bpp build/assets/graphics/pokemon/persian/anim_front.png.4bpp.smol
tools/compresSmol/compresSmol -w build/assets/graphics/pokemon/persian/anim_front_gba.png.4bpp build/assets/graphics/pokemon/persian/anim_front_gba.png.4bpp.smol
tools/compresSmol/compresSmol -w build/assets/graphics/pokemon/persian/back.png.4bpp build/assets/graphics/pokemon/persian/back.png.4bpp.smol
tools/compresSmol/compresSmol -w build/assets/graphics/pokemon/persian/back_gba.png.4bpp build/assets/graphics/pokemon/persian/back_gba.png.4bpp.smol
tools/compresSmol/compresSmol -w build/assets/graphics/pokemon/persian/overworld.png_mwidth_4__mheight_4.4bpp build/assets/graphics/pokemon/persian/overworld.png_mwidth_4__mheight_4.4bpp.smol
tools/compresSmol/compresSmol -w build/assets/graphics/pokemon/petilil/anim_front.png.4bpp build/assets/graphics/pokemon/petilil/anim_front.png.4bpp.smol
tools/compresSmol/compresSmol -w build/assets/graphics/pokemon/petilil/back.png.4bpp build/assets/graphics/pokemon/petilil/back.png.4bpp.smol
tools/compresSmol/compresSmol -w build/assets/graphics/pokemon/petilil/overworld.png_mwidth_4__mheight_4.4bpp build/assets/graphics/pokemon/petilil/overworld.png_mwidth_4__mheight_4.4bpp.smol
tools/compresSmol/compresSmol -w build/assets/graphics/pokemon/phanpy/anim_front.png.4bpp build/assets/graphics/pokemon/phanpy/anim_front.png.4bpp.smol
tools/compresSmol/compresSmol -w build/assets/graphics/pokemon/phanpy/anim_front_gba.png.4bpp build/assets/graphics/pokemon/phanpy/anim_front_gba.png.4bpp.smol
tools/compresSmol/compresSmol -w build/assets/graphics/pokemon/phanpy/back.png.4bpp build/assets/graphics/pokemon/phanpy/back.png.4bpp.smol
tools/compresSmol/compresSmol -w build/assets/graphics/pokemon/phanpy/back_gba.png.4bpp build/assets/graphics/pokemon/phanpy/back_gba.png.4bpp.smol
tools/compresSmol/compresSmol -w build/assets/graphics/pokemon/phanpy/overworld.png_mwidth_4__mheight_4.4bpp build/assets/graphics/pokemon/phanpy/overworld.png_mwidth_4__mheight_4.4bpp.smol
tools/compresSmol/compresSmol -w build/assets/graphics/pokemon/phantump/anim_front.png.4bpp build/assets/graphics/pokemon/phantump/anim_front.png.4bpp.smol
tools/compresSmol/compresSmol -w build/assets/graphics/pokemon/phantump/back.png.4bpp build/assets/graphics/pokemon/phantump/back.png.4bpp.smol
tools/compresSmol/compresSmol -w build/assets/graphics/pokemon/phantump/overworld.png_mwidth_4__mheight_4.4bpp build/assets/graphics/pokemon/phantump/overworld.png_mwidth_4__mheight_4.4bpp.smol
tools/compresSmol/compresSmol -w build/assets/graphics/pokemon/pheromosa/back.png.4bpp build/assets/graphics/pokemon/pheromosa/back.png.4bpp.smol
tools/compresSmol/compresSmol -w build/assets/graphics/pokemon/pheromosa/front.png.4bpp build/assets/graphics/pokemon/pheromosa/front.png.4bpp.smol
tools/compresSmol/compresSmol -w build/assets/graphics/pokemon/pheromosa/overworld.png_mwidth_4__mheight_4.4bpp build/assets/graphics/pokemon/pheromosa/overworld.png_mwidth_4__mheight_4.4bpp.smol
tools/compresSmol/compresSmol -w build/assets/graphics/pokemon/phione/anim_front.png.4bpp build/assets/graphics/pokemon/phione/anim_front.png.4bpp.smol
tools/compresSmol/compresSmol -w build/assets/graphics/pokemon/phione/back.png.4bpp build/assets/graphics/pokemon/phione/back.png.4bpp.smol
tools/compresSmol/compresSmol -w build/assets/graphics/pokemon/phione/overworld.png_mwidth_4__mheight_4.4bpp build/assets/graphics/pokemon/phione/overworld.png_mwidth_4__mheight_4.4bpp.smol
tools/compresSmol/compresSmol -w build/assets/graphics/pokemon/pichu/anim_front.png.4bpp build/assets/graphics/pokemon/pichu/anim_front.png.4bpp.smol
tools/compresSmol/compresSmol -w build/assets/graphics/pokemon/pichu/anim_front_gba.png.4bpp build/assets/graphics/pokemon/pichu/anim_front_gba.png.4bpp.smol
tools/compresSmol/compresSmol -w build/assets/graphics/pokemon/pichu/back.png.4bpp build/assets/graphics/pokemon/pichu/back.png.4bpp.smol
tools/compresSmol/compresSmol -w build/assets/graphics/pokemon/pichu/back_gba.png.4bpp build/assets/graphics/pokemon/pichu/back_gba.png.4bpp.smol
tools/compresSmol/compresSmol -w build/assets/graphics/pokemon/pichu/overworld.png_mwidth_4__mheight_4.4bpp build/assets/graphics/pokemon/pichu/overworld.png_mwidth_4__mheight_4.4bpp.smol
tools/compresSmol/compresSmol -w build/assets/graphics/pokemon/pichu/spiky_eared/anim_front.png.4bpp build/assets/graphics/pokemon/pichu/spiky_eared/anim_front.png.4bpp.smol
tools/compresSmol/compresSmol -w build/assets/graphics/pokemon/pichu/spiky_eared/back.png.4bpp build/assets/graphics/pokemon/pichu/spiky_eared/back.png.4bpp.smol
tools/compresSmol/compresSmol -w build/assets/graphics/pokemon/pichu/spiky_eared/overworld.png_mwidth_4__mheight_4.4bpp build/assets/graphics/pokemon/pichu/spiky_eared/overworld.png_mwidth_4__mheight_4.4bpp.smol
tools/compresSmol/compresSmol -w build/assets/graphics/pokemon/pidgeot/anim_front.png.4bpp build/assets/graphics/pokemon/pidgeot/anim_front.png.4bpp.smol
tools/compresSmol/compresSmol -w build/assets/graphics/pokemon/pidgeot/anim_front_gba.png.4bpp build/assets/graphics/pokemon/pidgeot/anim_front_gba.png.4bpp.smol
tools/compresSmol/compresSmol -w build/assets/graphics/pokemon/pidgeot/back.png.4bpp build/assets/graphics/pokemon/pidgeot/back.png.4bpp.smol
tools/compresSmol/compresSmol -w build/assets/graphics/pokemon/pidgeot/back_gba.png.4bpp build/assets/graphics/pokemon/pidgeot/back_gba.png.4bpp.smol
tools/compresSmol/compresSmol -w build/assets/graphics/pokemon/pidgeot/mega/back.png.4bpp build/assets/graphics/pokemon/pidgeot/mega/back.png.4bpp.smol
tools/compresSmol/compresSmol -w build/assets/graphics/pokemon/pidgeot/mega/front.png.4bpp build/assets/graphics/pokemon/pidgeot/mega/front.png.4bpp.smol
tools/compresSmol/compresSmol -w build/assets/graphics/pokemon/pidgeot/mega/overworld.png_mwidth_4__mheight_4.4bpp build/assets/graphics/pokemon/pidgeot/mega/overworld.png_mwidth_4__mheight_4.4bpp.smol
tools/compresSmol/compresSmol -w build/assets/graphics/pokemon/pidgeot/overworld.png_mwidth_4__mheight_4.4bpp build/assets/graphics/pokemon/pidgeot/overworld.png_mwidth_4__mheight_4.4bpp.smol
tools/compresSmol/compresSmol -w build/assets/graphics/pokemon/pidgeotto/anim_front.png.4bpp build/assets/graphics/pokemon/pidgeotto/anim_front.png.4bpp.smol
tools/compresSmol/compresSmol -w build/assets/graphics/pokemon/pidgeotto/anim_front_gba.png.4bpp build/assets/graphics/pokemon/pidgeotto/anim_front_gba.png.4bpp.smol
tools/compresSmol/compresSmol -w build/assets/graphics/pokemon/pidgeotto/back.png.4bpp build/assets/graphics/pokemon/pidgeotto/back.png.4bpp.smol
tools/compresSmol/compresSmol -w build/assets/graphics/pokemon/pidgeotto/back_gba.png.4bpp build/assets/graphics/pokemon/pidgeotto/back_gba.png.4bpp.smol
tools/compresSmol/compresSmol -w build/assets/graphics/pokemon/pidgeotto/overworld.png_mwidth_4__mheight_4.4bpp build/assets/graphics/pokemon/pidgeotto/overworld.png_mwidth_4__mheight_4.4bpp.smol
tools/compresSmol/compresSmol -w build/assets/graphics/pokemon/pidgey/anim_front.png.4bpp build/assets/graphics/pokemon/pidgey/anim_front.png.4bpp.smol
tools/compresSmol/compresSmol -w build/assets/graphics/pokemon/pidgey/anim_front_gba.png.4bpp build/assets/graphics/pokemon/pidgey/anim_front_gba.png.4bpp.smol
tools/compresSmol/compresSmol -w build/assets/graphics/pokemon/pidgey/back.png.4bpp build/assets/graphics/pokemon/pidgey/back.png.4bpp.smol
tools/compresSmol/compresSmol -w build/assets/graphics/pokemon/pidgey/back_gba.png.4bpp build/assets/graphics/pokemon/pidgey/back_gba.png.4bpp.smol
tools/compresSmol/compresSmol -w build/assets/graphics/pokemon/pidgey/overworld.png_mwidth_4__mheight_4.4bpp build/assets/graphics/pokemon/pidgey/overworld.png_mwidth_4__mheight_4.4bpp.smol
tools/compresSmol/compresSmol -w build/assets/graphics/pokemon/pidove/anim_front.png.4bpp build/assets/graphics/pokemon/pidove/anim_front.png.4bpp.smol
tools/compresSmol/compresSmol -w build/assets/graphics/pokemon/pidove/back.png.4bpp build/assets/graphics/pokemon/pidove/back.png.4bpp.smol
tools/compresSmol/compresSmol -w build/assets/graphics/pokemon/pidove/overworld.png_mwidth_4__mheight_4.4bpp build/assets/graphics/pokemon/pidove/overworld.png_mwidth_4__mheight_4.4bpp.smol
tools/compresSmol/compresSmol -w build/assets/graphics/pokemon/pignite/anim_front.png.4bpp build/assets/graphics/pokemon/pignite/anim_front.png.4bpp.smol
tools/compresSmol/compresSmol -w build/assets/graphics/pokemon/pignite/back.png.4bpp build/assets/graphics/pokemon/pignite/back.png.4bpp.smol
tools/compresSmol/compresSmol -w build/assets/graphics/pokemon/pignite/overworld.png_mwidth_4__mheight_4.4bpp build/assets/graphics/pokemon/pignite/overworld.png_mwidth_4__mheight_4.4bpp.smol
tools/compresSmol/compresSmol -w build/assets/graphics/pokemon/pikachu/alola/back.png.4bpp build/assets/graphics/pokemon/pikachu/alola/back.png.4bpp.smol
tools/compresSmol/compresSmol -w build/assets/graphics/pokemon/pikachu/alola/front.png.4bpp build/assets/graphics/pokemon/pikachu/alola/front.png.4bpp.smol
tools/compresSmol/compresSmol -w build/assets/graphics/pokemon/pikachu/anim_front.png.4bpp build/assets/graphics/pokemon/pikachu/anim_front.png.4bpp.smol
tools/compresSmol/compresSmol -w build/assets/graphics/pokemon/pikachu/anim_front_gba.png.4bpp build/assets/graphics/pokemon/pikachu/anim_front_gba.png.4bpp.smol
tools/compresSmol/compresSmol -w build/assets/graphics/pokemon/pikachu/anim_frontf.png.4bpp build/assets/graphics/pokemon/pikachu/anim_frontf.png.4bpp.smol
tools/compresSmol/compresSmol -w build/assets/graphics/pokemon/pikachu/back.png.4bpp build/assets/graphics/pokemon/pikachu/back.png.4bpp.smol
tools/compresSmol/compresSmol -w build/assets/graphics/pokemon/pikachu/back_gba.png.4bpp build/assets/graphics/pokemon/pikachu/back_gba.png.4bpp.smol
tools/compresSmol/compresSmol -w build/assets/graphics/pokemon/pikachu/backf.png.4bpp build/assets/graphics/pokemon/pikachu/backf.png.4bpp.smol
tools/compresSmol/compresSmol -w build/assets/graphics/pokemon/pikachu/belle/back.png.4bpp build/assets/graphics/pokemon/pikachu/belle/back.png.4bpp.smol
tools/compresSmol/compresSmol -w build/assets/graphics/pokemon/pikachu/belle/front.png.4bpp build/assets/graphics/pokemon/pikachu/belle/front.png.4bpp.smol
tools/compresSmol/compresSmol -w build/assets/graphics/pokemon/pikachu/cosplay/back.png.4bpp build/assets/graphics/pokemon/pikachu/cosplay/back.png.4bpp.smol
tools/compresSmol/compresSmol -w build/assets/graphics/pokemon/pikachu/cosplay/front.png.4bpp build/assets/graphics/pokemon/pikachu/cosplay/front.png.4bpp.smol
tools/compresSmol/compresSmol -w build/assets/graphics/pokemon/pikachu/gmax/back.png.4bpp build/assets/graphics/pokemon/pikachu/gmax/back.png.4bpp.smol
tools/compresSmol/compresSmol -w build/assets/graphics/pokemon/pikachu/gmax/front.png.4bpp build/assets/graphics/pokemon/pikachu/gmax/front.png.4bpp.smol
tools/compresSmol/compresSmol -w build/assets/graphics/pokemon/pikachu/hoenn/back.png.4bpp build/assets/graphics/pokemon/pikachu/hoenn/back.png.4bpp.smol
tools/compresSmol/compresSmol -w build/assets/graphics/pokemon/pikachu/hoenn/front.png.4bpp build/assets/graphics/pokemon/pikachu/hoenn/front.png.4bpp.smol
tools/compresSmol/compresSmol -w build/assets/graphics/pokemon/pikachu/kalos/back.png.4bpp build/assets/graphics/pokemon/pikachu/kalos/back.png.4bpp.smol
tools/compresSmol/compresSmol -w build/assets/graphics/pokemon/pikachu/kalos/front.png.4bpp build/assets/graphics/pokemon/pikachu/kalos/front.png.4bpp.smol
tools/compresSmol/compresSmol -w build/assets/graphics/pokemon/pikachu/libre/back.png.4bpp build/assets/graphics/pokemon/pikachu/libre/back.png.4bpp.smol
tools/compresSmol/compresSmol -w build/assets/graphics/pokemon/pikachu/libre/front.png.4bpp build/assets/graphics/pokemon/pikachu/libre/front.png.4bpp.smol
tools/compresSmol/compresSmol -w build/assets/graphics/pokemon/pikachu/original/back.png.4bpp build/assets/graphics/pokemon/pikachu/original/back.png.4bpp.smol
tools/compresSmol/compresSmol -w build/assets/graphics/pokemon/pikachu/original/front.png.4bpp build/assets/graphics/pokemon/pikachu/original/front.png.4bpp.smol
tools/compresSmol/compresSmol -w build/assets/graphics/pokemon/pikachu/overworld.png_mwidth_4__mheight_4.4bpp build/assets/graphics/pokemon/pikachu/overworld.png_mwidth_4__mheight_4.4bpp.smol
tools/compresSmol/compresSmol -w build/assets/graphics/pokemon/pikachu/overworldf.png_mwidth_4__mheight_4.4bpp build/assets/graphics/pokemon/pikachu/overworldf.png_mwidth_4__mheight_4.4bpp.smol
tools/compresSmol/compresSmol -w build/assets/graphics/pokemon/pikachu/partner/back.png.4bpp build/assets/graphics/pokemon/pikachu/partner/back.png.4bpp.smol
tools/compresSmol/compresSmol -w build/assets/graphics/pokemon/pikachu/partner/front.png.4bpp build/assets/graphics/pokemon/pikachu/partner/front.png.4bpp.smol
tools/compresSmol/compresSmol -w build/assets/graphics/pokemon/pikachu/phd/back.png.4bpp build/assets/graphics/pokemon/pikachu/phd/back.png.4bpp.smol
tools/compresSmol/compresSmol -w build/assets/graphics/pokemon/pikachu/phd/front.png.4bpp build/assets/graphics/pokemon/pikachu/phd/front.png.4bpp.smol
tools/compresSmol/compresSmol -w build/assets/graphics/pokemon/pikachu/pop_star/back.png.4bpp build/assets/graphics/pokemon/pikachu/pop_star/back.png.4bpp.smol
tools/compresSmol/compresSmol -w build/assets/graphics/pokemon/pikachu/pop_star/front.png.4bpp build/assets/graphics/pokemon/pikachu/pop_star/front.png.4bpp.smol
tools/compresSmol/compresSmol -w build/assets/graphics/pokemon/pikachu/rock_star/back.png.4bpp build/assets/graphics/pokemon/pikachu/rock_star/back.png.4bpp.smol
tools/compresSmol/compresSmol -w build/assets/graphics/pokemon/pikachu/rock_star/front.png.4bpp build/assets/graphics/pokemon/pikachu/rock_star/front.png.4bpp.smol
tools/compresSmol/compresSmol -w build/assets/graphics/pokemon/pikachu/sinnoh/back.png.4bpp build/assets/graphics/pokemon/pikachu/sinnoh/back.png.4bpp.smol
tools/compresSmol/compresSmol -w build/assets/graphics/pokemon/pikachu/sinnoh/front.png.4bpp build/assets/graphics/pokemon/pikachu/sinnoh/front.png.4bpp.smol
tools/compresSmol/compresSmol -w build/assets/graphics/pokemon/pikachu/unova/back.png.4bpp build/assets/graphics/pokemon/pikachu/unova/back.png.4bpp.smol
tools/compresSmol/compresSmol -w build/assets/graphics/pokemon/pikachu/unova/front.png.4bpp build/assets/graphics/pokemon/pikachu/unova/front.png.4bpp.smol
tools/compresSmol/compresSmol -w build/assets/graphics/pokemon/pikachu/world/back.png.4bpp build/assets/graphics/pokemon/pikachu/world/back.png.4bpp.smol
tools/compresSmol/compresSmol -w build/assets/graphics/pokemon/pikachu/world/front.png.4bpp build/assets/graphics/pokemon/pikachu/world/front.png.4bpp.smol
tools/compresSmol/compresSmol -w build/assets/graphics/pokemon/pikipek/anim_front.png.4bpp build/assets/graphics/pokemon/pikipek/anim_front.png.4bpp.smol
tools/compresSmol/compresSmol -w build/assets/graphics/pokemon/pikipek/back.png.4bpp build/assets/graphics/pokemon/pikipek/back.png.4bpp.smol
tools/compresSmol/compresSmol -w build/assets/graphics/pokemon/pikipek/overworld.png_mwidth_4__mheight_4.4bpp build/assets/graphics/pokemon/pikipek/overworld.png_mwidth_4__mheight_4.4bpp.smol
tools/compresSmol/compresSmol -w build/assets/graphics/pokemon/piloswine/anim_front.png.4bpp build/assets/graphics/pokemon/piloswine/anim_front.png.4bpp.smol
tools/compresSmol/compresSmol -w build/assets/graphics/pokemon/piloswine/anim_front_gba.png.4bpp build/assets/graphics/pokemon/piloswine/anim_front_gba.png.4bpp.smol
tools/compresSmol/compresSmol -w build/assets/graphics/pokemon/piloswine/anim_frontf.png.4bpp build/assets/graphics/pokemon/piloswine/anim_frontf.png.4bpp.smol
tools/compresSmol/compresSmol -w build/assets/graphics/pokemon/piloswine/back.png.4bpp build/assets/graphics/pokemon/piloswine/back.png.4bpp.smol
tools/compresSmol/compresSmol -w build/assets/graphics/pokemon/piloswine/back_gba.png.4bpp build/assets/graphics/pokemon/piloswine/back_gba.png.4bpp.smol
tools/compresSmol/compresSmol -w build/assets/graphics/pokemon/piloswine/backf.png.4bpp build/assets/graphics/pokemon/piloswine/backf.png.4bpp.smol
tools/compresSmol/compresSmol -w build/assets/graphics/pokemon/piloswine/overworld.png_mwidth_4__mheight_4.4bpp build/assets/graphics/pokemon/piloswine/overworld.png_mwidth_4__mheight_4.4bpp.smol
tools/compresSmol/compresSmol -w build/assets/graphics/pokemon/piloswine/overworldf.png_mwidth_4__mheight_4.4bpp build/assets/graphics/pokemon/piloswine/overworldf.png_mwidth_4__mheight_4.4bpp.smol
tools/compresSmol/compresSmol -w build/assets/graphics/pokemon/pincurchin/anim_front.png.4bpp build/assets/graphics/pokemon/pincurchin/anim_front.png.4bpp.smol
tools/compresSmol/compresSmol -w build/assets/graphics/pokemon/pincurchin/back.png.4bpp build/assets/graphics/pokemon/pincurchin/back.png.4bpp.smol
tools/compresSmol/compresSmol -w build/assets/graphics/pokemon/pincurchin/overworld.png_mwidth_4__mheight_4.4bpp build/assets/graphics/pokemon/pincurchin/overworld.png_mwidth_4__mheight_4.4bpp.smol
tools/compresSmol/compresSmol -w build/assets/graphics/pokemon/pineco/anim_front.png.4bpp build/assets/graphics/pokemon/pineco/anim_front.png.4bpp.smol
tools/compresSmol/compresSmol -w build/assets/graphics/pokemon/pineco/anim_front_gba.png.4bpp build/assets/graphics/pokemon/pineco/anim_front_gba.png.4bpp.smol
tools/compresSmol/compresSmol -w build/assets/graphics/pokemon/pineco/back.png.4bpp build/assets/graphics/pokemon/pineco/back.png.4bpp.smol
tools/compresSmol/compresSmol -w build/assets/graphics/pokemon/pineco/back_gba.png.4bpp build/assets/graphics/pokemon/pineco/back_gba.png.4bpp.smol
tools/compresSmol/compresSmol -w build/assets/graphics/pokemon/pineco/overworld.png_mwidth_4__mheight_4.4bpp build/assets/graphics/pokemon/pineco/overworld.png_mwidth_4__mheight_4.4bpp.smol
tools/compresSmol/compresSmol -w build/assets/graphics/pokemon/pinsir/anim_front.png.4bpp build/assets/graphics/pokemon/pinsir/anim_front.png.4bpp.smol
tools/compresSmol/compresSmol -w build/assets/graphics/pokemon/pinsir/anim_front_gba.png.4bpp build/assets/graphics/pokemon/pinsir/anim_front_gba.png.4bpp.smol
tools/compresSmol/compresSmol -w build/assets/graphics/pokemon/pinsir/back.png.4bpp build/assets/graphics/pokemon/pinsir/back.png.4bpp.smol
tools/compresSmol/compresSmol -w build/assets/graphics/pokemon/pinsir/back_gba.png.4bpp build/assets/graphics/pokemon/pinsir/back_gba.png.4bpp.smol
tools/compresSmol/compresSmol -w build/assets/graphics/pokemon/pinsir/mega/back.png.4bpp build/assets/graphics/pokemon/pinsir/mega/back.png.4bpp.smol
tools/compresSmol/compresSmol -w build/assets/graphics/pokemon/pinsir/mega/front.png.4bpp build/assets/graphics/pokemon/pinsir/mega/front.png.4bpp.smol
tools/compresSmol/compresSmol -w build/assets/graphics/pokemon/pinsir/mega/overworld.png_mwidth_4__mheight_4.4bpp build/assets/graphics/pokemon/pinsir/mega/overworld.png_mwidth_4__mheight_4.4bpp.smol
tools/compresSmol/compresSmol -w build/assets/graphics/pokemon/pinsir/overworld.png_mwidth_4__mheight_4.4bpp build/assets/graphics/pokemon/pinsir/overworld.png_mwidth_4__mheight_4.4bpp.smol
tools/compresSmol/compresSmol -w build/assets/graphics/pokemon/piplup/anim_front.png.4bpp build/assets/graphics/pokemon/piplup/anim_front.png.4bpp.smol
tools/compresSmol/compresSmol -w build/assets/graphics/pokemon/piplup/back.png.4bpp build/assets/graphics/pokemon/piplup/back.png.4bpp.smol
tools/compresSmol/compresSmol -w build/assets/graphics/pokemon/piplup/overworld.png_mwidth_4__mheight_4.4bpp build/assets/graphics/pokemon/piplup/overworld.png_mwidth_4__mheight_4.4bpp.smol
tools/compresSmol/compresSmol -w build/assets/graphics/pokemon/plusle/anim_front.png.4bpp build/assets/graphics/pokemon/plusle/anim_front.png.4bpp.smol
tools/compresSmol/compresSmol -w build/assets/graphics/pokemon/plusle/anim_front_gba.png.4bpp build/assets/graphics/pokemon/plusle/anim_front_gba.png.4bpp.smol
tools/compresSmol/compresSmol -w build/assets/graphics/pokemon/plusle/back.png.4bpp build/assets/graphics/pokemon/plusle/back.png.4bpp.smol
tools/compresSmol/compresSmol -w build/assets/graphics/pokemon/plusle/back_gba.png.4bpp build/assets/graphics/pokemon/plusle/back_gba.png.4bpp.smol
tools/compresSmol/compresSmol -w build/assets/graphics/pokemon/plusle/overworld.png_mwidth_4__mheight_4.4bpp build/assets/graphics/pokemon/plusle/overworld.png_mwidth_4__mheight_4.4bpp.smol
tools/compresSmol/compresSmol -w build/assets/graphics/pokemon/poipole/back.png.4bpp build/assets/graphics/pokemon/poipole/back.png.4bpp.smol
tools/compresSmol/compresSmol -w build/assets/graphics/pokemon/poipole/front.png.4bpp build/assets/graphics/pokemon/poipole/front.png.4bpp.smol
tools/compresSmol/compresSmol -w build/assets/graphics/pokemon/poipole/overworld.png_mwidth_4__mheight_4.4bpp build/assets/graphics/pokemon/poipole/overworld.png_mwidth_4__mheight_4.4bpp.smol
tools/compresSmol/compresSmol -w build/assets/graphics/pokemon/politoed/anim_front.png.4bpp build/assets/graphics/pokemon/politoed/anim_front.png.4bpp.smol
tools/compresSmol/compresSmol -w build/assets/graphics/pokemon/politoed/anim_front_gba.png.4bpp build/assets/graphics/pokemon/politoed/anim_front_gba.png.4bpp.smol
tools/compresSmol/compresSmol -w build/assets/graphics/pokemon/politoed/anim_frontf.png.4bpp build/assets/graphics/pokemon/politoed/anim_frontf.png.4bpp.smol
tools/compresSmol/compresSmol -w build/assets/graphics/pokemon/politoed/back.png.4bpp build/assets/graphics/pokemon/politoed/back.png.4bpp.smol
tools/compresSmol/compresSmol -w build/assets/graphics/pokemon/politoed/back_gba.png.4bpp build/assets/graphics/pokemon/politoed/back_gba.png.4bpp.smol
tools/compresSmol/compresSmol -w build/assets/graphics/pokemon/politoed/backf.png.4bpp build/assets/graphics/pokemon/politoed/backf.png.4bpp.smol
tools/compresSmol/compresSmol -w build/assets/graphics/pokemon/politoed/overworld.png_mwidth_4__mheight_4.4bpp build/assets/graphics/pokemon/politoed/overworld.png_mwidth_4__mheight_4.4bpp.smol
tools/compresSmol/compresSmol -w build/assets/graphics/pokemon/politoed/overworldf.png_mwidth_4__mheight_4.4bpp build/assets/graphics/pokemon/politoed/overworldf.png_mwidth_4__mheight_4.4bpp.smol
tools/compresSmol/compresSmol -w build/assets/graphics/pokemon/poliwag/anim_front.png.4bpp build/assets/graphics/pokemon/poliwag/anim_front.png.4bpp.smol
tools/compresSmol/compresSmol -w build/assets/graphics/pokemon/poliwag/anim_front_gba.png.4bpp build/assets/graphics/pokemon/poliwag/anim_front_gba.png.4bpp.smol
tools/compresSmol/compresSmol -w build/assets/graphics/pokemon/poliwag/back.png.4bpp build/assets/graphics/pokemon/poliwag/back.png.4bpp.smol
tools/compresSmol/compresSmol -w build/assets/graphics/pokemon/poliwag/back_gba.png.4bpp build/assets/graphics/pokemon/poliwag/back_gba.png.4bpp.smol
tools/compresSmol/compresSmol -w build/assets/graphics/pokemon/poliwag/overworld.png_mwidth_4__mheight_4.4bpp build/assets/graphics/pokemon/poliwag/overworld.png_mwidth_4__mheight_4.4bpp.smol
tools/compresSmol/compresSmol -w build/assets/graphics/pokemon/poliwhirl/anim_front.png.4bpp build/assets/graphics/pokemon/poliwhirl/anim_front.png.4bpp.smol
tools/compresSmol/compresSmol -w build/assets/graphics/pokemon/poliwhirl/anim_front_gba.png.4bpp build/assets/graphics/pokemon/poliwhirl/anim_front_gba.png.4bpp.smol
tools/compresSmol/compresSmol -w build/assets/graphics/pokemon/poliwhirl/back.png.4bpp build/assets/graphics/pokemon/poliwhirl/back.png.4bpp.smol
tools/compresSmol/compresSmol -w build/assets/graphics/pokemon/poliwhirl/back_gba.png.4bpp build/assets/graphics/pokemon/poliwhirl/back_gba.png.4bpp.smol
tools/compresSmol/compresSmol -w build/assets/graphics/pokemon/poliwhirl/overworld.png_mwidth_4__mheight_4.4bpp build/assets/graphics/pokemon/poliwhirl/overworld.png_mwidth_4__mheight_4.4bpp.smol
tools/compresSmol/compresSmol -w build/assets/graphics/pokemon/poliwrath/anim_front.png.4bpp build/assets/graphics/pokemon/poliwrath/anim_front.png.4bpp.smol
tools/compresSmol/compresSmol -w build/assets/graphics/pokemon/poliwrath/anim_front_gba.png.4bpp build/assets/graphics/pokemon/poliwrath/anim_front_gba.png.4bpp.smol
tools/compresSmol/compresSmol -w build/assets/graphics/pokemon/poliwrath/back.png.4bpp build/assets/graphics/pokemon/poliwrath/back.png.4bpp.smol
tools/compresSmol/compresSmol -w build/assets/graphics/pokemon/poliwrath/back_gba.png.4bpp build/assets/graphics/pokemon/poliwrath/back_gba.png.4bpp.smol
tools/compresSmol/compresSmol -w build/assets/graphics/pokemon/poliwrath/overworld.png_mwidth_4__mheight_4.4bpp build/assets/graphics/pokemon/poliwrath/overworld.png_mwidth_4__mheight_4.4bpp.smol
tools/compresSmol/compresSmol -w build/assets/graphics/pokemon/poltchageist/back.png.4bpp build/assets/graphics/pokemon/poltchageist/back.png.4bpp.smol
tools/compresSmol/compresSmol -w build/assets/graphics/pokemon/poltchageist/front.png.4bpp build/assets/graphics/pokemon/poltchageist/front.png.4bpp.smol
tools/compresSmol/compresSmol -w build/assets/graphics/pokemon/poltchageist/overworld.png_mwidth_4__mheight_4.4bpp build/assets/graphics/pokemon/poltchageist/overworld.png_mwidth_4__mheight_4.4bpp.smol
tools/compresSmol/compresSmol -w build/assets/graphics/pokemon/polteageist/back.png.4bpp build/assets/graphics/pokemon/polteageist/back.png.4bpp.smol
tools/compresSmol/compresSmol -w build/assets/graphics/pokemon/polteageist/front.png.4bpp build/assets/graphics/pokemon/polteageist/front.png.4bpp.smol
tools/compresSmol/compresSmol -w build/assets/graphics/pokemon/polteageist/overworld.png_mwidth_4__mheight_4.4bpp build/assets/graphics/pokemon/polteageist/overworld.png_mwidth_4__mheight_4.4bpp.smol
tools/compresSmol/compresSmol -w build/assets/graphics/pokemon/ponyta/anim_front.png.4bpp build/assets/graphics/pokemon/ponyta/anim_front.png.4bpp.smol
tools/compresSmol/compresSmol -w build/assets/graphics/pokemon/ponyta/anim_front_gba.png.4bpp build/assets/graphics/pokemon/ponyta/anim_front_gba.png.4bpp.smol
tools/compresSmol/compresSmol -w build/assets/graphics/pokemon/ponyta/back.png.4bpp build/assets/graphics/pokemon/ponyta/back.png.4bpp.smol
tools/compresSmol/compresSmol -w build/assets/graphics/pokemon/ponyta/back_gba.png.4bpp build/assets/graphics/pokemon/ponyta/back_gba.png.4bpp.smol
tools/compresSmol/compresSmol -w build/assets/graphics/pokemon/ponyta/galar/back.png.4bpp build/assets/graphics/pokemon/ponyta/galar/back.png.4bpp.smol
tools/compresSmol/compresSmol -w build/assets/graphics/pokemon/ponyta/galar/front.png.4bpp build/assets/graphics/pokemon/ponyta/galar/front.png.4bpp.smol
tools/compresSmol/compresSmol -w build/assets/graphics/pokemon/ponyta/galar/overworld.png_mwidth_4__mheight_4.4bpp build/assets/graphics/pokemon/ponyta/galar/overworld.png_mwidth_4__mheight_4.4bpp.smol
tools/compresSmol/compresSmol -w build/assets/graphics/pokemon/ponyta/overworld.png_mwidth_4__mheight_4.4bpp build/assets/graphics/pokemon/ponyta/overworld.png_mwidth_4__mheight_4.4bpp.smol
tools/compresSmol/compresSmol -w build/assets/graphics/pokemon/poochyena/anim_front.png.4bpp build/assets/graphics/pokemon/poochyena/anim_front.png.4bpp.smol
tools/compresSmol/compresSmol -w build/assets/graphics/pokemon/poochyena/anim_front_gba.png.4bpp build/assets/graphics/pokemon/poochyena/anim_front_gba.png.4bpp.smol
tools/compresSmol/compresSmol -w build/assets/graphics/pokemon/poochyena/back.png.4bpp build/assets/graphics/pokemon/poochyena/back.png.4bpp.smol
tools/compresSmol/compresSmol -w build/assets/graphics/pokemon/poochyena/back_gba.png.4bpp build/assets/graphics/pokemon/poochyena/back_gba.png.4bpp.smol
tools/compresSmol/compresSmol -w build/assets/graphics/pokemon/poochyena/overworld.png_mwidth_4__mheight_4.4bpp build/assets/graphics/pokemon/poochyena/overworld.png_mwidth_4__mheight_4.4bpp.smol
tools/compresSmol/compresSmol -w build/assets/graphics/pokemon/popplio/back.png.4bpp build/assets/graphics/pokemon/popplio/back.png.4bpp.smol
tools/compresSmol/compresSmol -w build/assets/graphics/pokemon/popplio/front.png.4bpp build/assets/graphics/pokemon/popplio/front.png.4bpp.smol
tools/compresSmol/compresSmol -w build/assets/graphics/pokemon/popplio/overworld.png_mwidth_4__mheight_4.4bpp build/assets/graphics/pokemon/popplio/overworld.png_mwidth_4__mheight_4.4bpp.smol
tools/compresSmol/compresSmol -w build/assets/graphics/pokemon/porygon/anim_front.png.4bpp build/assets/graphics/pokemon/porygon/anim_front.png.4bpp.smol
tools/compresSmol/compresSmol -w build/assets/graphics/pokemon/porygon/anim_front_gba.png.4bpp build/assets/graphics/pokemon/porygon/anim_front_gba.png.4bpp.smol
tools/compresSmol/compresSmol -w build/assets/graphics/pokemon/porygon/back.png.4bpp build/assets/graphics/pokemon/porygon/back.png.4bpp.smol
tools/compresSmol/compresSmol -w build/assets/graphics/pokemon/porygon/back_gba.png.4bpp build/assets/graphics/pokemon/porygon/back_gba.png.4bpp.smol
tools/compresSmol/compresSmol -w build/assets/graphics/pokemon/porygon/overworld.png_mwidth_4__mheight_4.4bpp build/assets/graphics/pokemon/porygon/overworld.png_mwidth_4__mheight_4.4bpp.smol
tools/compresSmol/compresSmol -w build/assets/graphics/pokemon/porygon2/anim_front.png.4bpp build/assets/graphics/pokemon/porygon2/anim_front.png.4bpp.smol
tools/compresSmol/compresSmol -w build/assets/graphics/pokemon/porygon2/anim_front_gba.png.4bpp build/assets/graphics/pokemon/porygon2/anim_front_gba.png.4bpp.smol
tools/compresSmol/compresSmol -w build/assets/graphics/pokemon/porygon2/back.png.4bpp build/assets/graphics/pokemon/porygon2/back.png.4bpp.smol
tools/compresSmol/compresSmol -w build/assets/graphics/pokemon/porygon2/back_gba.png.4bpp build/assets/graphics/pokemon/porygon2/back_gba.png.4bpp.smol
tools/compresSmol/compresSmol -w build/assets/graphics/pokemon/porygon2/overworld.png_mwidth_4__mheight_4.4bpp build/assets/graphics/pokemon/porygon2/overworld.png_mwidth_4__mheight_4.4bpp.smol
tools/compresSmol/compresSmol -w build/assets/graphics/pokemon/porygon_z/anim_front.png.4bpp build/assets/graphics/pokemon/porygon_z/anim_front.png.4bpp.smol
tools/compresSmol/compresSmol -w build/assets/graphics/pokemon/porygon_z/back.png.4bpp build/assets/graphics/pokemon/porygon_z/back.png.4bpp.smol
tools/compresSmol/compresSmol -w build/assets/graphics/pokemon/porygon_z/overworld.png_mwidth_4__mheight_4.4bpp build/assets/graphics/pokemon/porygon_z/overworld.png_mwidth_4__mheight_4.4bpp.smol
tools/compresSmol/compresSmol -w build/assets/graphics/pokemon/primarina/back.png.4bpp build/assets/graphics/pokemon/primarina/back.png.4bpp.smol
tools/compresSmol/compresSmol -w build/assets/graphics/pokemon/primarina/front.png.4bpp build/assets/graphics/pokemon/primarina/front.png.4bpp.smol
tools/compresSmol/compresSmol -w build/assets/graphics/pokemon/primarina/overworld.png_mwidth_4__mheight_4.4bpp build/assets/graphics/pokemon/primarina/overworld.png_mwidth_4__mheight_4.4bpp.smol
tools/compresSmol/compresSmol -w build/assets/graphics/pokemon/primeape/anim_front.png.4bpp build/assets/graphics/pokemon/primeape/anim_front.png.4bpp.smol
tools/compresSmol/compresSmol -w build/assets/graphics/pokemon/primeape/anim_front_gba.png.4bpp build/assets/graphics/pokemon/primeape/anim_front_gba.png.4bpp.smol
tools/compresSmol/compresSmol -w build/assets/graphics/pokemon/primeape/back.png.4bpp build/assets/graphics/pokemon/primeape/back.png.4bpp.smol
tools/compresSmol/compresSmol -w build/assets/graphics/pokemon/primeape/back_gba.png.4bpp build/assets/graphics/pokemon/primeape/back_gba.png.4bpp.smol
tools/compresSmol/compresSmol -w build/assets/graphics/pokemon/primeape/overworld.png_mwidth_4__mheight_4.4bpp build/assets/graphics/pokemon/primeape/overworld.png_mwidth_4__mheight_4.4bpp.smol
tools/compresSmol/compresSmol -w build/assets/graphics/pokemon/prinplup/anim_front.png.4bpp build/assets/graphics/pokemon/prinplup/anim_front.png.4bpp.smol
tools/compresSmol/compresSmol -w build/assets/graphics/pokemon/prinplup/back.png.4bpp build/assets/graphics/pokemon/prinplup/back.png.4bpp.smol
tools/compresSmol/compresSmol -w build/assets/graphics/pokemon/prinplup/overworld.png_mwidth_4__mheight_4.4bpp build/assets/graphics/pokemon/prinplup/overworld.png_mwidth_4__mheight_4.4bpp.smol
tools/compresSmol/compresSmol -w build/assets/graphics/pokemon/probopass/anim_front.png.4bpp build/assets/graphics/pokemon/probopass/anim_front.png.4bpp.smol
tools/compresSmol/compresSmol -w build/assets/graphics/pokemon/probopass/back.png.4bpp build/assets/graphics/pokemon/probopass/back.png.4bpp.smol
tools/compresSmol/compresSmol -w build/assets/graphics/pokemon/probopass/overworld.png_mwidth_4__mheight_4.4bpp build/assets/graphics/pokemon/probopass/overworld.png_mwidth_4__mheight_4.4bpp.smol
tools/compresSmol/compresSmol -w build/assets/graphics/pokemon/psyduck/anim_front.png.4bpp build/assets/graphics/pokemon/psyduck/anim_front.png.4bpp.smol
tools/compresSmol/compresSmol -w build/assets/graphics/pokemon/psyduck/anim_front_gba.png.4bpp build/assets/graphics/pokemon/psyduck/anim_front_gba.png.4bpp.smol
tools/compresSmol/compresSmol -w build/assets/graphics/pokemon/psyduck/back.png.4bpp build/assets/graphics/pokemon/psyduck/back.png.4bpp.smol
tools/compresSmol/compresSmol -w build/assets/graphics/pokemon/psyduck/back_gba.png.4bpp build/assets/graphics/pokemon/psyduck/back_gba.png.4bpp.smol
tools/compresSmol/compresSmol -w build/assets/graphics/pokemon/psyduck/overworld.png_mwidth_4__mheight_4.4bpp build/assets/graphics/pokemon/psyduck/overworld.png_mwidth_4__mheight_4.4bpp.smol
tools/compresSmol/compresSmol -w build/assets/graphics/pokemon/pumpkaboo/anim_front.png.4bpp build/assets/graphics/pokemon/pumpkaboo/anim_front.png.4bpp.smol
tools/compresSmol/compresSmol -w build/assets/graphics/pokemon/pumpkaboo/back.png.4bpp build/assets/graphics/pokemon/pumpkaboo/back.png.4bpp.smol
tools/compresSmol/compresSmol -w build/assets/graphics/pokemon/pumpkaboo/large/anim_front.png.4bpp build/assets/graphics/pokemon/pumpkaboo/large/anim_front.png.4bpp.smol
tools/compresSmol/compresSmol -w build/assets/graphics/pokemon/pumpkaboo/large/back.png.4bpp build/assets/graphics/pokemon/pumpkaboo/large/back.png.4bpp.smol
tools/compresSmol/compresSmol -w build/assets/graphics/pokemon/pumpkaboo/large/overworld.png_mwidth_4__mheight_4.4bpp build/assets/graphics/pokemon/pumpkaboo/large/overworld.png_mwidth_4__mheight_4.4bpp.smol
tools/compresSmol/compresSmol -w build/assets/graphics/pokemon/pumpkaboo/overworld.png_mwidth_4__mheight_4.4bpp build/assets/graphics/pokemon/pumpkaboo/overworld.png_mwidth_4__mheight_4.4bpp.smol
tools/compresSmol/compresSmol -w build/assets/graphics/pokemon/pumpkaboo/small/anim_front.png.4bpp build/assets/graphics/pokemon/pumpkaboo/small/anim_front.png.4bpp.smol
tools/compresSmol/compresSmol -w build/assets/graphics/pokemon/pumpkaboo/small/back.png.4bpp build/assets/graphics/pokemon/pumpkaboo/small/back.png.4bpp.smol
tools/compresSmol/compresSmol -w build/assets/graphics/pokemon/pumpkaboo/small/overworld.png_mwidth_4__mheight_4.4bpp build/assets/graphics/pokemon/pumpkaboo/small/overworld.png_mwidth_4__mheight_4.4bpp.smol
tools/compresSmol/compresSmol -w build/assets/graphics/pokemon/pumpkaboo/super/anim_front.png.4bpp build/assets/graphics/pokemon/pumpkaboo/super/anim_front.png.4bpp.smol
tools/compresSmol/compresSmol -w build/assets/graphics/pokemon/pumpkaboo/super/back.png.4bpp build/assets/graphics/pokemon/pumpkaboo/super/back.png.4bpp.smol
tools/compresSmol/compresSmol -w build/assets/graphics/pokemon/pumpkaboo/super/overworld.png_mwidth_4__mheight_4.4bpp build/assets/graphics/pokemon/pumpkaboo/super/overworld.png_mwidth_4__mheight_4.4bpp.smol
tools/compresSmol/compresSmol -w build/assets/graphics/pokemon/pupitar/anim_front.png.4bpp build/assets/graphics/pokemon/pupitar/anim_front.png.4bpp.smol
tools/compresSmol/compresSmol -w build/assets/graphics/pokemon/pupitar/anim_front_gba.png.4bpp build/assets/graphics/pokemon/pupitar/anim_front_gba.png.4bpp.smol
tools/compresSmol/compresSmol -w build/assets/graphics/pokemon/pupitar/back.png.4bpp build/assets/graphics/pokemon/pupitar/back.png.4bpp.smol
tools/compresSmol/compresSmol -w build/assets/graphics/pokemon/pupitar/back_gba.png.4bpp build/assets/graphics/pokemon/pupitar/back_gba.png.4bpp.smol
tools/compresSmol/compresSmol -w build/assets/graphics/pokemon/pupitar/overworld.png_mwidth_4__mheight_4.4bpp build/assets/graphics/pokemon/pupitar/overworld.png_mwidth_4__mheight_4.4bpp.smol
tools/compresSmol/compresSmol -w build/assets/graphics/pokemon/purrloin/anim_front.png.4bpp build/assets/graphics/pokemon/purrloin/anim_front.png.4bpp.smol
tools/compresSmol/compresSmol -w build/assets/graphics/pokemon/purrloin/back.png.4bpp build/assets/graphics/pokemon/purrloin/back.png.4bpp.smol
tools/compresSmol/compresSmol -w build/assets/graphics/pokemon/purrloin/overworld.png_mwidth_4__mheight_4.4bpp build/assets/graphics/pokemon/purrloin/overworld.png_mwidth_4__mheight_4.4bpp.smol
tools/compresSmol/compresSmol -w build/assets/graphics/pokemon/purugly/anim_front.png.4bpp build/assets/graphics/pokemon/purugly/anim_front.png.4bpp.smol
tools/compresSmol/compresSmol -w build/assets/graphics/pokemon/purugly/back.png.4bpp build/assets/graphics/pokemon/purugly/back.png.4bpp.smol
tools/compresSmol/compresSmol -w build/assets/graphics/pokemon/purugly/overworld.png_mwidth_4__mheight_4.4bpp build/assets/graphics/pokemon/purugly/overworld.png_mwidth_4__mheight_4.4bpp.smol
tools/compresSmol/compresSmol -w build/assets/graphics/pokemon/pyroar/anim_front.png.4bpp build/assets/graphics/pokemon/pyroar/anim_front.png.4bpp.smol
tools/compresSmol/compresSmol -w build/assets/graphics/pokemon/pyroar/anim_frontf.png.4bpp build/assets/graphics/pokemon/pyroar/anim_frontf.png.4bpp.smol
tools/compresSmol/compresSmol -w build/assets/graphics/pokemon/pyroar/back.png.4bpp build/assets/graphics/pokemon/pyroar/back.png.4bpp.smol
tools/compresSmol/compresSmol -w build/assets/graphics/pokemon/pyroar/backf.png.4bpp build/assets/graphics/pokemon/pyroar/backf.png.4bpp.smol
tools/compresSmol/compresSmol -w build/assets/graphics/pokemon/pyroar/mega/back.png.4bpp build/assets/graphics/pokemon/pyroar/mega/back.png.4bpp.smol
tools/compresSmol/compresSmol -w build/assets/graphics/pokemon/pyroar/mega/front.png.4bpp build/assets/graphics/pokemon/pyroar/mega/front.png.4bpp.smol
tools/compresSmol/compresSmol -w build/assets/graphics/pokemon/pyroar/overworld.png_mwidth_4__mheight_4.4bpp build/assets/graphics/pokemon/pyroar/overworld.png_mwidth_4__mheight_4.4bpp.smol
tools/compresSmol/compresSmol -w build/assets/graphics/pokemon/pyroar/overworldf.png_mwidth_4__mheight_4.4bpp build/assets/graphics/pokemon/pyroar/overworldf.png_mwidth_4__mheight_4.4bpp.smol
tools/compresSmol/compresSmol -w build/assets/graphics/pokemon/pyukumuku/anim_front.png.4bpp build/assets/graphics/pokemon/pyukumuku/anim_front.png.4bpp.smol
tools/compresSmol/compresSmol -w build/assets/graphics/pokemon/pyukumuku/back.png.4bpp build/assets/graphics/pokemon/pyukumuku/back.png.4bpp.smol
tools/compresSmol/compresSmol -w build/assets/graphics/pokemon/pyukumuku/overworld.png_mwidth_4__mheight_4.4bpp build/assets/graphics/pokemon/pyukumuku/overworld.png_mwidth_4__mheight_4.4bpp.smol
tools/compresSmol/compresSmol -w build/assets/graphics/pokemon/quagsire/anim_front.png.4bpp build/assets/graphics/pokemon/quagsire/anim_front.png.4bpp.smol
tools/compresSmol/compresSmol -w build/assets/graphics/pokemon/quagsire/anim_front_gba.png.4bpp build/assets/graphics/pokemon/quagsire/anim_front_gba.png.4bpp.smol
tools/compresSmol/compresSmol -w build/assets/graphics/pokemon/quagsire/anim_frontf.png.4bpp build/assets/graphics/pokemon/quagsire/anim_frontf.png.4bpp.smol
tools/compresSmol/compresSmol -w build/assets/graphics/pokemon/quagsire/back.png.4bpp build/assets/graphics/pokemon/quagsire/back.png.4bpp.smol
tools/compresSmol/compresSmol -w build/assets/graphics/pokemon/quagsire/back_gba.png.4bpp build/assets/graphics/pokemon/quagsire/back_gba.png.4bpp.smol
tools/compresSmol/compresSmol -w build/assets/graphics/pokemon/quagsire/backf.png.4bpp build/assets/graphics/pokemon/quagsire/backf.png.4bpp.smol
tools/compresSmol/compresSmol -w build/assets/graphics/pokemon/quagsire/overworld.png_mwidth_4__mheight_4.4bpp build/assets/graphics/pokemon/quagsire/overworld.png_mwidth_4__mheight_4.4bpp.smol
tools/compresSmol/compresSmol -w build/assets/graphics/pokemon/quagsire/overworldf.png_mwidth_4__mheight_4.4bpp build/assets/graphics/pokemon/quagsire/overworldf.png_mwidth_4__mheight_4.4bpp.smol
tools/compresSmol/compresSmol -w build/assets/graphics/pokemon/quaquaval/back.png.4bpp build/assets/graphics/pokemon/quaquaval/back.png.4bpp.smol
tools/compresSmol/compresSmol -w build/assets/graphics/pokemon/quaquaval/front.png.4bpp build/assets/graphics/pokemon/quaquaval/front.png.4bpp.smol
tools/compresSmol/compresSmol -w build/assets/graphics/pokemon/quaquaval/overworld.png_mwidth_4__mheight_4.4bpp build/assets/graphics/pokemon/quaquaval/overworld.png_mwidth_4__mheight_4.4bpp.smol
tools/compresSmol/compresSmol -w build/assets/graphics/pokemon/quaxly/back.png.4bpp build/assets/graphics/pokemon/quaxly/back.png.4bpp.smol
tools/compresSmol/compresSmol -w build/assets/graphics/pokemon/quaxly/front.png.4bpp build/assets/graphics/pokemon/quaxly/front.png.4bpp.smol
tools/compresSmol/compresSmol -w build/assets/graphics/pokemon/quaxly/overworld.png_mwidth_4__mheight_4.4bpp build/assets/graphics/pokemon/quaxly/overworld.png_mwidth_4__mheight_4.4bpp.smol
tools/compresSmol/compresSmol -w build/assets/graphics/pokemon/quaxwell/back.png.4bpp build/assets/graphics/pokemon/quaxwell/back.png.4bpp.smol
tools/compresSmol/compresSmol -w build/assets/graphics/pokemon/quaxwell/front.png.4bpp build/assets/graphics/pokemon/quaxwell/front.png.4bpp.smol
tools/compresSmol/compresSmol -w build/assets/graphics/pokemon/quaxwell/overworld.png_mwidth_4__mheight_4.4bpp build/assets/graphics/pokemon/quaxwell/overworld.png_mwidth_4__mheight_4.4bpp.smol
tools/compresSmol/compresSmol -w build/assets/graphics/pokemon/question_mark/circled/anim_front.png.4bpp build/assets/graphics/pokemon/question_mark/circled/anim_front.png.4bpp.smol
tools/compresSmol/compresSmol -w build/assets/graphics/pokemon/question_mark/circled/back.png.4bpp build/assets/graphics/pokemon/question_mark/circled/back.png.4bpp.smol
tools/compresSmol/compresSmol -w build/assets/graphics/pokemon/question_mark/overworld.png_mwidth_4__mheight_4.4bpp build/assets/graphics/pokemon/question_mark/overworld.png_mwidth_4__mheight_4.4bpp.smol
tools/compresSmol/compresSmol -w build/assets/graphics/pokemon/quilava/anim_front.png.4bpp build/assets/graphics/pokemon/quilava/anim_front.png.4bpp.smol
tools/compresSmol/compresSmol -w build/assets/graphics/pokemon/quilava/anim_front_gba.png.4bpp build/assets/graphics/pokemon/quilava/anim_front_gba.png.4bpp.smol
tools/compresSmol/compresSmol -w build/assets/graphics/pokemon/quilava/back.png.4bpp build/assets/graphics/pokemon/quilava/back.png.4bpp.smol
tools/compresSmol/compresSmol -w build/assets/graphics/pokemon/quilava/back_gba.png.4bpp build/assets/graphics/pokemon/quilava/back_gba.png.4bpp.smol
tools/compresSmol/compresSmol -w build/assets/graphics/pokemon/quilava/overworld.png_mwidth_4__mheight_4.4bpp build/assets/graphics/pokemon/quilava/overworld.png_mwidth_4__mheight_4.4bpp.smol
tools/compresSmol/compresSmol -w build/assets/graphics/pokemon/quilladin/anim_front.png.4bpp build/assets/graphics/pokemon/quilladin/anim_front.png.4bpp.smol
tools/compresSmol/compresSmol -w build/assets/graphics/pokemon/quilladin/back.png.4bpp build/assets/graphics/pokemon/quilladin/back.png.4bpp.smol
tools/compresSmol/compresSmol -w build/assets/graphics/pokemon/quilladin/overworld.png_mwidth_4__mheight_4.4bpp build/assets/graphics/pokemon/quilladin/overworld.png_mwidth_4__mheight_4.4bpp.smol
tools/compresSmol/compresSmol -w build/assets/graphics/pokemon/qwilfish/anim_front.png.4bpp build/assets/graphics/pokemon/qwilfish/anim_front.png.4bpp.smol
tools/compresSmol/compresSmol -w build/assets/graphics/pokemon/qwilfish/anim_front_gba.png.4bpp build/assets/graphics/pokemon/qwilfish/anim_front_gba.png.4bpp.smol
tools/compresSmol/compresSmol -w build/assets/graphics/pokemon/qwilfish/back.png.4bpp build/assets/graphics/pokemon/qwilfish/back.png.4bpp.smol
tools/compresSmol/compresSmol -w build/assets/graphics/pokemon/qwilfish/back_gba.png.4bpp build/assets/graphics/pokemon/qwilfish/back_gba.png.4bpp.smol
tools/compresSmol/compresSmol -w build/assets/graphics/pokemon/qwilfish/hisui/back.png.4bpp build/assets/graphics/pokemon/qwilfish/hisui/back.png.4bpp.smol
tools/compresSmol/compresSmol -w build/assets/graphics/pokemon/qwilfish/hisui/front.png.4bpp build/assets/graphics/pokemon/qwilfish/hisui/front.png.4bpp.smol
tools/compresSmol/compresSmol -w build/assets/graphics/pokemon/qwilfish/hisui/overworld.png_mwidth_4__mheight_4.4bpp build/assets/graphics/pokemon/qwilfish/hisui/overworld.png_mwidth_4__mheight_4.4bpp.smol
tools/compresSmol/compresSmol -w build/assets/graphics/pokemon/qwilfish/overworld.png_mwidth_4__mheight_4.4bpp build/assets/graphics/pokemon/qwilfish/overworld.png_mwidth_4__mheight_4.4bpp.smol
tools/compresSmol/compresSmol -w build/assets/graphics/pokemon/raboot/back.png.4bpp build/assets/graphics/pokemon/raboot/back.png.4bpp.smol
tools/compresSmol/compresSmol -w build/assets/graphics/pokemon/raboot/front.png.4bpp build/assets/graphics/pokemon/raboot/front.png.4bpp.smol
tools/compresSmol/compresSmol -w build/assets/graphics/pokemon/raboot/overworld.png_mwidth_4__mheight_4.4bpp build/assets/graphics/pokemon/raboot/overworld.png_mwidth_4__mheight_4.4bpp.smol
tools/compresSmol/compresSmol -w build/assets/graphics/pokemon/rabsca/back.png.4bpp build/assets/graphics/pokemon/rabsca/back.png.4bpp.smol
tools/compresSmol/compresSmol -w build/assets/graphics/pokemon/rabsca/front.png.4bpp build/assets/graphics/pokemon/rabsca/front.png.4bpp.smol
tools/compresSmol/compresSmol -w build/assets/graphics/pokemon/rabsca/overworld.png_mwidth_4__mheight_4.4bpp build/assets/graphics/pokemon/rabsca/overworld.png_mwidth_4__mheight_4.4bpp.smol
tools/compresSmol/compresSmol -w build/assets/graphics/pokemon/raging_bolt/back.png.4bpp build/assets/graphics/pokemon/raging_bolt/back.png.4bpp.smol
tools/compresSmol/compresSmol -w build/assets/graphics/pokemon/raging_bolt/front.png.4bpp build/assets/graphics/pokemon/raging_bolt/front.png.4bpp.smol
tools/compresSmol/compresSmol -w build/assets/graphics/pokemon/raging_bolt/overworld.png_mwidth_8__mheight_8.4bpp build/assets/graphics/pokemon/raging_bolt/overworld.png_mwidth_8__mheight_8.4bpp.smol
tools/compresSmol/compresSmol -w build/assets/graphics/pokemon/raichu/alola/back.png.4bpp build/assets/graphics/pokemon/raichu/alola/back.png.4bpp.smol
tools/compresSmol/compresSmol -w build/assets/graphics/pokemon/raichu/alola/front.png.4bpp build/assets/graphics/pokemon/raichu/alola/front.png.4bpp.smol
tools/compresSmol/compresSmol -w build/assets/graphics/pokemon/raichu/alola/overworld.png_mwidth_4__mheight_4.4bpp build/assets/graphics/pokemon/raichu/alola/overworld.png_mwidth_4__mheight_4.4bpp.smol
tools/compresSmol/compresSmol -w build/assets/graphics/pokemon/raichu/anim_front.png.4bpp build/assets/graphics/pokemon/raichu/anim_front.png.4bpp.smol
tools/compresSmol/compresSmol -w build/assets/graphics/pokemon/raichu/anim_front_gba.png.4bpp build/assets/graphics/pokemon/raichu/anim_front_gba.png.4bpp.smol
tools/compresSmol/compresSmol -w build/assets/graphics/pokemon/raichu/anim_frontf.png.4bpp build/assets/graphics/pokemon/raichu/anim_frontf.png.4bpp.smol
tools/compresSmol/compresSmol -w build/assets/graphics/pokemon/raichu/back.png.4bpp build/assets/graphics/pokemon/raichu/back.png.4bpp.smol
tools/compresSmol/compresSmol -w build/assets/graphics/pokemon/raichu/back_gba.png.4bpp build/assets/graphics/pokemon/raichu/back_gba.png.4bpp.smol
tools/compresSmol/compresSmol -w build/assets/graphics/pokemon/raichu/mega_x/back.png.4bpp build/assets/graphics/pokemon/raichu/mega_x/back.png.4bpp.smol
tools/compresSmol/compresSmol -w build/assets/graphics/pokemon/raichu/mega_x/front.png.4bpp build/assets/graphics/pokemon/raichu/mega_x/front.png.4bpp.smol
tools/compresSmol/compresSmol -w build/assets/graphics/pokemon/raichu/mega_y/back.png.4bpp build/assets/graphics/pokemon/raichu/mega_y/back.png.4bpp.smol
tools/compresSmol/compresSmol -w build/assets/graphics/pokemon/raichu/mega_y/front.png.4bpp build/assets/graphics/pokemon/raichu/mega_y/front.png.4bpp.smol
tools/compresSmol/compresSmol -w build/assets/graphics/pokemon/raichu/overworld.png_mwidth_4__mheight_4.4bpp build/assets/graphics/pokemon/raichu/overworld.png_mwidth_4__mheight_4.4bpp.smol
tools/compresSmol/compresSmol -w build/assets/graphics/pokemon/raichu/overworldf.png_mwidth_4__mheight_4.4bpp build/assets/graphics/pokemon/raichu/overworldf.png_mwidth_4__mheight_4.4bpp.smol
tools/compresSmol/compresSmol -w build/assets/graphics/pokemon/raikou/anim_front.png.4bpp build/assets/graphics/pokemon/raikou/anim_front.png.4bpp.smol
tools/compresSmol/compresSmol -w build/assets/graphics/pokemon/raikou/anim_front_gba.png.4bpp build/assets/graphics/pokemon/raikou/anim_front_gba.png.4bpp.smol
tools/compresSmol/compresSmol -w build/assets/graphics/pokemon/raikou/back.png.4bpp build/assets/graphics/pokemon/raikou/back.png.4bpp.smol
tools/compresSmol/compresSmol -w build/assets/graphics/pokemon/raikou/back_gba.png.4bpp build/assets/graphics/pokemon/raikou/back_gba.png.4bpp.smol
tools/compresSmol/compresSmol -w build/assets/graphics/pokemon/raikou/overworld.png_mwidth_4__mheight_4.4bpp build/assets/graphics/pokemon/raikou/overworld.png_mwidth_4__mheight_4.4bpp.smol
tools/compresSmol/compresSmol -w build/assets/graphics/pokemon/ralts/anim_front.png.4bpp build/assets/graphics/pokemon/ralts/anim_front.png.4bpp.smol
tools/compresSmol/compresSmol -w build/assets/graphics/pokemon/ralts/anim_front_gba.png.4bpp build/assets/graphics/pokemon/ralts/anim_front_gba.png.4bpp.smol
tools/compresSmol/compresSmol -w build/assets/graphics/pokemon/ralts/back.png.4bpp build/assets/graphics/pokemon/ralts/back.png.4bpp.smol
tools/compresSmol/compresSmol -w build/assets/graphics/pokemon/ralts/back_gba.png.4bpp build/assets/graphics/pokemon/ralts/back_gba.png.4bpp.smol
tools/compresSmol/compresSmol -w build/assets/graphics/pokemon/ralts/overworld.png_mwidth_4__mheight_4.4bpp build/assets/graphics/pokemon/ralts/overworld.png_mwidth_4__mheight_4.4bpp.smol
tools/compresSmol/compresSmol -w build/assets/graphics/pokemon/rampardos/anim_front.png.4bpp build/assets/graphics/pokemon/rampardos/anim_front.png.4bpp.smol
tools/compresSmol/compresSmol -w build/assets/graphics/pokemon/rampardos/back.png.4bpp build/assets/graphics/pokemon/rampardos/back.png.4bpp.smol
tools/compresSmol/compresSmol -w build/assets/graphics/pokemon/rampardos/overworld.png_mwidth_4__mheight_4.4bpp build/assets/graphics/pokemon/rampardos/overworld.png_mwidth_4__mheight_4.4bpp.smol
tools/compresSmol/compresSmol -w build/assets/graphics/pokemon/rapidash/anim_front.png.4bpp build/assets/graphics/pokemon/rapidash/anim_front.png.4bpp.smol
tools/compresSmol/compresSmol -w build/assets/graphics/pokemon/rapidash/anim_front_gba.png.4bpp build/assets/graphics/pokemon/rapidash/anim_front_gba.png.4bpp.smol
tools/compresSmol/compresSmol -w build/assets/graphics/pokemon/rapidash/back.png.4bpp build/assets/graphics/pokemon/rapidash/back.png.4bpp.smol
tools/compresSmol/compresSmol -w build/assets/graphics/pokemon/rapidash/back_gba.png.4bpp build/assets/graphics/pokemon/rapidash/back_gba.png.4bpp.smol
tools/compresSmol/compresSmol -w build/assets/graphics/pokemon/rapidash/galar/back.png.4bpp build/assets/graphics/pokemon/rapidash/galar/back.png.4bpp.smol
tools/compresSmol/compresSmol -w build/assets/graphics/pokemon/rapidash/galar/front.png.4bpp build/assets/graphics/pokemon/rapidash/galar/front.png.4bpp.smol
tools/compresSmol/compresSmol -w build/assets/graphics/pokemon/rapidash/galar/overworld.png_mwidth_4__mheight_4.4bpp build/assets/graphics/pokemon/rapidash/galar/overworld.png_mwidth_4__mheight_4.4bpp.smol
tools/compresSmol/compresSmol -w build/assets/graphics/pokemon/rapidash/overworld.png_mwidth_4__mheight_4.4bpp build/assets/graphics/pokemon/rapidash/overworld.png_mwidth_4__mheight_4.4bpp.smol
tools/compresSmol/compresSmol -w build/assets/graphics/pokemon/raticate/alola/back.png.4bpp build/assets/graphics/pokemon/raticate/alola/back.png.4bpp.smol
tools/compresSmol/compresSmol -w build/assets/graphics/pokemon/raticate/alola/front.png.4bpp build/assets/graphics/pokemon/raticate/alola/front.png.4bpp.smol
tools/compresSmol/compresSmol -w build/assets/graphics/pokemon/raticate/alola/overworld.png_mwidth_4__mheight_4.4bpp build/assets/graphics/pokemon/raticate/alola/overworld.png_mwidth_4__mheight_4.4bpp.smol
tools/compresSmol/compresSmol -w build/assets/graphics/pokemon/raticate/anim_front.png.4bpp build/assets/graphics/pokemon/raticate/anim_front.png.4bpp.smol
tools/compresSmol/compresSmol -w build/assets/graphics/pokemon/raticate/anim_front_gba.png.4bpp build/assets/graphics/pokemon/raticate/anim_front_gba.png.4bpp.smol
tools/compresSmol/compresSmol -w build/assets/graphics/pokemon/raticate/anim_frontf.png.4bpp build/assets/graphics/pokemon/raticate/anim_frontf.png.4bpp.smol
tools/compresSmol/compresSmol -w build/assets/graphics/pokemon/raticate/back.png.4bpp build/assets/graphics/pokemon/raticate/back.png.4bpp.smol
tools/compresSmol/compresSmol -w build/assets/graphics/pokemon/raticate/back_gba.png.4bpp build/assets/graphics/pokemon/raticate/back_gba.png.4bpp.smol
tools/compresSmol/compresSmol -w build/assets/graphics/pokemon/raticate/backf.png.4bpp build/assets/graphics/pokemon/raticate/backf.png.4bpp.smol
tools/compresSmol/compresSmol -w build/assets/graphics/pokemon/raticate/overworld.png_mwidth_4__mheight_4.4bpp build/assets/graphics/pokemon/raticate/overworld.png_mwidth_4__mheight_4.4bpp.smol
tools/compresSmol/compresSmol -w build/assets/graphics/pokemon/raticate/overworldf.png_mwidth_4__mheight_4.4bpp build/assets/graphics/pokemon/raticate/overworldf.png_mwidth_4__mheight_4.4bpp.smol
tools/compresSmol/compresSmol -w build/assets/graphics/pokemon/rattata/alola/back.png.4bpp build/assets/graphics/pokemon/rattata/alola/back.png.4bpp.smol
tools/compresSmol/compresSmol -w build/assets/graphics/pokemon/rattata/alola/front.png.4bpp build/assets/graphics/pokemon/rattata/alola/front.png.4bpp.smol
tools/compresSmol/compresSmol -w build/assets/graphics/pokemon/rattata/alola/overworld.png_mwidth_4__mheight_4.4bpp build/assets/graphics/pokemon/rattata/alola/overworld.png_mwidth_4__mheight_4.4bpp.smol
tools/compresSmol/compresSmol -w build/assets/graphics/pokemon/rattata/anim_front.png.4bpp build/assets/graphics/pokemon/rattata/anim_front.png.4bpp.smol
tools/compresSmol/compresSmol -w build/assets/graphics/pokemon/rattata/anim_front_gba.png.4bpp build/assets/graphics/pokemon/rattata/anim_front_gba.png.4bpp.smol
tools/compresSmol/compresSmol -w build/assets/graphics/pokemon/rattata/anim_frontf.png.4bpp build/assets/graphics/pokemon/rattata/anim_frontf.png.4bpp.smol
tools/compresSmol/compresSmol -w build/assets/graphics/pokemon/rattata/back.png.4bpp build/assets/graphics/pokemon/rattata/back.png.4bpp.smol
tools/compresSmol/compresSmol -w build/assets/graphics/pokemon/rattata/back_gba.png.4bpp build/assets/graphics/pokemon/rattata/back_gba.png.4bpp.smol
tools/compresSmol/compresSmol -w build/assets/graphics/pokemon/rattata/backf.png.4bpp build/assets/graphics/pokemon/rattata/backf.png.4bpp.smol
tools/compresSmol/compresSmol -w build/assets/graphics/pokemon/rattata/overworld.png_mwidth_4__mheight_4.4bpp build/assets/graphics/pokemon/rattata/overworld.png_mwidth_4__mheight_4.4bpp.smol
tools/compresSmol/compresSmol -w build/assets/graphics/pokemon/rattata/overworldf.png_mwidth_4__mheight_4.4bpp build/assets/graphics/pokemon/rattata/overworldf.png_mwidth_4__mheight_4.4bpp.smol
tools/compresSmol/compresSmol -w build/assets/graphics/pokemon/rayquaza/anim_front.png.4bpp build/assets/graphics/pokemon/rayquaza/anim_front.png.4bpp.smol
tools/compresSmol/compresSmol -w build/assets/graphics/pokemon/rayquaza/anim_front_gba.png.4bpp build/assets/graphics/pokemon/rayquaza/anim_front_gba.png.4bpp.smol
tools/compresSmol/compresSmol -w build/assets/graphics/pokemon/rayquaza/back.png.4bpp build/assets/graphics/pokemon/rayquaza/back.png.4bpp.smol
tools/compresSmol/compresSmol -w build/assets/graphics/pokemon/rayquaza/back_gba.png.4bpp build/assets/graphics/pokemon/rayquaza/back_gba.png.4bpp.smol
tools/compresSmol/compresSmol -w build/assets/graphics/pokemon/rayquaza/mega/back.png.4bpp build/assets/graphics/pokemon/rayquaza/mega/back.png.4bpp.smol
tools/compresSmol/compresSmol -w build/assets/graphics/pokemon/rayquaza/mega/front.png.4bpp build/assets/graphics/pokemon/rayquaza/mega/front.png.4bpp.smol
tools/compresSmol/compresSmol -w build/assets/graphics/pokemon/rayquaza/mega/overworld.png_mwidth_8__mheight_8.4bpp build/assets/graphics/pokemon/rayquaza/mega/overworld.png_mwidth_8__mheight_8.4bpp.smol
tools/compresSmol/compresSmol -w build/assets/graphics/pokemon/rayquaza/overworld.png_mwidth_8__mheight_8.4bpp build/assets/graphics/pokemon/rayquaza/overworld.png_mwidth_8__mheight_8.4bpp.smol
tools/compresSmol/compresSmol -w build/assets/graphics/pokemon/regice/anim_front.png.4bpp build/assets/graphics/pokemon/regice/anim_front.png.4bpp.smol
tools/compresSmol/compresSmol -w build/assets/graphics/pokemon/regice/anim_front_gba.png.4bpp build/assets/graphics/pokemon/regice/anim_front_gba.png.4bpp.smol
tools/compresSmol/compresSmol -w build/assets/graphics/pokemon/regice/back.png.4bpp build/assets/graphics/pokemon/regice/back.png.4bpp.smol
tools/compresSmol/compresSmol -w build/assets/graphics/pokemon/regice/back_gba.png.4bpp build/assets/graphics/pokemon/regice/back_gba.png.4bpp.smol
tools/compresSmol/compresSmol -w build/assets/graphics/pokemon/regice/overworld.png_mwidth_4__mheight_4.4bpp build/assets/graphics/pokemon/regice/overworld.png_mwidth_4__mheight_4.4bpp.smol
tools/compresSmol/compresSmol -w build/assets/graphics/pokemon/regidrago/back.png.4bpp build/assets/graphics/pokemon/regidrago/back.png.4bpp.smol
tools/compresSmol/compresSmol -w build/assets/graphics/pokemon/regidrago/front.png.4bpp build/assets/graphics/pokemon/regidrago/front.png.4bpp.smol
tools/compresSmol/compresSmol -w build/assets/graphics/pokemon/regidrago/overworld.png_mwidth_4__mheight_4.4bpp build/assets/graphics/pokemon/regidrago/overworld.png_mwidth_4__mheight_4.4bpp.smol
tools/compresSmol/compresSmol -w build/assets/graphics/pokemon/regieleki/back.png.4bpp build/assets/graphics/pokemon/regieleki/back.png.4bpp.smol
tools/compresSmol/compresSmol -w build/assets/graphics/pokemon/regieleki/front.png.4bpp build/assets/graphics/pokemon/regieleki/front.png.4bpp.smol
tools/compresSmol/compresSmol -w build/assets/graphics/pokemon/regieleki/overworld.png_mwidth_4__mheight_4.4bpp build/assets/graphics/pokemon/regieleki/overworld.png_mwidth_4__mheight_4.4bpp.smol
tools/compresSmol/compresSmol -w build/assets/graphics/pokemon/regigigas/anim_front.png.4bpp build/assets/graphics/pokemon/regigigas/anim_front.png.4bpp.smol
tools/compresSmol/compresSmol -w build/assets/graphics/pokemon/regigigas/back.png.4bpp build/assets/graphics/pokemon/regigigas/back.png.4bpp.smol
tools/compresSmol/compresSmol -w build/assets/graphics/pokemon/regigigas/overworld.png_mwidth_8__mheight_8.4bpp build/assets/graphics/pokemon/regigigas/overworld.png_mwidth_8__mheight_8.4bpp.smol
tools/compresSmol/compresSmol -w build/assets/graphics/pokemon/regirock/anim_front.png.4bpp build/assets/graphics/pokemon/regirock/anim_front.png.4bpp.smol
tools/compresSmol/compresSmol -w build/assets/graphics/pokemon/regirock/anim_front_gba.png.4bpp build/assets/graphics/pokemon/regirock/anim_front_gba.png.4bpp.smol
tools/compresSmol/compresSmol -w build/assets/graphics/pokemon/regirock/back.png.4bpp build/assets/graphics/pokemon/regirock/back.png.4bpp.smol
tools/compresSmol/compresSmol -w build/assets/graphics/pokemon/regirock/back_gba.png.4bpp build/assets/graphics/pokemon/regirock/back_gba.png.4bpp.smol
tools/compresSmol/compresSmol -w build/assets/graphics/pokemon/regirock/overworld.png_mwidth_4__mheight_4.4bpp build/assets/graphics/pokemon/regirock/overworld.png_mwidth_4__mheight_4.4bpp.smol
tools/compresSmol/compresSmol -w build/assets/graphics/pokemon/registeel/anim_front.png.4bpp build/assets/graphics/pokemon/registeel/anim_front.png.4bpp.smol
tools/compresSmol/compresSmol -w build/assets/graphics/pokemon/registeel/anim_front_gba.png.4bpp build/assets/graphics/pokemon/registeel/anim_front_gba.png.4bpp.smol
tools/compresSmol/compresSmol -w build/assets/graphics/pokemon/registeel/back.png.4bpp build/assets/graphics/pokemon/registeel/back.png.4bpp.smol
tools/compresSmol/compresSmol -w build/assets/graphics/pokemon/registeel/back_gba.png.4bpp build/assets/graphics/pokemon/registeel/back_gba.png.4bpp.smol
tools/compresSmol/compresSmol -w build/assets/graphics/pokemon/registeel/overworld.png_mwidth_4__mheight_4.4bpp build/assets/graphics/pokemon/registeel/overworld.png_mwidth_4__mheight_4.4bpp.smol
tools/compresSmol/compresSmol -w build/assets/graphics/pokemon/relicanth/anim_front.png.4bpp build/assets/graphics/pokemon/relicanth/anim_front.png.4bpp.smol
tools/compresSmol/compresSmol -w build/assets/graphics/pokemon/relicanth/anim_front_gba.png.4bpp build/assets/graphics/pokemon/relicanth/anim_front_gba.png.4bpp.smol
tools/compresSmol/compresSmol -w build/assets/graphics/pokemon/relicanth/anim_frontf.png.4bpp build/assets/graphics/pokemon/relicanth/anim_frontf.png.4bpp.smol
tools/compresSmol/compresSmol -w build/assets/graphics/pokemon/relicanth/back.png.4bpp build/assets/graphics/pokemon/relicanth/back.png.4bpp.smol
tools/compresSmol/compresSmol -w build/assets/graphics/pokemon/relicanth/back_gba.png.4bpp build/assets/graphics/pokemon/relicanth/back_gba.png.4bpp.smol
tools/compresSmol/compresSmol -w build/assets/graphics/pokemon/relicanth/backf.png.4bpp build/assets/graphics/pokemon/relicanth/backf.png.4bpp.smol
tools/compresSmol/compresSmol -w build/assets/graphics/pokemon/relicanth/overworld.png_mwidth_4__mheight_4.4bpp build/assets/graphics/pokemon/relicanth/overworld.png_mwidth_4__mheight_4.4bpp.smol
tools/compresSmol/compresSmol -w build/assets/graphics/pokemon/relicanth/overworldf.png_mwidth_4__mheight_4.4bpp build/assets/graphics/pokemon/relicanth/overworldf.png_mwidth_4__mheight_4.4bpp.smol
tools/compresSmol/compresSmol -w build/assets/graphics/pokemon/rellor/back.png.4bpp build/assets/graphics/pokemon/rellor/back.png.4bpp.smol
tools/compresSmol/compresSmol -w build/assets/graphics/pokemon/rellor/front.png.4bpp build/assets/graphics/pokemon/rellor/front.png.4bpp.smol
tools/compresSmol/compresSmol -w build/assets/graphics/pokemon/rellor/overworld.png_mwidth_4__mheight_4.4bpp build/assets/graphics/pokemon/rellor/overworld.png_mwidth_4__mheight_4.4bpp.smol
tools/compresSmol/compresSmol -w build/assets/graphics/pokemon/remoraid/anim_front.png.4bpp build/assets/graphics/pokemon/remoraid/anim_front.png.4bpp.smol
tools/compresSmol/compresSmol -w build/assets/graphics/pokemon/remoraid/anim_front_gba.png.4bpp build/assets/graphics/pokemon/remoraid/anim_front_gba.png.4bpp.smol
tools/compresSmol/compresSmol -w build/assets/graphics/pokemon/remoraid/back.png.4bpp build/assets/graphics/pokemon/remoraid/back.png.4bpp.smol
tools/compresSmol/compresSmol -w build/assets/graphics/pokemon/remoraid/back_gba.png.4bpp build/assets/graphics/pokemon/remoraid/back_gba.png.4bpp.smol
tools/compresSmol/compresSmol -w build/assets/graphics/pokemon/remoraid/overworld.png_mwidth_4__mheight_4.4bpp build/assets/graphics/pokemon/remoraid/overworld.png_mwidth_4__mheight_4.4bpp.smol
tools/compresSmol/compresSmol -w build/assets/graphics/pokemon/reshiram/anim_front.png.4bpp build/assets/graphics/pokemon/reshiram/anim_front.png.4bpp.smol
tools/compresSmol/compresSmol -w build/assets/graphics/pokemon/reshiram/back.png.4bpp build/assets/graphics/pokemon/reshiram/back.png.4bpp.smol
tools/compresSmol/compresSmol -w build/assets/graphics/pokemon/reshiram/overworld.png_mwidth_8__mheight_8.4bpp build/assets/graphics/pokemon/reshiram/overworld.png_mwidth_8__mheight_8.4bpp.smol
tools/compresSmol/compresSmol -w build/assets/graphics/pokemon/reuniclus/anim_front.png.4bpp build/assets/graphics/pokemon/reuniclus/anim_front.png.4bpp.smol
tools/compresSmol/compresSmol -w build/assets/graphics/pokemon/reuniclus/back.png.4bpp build/assets/graphics/pokemon/reuniclus/back.png.4bpp.smol
tools/compresSmol/compresSmol -w build/assets/graphics/pokemon/reuniclus/overworld.png_mwidth_4__mheight_4.4bpp build/assets/graphics/pokemon/reuniclus/overworld.png_mwidth_4__mheight_4.4bpp.smol
tools/compresSmol/compresSmol -w build/assets/graphics/pokemon/revavroom/back.png.4bpp build/assets/graphics/pokemon/revavroom/back.png.4bpp.smol
tools/compresSmol/compresSmol -w build/assets/graphics/pokemon/revavroom/front.png.4bpp build/assets/graphics/pokemon/revavroom/front.png.4bpp.smol
tools/compresSmol/compresSmol -w build/assets/graphics/pokemon/revavroom/overworld.png_mwidth_4__mheight_4.4bpp build/assets/graphics/pokemon/revavroom/overworld.png_mwidth_4__mheight_4.4bpp.smol
tools/compresSmol/compresSmol -w build/assets/graphics/pokemon/rhydon/anim_front.png.4bpp build/assets/graphics/pokemon/rhydon/anim_front.png.4bpp.smol
tools/compresSmol/compresSmol -w build/assets/graphics/pokemon/rhydon/anim_front_gba.png.4bpp build/assets/graphics/pokemon/rhydon/anim_front_gba.png.4bpp.smol
tools/compresSmol/compresSmol -w build/assets/graphics/pokemon/rhydon/anim_frontf.png.4bpp build/assets/graphics/pokemon/rhydon/anim_frontf.png.4bpp.smol
tools/compresSmol/compresSmol -w build/assets/graphics/pokemon/rhydon/back.png.4bpp build/assets/graphics/pokemon/rhydon/back.png.4bpp.smol
tools/compresSmol/compresSmol -w build/assets/graphics/pokemon/rhydon/back_gba.png.4bpp build/assets/graphics/pokemon/rhydon/back_gba.png.4bpp.smol
tools/compresSmol/compresSmol -w build/assets/graphics/pokemon/rhydon/backf.png.4bpp build/assets/graphics/pokemon/rhydon/backf.png.4bpp.smol
tools/compresSmol/compresSmol -w build/assets/graphics/pokemon/rhydon/overworld.png_mwidth_4__mheight_4.4bpp build/assets/graphics/pokemon/rhydon/overworld.png_mwidth_4__mheight_4.4bpp.smol
tools/compresSmol/compresSmol -w build/assets/graphics/pokemon/rhydon/overworldf.png_mwidth_4__mheight_4.4bpp build/assets/graphics/pokemon/rhydon/overworldf.png_mwidth_4__mheight_4.4bpp.smol
tools/compresSmol/compresSmol -w build/assets/graphics/pokemon/rhyhorn/anim_front.png.4bpp build/assets/graphics/pokemon/rhyhorn/anim_front.png.4bpp.smol
tools/compresSmol/compresSmol -w build/assets/graphics/pokemon/rhyhorn/anim_front_gba.png.4bpp build/assets/graphics/pokemon/rhyhorn/anim_front_gba.png.4bpp.smol
tools/compresSmol/compresSmol -w build/assets/graphics/pokemon/rhyhorn/anim_frontf.png.4bpp build/assets/graphics/pokemon/rhyhorn/anim_frontf.png.4bpp.smol
tools/compresSmol/compresSmol -w build/assets/graphics/pokemon/rhyhorn/back.png.4bpp build/assets/graphics/pokemon/rhyhorn/back.png.4bpp.smol
tools/compresSmol/compresSmol -w build/assets/graphics/pokemon/rhyhorn/back_gba.png.4bpp build/assets/graphics/pokemon/rhyhorn/back_gba.png.4bpp.smol
tools/compresSmol/compresSmol -w build/assets/graphics/pokemon/rhyhorn/backf.png.4bpp build/assets/graphics/pokemon/rhyhorn/backf.png.4bpp.smol
tools/compresSmol/compresSmol -w build/assets/graphics/pokemon/rhyhorn/overworld.png_mwidth_4__mheight_4.4bpp build/assets/graphics/pokemon/rhyhorn/overworld.png_mwidth_4__mheight_4.4bpp.smol
tools/compresSmol/compresSmol -w build/assets/graphics/pokemon/rhyhorn/overworldf.png_mwidth_4__mheight_4.4bpp build/assets/graphics/pokemon/rhyhorn/overworldf.png_mwidth_4__mheight_4.4bpp.smol
tools/compresSmol/compresSmol -w build/assets/graphics/pokemon/rhyperior/anim_front.png.4bpp build/assets/graphics/pokemon/rhyperior/anim_front.png.4bpp.smol
tools/compresSmol/compresSmol -w build/assets/graphics/pokemon/rhyperior/anim_frontf.png.4bpp build/assets/graphics/pokemon/rhyperior/anim_frontf.png.4bpp.smol
tools/compresSmol/compresSmol -w build/assets/graphics/pokemon/rhyperior/back.png.4bpp build/assets/graphics/pokemon/rhyperior/back.png.4bpp.smol
tools/compresSmol/compresSmol -w build/assets/graphics/pokemon/rhyperior/backf.png.4bpp build/assets/graphics/pokemon/rhyperior/backf.png.4bpp.smol
tools/compresSmol/compresSmol -w build/assets/graphics/pokemon/rhyperior/overworld.png_mwidth_4__mheight_4.4bpp build/assets/graphics/pokemon/rhyperior/overworld.png_mwidth_4__mheight_4.4bpp.smol
tools/compresSmol/compresSmol -w build/assets/graphics/pokemon/rhyperior/overworldf.png_mwidth_4__mheight_4.4bpp build/assets/graphics/pokemon/rhyperior/overworldf.png_mwidth_4__mheight_4.4bpp.smol
tools/compresSmol/compresSmol -w build/assets/graphics/pokemon/ribombee/anim_front.png.4bpp build/assets/graphics/pokemon/ribombee/anim_front.png.4bpp.smol
tools/compresSmol/compresSmol -w build/assets/graphics/pokemon/ribombee/back.png.4bpp build/assets/graphics/pokemon/ribombee/back.png.4bpp.smol
tools/compresSmol/compresSmol -w build/assets/graphics/pokemon/ribombee/overworld.png_mwidth_4__mheight_4.4bpp build/assets/graphics/pokemon/ribombee/overworld.png_mwidth_4__mheight_4.4bpp.smol
tools/compresSmol/compresSmol -w build/assets/graphics/pokemon/rillaboom/back.png.4bpp build/assets/graphics/pokemon/rillaboom/back.png.4bpp.smol
tools/compresSmol/compresSmol -w build/assets/graphics/pokemon/rillaboom/front.png.4bpp build/assets/graphics/pokemon/rillaboom/front.png.4bpp.smol
tools/compresSmol/compresSmol -w build/assets/graphics/pokemon/rillaboom/gmax/back.png.4bpp build/assets/graphics/pokemon/rillaboom/gmax/back.png.4bpp.smol
tools/compresSmol/compresSmol -w build/assets/graphics/pokemon/rillaboom/gmax/front.png.4bpp build/assets/graphics/pokemon/rillaboom/gmax/front.png.4bpp.smol
tools/compresSmol/compresSmol -w build/assets/graphics/pokemon/rillaboom/overworld.png_mwidth_4__mheight_4.4bpp build/assets/graphics/pokemon/rillaboom/overworld.png_mwidth_4__mheight_4.4bpp.smol
tools/compresSmol/compresSmol -w build/assets/graphics/pokemon/riolu/anim_front.png.4bpp build/assets/graphics/pokemon/riolu/anim_front.png.4bpp.smol
tools/compresSmol/compresSmol -w build/assets/graphics/pokemon/riolu/back.png.4bpp build/assets/graphics/pokemon/riolu/back.png.4bpp.smol
tools/compresSmol/compresSmol -w build/assets/graphics/pokemon/riolu/overworld.png_mwidth_4__mheight_4.4bpp build/assets/graphics/pokemon/riolu/overworld.png_mwidth_4__mheight_4.4bpp.smol
tools/compresSmol/compresSmol -w build/assets/graphics/pokemon/roaring_moon/back.png.4bpp build/assets/graphics/pokemon/roaring_moon/back.png.4bpp.smol
tools/compresSmol/compresSmol -w build/assets/graphics/pokemon/roaring_moon/front.png.4bpp build/assets/graphics/pokemon/roaring_moon/front.png.4bpp.smol
tools/compresSmol/compresSmol -w build/assets/graphics/pokemon/roaring_moon/overworld.png_mwidth_4__mheight_4.4bpp build/assets/graphics/pokemon/roaring_moon/overworld.png_mwidth_4__mheight_4.4bpp.smol
tools/compresSmol/compresSmol -w build/assets/graphics/pokemon/rockruff/anim_front.png.4bpp build/assets/graphics/pokemon/rockruff/anim_front.png.4bpp.smol
tools/compresSmol/compresSmol -w build/assets/graphics/pokemon/rockruff/back.png.4bpp build/assets/graphics/pokemon/rockruff/back.png.4bpp.smol
tools/compresSmol/compresSmol -w build/assets/graphics/pokemon/rockruff/overworld.png_mwidth_4__mheight_4.4bpp build/assets/graphics/pokemon/rockruff/overworld.png_mwidth_4__mheight_4.4bpp.smol
tools/compresSmol/compresSmol -w build/assets/graphics/pokemon/roggenrola/anim_front.png.4bpp build/assets/graphics/pokemon/roggenrola/anim_front.png.4bpp.smol
tools/compresSmol/compresSmol -w build/assets/graphics/pokemon/roggenrola/back.png.4bpp build/assets/graphics/pokemon/roggenrola/back.png.4bpp.smol
tools/compresSmol/compresSmol -w build/assets/graphics/pokemon/roggenrola/overworld.png_mwidth_4__mheight_4.4bpp build/assets/graphics/pokemon/roggenrola/overworld.png_mwidth_4__mheight_4.4bpp.smol
tools/compresSmol/compresSmol -w build/assets/graphics/pokemon/rolycoly/anim_front.png.4bpp build/assets/graphics/pokemon/rolycoly/anim_front.png.4bpp.smol
tools/compresSmol/compresSmol -w build/assets/graphics/pokemon/rolycoly/back.png.4bpp build/assets/graphics/pokemon/rolycoly/back.png.4bpp.smol
tools/compresSmol/compresSmol -w build/assets/graphics/pokemon/rolycoly/overworld.png_mwidth_4__mheight_4.4bpp build/assets/graphics/pokemon/rolycoly/overworld.png_mwidth_4__mheight_4.4bpp.smol
tools/compresSmol/compresSmol -w build/assets/graphics/pokemon/rookidee/anim_front.png.4bpp build/assets/graphics/pokemon/rookidee/anim_front.png.4bpp.smol
tools/compresSmol/compresSmol -w build/assets/graphics/pokemon/rookidee/back.png.4bpp build/assets/graphics/pokemon/rookidee/back.png.4bpp.smol
tools/compresSmol/compresSmol -w build/assets/graphics/pokemon/rookidee/overworld.png_mwidth_4__mheight_4.4bpp build/assets/graphics/pokemon/rookidee/overworld.png_mwidth_4__mheight_4.4bpp.smol
tools/compresSmol/compresSmol -w build/assets/graphics/pokemon/roselia/anim_front.png.4bpp build/assets/graphics/pokemon/roselia/anim_front.png.4bpp.smol
tools/compresSmol/compresSmol -w build/assets/graphics/pokemon/roselia/anim_front_gba.png.4bpp build/assets/graphics/pokemon/roselia/anim_front_gba.png.4bpp.smol
tools/compresSmol/compresSmol -w build/assets/graphics/pokemon/roselia/anim_frontf.png.4bpp build/assets/graphics/pokemon/roselia/anim_frontf.png.4bpp.smol
tools/compresSmol/compresSmol -w build/assets/graphics/pokemon/roselia/back.png.4bpp build/assets/graphics/pokemon/roselia/back.png.4bpp.smol
tools/compresSmol/compresSmol -w build/assets/graphics/pokemon/roselia/back_gba.png.4bpp build/assets/graphics/pokemon/roselia/back_gba.png.4bpp.smol
tools/compresSmol/compresSmol -w build/assets/graphics/pokemon/roselia/backf.png.4bpp build/assets/graphics/pokemon/roselia/backf.png.4bpp.smol
tools/compresSmol/compresSmol -w build/assets/graphics/pokemon/roselia/overworld.png_mwidth_4__mheight_4.4bpp build/assets/graphics/pokemon/roselia/overworld.png_mwidth_4__mheight_4.4bpp.smol
tools/compresSmol/compresSmol -w build/assets/graphics/pokemon/roselia/overworldf.png_mwidth_4__mheight_4.4bpp build/assets/graphics/pokemon/roselia/overworldf.png_mwidth_4__mheight_4.4bpp.smol
tools/compresSmol/compresSmol -w build/assets/graphics/pokemon/roserade/anim_front.png.4bpp build/assets/graphics/pokemon/roserade/anim_front.png.4bpp.smol
tools/compresSmol/compresSmol -w build/assets/graphics/pokemon/roserade/anim_frontf.png.4bpp build/assets/graphics/pokemon/roserade/anim_frontf.png.4bpp.smol
tools/compresSmol/compresSmol -w build/assets/graphics/pokemon/roserade/back.png.4bpp build/assets/graphics/pokemon/roserade/back.png.4bpp.smol
tools/compresSmol/compresSmol -w build/assets/graphics/pokemon/roserade/backf.png.4bpp build/assets/graphics/pokemon/roserade/backf.png.4bpp.smol
tools/compresSmol/compresSmol -w build/assets/graphics/pokemon/roserade/overworld.png_mwidth_4__mheight_4.4bpp build/assets/graphics/pokemon/roserade/overworld.png_mwidth_4__mheight_4.4bpp.smol
tools/compresSmol/compresSmol -w build/assets/graphics/pokemon/roserade/overworldf.png_mwidth_4__mheight_4.4bpp build/assets/graphics/pokemon/roserade/overworldf.png_mwidth_4__mheight_4.4bpp.smol
tools/compresSmol/compresSmol -w build/assets/graphics/pokemon/rotom/anim_front.png.4bpp build/assets/graphics/pokemon/rotom/anim_front.png.4bpp.smol
tools/compresSmol/compresSmol -w build/assets/graphics/pokemon/rotom/back.png.4bpp build/assets/graphics/pokemon/rotom/back.png.4bpp.smol
tools/compresSmol/compresSmol -w build/assets/graphics/pokemon/rotom/fan/anim_front.png.4bpp build/assets/graphics/pokemon/rotom/fan/anim_front.png.4bpp.smol
tools/compresSmol/compresSmol -w build/assets/graphics/pokemon/rotom/fan/back.png.4bpp build/assets/graphics/pokemon/rotom/fan/back.png.4bpp.smol
tools/compresSmol/compresSmol -w build/assets/graphics/pokemon/rotom/fan/overworld.png_mwidth_4__mheight_4.4bpp build/assets/graphics/pokemon/rotom/fan/overworld.png_mwidth_4__mheight_4.4bpp.smol
tools/compresSmol/compresSmol -w build/assets/graphics/pokemon/rotom/frost/anim_front.png.4bpp build/assets/graphics/pokemon/rotom/frost/anim_front.png.4bpp.smol
tools/compresSmol/compresSmol -w build/assets/graphics/pokemon/rotom/frost/back.png.4bpp build/assets/graphics/pokemon/rotom/frost/back.png.4bpp.smol
tools/compresSmol/compresSmol -w build/assets/graphics/pokemon/rotom/frost/overworld.png_mwidth_4__mheight_4.4bpp build/assets/graphics/pokemon/rotom/frost/overworld.png_mwidth_4__mheight_4.4bpp.smol
tools/compresSmol/compresSmol -w build/assets/graphics/pokemon/rotom/heat/anim_front.png.4bpp build/assets/graphics/pokemon/rotom/heat/anim_front.png.4bpp.smol
tools/compresSmol/compresSmol -w build/assets/graphics/pokemon/rotom/heat/back.png.4bpp build/assets/graphics/pokemon/rotom/heat/back.png.4bpp.smol
tools/compresSmol/compresSmol -w build/assets/graphics/pokemon/rotom/heat/overworld.png_mwidth_4__mheight_4.4bpp build/assets/graphics/pokemon/rotom/heat/overworld.png_mwidth_4__mheight_4.4bpp.smol
tools/compresSmol/compresSmol -w build/assets/graphics/pokemon/rotom/mow/anim_front.png.4bpp build/assets/graphics/pokemon/rotom/mow/anim_front.png.4bpp.smol
tools/compresSmol/compresSmol -w build/assets/graphics/pokemon/rotom/mow/back.png.4bpp build/assets/graphics/pokemon/rotom/mow/back.png.4bpp.smol
tools/compresSmol/compresSmol -w build/assets/graphics/pokemon/rotom/mow/overworld.png_mwidth_4__mheight_4.4bpp build/assets/graphics/pokemon/rotom/mow/overworld.png_mwidth_4__mheight_4.4bpp.smol
tools/compresSmol/compresSmol -w build/assets/graphics/pokemon/rotom/overworld.png_mwidth_4__mheight_4.4bpp build/assets/graphics/pokemon/rotom/overworld.png_mwidth_4__mheight_4.4bpp.smol
tools/compresSmol/compresSmol -w build/assets/graphics/pokemon/rotom/wash/anim_front.png.4bpp build/assets/graphics/pokemon/rotom/wash/anim_front.png.4bpp.smol
tools/compresSmol/compresSmol -w build/assets/graphics/pokemon/rotom/wash/back.png.4bpp build/assets/graphics/pokemon/rotom/wash/back.png.4bpp.smol
tools/compresSmol/compresSmol -w build/assets/graphics/pokemon/rotom/wash/overworld.png_mwidth_4__mheight_4.4bpp build/assets/graphics/pokemon/rotom/wash/overworld.png_mwidth_4__mheight_4.4bpp.smol
tools/compresSmol/compresSmol -w build/assets/graphics/pokemon/rowlet/anim_front.png.4bpp build/assets/graphics/pokemon/rowlet/anim_front.png.4bpp.smol
tools/compresSmol/compresSmol -w build/assets/graphics/pokemon/rowlet/back.png.4bpp build/assets/graphics/pokemon/rowlet/back.png.4bpp.smol
tools/compresSmol/compresSmol -w build/assets/graphics/pokemon/rowlet/overworld.png_mwidth_4__mheight_4.4bpp build/assets/graphics/pokemon/rowlet/overworld.png_mwidth_4__mheight_4.4bpp.smol
tools/compresSmol/compresSmol -w build/assets/graphics/pokemon/rufflet/anim_front.png.4bpp build/assets/graphics/pokemon/rufflet/anim_front.png.4bpp.smol
tools/compresSmol/compresSmol -w build/assets/graphics/pokemon/rufflet/back.png.4bpp build/assets/graphics/pokemon/rufflet/back.png.4bpp.smol
tools/compresSmol/compresSmol -w build/assets/graphics/pokemon/rufflet/overworld.png_mwidth_4__mheight_4.4bpp build/assets/graphics/pokemon/rufflet/overworld.png_mwidth_4__mheight_4.4bpp.smol
tools/compresSmol/compresSmol -w build/assets/graphics/pokemon/runerigus/back.png.4bpp build/assets/graphics/pokemon/runerigus/back.png.4bpp.smol
tools/compresSmol/compresSmol -w build/assets/graphics/pokemon/runerigus/front.png.4bpp build/assets/graphics/pokemon/runerigus/front.png.4bpp.smol
tools/compresSmol/compresSmol -w build/assets/graphics/pokemon/runerigus/overworld.png_mwidth_4__mheight_4.4bpp build/assets/graphics/pokemon/runerigus/overworld.png_mwidth_4__mheight_4.4bpp.smol
tools/compresSmol/compresSmol -w build/assets/graphics/pokemon/sableye/anim_front.png.4bpp build/assets/graphics/pokemon/sableye/anim_front.png.4bpp.smol
tools/compresSmol/compresSmol -w build/assets/graphics/pokemon/sableye/anim_front_gba.png.4bpp build/assets/graphics/pokemon/sableye/anim_front_gba.png.4bpp.smol
tools/compresSmol/compresSmol -w build/assets/graphics/pokemon/sableye/back.png.4bpp build/assets/graphics/pokemon/sableye/back.png.4bpp.smol
tools/compresSmol/compresSmol -w build/assets/graphics/pokemon/sableye/back_gba.png.4bpp build/assets/graphics/pokemon/sableye/back_gba.png.4bpp.smol
tools/compresSmol/compresSmol -w build/assets/graphics/pokemon/sableye/mega/back.png.4bpp build/assets/graphics/pokemon/sableye/mega/back.png.4bpp.smol
tools/compresSmol/compresSmol -w build/assets/graphics/pokemon/sableye/mega/front.png.4bpp build/assets/graphics/pokemon/sableye/mega/front.png.4bpp.smol
tools/compresSmol/compresSmol -w build/assets/graphics/pokemon/sableye/mega/overworld.png_mwidth_4__mheight_4.4bpp build/assets/graphics/pokemon/sableye/mega/overworld.png_mwidth_4__mheight_4.4bpp.smol
tools/compresSmol/compresSmol -w build/assets/graphics/pokemon/sableye/overworld.png_mwidth_4__mheight_4.4bpp build/assets/graphics/pokemon/sableye/overworld.png_mwidth_4__mheight_4.4bpp.smol
tools/compresSmol/compresSmol -w build/assets/graphics/pokemon/salamence/anim_front.png.4bpp build/assets/graphics/pokemon/salamence/anim_front.png.4bpp.smol
tools/compresSmol/compresSmol -w build/assets/graphics/pokemon/salamence/anim_front_gba.png.4bpp build/assets/graphics/pokemon/salamence/anim_front_gba.png.4bpp.smol
tools/compresSmol/compresSmol -w build/assets/graphics/pokemon/salamence/back.png.4bpp build/assets/graphics/pokemon/salamence/back.png.4bpp.smol
tools/compresSmol/compresSmol -w build/assets/graphics/pokemon/salamence/back_gba.png.4bpp build/assets/graphics/pokemon/salamence/back_gba.png.4bpp.smol
tools/compresSmol/compresSmol -w build/assets/graphics/pokemon/salamence/mega/back.png.4bpp build/assets/graphics/pokemon/salamence/mega/back.png.4bpp.smol
tools/compresSmol/compresSmol -w build/assets/graphics/pokemon/salamence/mega/front.png.4bpp build/assets/graphics/pokemon/salamence/mega/front.png.4bpp.smol
tools/compresSmol/compresSmol -w build/assets/graphics/pokemon/salamence/mega/overworld.png_mwidth_4__mheight_4.4bpp build/assets/graphics/pokemon/salamence/mega/overworld.png_mwidth_4__mheight_4.4bpp.smol
tools/compresSmol/compresSmol -w build/assets/graphics/pokemon/salamence/overworld.png_mwidth_4__mheight_4.4bpp build/assets/graphics/pokemon/salamence/overworld.png_mwidth_4__mheight_4.4bpp.smol
tools/compresSmol/compresSmol -w build/assets/graphics/pokemon/salandit/anim_front.png.4bpp build/assets/graphics/pokemon/salandit/anim_front.png.4bpp.smol
tools/compresSmol/compresSmol -w build/assets/graphics/pokemon/salandit/back.png.4bpp build/assets/graphics/pokemon/salandit/back.png.4bpp.smol
tools/compresSmol/compresSmol -w build/assets/graphics/pokemon/salandit/overworld.png_mwidth_4__mheight_4.4bpp build/assets/graphics/pokemon/salandit/overworld.png_mwidth_4__mheight_4.4bpp.smol
tools/compresSmol/compresSmol -w build/assets/graphics/pokemon/salazzle/anim_front.png.4bpp build/assets/graphics/pokemon/salazzle/anim_front.png.4bpp.smol
tools/compresSmol/compresSmol -w build/assets/graphics/pokemon/salazzle/back.png.4bpp build/assets/graphics/pokemon/salazzle/back.png.4bpp.smol
tools/compresSmol/compresSmol -w build/assets/graphics/pokemon/salazzle/overworld.png_mwidth_4__mheight_4.4bpp build/assets/graphics/pokemon/salazzle/overworld.png_mwidth_4__mheight_4.4bpp.smol
tools/compresSmol/compresSmol -w build/assets/graphics/pokemon/samurott/anim_front.png.4bpp build/assets/graphics/pokemon/samurott/anim_front.png.4bpp.smol
tools/compresSmol/compresSmol -w build/assets/graphics/pokemon/samurott/back.png.4bpp build/assets/graphics/pokemon/samurott/back.png.4bpp.smol
tools/compresSmol/compresSmol -w build/assets/graphics/pokemon/samurott/hisui/back.png.4bpp build/assets/graphics/pokemon/samurott/hisui/back.png.4bpp.smol
tools/compresSmol/compresSmol -w build/assets/graphics/pokemon/samurott/hisui/front.png.4bpp build/assets/graphics/pokemon/samurott/hisui/front.png.4bpp.smol
tools/compresSmol/compresSmol -w build/assets/graphics/pokemon/samurott/hisui/overworld.png_mwidth_4__mheight_4.4bpp build/assets/graphics/pokemon/samurott/hisui/overworld.png_mwidth_4__mheight_4.4bpp.smol
tools/compresSmol/compresSmol -w build/assets/graphics/pokemon/samurott/overworld.png_mwidth_4__mheight_4.4bpp build/assets/graphics/pokemon/samurott/overworld.png_mwidth_4__mheight_4.4bpp.smol
tools/compresSmol/compresSmol -w build/assets/graphics/pokemon/sandaconda/back.png.4bpp build/assets/graphics/pokemon/sandaconda/back.png.4bpp.smol
tools/compresSmol/compresSmol -w build/assets/graphics/pokemon/sandaconda/front.png.4bpp build/assets/graphics/pokemon/sandaconda/front.png.4bpp.smol
tools/compresSmol/compresSmol -w build/assets/graphics/pokemon/sandaconda/gmax/back.png.4bpp build/assets/graphics/pokemon/sandaconda/gmax/back.png.4bpp.smol
tools/compresSmol/compresSmol -w build/assets/graphics/pokemon/sandaconda/gmax/front.png.4bpp build/assets/graphics/pokemon/sandaconda/gmax/front.png.4bpp.smol
tools/compresSmol/compresSmol -w build/assets/graphics/pokemon/sandaconda/overworld.png_mwidth_4__mheight_4.4bpp build/assets/graphics/pokemon/sandaconda/overworld.png_mwidth_4__mheight_4.4bpp.smol
tools/compresSmol/compresSmol -w build/assets/graphics/pokemon/sandile/anim_front.png.4bpp build/assets/graphics/pokemon/sandile/anim_front.png.4bpp.smol
tools/compresSmol/compresSmol -w build/assets/graphics/pokemon/sandile/back.png.4bpp build/assets/graphics/pokemon/sandile/back.png.4bpp.smol
tools/compresSmol/compresSmol -w build/assets/graphics/pokemon/sandile/overworld.png_mwidth_4__mheight_4.4bpp build/assets/graphics/pokemon/sandile/overworld.png_mwidth_4__mheight_4.4bpp.smol
tools/compresSmol/compresSmol -w build/assets/graphics/pokemon/sandshrew/alola/back.png.4bpp build/assets/graphics/pokemon/sandshrew/alola/back.png.4bpp.smol
tools/compresSmol/compresSmol -w build/assets/graphics/pokemon/sandshrew/alola/front.png.4bpp build/assets/graphics/pokemon/sandshrew/alola/front.png.4bpp.smol
tools/compresSmol/compresSmol -w build/assets/graphics/pokemon/sandshrew/alola/overworld.png_mwidth_4__mheight_4.4bpp build/assets/graphics/pokemon/sandshrew/alola/overworld.png_mwidth_4__mheight_4.4bpp.smol
tools/compresSmol/compresSmol -w build/assets/graphics/pokemon/sandshrew/anim_front.png.4bpp build/assets/graphics/pokemon/sandshrew/anim_front.png.4bpp.smol
tools/compresSmol/compresSmol -w build/assets/graphics/pokemon/sandshrew/anim_front_gba.png.4bpp build/assets/graphics/pokemon/sandshrew/anim_front_gba.png.4bpp.smol
tools/compresSmol/compresSmol -w build/assets/graphics/pokemon/sandshrew/back.png.4bpp build/assets/graphics/pokemon/sandshrew/back.png.4bpp.smol
tools/compresSmol/compresSmol -w build/assets/graphics/pokemon/sandshrew/back_gba.png.4bpp build/assets/graphics/pokemon/sandshrew/back_gba.png.4bpp.smol
tools/compresSmol/compresSmol -w build/assets/graphics/pokemon/sandshrew/overworld.png_mwidth_4__mheight_4.4bpp build/assets/graphics/pokemon/sandshrew/overworld.png_mwidth_4__mheight_4.4bpp.smol
tools/compresSmol/compresSmol -w build/assets/graphics/pokemon/sandslash/alola/back.png.4bpp build/assets/graphics/pokemon/sandslash/alola/back.png.4bpp.smol
tools/compresSmol/compresSmol -w build/assets/graphics/pokemon/sandslash/alola/front.png.4bpp build/assets/graphics/pokemon/sandslash/alola/front.png.4bpp.smol
tools/compresSmol/compresSmol -w build/assets/graphics/pokemon/sandslash/alola/overworld.png_mwidth_4__mheight_4.4bpp build/assets/graphics/pokemon/sandslash/alola/overworld.png_mwidth_4__mheight_4.4bpp.smol
tools/compresSmol/compresSmol -w build/assets/graphics/pokemon/sandslash/anim_front.png.4bpp build/assets/graphics/pokemon/sandslash/anim_front.png.4bpp.smol
tools/compresSmol/compresSmol -w build/assets/graphics/pokemon/sandslash/anim_front_gba.png.4bpp build/assets/graphics/pokemon/sandslash/anim_front_gba.png.4bpp.smol
tools/compresSmol/compresSmol -w build/assets/graphics/pokemon/sandslash/back.png.4bpp build/assets/graphics/pokemon/sandslash/back.png.4bpp.smol
tools/compresSmol/compresSmol -w build/assets/graphics/pokemon/sandslash/back_gba.png.4bpp build/assets/graphics/pokemon/sandslash/back_gba.png.4bpp.smol
tools/compresSmol/compresSmol -w build/assets/graphics/pokemon/sandslash/overworld.png_mwidth_4__mheight_4.4bpp build/assets/graphics/pokemon/sandslash/overworld.png_mwidth_4__mheight_4.4bpp.smol
tools/compresSmol/compresSmol -w build/assets/graphics/pokemon/sandy_shocks/back.png.4bpp build/assets/graphics/pokemon/sandy_shocks/back.png.4bpp.smol
tools/compresSmol/compresSmol -w build/assets/graphics/pokemon/sandy_shocks/front.png.4bpp build/assets/graphics/pokemon/sandy_shocks/front.png.4bpp.smol
tools/compresSmol/compresSmol -w build/assets/graphics/pokemon/sandy_shocks/overworld.png_mwidth_4__mheight_4.4bpp build/assets/graphics/pokemon/sandy_shocks/overworld.png_mwidth_4__mheight_4.4bpp.smol
tools/compresSmol/compresSmol -w build/assets/graphics/pokemon/sandygast/back.png.4bpp build/assets/graphics/pokemon/sandygast/back.png.4bpp.smol
tools/compresSmol/compresSmol -w build/assets/graphics/pokemon/sandygast/front.png.4bpp build/assets/graphics/pokemon/sandygast/front.png.4bpp.smol
tools/compresSmol/compresSmol -w build/assets/graphics/pokemon/sandygast/overworld.png_mwidth_4__mheight_4.4bpp build/assets/graphics/pokemon/sandygast/overworld.png_mwidth_4__mheight_4.4bpp.smol
tools/compresSmol/compresSmol -w build/assets/graphics/pokemon/sawk/anim_front.png.4bpp build/assets/graphics/pokemon/sawk/anim_front.png.4bpp.smol
tools/compresSmol/compresSmol -w build/assets/graphics/pokemon/sawk/back.png.4bpp build/assets/graphics/pokemon/sawk/back.png.4bpp.smol
tools/compresSmol/compresSmol -w build/assets/graphics/pokemon/sawk/overworld.png_mwidth_4__mheight_4.4bpp build/assets/graphics/pokemon/sawk/overworld.png_mwidth_4__mheight_4.4bpp.smol
tools/compresSmol/compresSmol -w build/assets/graphics/pokemon/sawsbuck/anim_front.png.4bpp build/assets/graphics/pokemon/sawsbuck/anim_front.png.4bpp.smol
tools/compresSmol/compresSmol -w build/assets/graphics/pokemon/sawsbuck/autumn/anim_front.png.4bpp build/assets/graphics/pokemon/sawsbuck/autumn/anim_front.png.4bpp.smol
tools/compresSmol/compresSmol -w build/assets/graphics/pokemon/sawsbuck/autumn/back.png.4bpp build/assets/graphics/pokemon/sawsbuck/autumn/back.png.4bpp.smol
tools/compresSmol/compresSmol -w build/assets/graphics/pokemon/sawsbuck/autumn/overworld.png_mwidth_4__mheight_4.4bpp build/assets/graphics/pokemon/sawsbuck/autumn/overworld.png_mwidth_4__mheight_4.4bpp.smol
tools/compresSmol/compresSmol -w build/assets/graphics/pokemon/sawsbuck/back.png.4bpp build/assets/graphics/pokemon/sawsbuck/back.png.4bpp.smol
tools/compresSmol/compresSmol -w build/assets/graphics/pokemon/sawsbuck/overworld.png_mwidth_4__mheight_4.4bpp build/assets/graphics/pokemon/sawsbuck/overworld.png_mwidth_4__mheight_4.4bpp.smol
tools/compresSmol/compresSmol -w build/assets/graphics/pokemon/sawsbuck/summer/anim_front.png.4bpp build/assets/graphics/pokemon/sawsbuck/summer/anim_front.png.4bpp.smol
tools/compresSmol/compresSmol -w build/assets/graphics/pokemon/sawsbuck/summer/back.png.4bpp build/assets/graphics/pokemon/sawsbuck/summer/back.png.4bpp.smol
tools/compresSmol/compresSmol -w build/assets/graphics/pokemon/sawsbuck/summer/overworld.png_mwidth_4__mheight_4.4bpp build/assets/graphics/pokemon/sawsbuck/summer/overworld.png_mwidth_4__mheight_4.4bpp.smol
tools/compresSmol/compresSmol -w build/assets/graphics/pokemon/sawsbuck/winter/anim_front.png.4bpp build/assets/graphics/pokemon/sawsbuck/winter/anim_front.png.4bpp.smol
tools/compresSmol/compresSmol -w build/assets/graphics/pokemon/sawsbuck/winter/back.png.4bpp build/assets/graphics/pokemon/sawsbuck/winter/back.png.4bpp.smol
tools/compresSmol/compresSmol -w build/assets/graphics/pokemon/sawsbuck/winter/overworld.png_mwidth_4__mheight_4.4bpp build/assets/graphics/pokemon/sawsbuck/winter/overworld.png_mwidth_4__mheight_4.4bpp.smol
tools/compresSmol/compresSmol -w build/assets/graphics/pokemon/scatterbug/anim_front.png.4bpp build/assets/graphics/pokemon/scatterbug/anim_front.png.4bpp.smol
tools/compresSmol/compresSmol -w build/assets/graphics/pokemon/scatterbug/back.png.4bpp build/assets/graphics/pokemon/scatterbug/back.png.4bpp.smol
tools/compresSmol/compresSmol -w build/assets/graphics/pokemon/scatterbug/overworld.png_mwidth_4__mheight_4.4bpp build/assets/graphics/pokemon/scatterbug/overworld.png_mwidth_4__mheight_4.4bpp.smol
tools/compresSmol/compresSmol -w build/assets/graphics/pokemon/sceptile/anim_front.png.4bpp build/assets/graphics/pokemon/sceptile/anim_front.png.4bpp.smol
tools/compresSmol/compresSmol -w build/assets/graphics/pokemon/sceptile/anim_front_gba.png.4bpp build/assets/graphics/pokemon/sceptile/anim_front_gba.png.4bpp.smol
tools/compresSmol/compresSmol -w build/assets/graphics/pokemon/sceptile/back.png.4bpp build/assets/graphics/pokemon/sceptile/back.png.4bpp.smol
tools/compresSmol/compresSmol -w build/assets/graphics/pokemon/sceptile/back_gba.png.4bpp build/assets/graphics/pokemon/sceptile/back_gba.png.4bpp.smol
tools/compresSmol/compresSmol -w build/assets/graphics/pokemon/sceptile/mega/back.png.4bpp build/assets/graphics/pokemon/sceptile/mega/back.png.4bpp.smol
tools/compresSmol/compresSmol -w build/assets/graphics/pokemon/sceptile/mega/front.png.4bpp build/assets/graphics/pokemon/sceptile/mega/front.png.4bpp.smol
tools/compresSmol/compresSmol -w build/assets/graphics/pokemon/sceptile/mega/overworld.png_mwidth_4__mheight_4.4bpp build/assets/graphics/pokemon/sceptile/mega/overworld.png_mwidth_4__mheight_4.4bpp.smol
tools/compresSmol/compresSmol -w build/assets/graphics/pokemon/sceptile/overworld.png_mwidth_4__mheight_4.4bpp build/assets/graphics/pokemon/sceptile/overworld.png_mwidth_4__mheight_4.4bpp.smol
tools/compresSmol/compresSmol -w build/assets/graphics/pokemon/scizor/anim_front.png.4bpp build/assets/graphics/pokemon/scizor/anim_front.png.4bpp.smol
tools/compresSmol/compresSmol -w build/assets/graphics/pokemon/scizor/anim_front_gba.png.4bpp build/assets/graphics/pokemon/scizor/anim_front_gba.png.4bpp.smol
tools/compresSmol/compresSmol -w build/assets/graphics/pokemon/scizor/anim_frontf.png.4bpp build/assets/graphics/pokemon/scizor/anim_frontf.png.4bpp.smol
tools/compresSmol/compresSmol -w build/assets/graphics/pokemon/scizor/back.png.4bpp build/assets/graphics/pokemon/scizor/back.png.4bpp.smol
tools/compresSmol/compresSmol -w build/assets/graphics/pokemon/scizor/back_gba.png.4bpp build/assets/graphics/pokemon/scizor/back_gba.png.4bpp.smol
tools/compresSmol/compresSmol -w build/assets/graphics/pokemon/scizor/mega/back.png.4bpp build/assets/graphics/pokemon/scizor/mega/back.png.4bpp.smol
tools/compresSmol/compresSmol -w build/assets/graphics/pokemon/scizor/mega/front.png.4bpp build/assets/graphics/pokemon/scizor/mega/front.png.4bpp.smol
tools/compresSmol/compresSmol -w build/assets/graphics/pokemon/scizor/mega/overworld.png_mwidth_4__mheight_4.4bpp build/assets/graphics/pokemon/scizor/mega/overworld.png_mwidth_4__mheight_4.4bpp.smol
tools/compresSmol/compresSmol -w build/assets/graphics/pokemon/scizor/overworld.png_mwidth_4__mheight_4.4bpp build/assets/graphics/pokemon/scizor/overworld.png_mwidth_4__mheight_4.4bpp.smol
tools/compresSmol/compresSmol -w build/assets/graphics/pokemon/scizor/overworldf.png_mwidth_4__mheight_4.4bpp build/assets/graphics/pokemon/scizor/overworldf.png_mwidth_4__mheight_4.4bpp.smol
tools/compresSmol/compresSmol -w build/assets/graphics/pokemon/scolipede/anim_front.png.4bpp build/assets/graphics/pokemon/scolipede/anim_front.png.4bpp.smol
tools/compresSmol/compresSmol -w build/assets/graphics/pokemon/scolipede/back.png.4bpp build/assets/graphics/pokemon/scolipede/back.png.4bpp.smol
tools/compresSmol/compresSmol -w build/assets/graphics/pokemon/scolipede/mega/back.png.4bpp build/assets/graphics/pokemon/scolipede/mega/back.png.4bpp.smol
tools/compresSmol/compresSmol -w build/assets/graphics/pokemon/scolipede/mega/front.png.4bpp build/assets/graphics/pokemon/scolipede/mega/front.png.4bpp.smol
tools/compresSmol/compresSmol -w build/assets/graphics/pokemon/scolipede/overworld.png_mwidth_4__mheight_4.4bpp build/assets/graphics/pokemon/scolipede/overworld.png_mwidth_4__mheight_4.4bpp.smol
tools/compresSmol/compresSmol -w build/assets/graphics/pokemon/scorbunny/back.png.4bpp build/assets/graphics/pokemon/scorbunny/back.png.4bpp.smol
tools/compresSmol/compresSmol -w build/assets/graphics/pokemon/scorbunny/front.png.4bpp build/assets/graphics/pokemon/scorbunny/front.png.4bpp.smol
tools/compresSmol/compresSmol -w build/assets/graphics/pokemon/scorbunny/overworld.png_mwidth_4__mheight_4.4bpp build/assets/graphics/pokemon/scorbunny/overworld.png_mwidth_4__mheight_4.4bpp.smol
tools/compresSmol/compresSmol -w build/assets/graphics/pokemon/scovillain/back.png.4bpp build/assets/graphics/pokemon/scovillain/back.png.4bpp.smol
tools/compresSmol/compresSmol -w build/assets/graphics/pokemon/scovillain/front.png.4bpp build/assets/graphics/pokemon/scovillain/front.png.4bpp.smol
tools/compresSmol/compresSmol -w build/assets/graphics/pokemon/scovillain/mega/back.png.4bpp build/assets/graphics/pokemon/scovillain/mega/back.png.4bpp.smol
tools/compresSmol/compresSmol -w build/assets/graphics/pokemon/scovillain/mega/front.png.4bpp build/assets/graphics/pokemon/scovillain/mega/front.png.4bpp.smol
tools/compresSmol/compresSmol -w build/assets/graphics/pokemon/scovillain/overworld.png_mwidth_4__mheight_4.4bpp build/assets/graphics/pokemon/scovillain/overworld.png_mwidth_4__mheight_4.4bpp.smol
tools/compresSmol/compresSmol -w build/assets/graphics/pokemon/scrafty/anim_front.png.4bpp build/assets/graphics/pokemon/scrafty/anim_front.png.4bpp.smol
tools/compresSmol/compresSmol -w build/assets/graphics/pokemon/scrafty/back.png.4bpp build/assets/graphics/pokemon/scrafty/back.png.4bpp.smol
tools/compresSmol/compresSmol -w build/assets/graphics/pokemon/scrafty/mega/back.png.4bpp build/assets/graphics/pokemon/scrafty/mega/back.png.4bpp.smol
tools/compresSmol/compresSmol -w build/assets/graphics/pokemon/scrafty/mega/front.png.4bpp build/assets/graphics/pokemon/scrafty/mega/front.png.4bpp.smol
tools/compresSmol/compresSmol -w build/assets/graphics/pokemon/scrafty/overworld.png_mwidth_4__mheight_4.4bpp build/assets/graphics/pokemon/scrafty/overworld.png_mwidth_4__mheight_4.4bpp.smol
tools/compresSmol/compresSmol -w build/assets/graphics/pokemon/scraggy/anim_front.png.4bpp build/assets/graphics/pokemon/scraggy/anim_front.png.4bpp.smol
tools/compresSmol/compresSmol -w build/assets/graphics/pokemon/scraggy/back.png.4bpp build/assets/graphics/pokemon/scraggy/back.png.4bpp.smol
tools/compresSmol/compresSmol -w build/assets/graphics/pokemon/scraggy/overworld.png_mwidth_4__mheight_4.4bpp build/assets/graphics/pokemon/scraggy/overworld.png_mwidth_4__mheight_4.4bpp.smol
tools/compresSmol/compresSmol -w build/assets/graphics/pokemon/scream_tail/back.png.4bpp build/assets/graphics/pokemon/scream_tail/back.png.4bpp.smol
tools/compresSmol/compresSmol -w build/assets/graphics/pokemon/scream_tail/front.png.4bpp build/assets/graphics/pokemon/scream_tail/front.png.4bpp.smol
tools/compresSmol/compresSmol -w build/assets/graphics/pokemon/scream_tail/overworld.png_mwidth_4__mheight_4.4bpp build/assets/graphics/pokemon/scream_tail/overworld.png_mwidth_4__mheight_4.4bpp.smol
tools/compresSmol/compresSmol -w build/assets/graphics/pokemon/scyther/anim_front.png.4bpp build/assets/graphics/pokemon/scyther/anim_front.png.4bpp.smol
tools/compresSmol/compresSmol -w build/assets/graphics/pokemon/scyther/anim_front_gba.png.4bpp build/assets/graphics/pokemon/scyther/anim_front_gba.png.4bpp.smol
tools/compresSmol/compresSmol -w build/assets/graphics/pokemon/scyther/anim_frontf.png.4bpp build/assets/graphics/pokemon/scyther/anim_frontf.png.4bpp.smol
tools/compresSmol/compresSmol -w build/assets/graphics/pokemon/scyther/back.png.4bpp build/assets/graphics/pokemon/scyther/back.png.4bpp.smol
tools/compresSmol/compresSmol -w build/assets/graphics/pokemon/scyther/back_gba.png.4bpp build/assets/graphics/pokemon/scyther/back_gba.png.4bpp.smol
tools/compresSmol/compresSmol -w build/assets/graphics/pokemon/scyther/overworld.png_mwidth_4__mheight_4.4bpp build/assets/graphics/pokemon/scyther/overworld.png_mwidth_4__mheight_4.4bpp.smol
tools/compresSmol/compresSmol -w build/assets/graphics/pokemon/scyther/overworldf.png_mwidth_4__mheight_4.4bpp build/assets/graphics/pokemon/scyther/overworldf.png_mwidth_4__mheight_4.4bpp.smol
tools/compresSmol/compresSmol -w build/assets/graphics/pokemon/seadra/anim_front.png.4bpp build/assets/graphics/pokemon/seadra/anim_front.png.4bpp.smol
tools/compresSmol/compresSmol -w build/assets/graphics/pokemon/seadra/anim_front_gba.png.4bpp build/assets/graphics/pokemon/seadra/anim_front_gba.png.4bpp.smol
tools/compresSmol/compresSmol -w build/assets/graphics/pokemon/seadra/back.png.4bpp build/assets/graphics/pokemon/seadra/back.png.4bpp.smol
tools/compresSmol/compresSmol -w build/assets/graphics/pokemon/seadra/back_gba.png.4bpp build/assets/graphics/pokemon/seadra/back_gba.png.4bpp.smol
tools/compresSmol/compresSmol -w build/assets/graphics/pokemon/seadra/overworld.png_mwidth_4__mheight_4.4bpp build/assets/graphics/pokemon/seadra/overworld.png_mwidth_4__mheight_4.4bpp.smol
tools/compresSmol/compresSmol -w build/assets/graphics/pokemon/seaking/anim_front.png.4bpp build/assets/graphics/pokemon/seaking/anim_front.png.4bpp.smol
tools/compresSmol/compresSmol -w build/assets/graphics/pokemon/seaking/anim_front_gba.png.4bpp build/assets/graphics/pokemon/seaking/anim_front_gba.png.4bpp.smol
tools/compresSmol/compresSmol -w build/assets/graphics/pokemon/seaking/anim_frontf.png.4bpp build/assets/graphics/pokemon/seaking/anim_frontf.png.4bpp.smol
tools/compresSmol/compresSmol -w build/assets/graphics/pokemon/seaking/back.png.4bpp build/assets/graphics/pokemon/seaking/back.png.4bpp.smol
tools/compresSmol/compresSmol -w build/assets/graphics/pokemon/seaking/back_gba.png.4bpp build/assets/graphics/pokemon/seaking/back_gba.png.4bpp.smol
tools/compresSmol/compresSmol -w build/assets/graphics/pokemon/seaking/backf.png.4bpp build/assets/graphics/pokemon/seaking/backf.png.4bpp.smol
tools/compresSmol/compresSmol -w build/assets/graphics/pokemon/seaking/overworld.png_mwidth_4__mheight_4.4bpp build/assets/graphics/pokemon/seaking/overworld.png_mwidth_4__mheight_4.4bpp.smol
tools/compresSmol/compresSmol -w build/assets/graphics/pokemon/seaking/overworldf.png_mwidth_4__mheight_4.4bpp build/assets/graphics/pokemon/seaking/overworldf.png_mwidth_4__mheight_4.4bpp.smol
tools/compresSmol/compresSmol -w build/assets/graphics/pokemon/sealeo/anim_front.png.4bpp build/assets/graphics/pokemon/sealeo/anim_front.png.4bpp.smol
tools/compresSmol/compresSmol -w build/assets/graphics/pokemon/sealeo/anim_front_gba.png.4bpp build/assets/graphics/pokemon/sealeo/anim_front_gba.png.4bpp.smol
tools/compresSmol/compresSmol -w build/assets/graphics/pokemon/sealeo/back.png.4bpp build/assets/graphics/pokemon/sealeo/back.png.4bpp.smol
tools/compresSmol/compresSmol -w build/assets/graphics/pokemon/sealeo/back_gba.png.4bpp build/assets/graphics/pokemon/sealeo/back_gba.png.4bpp.smol
tools/compresSmol/compresSmol -w build/assets/graphics/pokemon/sealeo/overworld.png_mwidth_4__mheight_4.4bpp build/assets/graphics/pokemon/sealeo/overworld.png_mwidth_4__mheight_4.4bpp.smol
tools/compresSmol/compresSmol -w build/assets/graphics/pokemon/seedot/anim_front.png.4bpp build/assets/graphics/pokemon/seedot/anim_front.png.4bpp.smol
tools/compresSmol/compresSmol -w build/assets/graphics/pokemon/seedot/anim_front_gba.png.4bpp build/assets/graphics/pokemon/seedot/anim_front_gba.png.4bpp.smol
tools/compresSmol/compresSmol -w build/assets/graphics/pokemon/seedot/back.png.4bpp build/assets/graphics/pokemon/seedot/back.png.4bpp.smol
tools/compresSmol/compresSmol -w build/assets/graphics/pokemon/seedot/back_gba.png.4bpp build/assets/graphics/pokemon/seedot/back_gba.png.4bpp.smol
tools/compresSmol/compresSmol -w build/assets/graphics/pokemon/seedot/overworld.png_mwidth_4__mheight_4.4bpp build/assets/graphics/pokemon/seedot/overworld.png_mwidth_4__mheight_4.4bpp.smol
tools/compresSmol/compresSmol -w build/assets/graphics/pokemon/seel/anim_front.png.4bpp build/assets/graphics/pokemon/seel/anim_front.png.4bpp.smol
tools/compresSmol/compresSmol -w build/assets/graphics/pokemon/seel/anim_front_gba.png.4bpp build/assets/graphics/pokemon/seel/anim_front_gba.png.4bpp.smol
tools/compresSmol/compresSmol -w build/assets/graphics/pokemon/seel/back.png.4bpp build/assets/graphics/pokemon/seel/back.png.4bpp.smol
tools/compresSmol/compresSmol -w build/assets/graphics/pokemon/seel/back_gba.png.4bpp build/assets/graphics/pokemon/seel/back_gba.png.4bpp.smol
tools/compresSmol/compresSmol -w build/assets/graphics/pokemon/seel/overworld.png_mwidth_4__mheight_4.4bpp build/assets/graphics/pokemon/seel/overworld.png_mwidth_4__mheight_4.4bpp.smol
tools/compresSmol/compresSmol -w build/assets/graphics/pokemon/seismitoad/anim_front.png.4bpp build/assets/graphics/pokemon/seismitoad/anim_front.png.4bpp.smol
tools/compresSmol/compresSmol -w build/assets/graphics/pokemon/seismitoad/back.png.4bpp build/assets/graphics/pokemon/seismitoad/back.png.4bpp.smol
tools/compresSmol/compresSmol -w build/assets/graphics/pokemon/seismitoad/overworld.png_mwidth_4__mheight_4.4bpp build/assets/graphics/pokemon/seismitoad/overworld.png_mwidth_4__mheight_4.4bpp.smol
tools/compresSmol/compresSmol -w build/assets/graphics/pokemon/sentret/anim_front.png.4bpp build/assets/graphics/pokemon/sentret/anim_front.png.4bpp.smol
tools/compresSmol/compresSmol -w build/assets/graphics/pokemon/sentret/anim_front_gba.png.4bpp build/assets/graphics/pokemon/sentret/anim_front_gba.png.4bpp.smol
tools/compresSmol/compresSmol -w build/assets/graphics/pokemon/sentret/back.png.4bpp build/assets/graphics/pokemon/sentret/back.png.4bpp.smol
tools/compresSmol/compresSmol -w build/assets/graphics/pokemon/sentret/back_gba.png.4bpp build/assets/graphics/pokemon/sentret/back_gba.png.4bpp.smol
tools/compresSmol/compresSmol -w build/assets/graphics/pokemon/sentret/overworld.png_mwidth_4__mheight_4.4bpp build/assets/graphics/pokemon/sentret/overworld.png_mwidth_4__mheight_4.4bpp.smol
tools/compresSmol/compresSmol -w build/assets/graphics/pokemon/serperior/anim_front.png.4bpp build/assets/graphics/pokemon/serperior/anim_front.png.4bpp.smol
tools/compresSmol/compresSmol -w build/assets/graphics/pokemon/serperior/back.png.4bpp build/assets/graphics/pokemon/serperior/back.png.4bpp.smol
tools/compresSmol/compresSmol -w build/assets/graphics/pokemon/serperior/overworld.png_mwidth_4__mheight_4.4bpp build/assets/graphics/pokemon/serperior/overworld.png_mwidth_4__mheight_4.4bpp.smol
tools/compresSmol/compresSmol -w build/assets/graphics/pokemon/servine/anim_front.png.4bpp build/assets/graphics/pokemon/servine/anim_front.png.4bpp.smol
tools/compresSmol/compresSmol -w build/assets/graphics/pokemon/servine/back.png.4bpp build/assets/graphics/pokemon/servine/back.png.4bpp.smol
tools/compresSmol/compresSmol -w build/assets/graphics/pokemon/servine/overworld.png_mwidth_4__mheight_4.4bpp build/assets/graphics/pokemon/servine/overworld.png_mwidth_4__mheight_4.4bpp.smol
tools/compresSmol/compresSmol -w build/assets/graphics/pokemon/seviper/anim_front.png.4bpp build/assets/graphics/pokemon/seviper/anim_front.png.4bpp.smol
tools/compresSmol/compresSmol -w build/assets/graphics/pokemon/seviper/anim_front_gba.png.4bpp build/assets/graphics/pokemon/seviper/anim_front_gba.png.4bpp.smol
tools/compresSmol/compresSmol -w build/assets/graphics/pokemon/seviper/back.png.4bpp build/assets/graphics/pokemon/seviper/back.png.4bpp.smol
tools/compresSmol/compresSmol -w build/assets/graphics/pokemon/seviper/back_gba.png.4bpp build/assets/graphics/pokemon/seviper/back_gba.png.4bpp.smol
tools/compresSmol/compresSmol -w build/assets/graphics/pokemon/seviper/overworld.png_mwidth_4__mheight_4.4bpp build/assets/graphics/pokemon/seviper/overworld.png_mwidth_4__mheight_4.4bpp.smol
tools/compresSmol/compresSmol -w build/assets/graphics/pokemon/sewaddle/anim_front.png.4bpp build/assets/graphics/pokemon/sewaddle/anim_front.png.4bpp.smol
tools/compresSmol/compresSmol -w build/assets/graphics/pokemon/sewaddle/back.png.4bpp build/assets/graphics/pokemon/sewaddle/back.png.4bpp.smol
tools/compresSmol/compresSmol -w build/assets/graphics/pokemon/sewaddle/overworld.png_mwidth_4__mheight_4.4bpp build/assets/graphics/pokemon/sewaddle/overworld.png_mwidth_4__mheight_4.4bpp.smol
tools/compresSmol/compresSmol -w build/assets/graphics/pokemon/sharpedo/anim_front.png.4bpp build/assets/graphics/pokemon/sharpedo/anim_front.png.4bpp.smol
tools/compresSmol/compresSmol -w build/assets/graphics/pokemon/sharpedo/anim_front_gba.png.4bpp build/assets/graphics/pokemon/sharpedo/anim_front_gba.png.4bpp.smol
tools/compresSmol/compresSmol -w build/assets/graphics/pokemon/sharpedo/back.png.4bpp build/assets/graphics/pokemon/sharpedo/back.png.4bpp.smol
tools/compresSmol/compresSmol -w build/assets/graphics/pokemon/sharpedo/back_gba.png.4bpp build/assets/graphics/pokemon/sharpedo/back_gba.png.4bpp.smol
tools/compresSmol/compresSmol -w build/assets/graphics/pokemon/sharpedo/mega/back.png.4bpp build/assets/graphics/pokemon/sharpedo/mega/back.png.4bpp.smol
tools/compresSmol/compresSmol -w build/assets/graphics/pokemon/sharpedo/mega/front.png.4bpp build/assets/graphics/pokemon/sharpedo/mega/front.png.4bpp.smol
tools/compresSmol/compresSmol -w build/assets/graphics/pokemon/sharpedo/mega/overworld.png_mwidth_4__mheight_4.4bpp build/assets/graphics/pokemon/sharpedo/mega/overworld.png_mwidth_4__mheight_4.4bpp.smol
tools/compresSmol/compresSmol -w build/assets/graphics/pokemon/sharpedo/overworld.png_mwidth_4__mheight_4.4bpp build/assets/graphics/pokemon/sharpedo/overworld.png_mwidth_4__mheight_4.4bpp.smol
tools/compresSmol/compresSmol -w build/assets/graphics/pokemon/shaymin/anim_front.png.4bpp build/assets/graphics/pokemon/shaymin/anim_front.png.4bpp.smol
tools/compresSmol/compresSmol -w build/assets/graphics/pokemon/shaymin/back.png.4bpp build/assets/graphics/pokemon/shaymin/back.png.4bpp.smol
tools/compresSmol/compresSmol -w build/assets/graphics/pokemon/shaymin/overworld.png_mwidth_4__mheight_4.4bpp build/assets/graphics/pokemon/shaymin/overworld.png_mwidth_4__mheight_4.4bpp.smol
tools/compresSmol/compresSmol -w build/assets/graphics/pokemon/shaymin/sky/anim_front.png.4bpp build/assets/graphics/pokemon/shaymin/sky/anim_front.png.4bpp.smol
tools/compresSmol/compresSmol -w build/assets/graphics/pokemon/shaymin/sky/back.png.4bpp build/assets/graphics/pokemon/shaymin/sky/back.png.4bpp.smol
tools/compresSmol/compresSmol -w build/assets/graphics/pokemon/shaymin/sky/overworld.png_mwidth_4__mheight_4.4bpp build/assets/graphics/pokemon/shaymin/sky/overworld.png_mwidth_4__mheight_4.4bpp.smol
tools/compresSmol/compresSmol -w build/assets/graphics/pokemon/shedinja/anim_front.png.4bpp build/assets/graphics/pokemon/shedinja/anim_front.png.4bpp.smol
tools/compresSmol/compresSmol -w build/assets/graphics/pokemon/shedinja/anim_front_gba.png.4bpp build/assets/graphics/pokemon/shedinja/anim_front_gba.png.4bpp.smol
tools/compresSmol/compresSmol -w build/assets/graphics/pokemon/shedinja/back.png.4bpp build/assets/graphics/pokemon/shedinja/back.png.4bpp.smol
tools/compresSmol/compresSmol -w build/assets/graphics/pokemon/shedinja/back_gba.png.4bpp build/assets/graphics/pokemon/shedinja/back_gba.png.4bpp.smol
tools/compresSmol/compresSmol -w build/assets/graphics/pokemon/shedinja/overworld.png_mwidth_4__mheight_4.4bpp build/assets/graphics/pokemon/shedinja/overworld.png_mwidth_4__mheight_4.4bpp.smol
tools/compresSmol/compresSmol -w build/assets/graphics/pokemon/shelgon/anim_front.png.4bpp build/assets/graphics/pokemon/shelgon/anim_front.png.4bpp.smol
tools/compresSmol/compresSmol -w build/assets/graphics/pokemon/shelgon/anim_front_gba.png.4bpp build/assets/graphics/pokemon/shelgon/anim_front_gba.png.4bpp.smol
tools/compresSmol/compresSmol -w build/assets/graphics/pokemon/shelgon/back.png.4bpp build/assets/graphics/pokemon/shelgon/back.png.4bpp.smol
tools/compresSmol/compresSmol -w build/assets/graphics/pokemon/shelgon/back_gba.png.4bpp build/assets/graphics/pokemon/shelgon/back_gba.png.4bpp.smol
tools/compresSmol/compresSmol -w build/assets/graphics/pokemon/shelgon/overworld.png_mwidth_4__mheight_4.4bpp build/assets/graphics/pokemon/shelgon/overworld.png_mwidth_4__mheight_4.4bpp.smol
tools/compresSmol/compresSmol -w build/assets/graphics/pokemon/shellder/anim_front.png.4bpp build/assets/graphics/pokemon/shellder/anim_front.png.4bpp.smol
tools/compresSmol/compresSmol -w build/assets/graphics/pokemon/shellder/anim_front_gba.png.4bpp build/assets/graphics/pokemon/shellder/anim_front_gba.png.4bpp.smol
tools/compresSmol/compresSmol -w build/assets/graphics/pokemon/shellder/back.png.4bpp build/assets/graphics/pokemon/shellder/back.png.4bpp.smol
tools/compresSmol/compresSmol -w build/assets/graphics/pokemon/shellder/back_gba.png.4bpp build/assets/graphics/pokemon/shellder/back_gba.png.4bpp.smol
tools/compresSmol/compresSmol -w build/assets/graphics/pokemon/shellder/overworld.png_mwidth_4__mheight_4.4bpp build/assets/graphics/pokemon/shellder/overworld.png_mwidth_4__mheight_4.4bpp.smol
tools/compresSmol/compresSmol -w build/assets/graphics/pokemon/shellos/anim_front.png.4bpp build/assets/graphics/pokemon/shellos/anim_front.png.4bpp.smol
tools/compresSmol/compresSmol -w build/assets/graphics/pokemon/shellos/back.png.4bpp build/assets/graphics/pokemon/shellos/back.png.4bpp.smol
tools/compresSmol/compresSmol -w build/assets/graphics/pokemon/shellos/east/anim_front.png.4bpp build/assets/graphics/pokemon/shellos/east/anim_front.png.4bpp.smol
tools/compresSmol/compresSmol -w build/assets/graphics/pokemon/shellos/east/back.png.4bpp build/assets/graphics/pokemon/shellos/east/back.png.4bpp.smol
tools/compresSmol/compresSmol -w build/assets/graphics/pokemon/shellos/east/overworld.png_mwidth_4__mheight_4.4bpp build/assets/graphics/pokemon/shellos/east/overworld.png_mwidth_4__mheight_4.4bpp.smol
tools/compresSmol/compresSmol -w build/assets/graphics/pokemon/shellos/overworld.png_mwidth_4__mheight_4.4bpp build/assets/graphics/pokemon/shellos/overworld.png_mwidth_4__mheight_4.4bpp.smol
tools/compresSmol/compresSmol -w build/assets/graphics/pokemon/shelmet/anim_front.png.4bpp build/assets/graphics/pokemon/shelmet/anim_front.png.4bpp.smol
tools/compresSmol/compresSmol -w build/assets/graphics/pokemon/shelmet/back.png.4bpp build/assets/graphics/pokemon/shelmet/back.png.4bpp.smol
tools/compresSmol/compresSmol -w build/assets/graphics/pokemon/shelmet/overworld.png_mwidth_4__mheight_4.4bpp build/assets/graphics/pokemon/shelmet/overworld.png_mwidth_4__mheight_4.4bpp.smol
tools/compresSmol/compresSmol -w build/assets/graphics/pokemon/shieldon/anim_front.png.4bpp build/assets/graphics/pokemon/shieldon/anim_front.png.4bpp.smol
tools/compresSmol/compresSmol -w build/assets/graphics/pokemon/shieldon/back.png.4bpp build/assets/graphics/pokemon/shieldon/back.png.4bpp.smol
tools/compresSmol/compresSmol -w build/assets/graphics/pokemon/shieldon/overworld.png_mwidth_4__mheight_4.4bpp build/assets/graphics/pokemon/shieldon/overworld.png_mwidth_4__mheight_4.4bpp.smol
tools/compresSmol/compresSmol -w build/assets/graphics/pokemon/shiftry/anim_front.png.4bpp build/assets/graphics/pokemon/shiftry/anim_front.png.4bpp.smol
tools/compresSmol/compresSmol -w build/assets/graphics/pokemon/shiftry/anim_front_gba.png.4bpp build/assets/graphics/pokemon/shiftry/anim_front_gba.png.4bpp.smol
tools/compresSmol/compresSmol -w build/assets/graphics/pokemon/shiftry/anim_frontf.png.4bpp build/assets/graphics/pokemon/shiftry/anim_frontf.png.4bpp.smol
tools/compresSmol/compresSmol -w build/assets/graphics/pokemon/shiftry/back.png.4bpp build/assets/graphics/pokemon/shiftry/back.png.4bpp.smol
tools/compresSmol/compresSmol -w build/assets/graphics/pokemon/shiftry/back_gba.png.4bpp build/assets/graphics/pokemon/shiftry/back_gba.png.4bpp.smol
tools/compresSmol/compresSmol -w build/assets/graphics/pokemon/shiftry/backf.png.4bpp build/assets/graphics/pokemon/shiftry/backf.png.4bpp.smol
tools/compresSmol/compresSmol -w build/assets/graphics/pokemon/shiftry/overworld.png_mwidth_4__mheight_4.4bpp build/assets/graphics/pokemon/shiftry/overworld.png_mwidth_4__mheight_4.4bpp.smol
tools/compresSmol/compresSmol -w build/assets/graphics/pokemon/shiftry/overworldf.png_mwidth_4__mheight_4.4bpp build/assets/graphics/pokemon/shiftry/overworldf.png_mwidth_4__mheight_4.4bpp.smol
tools/compresSmol/compresSmol -w build/assets/graphics/pokemon/shiinotic/back.png.4bpp build/assets/graphics/pokemon/shiinotic/back.png.4bpp.smol
tools/compresSmol/compresSmol -w build/assets/graphics/pokemon/shiinotic/front.png.4bpp build/assets/graphics/pokemon/shiinotic/front.png.4bpp.smol
tools/compresSmol/compresSmol -w build/assets/graphics/pokemon/shiinotic/overworld.png_mwidth_4__mheight_4.4bpp build/assets/graphics/pokemon/shiinotic/overworld.png_mwidth_4__mheight_4.4bpp.smol
tools/compresSmol/compresSmol -w build/assets/graphics/pokemon/shinx/anim_front.png.4bpp build/assets/graphics/pokemon/shinx/anim_front.png.4bpp.smol
tools/compresSmol/compresSmol -w build/assets/graphics/pokemon/shinx/anim_frontf.png.4bpp build/assets/graphics/pokemon/shinx/anim_frontf.png.4bpp.smol
tools/compresSmol/compresSmol -w build/assets/graphics/pokemon/shinx/back.png.4bpp build/assets/graphics/pokemon/shinx/back.png.4bpp.smol
tools/compresSmol/compresSmol -w build/assets/graphics/pokemon/shinx/backf.png.4bpp build/assets/graphics/pokemon/shinx/backf.png.4bpp.smol
tools/compresSmol/compresSmol -w build/assets/graphics/pokemon/shinx/overworld.png_mwidth_4__mheight_4.4bpp build/assets/graphics/pokemon/shinx/overworld.png_mwidth_4__mheight_4.4bpp.smol
tools/compresSmol/compresSmol -w build/assets/graphics/pokemon/shinx/overworldf.png_mwidth_4__mheight_4.4bpp build/assets/graphics/pokemon/shinx/overworldf.png_mwidth_4__mheight_4.4bpp.smol
tools/compresSmol/compresSmol -w build/assets/graphics/pokemon/shroodle/back.png.4bpp build/assets/graphics/pokemon/shroodle/back.png.4bpp.smol
tools/compresSmol/compresSmol -w build/assets/graphics/pokemon/shroodle/front.png.4bpp build/assets/graphics/pokemon/shroodle/front.png.4bpp.smol
tools/compresSmol/compresSmol -w build/assets/graphics/pokemon/shroodle/overworld.png_mwidth_4__mheight_4.4bpp build/assets/graphics/pokemon/shroodle/overworld.png_mwidth_4__mheight_4.4bpp.smol
tools/compresSmol/compresSmol -w build/assets/graphics/pokemon/shroomish/anim_front.png.4bpp build/assets/graphics/pokemon/shroomish/anim_front.png.4bpp.smol
tools/compresSmol/compresSmol -w build/assets/graphics/pokemon/shroomish/anim_front_gba.png.4bpp build/assets/graphics/pokemon/shroomish/anim_front_gba.png.4bpp.smol
tools/compresSmol/compresSmol -w build/assets/graphics/pokemon/shroomish/back.png.4bpp build/assets/graphics/pokemon/shroomish/back.png.4bpp.smol
tools/compresSmol/compresSmol -w build/assets/graphics/pokemon/shroomish/back_gba.png.4bpp build/assets/graphics/pokemon/shroomish/back_gba.png.4bpp.smol
tools/compresSmol/compresSmol -w build/assets/graphics/pokemon/shroomish/overworld.png_mwidth_4__mheight_4.4bpp build/assets/graphics/pokemon/shroomish/overworld.png_mwidth_4__mheight_4.4bpp.smol
tools/compresSmol/compresSmol -w build/assets/graphics/pokemon/shuckle/anim_front.png.4bpp build/assets/graphics/pokemon/shuckle/anim_front.png.4bpp.smol
tools/compresSmol/compresSmol -w build/assets/graphics/pokemon/shuckle/anim_front_gba.png.4bpp build/assets/graphics/pokemon/shuckle/anim_front_gba.png.4bpp.smol
tools/compresSmol/compresSmol -w build/assets/graphics/pokemon/shuckle/back.png.4bpp build/assets/graphics/pokemon/shuckle/back.png.4bpp.smol
tools/compresSmol/compresSmol -w build/assets/graphics/pokemon/shuckle/back_gba.png.4bpp build/assets/graphics/pokemon/shuckle/back_gba.png.4bpp.smol
tools/compresSmol/compresSmol -w build/assets/graphics/pokemon/shuckle/overworld.png_mwidth_4__mheight_4.4bpp build/assets/graphics/pokemon/shuckle/overworld.png_mwidth_4__mheight_4.4bpp.smol
tools/compresSmol/compresSmol -w build/assets/graphics/pokemon/shuppet/anim_front.png.4bpp build/assets/graphics/pokemon/shuppet/anim_front.png.4bpp.smol
tools/compresSmol/compresSmol -w build/assets/graphics/pokemon/shuppet/anim_front_gba.png.4bpp build/assets/graphics/pokemon/shuppet/anim_front_gba.png.4bpp.smol
tools/compresSmol/compresSmol -w build/assets/graphics/pokemon/shuppet/back.png.4bpp build/assets/graphics/pokemon/shuppet/back.png.4bpp.smol
tools/compresSmol/compresSmol -w build/assets/graphics/pokemon/shuppet/back_gba.png.4bpp build/assets/graphics/pokemon/shuppet/back_gba.png.4bpp.smol
tools/compresSmol/compresSmol -w build/assets/graphics/pokemon/shuppet/overworld.png_mwidth_4__mheight_4.4bpp build/assets/graphics/pokemon/shuppet/overworld.png_mwidth_4__mheight_4.4bpp.smol
tools/compresSmol/compresSmol -w build/assets/graphics/pokemon/sigilyph/anim_front.png.4bpp build/assets/graphics/pokemon/sigilyph/anim_front.png.4bpp.smol
tools/compresSmol/compresSmol -w build/assets/graphics/pokemon/sigilyph/back.png.4bpp build/assets/graphics/pokemon/sigilyph/back.png.4bpp.smol
tools/compresSmol/compresSmol -w build/assets/graphics/pokemon/sigilyph/overworld.png_mwidth_4__mheight_4.4bpp build/assets/graphics/pokemon/sigilyph/overworld.png_mwidth_4__mheight_4.4bpp.smol
tools/compresSmol/compresSmol -w build/assets/graphics/pokemon/silcoon/anim_front.png.4bpp build/assets/graphics/pokemon/silcoon/anim_front.png.4bpp.smol
tools/compresSmol/compresSmol -w build/assets/graphics/pokemon/silcoon/anim_front_gba.png.4bpp build/assets/graphics/pokemon/silcoon/anim_front_gba.png.4bpp.smol
tools/compresSmol/compresSmol -w build/assets/graphics/pokemon/silcoon/back.png.4bpp build/assets/graphics/pokemon/silcoon/back.png.4bpp.smol
tools/compresSmol/compresSmol -w build/assets/graphics/pokemon/silcoon/back_gba.png.4bpp build/assets/graphics/pokemon/silcoon/back_gba.png.4bpp.smol
tools/compresSmol/compresSmol -w build/assets/graphics/pokemon/silcoon/overworld.png_mwidth_4__mheight_4.4bpp build/assets/graphics/pokemon/silcoon/overworld.png_mwidth_4__mheight_4.4bpp.smol
tools/compresSmol/compresSmol -w build/assets/graphics/pokemon/silicobra/back.png.4bpp build/assets/graphics/pokemon/silicobra/back.png.4bpp.smol
tools/compresSmol/compresSmol -w build/assets/graphics/pokemon/silicobra/front.png.4bpp build/assets/graphics/pokemon/silicobra/front.png.4bpp.smol
tools/compresSmol/compresSmol -w build/assets/graphics/pokemon/silicobra/overworld.png_mwidth_4__mheight_4.4bpp build/assets/graphics/pokemon/silicobra/overworld.png_mwidth_4__mheight_4.4bpp.smol
tools/compresSmol/compresSmol -w build/assets/graphics/pokemon/silvally/back.png.4bpp build/assets/graphics/pokemon/silvally/back.png.4bpp.smol
tools/compresSmol/compresSmol -w build/assets/graphics/pokemon/silvally/front.png.4bpp build/assets/graphics/pokemon/silvally/front.png.4bpp.smol
tools/compresSmol/compresSmol -w build/assets/graphics/pokemon/silvally/overworld.png_mwidth_4__mheight_4.4bpp build/assets/graphics/pokemon/silvally/overworld.png_mwidth_4__mheight_4.4bpp.smol
tools/compresSmol/compresSmol -w build/assets/graphics/pokemon/simipour/anim_front.png.4bpp build/assets/graphics/pokemon/simipour/anim_front.png.4bpp.smol
tools/compresSmol/compresSmol -w build/assets/graphics/pokemon/simipour/back.png.4bpp build/assets/graphics/pokemon/simipour/back.png.4bpp.smol
tools/compresSmol/compresSmol -w build/assets/graphics/pokemon/simipour/overworld.png_mwidth_4__mheight_4.4bpp build/assets/graphics/pokemon/simipour/overworld.png_mwidth_4__mheight_4.4bpp.smol
tools/compresSmol/compresSmol -w build/assets/graphics/pokemon/simisage/anim_front.png.4bpp build/assets/graphics/pokemon/simisage/anim_front.png.4bpp.smol
tools/compresSmol/compresSmol -w build/assets/graphics/pokemon/simisage/back.png.4bpp build/assets/graphics/pokemon/simisage/back.png.4bpp.smol
tools/compresSmol/compresSmol -w build/assets/graphics/pokemon/simisage/overworld.png_mwidth_4__mheight_4.4bpp build/assets/graphics/pokemon/simisage/overworld.png_mwidth_4__mheight_4.4bpp.smol
tools/compresSmol/compresSmol -w build/assets/graphics/pokemon/simisear/anim_front.png.4bpp build/assets/graphics/pokemon/simisear/anim_front.png.4bpp.smol
tools/compresSmol/compresSmol -w build/assets/graphics/pokemon/simisear/back.png.4bpp build/assets/graphics/pokemon/simisear/back.png.4bpp.smol
tools/compresSmol/compresSmol -w build/assets/graphics/pokemon/simisear/overworld.png_mwidth_4__mheight_4.4bpp build/assets/graphics/pokemon/simisear/overworld.png_mwidth_4__mheight_4.4bpp.smol
tools/compresSmol/compresSmol -w build/assets/graphics/pokemon/sinistcha/back.png.4bpp build/assets/graphics/pokemon/sinistcha/back.png.4bpp.smol
tools/compresSmol/compresSmol -w build/assets/graphics/pokemon/sinistcha/front.png.4bpp build/assets/graphics/pokemon/sinistcha/front.png.4bpp.smol
tools/compresSmol/compresSmol -w build/assets/graphics/pokemon/sinistcha/overworld.png_mwidth_4__mheight_4.4bpp build/assets/graphics/pokemon/sinistcha/overworld.png_mwidth_4__mheight_4.4bpp.smol
tools/compresSmol/compresSmol -w build/assets/graphics/pokemon/sinistea/back.png.4bpp build/assets/graphics/pokemon/sinistea/back.png.4bpp.smol
tools/compresSmol/compresSmol -w build/assets/graphics/pokemon/sinistea/front.png.4bpp build/assets/graphics/pokemon/sinistea/front.png.4bpp.smol
tools/compresSmol/compresSmol -w build/assets/graphics/pokemon/sinistea/overworld.png_mwidth_4__mheight_4.4bpp build/assets/graphics/pokemon/sinistea/overworld.png_mwidth_4__mheight_4.4bpp.smol
tools/compresSmol/compresSmol -w build/assets/graphics/pokemon/sirfetchd/back.png.4bpp build/assets/graphics/pokemon/sirfetchd/back.png.4bpp.smol
tools/compresSmol/compresSmol -w build/assets/graphics/pokemon/sirfetchd/front.png.4bpp build/assets/graphics/pokemon/sirfetchd/front.png.4bpp.smol
tools/compresSmol/compresSmol -w build/assets/graphics/pokemon/sirfetchd/overworld.png_mwidth_4__mheight_4.4bpp build/assets/graphics/pokemon/sirfetchd/overworld.png_mwidth_4__mheight_4.4bpp.smol
tools/compresSmol/compresSmol -w build/assets/graphics/pokemon/sizzlipede/anim_front.png.4bpp build/assets/graphics/pokemon/sizzlipede/anim_front.png.4bpp.smol
tools/compresSmol/compresSmol -w build/assets/graphics/pokemon/sizzlipede/back.png.4bpp build/assets/graphics/pokemon/sizzlipede/back.png.4bpp.smol
tools/compresSmol/compresSmol -w build/assets/graphics/pokemon/sizzlipede/overworld.png_mwidth_4__mheight_4.4bpp build/assets/graphics/pokemon/sizzlipede/overworld.png_mwidth_4__mheight_4.4bpp.smol
tools/compresSmol/compresSmol -w build/assets/graphics/pokemon/skarmory/anim_front.png.4bpp build/assets/graphics/pokemon/skarmory/anim_front.png.4bpp.smol
tools/compresSmol/compresSmol -w build/assets/graphics/pokemon/skarmory/anim_front_gba.png.4bpp build/assets/graphics/pokemon/skarmory/anim_front_gba.png.4bpp.smol
tools/compresSmol/compresSmol -w build/assets/graphics/pokemon/skarmory/back.png.4bpp build/assets/graphics/pokemon/skarmory/back.png.4bpp.smol
tools/compresSmol/compresSmol -w build/assets/graphics/pokemon/skarmory/back_gba.png.4bpp build/assets/graphics/pokemon/skarmory/back_gba.png.4bpp.smol
tools/compresSmol/compresSmol -w build/assets/graphics/pokemon/skarmory/mega/back.png.4bpp build/assets/graphics/pokemon/skarmory/mega/back.png.4bpp.smol
tools/compresSmol/compresSmol -w build/assets/graphics/pokemon/skarmory/mega/front.png.4bpp build/assets/graphics/pokemon/skarmory/mega/front.png.4bpp.smol
tools/compresSmol/compresSmol -w build/assets/graphics/pokemon/skarmory/overworld.png_mwidth_4__mheight_4.4bpp build/assets/graphics/pokemon/skarmory/overworld.png_mwidth_4__mheight_4.4bpp.smol
tools/compresSmol/compresSmol -w build/assets/graphics/pokemon/skeledirge/back.png.4bpp build/assets/graphics/pokemon/skeledirge/back.png.4bpp.smol
tools/compresSmol/compresSmol -w build/assets/graphics/pokemon/skeledirge/front.png.4bpp build/assets/graphics/pokemon/skeledirge/front.png.4bpp.smol
tools/compresSmol/compresSmol -w build/assets/graphics/pokemon/skeledirge/overworld.png_mwidth_4__mheight_4.4bpp build/assets/graphics/pokemon/skeledirge/overworld.png_mwidth_4__mheight_4.4bpp.smol
tools/compresSmol/compresSmol -w build/assets/graphics/pokemon/skiddo/anim_front.png.4bpp build/assets/graphics/pokemon/skiddo/anim_front.png.4bpp.smol
tools/compresSmol/compresSmol -w build/assets/graphics/pokemon/skiddo/back.png.4bpp build/assets/graphics/pokemon/skiddo/back.png.4bpp.smol
tools/compresSmol/compresSmol -w build/assets/graphics/pokemon/skiddo/overworld.png_mwidth_4__mheight_4.4bpp build/assets/graphics/pokemon/skiddo/overworld.png_mwidth_4__mheight_4.4bpp.smol
tools/compresSmol/compresSmol -w build/assets/graphics/pokemon/skiploom/anim_front.png.4bpp build/assets/graphics/pokemon/skiploom/anim_front.png.4bpp.smol
tools/compresSmol/compresSmol -w build/assets/graphics/pokemon/skiploom/anim_front_gba.png.4bpp build/assets/graphics/pokemon/skiploom/anim_front_gba.png.4bpp.smol
tools/compresSmol/compresSmol -w build/assets/graphics/pokemon/skiploom/back.png.4bpp build/assets/graphics/pokemon/skiploom/back.png.4bpp.smol
tools/compresSmol/compresSmol -w build/assets/graphics/pokemon/skiploom/back_gba.png.4bpp build/assets/graphics/pokemon/skiploom/back_gba.png.4bpp.smol
tools/compresSmol/compresSmol -w build/assets/graphics/pokemon/skiploom/overworld.png_mwidth_4__mheight_4.4bpp build/assets/graphics/pokemon/skiploom/overworld.png_mwidth_4__mheight_4.4bpp.smol
tools/compresSmol/compresSmol -w build/assets/graphics/pokemon/skitty/anim_front.png.4bpp build/assets/graphics/pokemon/skitty/anim_front.png.4bpp.smol
tools/compresSmol/compresSmol -w build/assets/graphics/pokemon/skitty/anim_front_gba.png.4bpp build/assets/graphics/pokemon/skitty/anim_front_gba.png.4bpp.smol
tools/compresSmol/compresSmol -w build/assets/graphics/pokemon/skitty/back.png.4bpp build/assets/graphics/pokemon/skitty/back.png.4bpp.smol
tools/compresSmol/compresSmol -w build/assets/graphics/pokemon/skitty/back_gba.png.4bpp build/assets/graphics/pokemon/skitty/back_gba.png.4bpp.smol
tools/compresSmol/compresSmol -w build/assets/graphics/pokemon/skitty/overworld.png_mwidth_4__mheight_4.4bpp build/assets/graphics/pokemon/skitty/overworld.png_mwidth_4__mheight_4.4bpp.smol
tools/compresSmol/compresSmol -w build/assets/graphics/pokemon/skorupi/anim_front.png.4bpp build/assets/graphics/pokemon/skorupi/anim_front.png.4bpp.smol
tools/compresSmol/compresSmol -w build/assets/graphics/pokemon/skorupi/back.png.4bpp build/assets/graphics/pokemon/skorupi/back.png.4bpp.smol
tools/compresSmol/compresSmol -w build/assets/graphics/pokemon/skorupi/overworld.png_mwidth_4__mheight_4.4bpp build/assets/graphics/pokemon/skorupi/overworld.png_mwidth_4__mheight_4.4bpp.smol
tools/compresSmol/compresSmol -w build/assets/graphics/pokemon/skrelp/anim_front.png.4bpp build/assets/graphics/pokemon/skrelp/anim_front.png.4bpp.smol
tools/compresSmol/compresSmol -w build/assets/graphics/pokemon/skrelp/back.png.4bpp build/assets/graphics/pokemon/skrelp/back.png.4bpp.smol
tools/compresSmol/compresSmol -w build/assets/graphics/pokemon/skrelp/overworld.png_mwidth_4__mheight_4.4bpp build/assets/graphics/pokemon/skrelp/overworld.png_mwidth_4__mheight_4.4bpp.smol
tools/compresSmol/compresSmol -w build/assets/graphics/pokemon/skuntank/anim_front.png.4bpp build/assets/graphics/pokemon/skuntank/anim_front.png.4bpp.smol
tools/compresSmol/compresSmol -w build/assets/graphics/pokemon/skuntank/back.png.4bpp build/assets/graphics/pokemon/skuntank/back.png.4bpp.smol
tools/compresSmol/compresSmol -w build/assets/graphics/pokemon/skuntank/overworld.png_mwidth_4__mheight_4.4bpp build/assets/graphics/pokemon/skuntank/overworld.png_mwidth_4__mheight_4.4bpp.smol
tools/compresSmol/compresSmol -w build/assets/graphics/pokemon/skwovet/back.png.4bpp build/assets/graphics/pokemon/skwovet/back.png.4bpp.smol
tools/compresSmol/compresSmol -w build/assets/graphics/pokemon/skwovet/front.png.4bpp build/assets/graphics/pokemon/skwovet/front.png.4bpp.smol
tools/compresSmol/compresSmol -w build/assets/graphics/pokemon/skwovet/overworld.png_mwidth_4__mheight_4.4bpp build/assets/graphics/pokemon/skwovet/overworld.png_mwidth_4__mheight_4.4bpp.smol
tools/compresSmol/compresSmol -w build/assets/graphics/pokemon/slaking/anim_front.png.4bpp build/assets/graphics/pokemon/slaking/anim_front.png.4bpp.smol
tools/compresSmol/compresSmol -w build/assets/graphics/pokemon/slaking/anim_front_gba.png.4bpp build/assets/graphics/pokemon/slaking/anim_front_gba.png.4bpp.smol
tools/compresSmol/compresSmol -w build/assets/graphics/pokemon/slaking/back.png.4bpp build/assets/graphics/pokemon/slaking/back.png.4bpp.smol
tools/compresSmol/compresSmol -w build/assets/graphics/pokemon/slaking/back_gba.png.4bpp build/assets/graphics/pokemon/slaking/back_gba.png.4bpp.smol
tools/compresSmol/compresSmol -w build/assets/graphics/pokemon/slaking/overworld.png_mwidth_4__mheight_4.4bpp build/assets/graphics/pokemon/slaking/overworld.png_mwidth_4__mheight_4.4bpp.smol
tools/compresSmol/compresSmol -w build/assets/graphics/pokemon/slakoth/anim_front.png.4bpp build/assets/graphics/pokemon/slakoth/anim_front.png.4bpp.smol
tools/compresSmol/compresSmol -w build/assets/graphics/pokemon/slakoth/anim_front_gba.png.4bpp build/assets/graphics/pokemon/slakoth/anim_front_gba.png.4bpp.smol
tools/compresSmol/compresSmol -w build/assets/graphics/pokemon/slakoth/back.png.4bpp build/assets/graphics/pokemon/slakoth/back.png.4bpp.smol
tools/compresSmol/compresSmol -w build/assets/graphics/pokemon/slakoth/back_gba.png.4bpp build/assets/graphics/pokemon/slakoth/back_gba.png.4bpp.smol
tools/compresSmol/compresSmol -w build/assets/graphics/pokemon/slakoth/overworld.png_mwidth_4__mheight_4.4bpp build/assets/graphics/pokemon/slakoth/overworld.png_mwidth_4__mheight_4.4bpp.smol
tools/compresSmol/compresSmol -w build/assets/graphics/pokemon/sliggoo/anim_front.png.4bpp build/assets/graphics/pokemon/sliggoo/anim_front.png.4bpp.smol
tools/compresSmol/compresSmol -w build/assets/graphics/pokemon/sliggoo/back.png.4bpp build/assets/graphics/pokemon/sliggoo/back.png.4bpp.smol
tools/compresSmol/compresSmol -w build/assets/graphics/pokemon/sliggoo/hisui/back.png.4bpp build/assets/graphics/pokemon/sliggoo/hisui/back.png.4bpp.smol
tools/compresSmol/compresSmol -w build/assets/graphics/pokemon/sliggoo/hisui/front.png.4bpp build/assets/graphics/pokemon/sliggoo/hisui/front.png.4bpp.smol
tools/compresSmol/compresSmol -w build/assets/graphics/pokemon/sliggoo/hisui/overworld.png_mwidth_4__mheight_4.4bpp build/assets/graphics/pokemon/sliggoo/hisui/overworld.png_mwidth_4__mheight_4.4bpp.smol
tools/compresSmol/compresSmol -w build/assets/graphics/pokemon/sliggoo/overworld.png_mwidth_4__mheight_4.4bpp build/assets/graphics/pokemon/sliggoo/overworld.png_mwidth_4__mheight_4.4bpp.smol
tools/compresSmol/compresSmol -w build/assets/graphics/pokemon/slither_wing/back.png.4bpp build/assets/graphics/pokemon/slither_wing/back.png.4bpp.smol
tools/compresSmol/compresSmol -w build/assets/graphics/pokemon/slither_wing/front.png.4bpp build/assets/graphics/pokemon/slither_wing/front.png.4bpp.smol
tools/compresSmol/compresSmol -w build/assets/graphics/pokemon/slither_wing/overworld.png_mwidth_4__mheight_4.4bpp build/assets/graphics/pokemon/slither_wing/overworld.png_mwidth_4__mheight_4.4bpp.smol
tools/compresSmol/compresSmol -w build/assets/graphics/pokemon/slowbro/anim_front.png.4bpp build/assets/graphics/pokemon/slowbro/anim_front.png.4bpp.smol
tools/compresSmol/compresSmol -w build/assets/graphics/pokemon/slowbro/anim_front_gba.png.4bpp build/assets/graphics/pokemon/slowbro/anim_front_gba.png.4bpp.smol
tools/compresSmol/compresSmol -w build/assets/graphics/pokemon/slowbro/back.png.4bpp build/assets/graphics/pokemon/slowbro/back.png.4bpp.smol
tools/compresSmol/compresSmol -w build/assets/graphics/pokemon/slowbro/back_gba.png.4bpp build/assets/graphics/pokemon/slowbro/back_gba.png.4bpp.smol
tools/compresSmol/compresSmol -w build/assets/graphics/pokemon/slowbro/galar/back.png.4bpp build/assets/graphics/pokemon/slowbro/galar/back.png.4bpp.smol
tools/compresSmol/compresSmol -w build/assets/graphics/pokemon/slowbro/galar/front.png.4bpp build/assets/graphics/pokemon/slowbro/galar/front.png.4bpp.smol
tools/compresSmol/compresSmol -w build/assets/graphics/pokemon/slowbro/galar/overworld.png_mwidth_4__mheight_4.4bpp build/assets/graphics/pokemon/slowbro/galar/overworld.png_mwidth_4__mheight_4.4bpp.smol
tools/compresSmol/compresSmol -w build/assets/graphics/pokemon/slowbro/mega/back.png.4bpp build/assets/graphics/pokemon/slowbro/mega/back.png.4bpp.smol
tools/compresSmol/compresSmol -w build/assets/graphics/pokemon/slowbro/mega/front.png.4bpp build/assets/graphics/pokemon/slowbro/mega/front.png.4bpp.smol
tools/compresSmol/compresSmol -w build/assets/graphics/pokemon/slowbro/mega/overworld.png_mwidth_4__mheight_4.4bpp build/assets/graphics/pokemon/slowbro/mega/overworld.png_mwidth_4__mheight_4.4bpp.smol
tools/compresSmol/compresSmol -w build/assets/graphics/pokemon/slowbro/overworld.png_mwidth_4__mheight_4.4bpp build/assets/graphics/pokemon/slowbro/overworld.png_mwidth_4__mheight_4.4bpp.smol
tools/compresSmol/compresSmol -w build/assets/graphics/pokemon/slowking/anim_front.png.4bpp build/assets/graphics/pokemon/slowking/anim_front.png.4bpp.smol
tools/compresSmol/compresSmol -w build/assets/graphics/pokemon/slowking/anim_front_gba.png.4bpp build/assets/graphics/pokemon/slowking/anim_front_gba.png.4bpp.smol
tools/compresSmol/compresSmol -w build/assets/graphics/pokemon/slowking/back.png.4bpp build/assets/graphics/pokemon/slowking/back.png.4bpp.smol
tools/compresSmol/compresSmol -w build/assets/graphics/pokemon/slowking/back_gba.png.4bpp build/assets/graphics/pokemon/slowking/back_gba.png.4bpp.smol
tools/compresSmol/compresSmol -w build/assets/graphics/pokemon/slowking/galar/back.png.4bpp build/assets/graphics/pokemon/slowking/galar/back.png.4bpp.smol
tools/compresSmol/compresSmol -w build/assets/graphics/pokemon/slowking/galar/front.png.4bpp build/assets/graphics/pokemon/slowking/galar/front.png.4bpp.smol
tools/compresSmol/compresSmol -w build/assets/graphics/pokemon/slowking/galar/overworld.png_mwidth_4__mheight_4.4bpp build/assets/graphics/pokemon/slowking/galar/overworld.png_mwidth_4__mheight_4.4bpp.smol
tools/compresSmol/compresSmol -w build/assets/graphics/pokemon/slowking/overworld.png_mwidth_4__mheight_4.4bpp build/assets/graphics/pokemon/slowking/overworld.png_mwidth_4__mheight_4.4bpp.smol
tools/compresSmol/compresSmol -w build/assets/graphics/pokemon/slowpoke/anim_front.png.4bpp build/assets/graphics/pokemon/slowpoke/anim_front.png.4bpp.smol
tools/compresSmol/compresSmol -w build/assets/graphics/pokemon/slowpoke/anim_front_gba.png.4bpp build/assets/graphics/pokemon/slowpoke/anim_front_gba.png.4bpp.smol
tools/compresSmol/compresSmol -w build/assets/graphics/pokemon/slowpoke/back.png.4bpp build/assets/graphics/pokemon/slowpoke/back.png.4bpp.smol
tools/compresSmol/compresSmol -w build/assets/graphics/pokemon/slowpoke/back_gba.png.4bpp build/assets/graphics/pokemon/slowpoke/back_gba.png.4bpp.smol
tools/compresSmol/compresSmol -w build/assets/graphics/pokemon/slowpoke/galar/back.png.4bpp build/assets/graphics/pokemon/slowpoke/galar/back.png.4bpp.smol
tools/compresSmol/compresSmol -w build/assets/graphics/pokemon/slowpoke/galar/front.png.4bpp build/assets/graphics/pokemon/slowpoke/galar/front.png.4bpp.smol
tools/compresSmol/compresSmol -w build/assets/graphics/pokemon/slowpoke/galar/overworld.png_mwidth_4__mheight_4.4bpp build/assets/graphics/pokemon/slowpoke/galar/overworld.png_mwidth_4__mheight_4.4bpp.smol
tools/compresSmol/compresSmol -w build/assets/graphics/pokemon/slowpoke/overworld.png_mwidth_4__mheight_4.4bpp build/assets/graphics/pokemon/slowpoke/overworld.png_mwidth_4__mheight_4.4bpp.smol
tools/compresSmol/compresSmol -w build/assets/graphics/pokemon/slugma/anim_front.png.4bpp build/assets/graphics/pokemon/slugma/anim_front.png.4bpp.smol
tools/compresSmol/compresSmol -w build/assets/graphics/pokemon/slugma/anim_front_gba.png.4bpp build/assets/graphics/pokemon/slugma/anim_front_gba.png.4bpp.smol
tools/compresSmol/compresSmol -w build/assets/graphics/pokemon/slugma/back.png.4bpp build/assets/graphics/pokemon/slugma/back.png.4bpp.smol
tools/compresSmol/compresSmol -w build/assets/graphics/pokemon/slugma/back_gba.png.4bpp build/assets/graphics/pokemon/slugma/back_gba.png.4bpp.smol
tools/compresSmol/compresSmol -w build/assets/graphics/pokemon/slugma/overworld.png_mwidth_4__mheight_4.4bpp build/assets/graphics/pokemon/slugma/overworld.png_mwidth_4__mheight_4.4bpp.smol
tools/compresSmol/compresSmol -w build/assets/graphics/pokemon/slurpuff/anim_front.png.4bpp build/assets/graphics/pokemon/slurpuff/anim_front.png.4bpp.smol
tools/compresSmol/compresSmol -w build/assets/graphics/pokemon/slurpuff/back.png.4bpp build/assets/graphics/pokemon/slurpuff/back.png.4bpp.smol
tools/compresSmol/compresSmol -w build/assets/graphics/pokemon/slurpuff/overworld.png_mwidth_4__mheight_4.4bpp build/assets/graphics/pokemon/slurpuff/overworld.png_mwidth_4__mheight_4.4bpp.smol
tools/compresSmol/compresSmol -w build/assets/graphics/pokemon/smeargle/anim_front.png.4bpp build/assets/graphics/pokemon/smeargle/anim_front.png.4bpp.smol
tools/compresSmol/compresSmol -w build/assets/graphics/pokemon/smeargle/anim_front_gba.png.4bpp build/assets/graphics/pokemon/smeargle/anim_front_gba.png.4bpp.smol
tools/compresSmol/compresSmol -w build/assets/graphics/pokemon/smeargle/back.png.4bpp build/assets/graphics/pokemon/smeargle/back.png.4bpp.smol
tools/compresSmol/compresSmol -w build/assets/graphics/pokemon/smeargle/back_gba.png.4bpp build/assets/graphics/pokemon/smeargle/back_gba.png.4bpp.smol
tools/compresSmol/compresSmol -w build/assets/graphics/pokemon/smeargle/overworld.png_mwidth_4__mheight_4.4bpp build/assets/graphics/pokemon/smeargle/overworld.png_mwidth_4__mheight_4.4bpp.smol
tools/compresSmol/compresSmol -w build/assets/graphics/pokemon/smoliv/back.png.4bpp build/assets/graphics/pokemon/smoliv/back.png.4bpp.smol
tools/compresSmol/compresSmol -w build/assets/graphics/pokemon/smoliv/front.png.4bpp build/assets/graphics/pokemon/smoliv/front.png.4bpp.smol
tools/compresSmol/compresSmol -w build/assets/graphics/pokemon/smoliv/overworld.png_mwidth_4__mheight_4.4bpp build/assets/graphics/pokemon/smoliv/overworld.png_mwidth_4__mheight_4.4bpp.smol
tools/compresSmol/compresSmol -w build/assets/graphics/pokemon/smoochum/anim_front.png.4bpp build/assets/graphics/pokemon/smoochum/anim_front.png.4bpp.smol
tools/compresSmol/compresSmol -w build/assets/graphics/pokemon/smoochum/anim_front_gba.png.4bpp build/assets/graphics/pokemon/smoochum/anim_front_gba.png.4bpp.smol
tools/compresSmol/compresSmol -w build/assets/graphics/pokemon/smoochum/back.png.4bpp build/assets/graphics/pokemon/smoochum/back.png.4bpp.smol
tools/compresSmol/compresSmol -w build/assets/graphics/pokemon/smoochum/back_gba.png.4bpp build/assets/graphics/pokemon/smoochum/back_gba.png.4bpp.smol
tools/compresSmol/compresSmol -w build/assets/graphics/pokemon/smoochum/overworld.png_mwidth_4__mheight_4.4bpp build/assets/graphics/pokemon/smoochum/overworld.png_mwidth_4__mheight_4.4bpp.smol
tools/compresSmol/compresSmol -w build/assets/graphics/pokemon/sneasel/anim_front.png.4bpp build/assets/graphics/pokemon/sneasel/anim_front.png.4bpp.smol
tools/compresSmol/compresSmol -w build/assets/graphics/pokemon/sneasel/anim_front_gba.png.4bpp build/assets/graphics/pokemon/sneasel/anim_front_gba.png.4bpp.smol
tools/compresSmol/compresSmol -w build/assets/graphics/pokemon/sneasel/anim_frontf.png.4bpp build/assets/graphics/pokemon/sneasel/anim_frontf.png.4bpp.smol
tools/compresSmol/compresSmol -w build/assets/graphics/pokemon/sneasel/back.png.4bpp build/assets/graphics/pokemon/sneasel/back.png.4bpp.smol
tools/compresSmol/compresSmol -w build/assets/graphics/pokemon/sneasel/back_gba.png.4bpp build/assets/graphics/pokemon/sneasel/back_gba.png.4bpp.smol
tools/compresSmol/compresSmol -w build/assets/graphics/pokemon/sneasel/backf.png.4bpp build/assets/graphics/pokemon/sneasel/backf.png.4bpp.smol
tools/compresSmol/compresSmol -w build/assets/graphics/pokemon/sneasel/hisui/back.png.4bpp build/assets/graphics/pokemon/sneasel/hisui/back.png.4bpp.smol
tools/compresSmol/compresSmol -w build/assets/graphics/pokemon/sneasel/hisui/backf.png.4bpp build/assets/graphics/pokemon/sneasel/hisui/backf.png.4bpp.smol
tools/compresSmol/compresSmol -w build/assets/graphics/pokemon/sneasel/hisui/front.png.4bpp build/assets/graphics/pokemon/sneasel/hisui/front.png.4bpp.smol
tools/compresSmol/compresSmol -w build/assets/graphics/pokemon/sneasel/hisui/frontf.png.4bpp build/assets/graphics/pokemon/sneasel/hisui/frontf.png.4bpp.smol
tools/compresSmol/compresSmol -w build/assets/graphics/pokemon/sneasel/hisui/overworld.png_mwidth_4__mheight_4.4bpp build/assets/graphics/pokemon/sneasel/hisui/overworld.png_mwidth_4__mheight_4.4bpp.smol
tools/compresSmol/compresSmol -w build/assets/graphics/pokemon/sneasel/hisui/overworldf.png_mwidth_4__mheight_4.4bpp build/assets/graphics/pokemon/sneasel/hisui/overworldf.png_mwidth_4__mheight_4.4bpp.smol
tools/compresSmol/compresSmol -w build/assets/graphics/pokemon/sneasel/overworld.png_mwidth_4__mheight_4.4bpp build/assets/graphics/pokemon/sneasel/overworld.png_mwidth_4__mheight_4.4bpp.smol
tools/compresSmol/compresSmol -w build/assets/graphics/pokemon/sneasel/overworldf.png_mwidth_4__mheight_4.4bpp build/assets/graphics/pokemon/sneasel/overworldf.png_mwidth_4__mheight_4.4bpp.smol
tools/compresSmol/compresSmol -w build/assets/graphics/pokemon/sneasler/back.png.4bpp build/assets/graphics/pokemon/sneasler/back.png.4bpp.smol
tools/compresSmol/compresSmol -w build/assets/graphics/pokemon/sneasler/front.png.4bpp build/assets/graphics/pokemon/sneasler/front.png.4bpp.smol
tools/compresSmol/compresSmol -w build/assets/graphics/pokemon/sneasler/overworld.png_mwidth_4__mheight_4.4bpp build/assets/graphics/pokemon/sneasler/overworld.png_mwidth_4__mheight_4.4bpp.smol
tools/compresSmol/compresSmol -w build/assets/graphics/pokemon/snivy/anim_front.png.4bpp build/assets/graphics/pokemon/snivy/anim_front.png.4bpp.smol
tools/compresSmol/compresSmol -w build/assets/graphics/pokemon/snivy/back.png.4bpp build/assets/graphics/pokemon/snivy/back.png.4bpp.smol
tools/compresSmol/compresSmol -w build/assets/graphics/pokemon/snivy/overworld.png_mwidth_4__mheight_4.4bpp build/assets/graphics/pokemon/snivy/overworld.png_mwidth_4__mheight_4.4bpp.smol
tools/compresSmol/compresSmol -w build/assets/graphics/pokemon/snom/back.png.4bpp build/assets/graphics/pokemon/snom/back.png.4bpp.smol
tools/compresSmol/compresSmol -w build/assets/graphics/pokemon/snom/front.png.4bpp build/assets/graphics/pokemon/snom/front.png.4bpp.smol
tools/compresSmol/compresSmol -w build/assets/graphics/pokemon/snom/overworld.png_mwidth_4__mheight_4.4bpp build/assets/graphics/pokemon/snom/overworld.png_mwidth_4__mheight_4.4bpp.smol
tools/compresSmol/compresSmol -w build/assets/graphics/pokemon/snorlax/anim_front.png.4bpp build/assets/graphics/pokemon/snorlax/anim_front.png.4bpp.smol
tools/compresSmol/compresSmol -w build/assets/graphics/pokemon/snorlax/anim_front_gba.png.4bpp build/assets/graphics/pokemon/snorlax/anim_front_gba.png.4bpp.smol
tools/compresSmol/compresSmol -w build/assets/graphics/pokemon/snorlax/back.png.4bpp build/assets/graphics/pokemon/snorlax/back.png.4bpp.smol
tools/compresSmol/compresSmol -w build/assets/graphics/pokemon/snorlax/back_gba.png.4bpp build/assets/graphics/pokemon/snorlax/back_gba.png.4bpp.smol
tools/compresSmol/compresSmol -w build/assets/graphics/pokemon/snorlax/gmax/back.png.4bpp build/assets/graphics/pokemon/snorlax/gmax/back.png.4bpp.smol
tools/compresSmol/compresSmol -w build/assets/graphics/pokemon/snorlax/gmax/front.png.4bpp build/assets/graphics/pokemon/snorlax/gmax/front.png.4bpp.smol
tools/compresSmol/compresSmol -w build/assets/graphics/pokemon/snorlax/overworld.png_mwidth_4__mheight_4.4bpp build/assets/graphics/pokemon/snorlax/overworld.png_mwidth_4__mheight_4.4bpp.smol
tools/compresSmol/compresSmol -w build/assets/graphics/pokemon/snorunt/anim_front.png.4bpp build/assets/graphics/pokemon/snorunt/anim_front.png.4bpp.smol
tools/compresSmol/compresSmol -w build/assets/graphics/pokemon/snorunt/anim_front_gba.png.4bpp build/assets/graphics/pokemon/snorunt/anim_front_gba.png.4bpp.smol
tools/compresSmol/compresSmol -w build/assets/graphics/pokemon/snorunt/back.png.4bpp build/assets/graphics/pokemon/snorunt/back.png.4bpp.smol
tools/compresSmol/compresSmol -w build/assets/graphics/pokemon/snorunt/back_gba.png.4bpp build/assets/graphics/pokemon/snorunt/back_gba.png.4bpp.smol
tools/compresSmol/compresSmol -w build/assets/graphics/pokemon/snorunt/overworld.png_mwidth_4__mheight_4.4bpp build/assets/graphics/pokemon/snorunt/overworld.png_mwidth_4__mheight_4.4bpp.smol
tools/compresSmol/compresSmol -w build/assets/graphics/pokemon/snover/anim_front.png.4bpp build/assets/graphics/pokemon/snover/anim_front.png.4bpp.smol
tools/compresSmol/compresSmol -w build/assets/graphics/pokemon/snover/anim_frontf.png.4bpp build/assets/graphics/pokemon/snover/anim_frontf.png.4bpp.smol
tools/compresSmol/compresSmol -w build/assets/graphics/pokemon/snover/back.png.4bpp build/assets/graphics/pokemon/snover/back.png.4bpp.smol
tools/compresSmol/compresSmol -w build/assets/graphics/pokemon/snover/backf.png.4bpp build/assets/graphics/pokemon/snover/backf.png.4bpp.smol
tools/compresSmol/compresSmol -w build/assets/graphics/pokemon/snover/overworld.png_mwidth_4__mheight_4.4bpp build/assets/graphics/pokemon/snover/overworld.png_mwidth_4__mheight_4.4bpp.smol
tools/compresSmol/compresSmol -w build/assets/graphics/pokemon/snover/overworldf.png_mwidth_4__mheight_4.4bpp build/assets/graphics/pokemon/snover/overworldf.png_mwidth_4__mheight_4.4bpp.smol
tools/compresSmol/compresSmol -w build/assets/graphics/pokemon/snubbull/anim_front.png.4bpp build/assets/graphics/pokemon/snubbull/anim_front.png.4bpp.smol
tools/compresSmol/compresSmol -w build/assets/graphics/pokemon/snubbull/anim_front_gba.png.4bpp build/assets/graphics/pokemon/snubbull/anim_front_gba.png.4bpp.smol
tools/compresSmol/compresSmol -w build/assets/graphics/pokemon/snubbull/back.png.4bpp build/assets/graphics/pokemon/snubbull/back.png.4bpp.smol
tools/compresSmol/compresSmol -w build/assets/graphics/pokemon/snubbull/back_gba.png.4bpp build/assets/graphics/pokemon/snubbull/back_gba.png.4bpp.smol
tools/compresSmol/compresSmol -w build/assets/graphics/pokemon/snubbull/overworld.png_mwidth_4__mheight_4.4bpp build/assets/graphics/pokemon/snubbull/overworld.png_mwidth_4__mheight_4.4bpp.smol
tools/compresSmol/compresSmol -w build/assets/graphics/pokemon/sobble/back.png.4bpp build/assets/graphics/pokemon/sobble/back.png.4bpp.smol
tools/compresSmol/compresSmol -w build/assets/graphics/pokemon/sobble/front.png.4bpp build/assets/graphics/pokemon/sobble/front.png.4bpp.smol
tools/compresSmol/compresSmol -w build/assets/graphics/pokemon/sobble/overworld.png_mwidth_4__mheight_4.4bpp build/assets/graphics/pokemon/sobble/overworld.png_mwidth_4__mheight_4.4bpp.smol
tools/compresSmol/compresSmol -w build/assets/graphics/pokemon/solgaleo/back.png.4bpp build/assets/graphics/pokemon/solgaleo/back.png.4bpp.smol
tools/compresSmol/compresSmol -w build/assets/graphics/pokemon/solgaleo/front.png.4bpp build/assets/graphics/pokemon/solgaleo/front.png.4bpp.smol
tools/compresSmol/compresSmol -w build/assets/graphics/pokemon/solgaleo/overworld.png_mwidth_4__mheight_4.4bpp build/assets/graphics/pokemon/solgaleo/overworld.png_mwidth_4__mheight_4.4bpp.smol
tools/compresSmol/compresSmol -w build/assets/graphics/pokemon/solosis/anim_front.png.4bpp build/assets/graphics/pokemon/solosis/anim_front.png.4bpp.smol
tools/compresSmol/compresSmol -w build/assets/graphics/pokemon/solosis/back.png.4bpp build/assets/graphics/pokemon/solosis/back.png.4bpp.smol
tools/compresSmol/compresSmol -w build/assets/graphics/pokemon/solosis/overworld.png_mwidth_4__mheight_4.4bpp build/assets/graphics/pokemon/solosis/overworld.png_mwidth_4__mheight_4.4bpp.smol
tools/compresSmol/compresSmol -w build/assets/graphics/pokemon/solrock/anim_front.png.4bpp build/assets/graphics/pokemon/solrock/anim_front.png.4bpp.smol
tools/compresSmol/compresSmol -w build/assets/graphics/pokemon/solrock/anim_front_gba.png.4bpp build/assets/graphics/pokemon/solrock/anim_front_gba.png.4bpp.smol
tools/compresSmol/compresSmol -w build/assets/graphics/pokemon/solrock/back.png.4bpp build/assets/graphics/pokemon/solrock/back.png.4bpp.smol
tools/compresSmol/compresSmol -w build/assets/graphics/pokemon/solrock/back_gba.png.4bpp build/assets/graphics/pokemon/solrock/back_gba.png.4bpp.smol
tools/compresSmol/compresSmol -w build/assets/graphics/pokemon/solrock/overworld.png_mwidth_4__mheight_4.4bpp build/assets/graphics/pokemon/solrock/overworld.png_mwidth_4__mheight_4.4bpp.smol
tools/compresSmol/compresSmol -w build/assets/graphics/pokemon/spearow/anim_front.png.4bpp build/assets/graphics/pokemon/spearow/anim_front.png.4bpp.smol
tools/compresSmol/compresSmol -w build/assets/graphics/pokemon/spearow/anim_front_gba.png.4bpp build/assets/graphics/pokemon/spearow/anim_front_gba.png.4bpp.smol
tools/compresSmol/compresSmol -w build/assets/graphics/pokemon/spearow/back.png.4bpp build/assets/graphics/pokemon/spearow/back.png.4bpp.smol
tools/compresSmol/compresSmol -w build/assets/graphics/pokemon/spearow/back_gba.png.4bpp build/assets/graphics/pokemon/spearow/back_gba.png.4bpp.smol
tools/compresSmol/compresSmol -w build/assets/graphics/pokemon/spearow/overworld.png_mwidth_4__mheight_4.4bpp build/assets/graphics/pokemon/spearow/overworld.png_mwidth_4__mheight_4.4bpp.smol
tools/compresSmol/compresSmol -w build/assets/graphics/pokemon/spectrier/back.png.4bpp build/assets/graphics/pokemon/spectrier/back.png.4bpp.smol
tools/compresSmol/compresSmol -w build/assets/graphics/pokemon/spectrier/front.png.4bpp build/assets/graphics/pokemon/spectrier/front.png.4bpp.smol
tools/compresSmol/compresSmol -w build/assets/graphics/pokemon/spectrier/overworld.png_mwidth_4__mheight_4.4bpp build/assets/graphics/pokemon/spectrier/overworld.png_mwidth_4__mheight_4.4bpp.smol
tools/compresSmol/compresSmol -w build/assets/graphics/pokemon/spewpa/anim_front.png.4bpp build/assets/graphics/pokemon/spewpa/anim_front.png.4bpp.smol
tools/compresSmol/compresSmol -w build/assets/graphics/pokemon/spewpa/back.png.4bpp build/assets/graphics/pokemon/spewpa/back.png.4bpp.smol
tools/compresSmol/compresSmol -w build/assets/graphics/pokemon/spewpa/overworld.png_mwidth_4__mheight_4.4bpp build/assets/graphics/pokemon/spewpa/overworld.png_mwidth_4__mheight_4.4bpp.smol
tools/compresSmol/compresSmol -w build/assets/graphics/pokemon/spheal/anim_front.png.4bpp build/assets/graphics/pokemon/spheal/anim_front.png.4bpp.smol
tools/compresSmol/compresSmol -w build/assets/graphics/pokemon/spheal/anim_front_gba.png.4bpp build/assets/graphics/pokemon/spheal/anim_front_gba.png.4bpp.smol
tools/compresSmol/compresSmol -w build/assets/graphics/pokemon/spheal/back.png.4bpp build/assets/graphics/pokemon/spheal/back.png.4bpp.smol
tools/compresSmol/compresSmol -w build/assets/graphics/pokemon/spheal/back_gba.png.4bpp build/assets/graphics/pokemon/spheal/back_gba.png.4bpp.smol
tools/compresSmol/compresSmol -w build/assets/graphics/pokemon/spheal/overworld.png_mwidth_4__mheight_4.4bpp build/assets/graphics/pokemon/spheal/overworld.png_mwidth_4__mheight_4.4bpp.smol
tools/compresSmol/compresSmol -w build/assets/graphics/pokemon/spidops/back.png.4bpp build/assets/graphics/pokemon/spidops/back.png.4bpp.smol
tools/compresSmol/compresSmol -w build/assets/graphics/pokemon/spidops/front.png.4bpp build/assets/graphics/pokemon/spidops/front.png.4bpp.smol
tools/compresSmol/compresSmol -w build/assets/graphics/pokemon/spidops/overworld.png_mwidth_4__mheight_4.4bpp build/assets/graphics/pokemon/spidops/overworld.png_mwidth_4__mheight_4.4bpp.smol
tools/compresSmol/compresSmol -w build/assets/graphics/pokemon/spinarak/anim_front.png.4bpp build/assets/graphics/pokemon/spinarak/anim_front.png.4bpp.smol
tools/compresSmol/compresSmol -w build/assets/graphics/pokemon/spinarak/anim_front_gba.png.4bpp build/assets/graphics/pokemon/spinarak/anim_front_gba.png.4bpp.smol
tools/compresSmol/compresSmol -w build/assets/graphics/pokemon/spinarak/back.png.4bpp build/assets/graphics/pokemon/spinarak/back.png.4bpp.smol
tools/compresSmol/compresSmol -w build/assets/graphics/pokemon/spinarak/back_gba.png.4bpp build/assets/graphics/pokemon/spinarak/back_gba.png.4bpp.smol
tools/compresSmol/compresSmol -w build/assets/graphics/pokemon/spinarak/overworld.png_mwidth_4__mheight_4.4bpp build/assets/graphics/pokemon/spinarak/overworld.png_mwidth_4__mheight_4.4bpp.smol
tools/compresSmol/compresSmol -w build/assets/graphics/pokemon/spinda/anim_front.png.4bpp build/assets/graphics/pokemon/spinda/anim_front.png.4bpp.smol
tools/compresSmol/compresSmol -w build/assets/graphics/pokemon/spinda/anim_front_gba.png.4bpp build/assets/graphics/pokemon/spinda/anim_front_gba.png.4bpp.smol
tools/compresSmol/compresSmol -w build/assets/graphics/pokemon/spinda/back.png.4bpp build/assets/graphics/pokemon/spinda/back.png.4bpp.smol
tools/compresSmol/compresSmol -w build/assets/graphics/pokemon/spinda/back_gba.png.4bpp build/assets/graphics/pokemon/spinda/back_gba.png.4bpp.smol
tools/compresSmol/compresSmol -w build/assets/graphics/pokemon/spinda/overworld.png_mwidth_4__mheight_4.4bpp build/assets/graphics/pokemon/spinda/overworld.png_mwidth_4__mheight_4.4bpp.smol
tools/compresSmol/compresSmol -w build/assets/graphics/pokemon/spiritomb/anim_front.png.4bpp build/assets/graphics/pokemon/spiritomb/anim_front.png.4bpp.smol
tools/compresSmol/compresSmol -w build/assets/graphics/pokemon/spiritomb/back.png.4bpp build/assets/graphics/pokemon/spiritomb/back.png.4bpp.smol
tools/compresSmol/compresSmol -w build/assets/graphics/pokemon/spiritomb/overworld.png_mwidth_4__mheight_4.4bpp build/assets/graphics/pokemon/spiritomb/overworld.png_mwidth_4__mheight_4.4bpp.smol
tools/compresSmol/compresSmol -w build/assets/graphics/pokemon/spoink/anim_front.png.4bpp build/assets/graphics/pokemon/spoink/anim_front.png.4bpp.smol
tools/compresSmol/compresSmol -w build/assets/graphics/pokemon/spoink/anim_front_gba.png.4bpp build/assets/graphics/pokemon/spoink/anim_front_gba.png.4bpp.smol
tools/compresSmol/compresSmol -w build/assets/graphics/pokemon/spoink/back.png.4bpp build/assets/graphics/pokemon/spoink/back.png.4bpp.smol
tools/compresSmol/compresSmol -w build/assets/graphics/pokemon/spoink/back_gba.png.4bpp build/assets/graphics/pokemon/spoink/back_gba.png.4bpp.smol
tools/compresSmol/compresSmol -w build/assets/graphics/pokemon/spoink/overworld.png_mwidth_4__mheight_4.4bpp build/assets/graphics/pokemon/spoink/overworld.png_mwidth_4__mheight_4.4bpp.smol
tools/compresSmol/compresSmol -w build/assets/graphics/pokemon/sprigatito/back.png.4bpp build/assets/graphics/pokemon/sprigatito/back.png.4bpp.smol
tools/compresSmol/compresSmol -w build/assets/graphics/pokemon/sprigatito/front.png.4bpp build/assets/graphics/pokemon/sprigatito/front.png.4bpp.smol
tools/compresSmol/compresSmol -w build/assets/graphics/pokemon/sprigatito/overworld.png_mwidth_4__mheight_4.4bpp build/assets/graphics/pokemon/sprigatito/overworld.png_mwidth_4__mheight_4.4bpp.smol
tools/compresSmol/compresSmol -w build/assets/graphics/pokemon/spritzee/anim_front.png.4bpp build/assets/graphics/pokemon/spritzee/anim_front.png.4bpp.smol
tools/compresSmol/compresSmol -w build/assets/graphics/pokemon/spritzee/back.png.4bpp build/assets/graphics/pokemon/spritzee/back.png.4bpp.smol
tools/compresSmol/compresSmol -w build/assets/graphics/pokemon/spritzee/overworld.png_mwidth_4__mheight_4.4bpp build/assets/graphics/pokemon/spritzee/overworld.png_mwidth_4__mheight_4.4bpp.smol
tools/compresSmol/compresSmol -w build/assets/graphics/pokemon/squawkabilly/back.png.4bpp build/assets/graphics/pokemon/squawkabilly/back.png.4bpp.smol
tools/compresSmol/compresSmol -w build/assets/graphics/pokemon/squawkabilly/blue/overworld.png_mwidth_4__mheight_4.4bpp build/assets/graphics/pokemon/squawkabilly/blue/overworld.png_mwidth_4__mheight_4.4bpp.smol
tools/compresSmol/compresSmol -w build/assets/graphics/pokemon/squawkabilly/front.png.4bpp build/assets/graphics/pokemon/squawkabilly/front.png.4bpp.smol
tools/compresSmol/compresSmol -w build/assets/graphics/pokemon/squawkabilly/overworld.png_mwidth_4__mheight_4.4bpp build/assets/graphics/pokemon/squawkabilly/overworld.png_mwidth_4__mheight_4.4bpp.smol
tools/compresSmol/compresSmol -w build/assets/graphics/pokemon/squawkabilly/white/overworld.png_mwidth_4__mheight_4.4bpp build/assets/graphics/pokemon/squawkabilly/white/overworld.png_mwidth_4__mheight_4.4bpp.smol
tools/compresSmol/compresSmol -w build/assets/graphics/pokemon/squawkabilly/yellow/overworld.png_mwidth_4__mheight_4.4bpp build/assets/graphics/pokemon/squawkabilly/yellow/overworld.png_mwidth_4__mheight_4.4bpp.smol
tools/compresSmol/compresSmol -w build/assets/graphics/pokemon/squirtle/anim_front.png.4bpp build/assets/graphics/pokemon/squirtle/anim_front.png.4bpp.smol
tools/compresSmol/compresSmol -w build/assets/graphics/pokemon/squirtle/anim_front_gba.png.4bpp build/assets/graphics/pokemon/squirtle/anim_front_gba.png.4bpp.smol
tools/compresSmol/compresSmol -w build/assets/graphics/pokemon/squirtle/back.png.4bpp build/assets/graphics/pokemon/squirtle/back.png.4bpp.smol
tools/compresSmol/compresSmol -w build/assets/graphics/pokemon/squirtle/back_gba.png.4bpp build/assets/graphics/pokemon/squirtle/back_gba.png.4bpp.smol
tools/compresSmol/compresSmol -w build/assets/graphics/pokemon/squirtle/overworld.png_mwidth_4__mheight_4.4bpp build/assets/graphics/pokemon/squirtle/overworld.png_mwidth_4__mheight_4.4bpp.smol
tools/compresSmol/compresSmol -w build/assets/graphics/pokemon/stakataka/back.png.4bpp build/assets/graphics/pokemon/stakataka/back.png.4bpp.smol
tools/compresSmol/compresSmol -w build/assets/graphics/pokemon/stakataka/front.png.4bpp build/assets/graphics/pokemon/stakataka/front.png.4bpp.smol
tools/compresSmol/compresSmol -w build/assets/graphics/pokemon/stakataka/overworld.png_mwidth_4__mheight_4.4bpp build/assets/graphics/pokemon/stakataka/overworld.png_mwidth_4__mheight_4.4bpp.smol
tools/compresSmol/compresSmol -w build/assets/graphics/pokemon/stantler/anim_front.png.4bpp build/assets/graphics/pokemon/stantler/anim_front.png.4bpp.smol
tools/compresSmol/compresSmol -w build/assets/graphics/pokemon/stantler/anim_front_gba.png.4bpp build/assets/graphics/pokemon/stantler/anim_front_gba.png.4bpp.smol
tools/compresSmol/compresSmol -w build/assets/graphics/pokemon/stantler/back.png.4bpp build/assets/graphics/pokemon/stantler/back.png.4bpp.smol
tools/compresSmol/compresSmol -w build/assets/graphics/pokemon/stantler/back_gba.png.4bpp build/assets/graphics/pokemon/stantler/back_gba.png.4bpp.smol
tools/compresSmol/compresSmol -w build/assets/graphics/pokemon/stantler/overworld.png_mwidth_4__mheight_4.4bpp build/assets/graphics/pokemon/stantler/overworld.png_mwidth_4__mheight_4.4bpp.smol
tools/compresSmol/compresSmol -w build/assets/graphics/pokemon/staraptor/anim_front.png.4bpp build/assets/graphics/pokemon/staraptor/anim_front.png.4bpp.smol
tools/compresSmol/compresSmol -w build/assets/graphics/pokemon/staraptor/anim_frontf.png.4bpp build/assets/graphics/pokemon/staraptor/anim_frontf.png.4bpp.smol
tools/compresSmol/compresSmol -w build/assets/graphics/pokemon/staraptor/back.png.4bpp build/assets/graphics/pokemon/staraptor/back.png.4bpp.smol
tools/compresSmol/compresSmol -w build/assets/graphics/pokemon/staraptor/mega/back.png.4bpp build/assets/graphics/pokemon/staraptor/mega/back.png.4bpp.smol
tools/compresSmol/compresSmol -w build/assets/graphics/pokemon/staraptor/mega/front.png.4bpp build/assets/graphics/pokemon/staraptor/mega/front.png.4bpp.smol
tools/compresSmol/compresSmol -w build/assets/graphics/pokemon/staraptor/overworld.png_mwidth_4__mheight_4.4bpp build/assets/graphics/pokemon/staraptor/overworld.png_mwidth_4__mheight_4.4bpp.smol
tools/compresSmol/compresSmol -w build/assets/graphics/pokemon/staraptor/overworldf.png_mwidth_4__mheight_4.4bpp build/assets/graphics/pokemon/staraptor/overworldf.png_mwidth_4__mheight_4.4bpp.smol
tools/compresSmol/compresSmol -w build/assets/graphics/pokemon/staravia/anim_front.png.4bpp build/assets/graphics/pokemon/staravia/anim_front.png.4bpp.smol
tools/compresSmol/compresSmol -w build/assets/graphics/pokemon/staravia/anim_frontf.png.4bpp build/assets/graphics/pokemon/staravia/anim_frontf.png.4bpp.smol
tools/compresSmol/compresSmol -w build/assets/graphics/pokemon/staravia/back.png.4bpp build/assets/graphics/pokemon/staravia/back.png.4bpp.smol
tools/compresSmol/compresSmol -w build/assets/graphics/pokemon/staravia/overworld.png_mwidth_4__mheight_4.4bpp build/assets/graphics/pokemon/staravia/overworld.png_mwidth_4__mheight_4.4bpp.smol
tools/compresSmol/compresSmol -w build/assets/graphics/pokemon/staravia/overworldf.png_mwidth_4__mheight_4.4bpp build/assets/graphics/pokemon/staravia/overworldf.png_mwidth_4__mheight_4.4bpp.smol
tools/compresSmol/compresSmol -w build/assets/graphics/pokemon/starly/anim_front.png.4bpp build/assets/graphics/pokemon/starly/anim_front.png.4bpp.smol
tools/compresSmol/compresSmol -w build/assets/graphics/pokemon/starly/anim_frontf.png.4bpp build/assets/graphics/pokemon/starly/anim_frontf.png.4bpp.smol
tools/compresSmol/compresSmol -w build/assets/graphics/pokemon/starly/back.png.4bpp build/assets/graphics/pokemon/starly/back.png.4bpp.smol
tools/compresSmol/compresSmol -w build/assets/graphics/pokemon/starly/backf.png.4bpp build/assets/graphics/pokemon/starly/backf.png.4bpp.smol
tools/compresSmol/compresSmol -w build/assets/graphics/pokemon/starly/overworld.png_mwidth_4__mheight_4.4bpp build/assets/graphics/pokemon/starly/overworld.png_mwidth_4__mheight_4.4bpp.smol
tools/compresSmol/compresSmol -w build/assets/graphics/pokemon/starly/overworldf.png_mwidth_4__mheight_4.4bpp build/assets/graphics/pokemon/starly/overworldf.png_mwidth_4__mheight_4.4bpp.smol
tools/compresSmol/compresSmol -w build/assets/graphics/pokemon/starmie/anim_front.png.4bpp build/assets/graphics/pokemon/starmie/anim_front.png.4bpp.smol
tools/compresSmol/compresSmol -w build/assets/graphics/pokemon/starmie/anim_front_gba.png.4bpp build/assets/graphics/pokemon/starmie/anim_front_gba.png.4bpp.smol
tools/compresSmol/compresSmol -w build/assets/graphics/pokemon/starmie/back.png.4bpp build/assets/graphics/pokemon/starmie/back.png.4bpp.smol
tools/compresSmol/compresSmol -w build/assets/graphics/pokemon/starmie/back_gba.png.4bpp build/assets/graphics/pokemon/starmie/back_gba.png.4bpp.smol
tools/compresSmol/compresSmol -w build/assets/graphics/pokemon/starmie/mega/back.png.4bpp build/assets/graphics/pokemon/starmie/mega/back.png.4bpp.smol
tools/compresSmol/compresSmol -w build/assets/graphics/pokemon/starmie/mega/front.png.4bpp build/assets/graphics/pokemon/starmie/mega/front.png.4bpp.smol
tools/compresSmol/compresSmol -w build/assets/graphics/pokemon/starmie/overworld.png_mwidth_4__mheight_4.4bpp build/assets/graphics/pokemon/starmie/overworld.png_mwidth_4__mheight_4.4bpp.smol
tools/compresSmol/compresSmol -w build/assets/graphics/pokemon/staryu/anim_front.png.4bpp build/assets/graphics/pokemon/staryu/anim_front.png.4bpp.smol
tools/compresSmol/compresSmol -w build/assets/graphics/pokemon/staryu/anim_front_gba.png.4bpp build/assets/graphics/pokemon/staryu/anim_front_gba.png.4bpp.smol
tools/compresSmol/compresSmol -w build/assets/graphics/pokemon/staryu/back.png.4bpp build/assets/graphics/pokemon/staryu/back.png.4bpp.smol
tools/compresSmol/compresSmol -w build/assets/graphics/pokemon/staryu/back_gba.png.4bpp build/assets/graphics/pokemon/staryu/back_gba.png.4bpp.smol
tools/compresSmol/compresSmol -w build/assets/graphics/pokemon/staryu/overworld.png_mwidth_4__mheight_4.4bpp build/assets/graphics/pokemon/staryu/overworld.png_mwidth_4__mheight_4.4bpp.smol
tools/compresSmol/compresSmol -w build/assets/graphics/pokemon/steelix/anim_front.png.4bpp build/assets/graphics/pokemon/steelix/anim_front.png.4bpp.smol
tools/compresSmol/compresSmol -w build/assets/graphics/pokemon/steelix/anim_front_gba.png.4bpp build/assets/graphics/pokemon/steelix/anim_front_gba.png.4bpp.smol
tools/compresSmol/compresSmol -w build/assets/graphics/pokemon/steelix/anim_frontf.png.4bpp build/assets/graphics/pokemon/steelix/anim_frontf.png.4bpp.smol
tools/compresSmol/compresSmol -w build/assets/graphics/pokemon/steelix/back.png.4bpp build/assets/graphics/pokemon/steelix/back.png.4bpp.smol
tools/compresSmol/compresSmol -w build/assets/graphics/pokemon/steelix/back_gba.png.4bpp build/assets/graphics/pokemon/steelix/back_gba.png.4bpp.smol
tools/compresSmol/compresSmol -w build/assets/graphics/pokemon/steelix/backf.png.4bpp build/assets/graphics/pokemon/steelix/backf.png.4bpp.smol
tools/compresSmol/compresSmol -w build/assets/graphics/pokemon/steelix/mega/back.png.4bpp build/assets/graphics/pokemon/steelix/mega/back.png.4bpp.smol
tools/compresSmol/compresSmol -w build/assets/graphics/pokemon/steelix/mega/front.png.4bpp build/assets/graphics/pokemon/steelix/mega/front.png.4bpp.smol
tools/compresSmol/compresSmol -w build/assets/graphics/pokemon/steelix/mega/overworld.png_mwidth_8__mheight_8.4bpp build/assets/graphics/pokemon/steelix/mega/overworld.png_mwidth_8__mheight_8.4bpp.smol
tools/compresSmol/compresSmol -w build/assets/graphics/pokemon/steelix/overworld.png_mwidth_8__mheight_8.4bpp build/assets/graphics/pokemon/steelix/overworld.png_mwidth_8__mheight_8.4bpp.smol
tools/compresSmol/compresSmol -w build/assets/graphics/pokemon/steelix/overworldf.png_mwidth_8__mheight_8.4bpp build/assets/graphics/pokemon/steelix/overworldf.png_mwidth_8__mheight_8.4bpp.smol
tools/compresSmol/compresSmol -w build/assets/graphics/pokemon/steenee/back.png.4bpp build/assets/graphics/pokemon/steenee/back.png.4bpp.smol
tools/compresSmol/compresSmol -w build/assets/graphics/pokemon/steenee/front.png.4bpp build/assets/graphics/pokemon/steenee/front.png.4bpp.smol
tools/compresSmol/compresSmol -w build/assets/graphics/pokemon/steenee/overworld.png_mwidth_4__mheight_4.4bpp build/assets/graphics/pokemon/steenee/overworld.png_mwidth_4__mheight_4.4bpp.smol
tools/compresSmol/compresSmol -w build/assets/graphics/pokemon/stonjourner/back.png.4bpp build/assets/graphics/pokemon/stonjourner/back.png.4bpp.smol
tools/compresSmol/compresSmol -w build/assets/graphics/pokemon/stonjourner/front.png.4bpp build/assets/graphics/pokemon/stonjourner/front.png.4bpp.smol
tools/compresSmol/compresSmol -w build/assets/graphics/pokemon/stonjourner/overworld.png_mwidth_4__mheight_4.4bpp build/assets/graphics/pokemon/stonjourner/overworld.png_mwidth_4__mheight_4.4bpp.smol
tools/compresSmol/compresSmol -w build/assets/graphics/pokemon/stoutland/anim_front.png.4bpp build/assets/graphics/pokemon/stoutland/anim_front.png.4bpp.smol
tools/compresSmol/compresSmol -w build/assets/graphics/pokemon/stoutland/back.png.4bpp build/assets/graphics/pokemon/stoutland/back.png.4bpp.smol
tools/compresSmol/compresSmol -w build/assets/graphics/pokemon/stoutland/overworld.png_mwidth_4__mheight_4.4bpp build/assets/graphics/pokemon/stoutland/overworld.png_mwidth_4__mheight_4.4bpp.smol
tools/compresSmol/compresSmol -w build/assets/graphics/pokemon/stufful/anim_front.png.4bpp build/assets/graphics/pokemon/stufful/anim_front.png.4bpp.smol
tools/compresSmol/compresSmol -w build/assets/graphics/pokemon/stufful/back.png.4bpp build/assets/graphics/pokemon/stufful/back.png.4bpp.smol
tools/compresSmol/compresSmol -w build/assets/graphics/pokemon/stufful/overworld.png_mwidth_4__mheight_4.4bpp build/assets/graphics/pokemon/stufful/overworld.png_mwidth_4__mheight_4.4bpp.smol
tools/compresSmol/compresSmol -w build/assets/graphics/pokemon/stunfisk/anim_front.png.4bpp build/assets/graphics/pokemon/stunfisk/anim_front.png.4bpp.smol
tools/compresSmol/compresSmol -w build/assets/graphics/pokemon/stunfisk/back.png.4bpp build/assets/graphics/pokemon/stunfisk/back.png.4bpp.smol
tools/compresSmol/compresSmol -w build/assets/graphics/pokemon/stunfisk/galar/back.png.4bpp build/assets/graphics/pokemon/stunfisk/galar/back.png.4bpp.smol
tools/compresSmol/compresSmol -w build/assets/graphics/pokemon/stunfisk/galar/front.png.4bpp build/assets/graphics/pokemon/stunfisk/galar/front.png.4bpp.smol
tools/compresSmol/compresSmol -w build/assets/graphics/pokemon/stunfisk/galar/overworld.png_mwidth_4__mheight_4.4bpp build/assets/graphics/pokemon/stunfisk/galar/overworld.png_mwidth_4__mheight_4.4bpp.smol
tools/compresSmol/compresSmol -w build/assets/graphics/pokemon/stunfisk/overworld.png_mwidth_4__mheight_4.4bpp build/assets/graphics/pokemon/stunfisk/overworld.png_mwidth_4__mheight_4.4bpp.smol
tools/compresSmol/compresSmol -w build/assets/graphics/pokemon/stunky/anim_front.png.4bpp build/assets/graphics/pokemon/stunky/anim_front.png.4bpp.smol
tools/compresSmol/compresSmol -w build/assets/graphics/pokemon/stunky/back.png.4bpp build/assets/graphics/pokemon/stunky/back.png.4bpp.smol
tools/compresSmol/compresSmol -w build/assets/graphics/pokemon/stunky/overworld.png_mwidth_4__mheight_4.4bpp build/assets/graphics/pokemon/stunky/overworld.png_mwidth_4__mheight_4.4bpp.smol
tools/compresSmol/compresSmol -w build/assets/graphics/pokemon/sudowoodo/anim_front.png.4bpp build/assets/graphics/pokemon/sudowoodo/anim_front.png.4bpp.smol
tools/compresSmol/compresSmol -w build/assets/graphics/pokemon/sudowoodo/anim_front_gba.png.4bpp build/assets/graphics/pokemon/sudowoodo/anim_front_gba.png.4bpp.smol
tools/compresSmol/compresSmol -w build/assets/graphics/pokemon/sudowoodo/anim_frontf.png.4bpp build/assets/graphics/pokemon/sudowoodo/anim_frontf.png.4bpp.smol
tools/compresSmol/compresSmol -w build/assets/graphics/pokemon/sudowoodo/back.png.4bpp build/assets/graphics/pokemon/sudowoodo/back.png.4bpp.smol
tools/compresSmol/compresSmol -w build/assets/graphics/pokemon/sudowoodo/back_gba.png.4bpp build/assets/graphics/pokemon/sudowoodo/back_gba.png.4bpp.smol
tools/compresSmol/compresSmol -w build/assets/graphics/pokemon/sudowoodo/backf.png.4bpp build/assets/graphics/pokemon/sudowoodo/backf.png.4bpp.smol
tools/compresSmol/compresSmol -w build/assets/graphics/pokemon/sudowoodo/overworld.png_mwidth_4__mheight_4.4bpp build/assets/graphics/pokemon/sudowoodo/overworld.png_mwidth_4__mheight_4.4bpp.smol
tools/compresSmol/compresSmol -w build/assets/graphics/pokemon/sudowoodo/overworldf.png_mwidth_4__mheight_4.4bpp build/assets/graphics/pokemon/sudowoodo/overworldf.png_mwidth_4__mheight_4.4bpp.smol
tools/compresSmol/compresSmol -w build/assets/graphics/pokemon/suicune/anim_front.png.4bpp build/assets/graphics/pokemon/suicune/anim_front.png.4bpp.smol
tools/compresSmol/compresSmol -w build/assets/graphics/pokemon/suicune/anim_front_gba.png.4bpp build/assets/graphics/pokemon/suicune/anim_front_gba.png.4bpp.smol
tools/compresSmol/compresSmol -w build/assets/graphics/pokemon/suicune/back.png.4bpp build/assets/graphics/pokemon/suicune/back.png.4bpp.smol
tools/compresSmol/compresSmol -w build/assets/graphics/pokemon/suicune/back_gba.png.4bpp build/assets/graphics/pokemon/suicune/back_gba.png.4bpp.smol
tools/compresSmol/compresSmol -w build/assets/graphics/pokemon/suicune/overworld.png_mwidth_4__mheight_4.4bpp build/assets/graphics/pokemon/suicune/overworld.png_mwidth_4__mheight_4.4bpp.smol
tools/compresSmol/compresSmol -w build/assets/graphics/pokemon/sunflora/anim_front.png.4bpp build/assets/graphics/pokemon/sunflora/anim_front.png.4bpp.smol
tools/compresSmol/compresSmol -w build/assets/graphics/pokemon/sunflora/anim_front_gba.png.4bpp build/assets/graphics/pokemon/sunflora/anim_front_gba.png.4bpp.smol
tools/compresSmol/compresSmol -w build/assets/graphics/pokemon/sunflora/back.png.4bpp build/assets/graphics/pokemon/sunflora/back.png.4bpp.smol
tools/compresSmol/compresSmol -w build/assets/graphics/pokemon/sunflora/back_gba.png.4bpp build/assets/graphics/pokemon/sunflora/back_gba.png.4bpp.smol
tools/compresSmol/compresSmol -w build/assets/graphics/pokemon/sunflora/overworld.png_mwidth_4__mheight_4.4bpp build/assets/graphics/pokemon/sunflora/overworld.png_mwidth_4__mheight_4.4bpp.smol
tools/compresSmol/compresSmol -w build/assets/graphics/pokemon/sunkern/anim_front.png.4bpp build/assets/graphics/pokemon/sunkern/anim_front.png.4bpp.smol
tools/compresSmol/compresSmol -w build/assets/graphics/pokemon/sunkern/anim_front_gba.png.4bpp build/assets/graphics/pokemon/sunkern/anim_front_gba.png.4bpp.smol
tools/compresSmol/compresSmol -w build/assets/graphics/pokemon/sunkern/back.png.4bpp build/assets/graphics/pokemon/sunkern/back.png.4bpp.smol
tools/compresSmol/compresSmol -w build/assets/graphics/pokemon/sunkern/back_gba.png.4bpp build/assets/graphics/pokemon/sunkern/back_gba.png.4bpp.smol
tools/compresSmol/compresSmol -w build/assets/graphics/pokemon/sunkern/overworld.png_mwidth_4__mheight_4.4bpp build/assets/graphics/pokemon/sunkern/overworld.png_mwidth_4__mheight_4.4bpp.smol
tools/compresSmol/compresSmol -w build/assets/graphics/pokemon/surskit/anim_front.png.4bpp build/assets/graphics/pokemon/surskit/anim_front.png.4bpp.smol
tools/compresSmol/compresSmol -w build/assets/graphics/pokemon/surskit/anim_front_gba.png.4bpp build/assets/graphics/pokemon/surskit/anim_front_gba.png.4bpp.smol
tools/compresSmol/compresSmol -w build/assets/graphics/pokemon/surskit/back.png.4bpp build/assets/graphics/pokemon/surskit/back.png.4bpp.smol
tools/compresSmol/compresSmol -w build/assets/graphics/pokemon/surskit/back_gba.png.4bpp build/assets/graphics/pokemon/surskit/back_gba.png.4bpp.smol
tools/compresSmol/compresSmol -w build/assets/graphics/pokemon/surskit/overworld.png_mwidth_4__mheight_4.4bpp build/assets/graphics/pokemon/surskit/overworld.png_mwidth_4__mheight_4.4bpp.smol
tools/compresSmol/compresSmol -w build/assets/graphics/pokemon/swablu/anim_front.png.4bpp build/assets/graphics/pokemon/swablu/anim_front.png.4bpp.smol
tools/compresSmol/compresSmol -w build/assets/graphics/pokemon/swablu/anim_front_gba.png.4bpp build/assets/graphics/pokemon/swablu/anim_front_gba.png.4bpp.smol
tools/compresSmol/compresSmol -w build/assets/graphics/pokemon/swablu/back.png.4bpp build/assets/graphics/pokemon/swablu/back.png.4bpp.smol
tools/compresSmol/compresSmol -w build/assets/graphics/pokemon/swablu/back_gba.png.4bpp build/assets/graphics/pokemon/swablu/back_gba.png.4bpp.smol
tools/compresSmol/compresSmol -w build/assets/graphics/pokemon/swablu/overworld.png_mwidth_4__mheight_4.4bpp build/assets/graphics/pokemon/swablu/overworld.png_mwidth_4__mheight_4.4bpp.smol
tools/compresSmol/compresSmol -w build/assets/graphics/pokemon/swadloon/anim_front.png.4bpp build/assets/graphics/pokemon/swadloon/anim_front.png.4bpp.smol
tools/compresSmol/compresSmol -w build/assets/graphics/pokemon/swadloon/back.png.4bpp build/assets/graphics/pokemon/swadloon/back.png.4bpp.smol
tools/compresSmol/compresSmol -w build/assets/graphics/pokemon/swadloon/overworld.png_mwidth_4__mheight_4.4bpp build/assets/graphics/pokemon/swadloon/overworld.png_mwidth_4__mheight_4.4bpp.smol
tools/compresSmol/compresSmol -w build/assets/graphics/pokemon/swalot/anim_front.png.4bpp build/assets/graphics/pokemon/swalot/anim_front.png.4bpp.smol
tools/compresSmol/compresSmol -w build/assets/graphics/pokemon/swalot/anim_front_gba.png.4bpp build/assets/graphics/pokemon/swalot/anim_front_gba.png.4bpp.smol
tools/compresSmol/compresSmol -w build/assets/graphics/pokemon/swalot/anim_frontf.png.4bpp build/assets/graphics/pokemon/swalot/anim_frontf.png.4bpp.smol
tools/compresSmol/compresSmol -w build/assets/graphics/pokemon/swalot/back.png.4bpp build/assets/graphics/pokemon/swalot/back.png.4bpp.smol
tools/compresSmol/compresSmol -w build/assets/graphics/pokemon/swalot/back_gba.png.4bpp build/assets/graphics/pokemon/swalot/back_gba.png.4bpp.smol
tools/compresSmol/compresSmol -w build/assets/graphics/pokemon/swalot/backf.png.4bpp build/assets/graphics/pokemon/swalot/backf.png.4bpp.smol
tools/compresSmol/compresSmol -w build/assets/graphics/pokemon/swalot/overworld.png_mwidth_4__mheight_4.4bpp build/assets/graphics/pokemon/swalot/overworld.png_mwidth_4__mheight_4.4bpp.smol
tools/compresSmol/compresSmol -w build/assets/graphics/pokemon/swalot/overworldf.png_mwidth_4__mheight_4.4bpp build/assets/graphics/pokemon/swalot/overworldf.png_mwidth_4__mheight_4.4bpp.smol
tools/compresSmol/compresSmol -w build/assets/graphics/pokemon/swampert/anim_front.png.4bpp build/assets/graphics/pokemon/swampert/anim_front.png.4bpp.smol
tools/compresSmol/compresSmol -w build/assets/graphics/pokemon/swampert/anim_front_gba.png.4bpp build/assets/graphics/pokemon/swampert/anim_front_gba.png.4bpp.smol
tools/compresSmol/compresSmol -w build/assets/graphics/pokemon/swampert/back.png.4bpp build/assets/graphics/pokemon/swampert/back.png.4bpp.smol
tools/compresSmol/compresSmol -w build/assets/graphics/pokemon/swampert/back_gba.png.4bpp build/assets/graphics/pokemon/swampert/back_gba.png.4bpp.smol
tools/compresSmol/compresSmol -w build/assets/graphics/pokemon/swampert/mega/back.png.4bpp build/assets/graphics/pokemon/swampert/mega/back.png.4bpp.smol
tools/compresSmol/compresSmol -w build/assets/graphics/pokemon/swampert/mega/front.png.4bpp build/assets/graphics/pokemon/swampert/mega/front.png.4bpp.smol
tools/compresSmol/compresSmol -w build/assets/graphics/pokemon/swampert/mega/overworld.png_mwidth_4__mheight_4.4bpp build/assets/graphics/pokemon/swampert/mega/overworld.png_mwidth_4__mheight_4.4bpp.smol
tools/compresSmol/compresSmol -w build/assets/graphics/pokemon/swampert/overworld.png_mwidth_4__mheight_4.4bpp build/assets/graphics/pokemon/swampert/overworld.png_mwidth_4__mheight_4.4bpp.smol
tools/compresSmol/compresSmol -w build/assets/graphics/pokemon/swanna/anim_front.png.4bpp build/assets/graphics/pokemon/swanna/anim_front.png.4bpp.smol
tools/compresSmol/compresSmol -w build/assets/graphics/pokemon/swanna/back.png.4bpp build/assets/graphics/pokemon/swanna/back.png.4bpp.smol
tools/compresSmol/compresSmol -w build/assets/graphics/pokemon/swanna/overworld.png_mwidth_4__mheight_4.4bpp build/assets/graphics/pokemon/swanna/overworld.png_mwidth_4__mheight_4.4bpp.smol
tools/compresSmol/compresSmol -w build/assets/graphics/pokemon/swellow/anim_front.png.4bpp build/assets/graphics/pokemon/swellow/anim_front.png.4bpp.smol
tools/compresSmol/compresSmol -w build/assets/graphics/pokemon/swellow/anim_front_gba.png.4bpp build/assets/graphics/pokemon/swellow/anim_front_gba.png.4bpp.smol
tools/compresSmol/compresSmol -w build/assets/graphics/pokemon/swellow/back.png.4bpp build/assets/graphics/pokemon/swellow/back.png.4bpp.smol
tools/compresSmol/compresSmol -w build/assets/graphics/pokemon/swellow/back_gba.png.4bpp build/assets/graphics/pokemon/swellow/back_gba.png.4bpp.smol
tools/compresSmol/compresSmol -w build/assets/graphics/pokemon/swellow/overworld.png_mwidth_4__mheight_4.4bpp build/assets/graphics/pokemon/swellow/overworld.png_mwidth_4__mheight_4.4bpp.smol
tools/compresSmol/compresSmol -w build/assets/graphics/pokemon/swinub/anim_front.png.4bpp build/assets/graphics/pokemon/swinub/anim_front.png.4bpp.smol
tools/compresSmol/compresSmol -w build/assets/graphics/pokemon/swinub/anim_front_gba.png.4bpp build/assets/graphics/pokemon/swinub/anim_front_gba.png.4bpp.smol
tools/compresSmol/compresSmol -w build/assets/graphics/pokemon/swinub/back.png.4bpp build/assets/graphics/pokemon/swinub/back.png.4bpp.smol
tools/compresSmol/compresSmol -w build/assets/graphics/pokemon/swinub/back_gba.png.4bpp build/assets/graphics/pokemon/swinub/back_gba.png.4bpp.smol
tools/compresSmol/compresSmol -w build/assets/graphics/pokemon/swinub/overworld.png_mwidth_4__mheight_4.4bpp build/assets/graphics/pokemon/swinub/overworld.png_mwidth_4__mheight_4.4bpp.smol
tools/compresSmol/compresSmol -w build/assets/graphics/pokemon/swirlix/anim_front.png.4bpp build/assets/graphics/pokemon/swirlix/anim_front.png.4bpp.smol
tools/compresSmol/compresSmol -w build/assets/graphics/pokemon/swirlix/back.png.4bpp build/assets/graphics/pokemon/swirlix/back.png.4bpp.smol
tools/compresSmol/compresSmol -w build/assets/graphics/pokemon/swirlix/overworld.png_mwidth_4__mheight_4.4bpp build/assets/graphics/pokemon/swirlix/overworld.png_mwidth_4__mheight_4.4bpp.smol
tools/compresSmol/compresSmol -w build/assets/graphics/pokemon/swoobat/anim_front.png.4bpp build/assets/graphics/pokemon/swoobat/anim_front.png.4bpp.smol
tools/compresSmol/compresSmol -w build/assets/graphics/pokemon/swoobat/back.png.4bpp build/assets/graphics/pokemon/swoobat/back.png.4bpp.smol
tools/compresSmol/compresSmol -w build/assets/graphics/pokemon/swoobat/overworld.png_mwidth_4__mheight_4.4bpp build/assets/graphics/pokemon/swoobat/overworld.png_mwidth_4__mheight_4.4bpp.smol
tools/compresSmol/compresSmol -w build/assets/graphics/pokemon/sylveon/anim_front.png.4bpp build/assets/graphics/pokemon/sylveon/anim_front.png.4bpp.smol
tools/compresSmol/compresSmol -w build/assets/graphics/pokemon/sylveon/back.png.4bpp build/assets/graphics/pokemon/sylveon/back.png.4bpp.smol
tools/compresSmol/compresSmol -w build/assets/graphics/pokemon/sylveon/overworld.png_mwidth_4__mheight_4.4bpp build/assets/graphics/pokemon/sylveon/overworld.png_mwidth_4__mheight_4.4bpp.smol
tools/compresSmol/compresSmol -w build/assets/graphics/pokemon/tadbulb/back.png.4bpp build/assets/graphics/pokemon/tadbulb/back.png.4bpp.smol
tools/compresSmol/compresSmol -w build/assets/graphics/pokemon/tadbulb/front.png.4bpp build/assets/graphics/pokemon/tadbulb/front.png.4bpp.smol
tools/compresSmol/compresSmol -w build/assets/graphics/pokemon/tadbulb/overworld.png_mwidth_4__mheight_4.4bpp build/assets/graphics/pokemon/tadbulb/overworld.png_mwidth_4__mheight_4.4bpp.smol
tools/compresSmol/compresSmol -w build/assets/graphics/pokemon/taillow/anim_front.png.4bpp build/assets/graphics/pokemon/taillow/anim_front.png.4bpp.smol
tools/compresSmol/compresSmol -w build/assets/graphics/pokemon/taillow/anim_front_gba.png.4bpp build/assets/graphics/pokemon/taillow/anim_front_gba.png.4bpp.smol
tools/compresSmol/compresSmol -w build/assets/graphics/pokemon/taillow/back.png.4bpp build/assets/graphics/pokemon/taillow/back.png.4bpp.smol
tools/compresSmol/compresSmol -w build/assets/graphics/pokemon/taillow/back_gba.png.4bpp build/assets/graphics/pokemon/taillow/back_gba.png.4bpp.smol
tools/compresSmol/compresSmol -w build/assets/graphics/pokemon/taillow/overworld.png_mwidth_4__mheight_4.4bpp build/assets/graphics/pokemon/taillow/overworld.png_mwidth_4__mheight_4.4bpp.smol
tools/compresSmol/compresSmol -w build/assets/graphics/pokemon/talonflame/anim_front.png.4bpp build/assets/graphics/pokemon/talonflame/anim_front.png.4bpp.smol
tools/compresSmol/compresSmol -w build/assets/graphics/pokemon/talonflame/back.png.4bpp build/assets/graphics/pokemon/talonflame/back.png.4bpp.smol
tools/compresSmol/compresSmol -w build/assets/graphics/pokemon/talonflame/overworld.png_mwidth_4__mheight_4.4bpp build/assets/graphics/pokemon/talonflame/overworld.png_mwidth_4__mheight_4.4bpp.smol
tools/compresSmol/compresSmol -w build/assets/graphics/pokemon/tandemaus/back.png.4bpp build/assets/graphics/pokemon/tandemaus/back.png.4bpp.smol
tools/compresSmol/compresSmol -w build/assets/graphics/pokemon/tandemaus/front.png.4bpp build/assets/graphics/pokemon/tandemaus/front.png.4bpp.smol
tools/compresSmol/compresSmol -w build/assets/graphics/pokemon/tandemaus/overworld.png_mwidth_4__mheight_4.4bpp build/assets/graphics/pokemon/tandemaus/overworld.png_mwidth_4__mheight_4.4bpp.smol
tools/compresSmol/compresSmol -w build/assets/graphics/pokemon/tangela/anim_front.png.4bpp build/assets/graphics/pokemon/tangela/anim_front.png.4bpp.smol
tools/compresSmol/compresSmol -w build/assets/graphics/pokemon/tangela/anim_front_gba.png.4bpp build/assets/graphics/pokemon/tangela/anim_front_gba.png.4bpp.smol
tools/compresSmol/compresSmol -w build/assets/graphics/pokemon/tangela/back.png.4bpp build/assets/graphics/pokemon/tangela/back.png.4bpp.smol
tools/compresSmol/compresSmol -w build/assets/graphics/pokemon/tangela/back_gba.png.4bpp build/assets/graphics/pokemon/tangela/back_gba.png.4bpp.smol
tools/compresSmol/compresSmol -w build/assets/graphics/pokemon/tangela/overworld.png_mwidth_4__mheight_4.4bpp build/assets/graphics/pokemon/tangela/overworld.png_mwidth_4__mheight_4.4bpp.smol
tools/compresSmol/compresSmol -w build/assets/graphics/pokemon/tangrowth/anim_front.png.4bpp build/assets/graphics/pokemon/tangrowth/anim_front.png.4bpp.smol
tools/compresSmol/compresSmol -w build/assets/graphics/pokemon/tangrowth/anim_frontf.png.4bpp build/assets/graphics/pokemon/tangrowth/anim_frontf.png.4bpp.smol
tools/compresSmol/compresSmol -w build/assets/graphics/pokemon/tangrowth/back.png.4bpp build/assets/graphics/pokemon/tangrowth/back.png.4bpp.smol
tools/compresSmol/compresSmol -w build/assets/graphics/pokemon/tangrowth/overworld.png_mwidth_4__mheight_4.4bpp build/assets/graphics/pokemon/tangrowth/overworld.png_mwidth_4__mheight_4.4bpp.smol
tools/compresSmol/compresSmol -w build/assets/graphics/pokemon/tangrowth/overworldf.png_mwidth_4__mheight_4.4bpp build/assets/graphics/pokemon/tangrowth/overworldf.png_mwidth_4__mheight_4.4bpp.smol
tools/compresSmol/compresSmol -w build/assets/graphics/pokemon/tapu_bulu/anim_front.png.4bpp build/assets/graphics/pokemon/tapu_bulu/anim_front.png.4bpp.smol
tools/compresSmol/compresSmol -w build/assets/graphics/pokemon/tapu_bulu/back.png.4bpp build/assets/graphics/pokemon/tapu_bulu/back.png.4bpp.smol
tools/compresSmol/compresSmol -w build/assets/graphics/pokemon/tapu_bulu/overworld.png_mwidth_4__mheight_4.4bpp build/assets/graphics/pokemon/tapu_bulu/overworld.png_mwidth_4__mheight_4.4bpp.smol
tools/compresSmol/compresSmol -w build/assets/graphics/pokemon/tapu_fini/anim_front.png.4bpp build/assets/graphics/pokemon/tapu_fini/anim_front.png.4bpp.smol
tools/compresSmol/compresSmol -w build/assets/graphics/pokemon/tapu_fini/back.png.4bpp build/assets/graphics/pokemon/tapu_fini/back.png.4bpp.smol
tools/compresSmol/compresSmol -w build/assets/graphics/pokemon/tapu_fini/overworld.png_mwidth_4__mheight_4.4bpp build/assets/graphics/pokemon/tapu_fini/overworld.png_mwidth_4__mheight_4.4bpp.smol
tools/compresSmol/compresSmol -w build/assets/graphics/pokemon/tapu_koko/anim_front.png.4bpp build/assets/graphics/pokemon/tapu_koko/anim_front.png.4bpp.smol
tools/compresSmol/compresSmol -w build/assets/graphics/pokemon/tapu_koko/back.png.4bpp build/assets/graphics/pokemon/tapu_koko/back.png.4bpp.smol
tools/compresSmol/compresSmol -w build/assets/graphics/pokemon/tapu_koko/overworld.png_mwidth_4__mheight_4.4bpp build/assets/graphics/pokemon/tapu_koko/overworld.png_mwidth_4__mheight_4.4bpp.smol
tools/compresSmol/compresSmol -w build/assets/graphics/pokemon/tapu_lele/anim_front.png.4bpp build/assets/graphics/pokemon/tapu_lele/anim_front.png.4bpp.smol
tools/compresSmol/compresSmol -w build/assets/graphics/pokemon/tapu_lele/back.png.4bpp build/assets/graphics/pokemon/tapu_lele/back.png.4bpp.smol
tools/compresSmol/compresSmol -w build/assets/graphics/pokemon/tapu_lele/overworld.png_mwidth_4__mheight_4.4bpp build/assets/graphics/pokemon/tapu_lele/overworld.png_mwidth_4__mheight_4.4bpp.smol
tools/compresSmol/compresSmol -w build/assets/graphics/pokemon/tarountula/back.png.4bpp build/assets/graphics/pokemon/tarountula/back.png.4bpp.smol
tools/compresSmol/compresSmol -w build/assets/graphics/pokemon/tarountula/front.png.4bpp build/assets/graphics/pokemon/tarountula/front.png.4bpp.smol
tools/compresSmol/compresSmol -w build/assets/graphics/pokemon/tarountula/overworld.png_mwidth_4__mheight_4.4bpp build/assets/graphics/pokemon/tarountula/overworld.png_mwidth_4__mheight_4.4bpp.smol
tools/compresSmol/compresSmol -w build/assets/graphics/pokemon/tatsugiri/back.png.4bpp build/assets/graphics/pokemon/tatsugiri/back.png.4bpp.smol
tools/compresSmol/compresSmol -w build/assets/graphics/pokemon/tatsugiri/droopy/back.png.4bpp build/assets/graphics/pokemon/tatsugiri/droopy/back.png.4bpp.smol
tools/compresSmol/compresSmol -w build/assets/graphics/pokemon/tatsugiri/droopy/front.png.4bpp build/assets/graphics/pokemon/tatsugiri/droopy/front.png.4bpp.smol
tools/compresSmol/compresSmol -w build/assets/graphics/pokemon/tatsugiri/droopy/mega/back.png.4bpp build/assets/graphics/pokemon/tatsugiri/droopy/mega/back.png.4bpp.smol
tools/compresSmol/compresSmol -w build/assets/graphics/pokemon/tatsugiri/droopy/mega/front.png.4bpp build/assets/graphics/pokemon/tatsugiri/droopy/mega/front.png.4bpp.smol
tools/compresSmol/compresSmol -w build/assets/graphics/pokemon/tatsugiri/droopy/overworld.png_mwidth_4__mheight_4.4bpp build/assets/graphics/pokemon/tatsugiri/droopy/overworld.png_mwidth_4__mheight_4.4bpp.smol
tools/compresSmol/compresSmol -w build/assets/graphics/pokemon/tatsugiri/front.png.4bpp build/assets/graphics/pokemon/tatsugiri/front.png.4bpp.smol
tools/compresSmol/compresSmol -w build/assets/graphics/pokemon/tatsugiri/mega/back.png.4bpp build/assets/graphics/pokemon/tatsugiri/mega/back.png.4bpp.smol
tools/compresSmol/compresSmol -w build/assets/graphics/pokemon/tatsugiri/mega/front.png.4bpp build/assets/graphics/pokemon/tatsugiri/mega/front.png.4bpp.smol
tools/compresSmol/compresSmol -w build/assets/graphics/pokemon/tatsugiri/overworld.png_mwidth_4__mheight_4.4bpp build/assets/graphics/pokemon/tatsugiri/overworld.png_mwidth_4__mheight_4.4bpp.smol
tools/compresSmol/compresSmol -w build/assets/graphics/pokemon/tatsugiri/stretchy/back.png.4bpp build/assets/graphics/pokemon/tatsugiri/stretchy/back.png.4bpp.smol
tools/compresSmol/compresSmol -w build/assets/graphics/pokemon/tatsugiri/stretchy/front.png.4bpp build/assets/graphics/pokemon/tatsugiri/stretchy/front.png.4bpp.smol
tools/compresSmol/compresSmol -w build/assets/graphics/pokemon/tatsugiri/stretchy/mega/back.png.4bpp build/assets/graphics/pokemon/tatsugiri/stretchy/mega/back.png.4bpp.smol
tools/compresSmol/compresSmol -w build/assets/graphics/pokemon/tatsugiri/stretchy/mega/front.png.4bpp build/assets/graphics/pokemon/tatsugiri/stretchy/mega/front.png.4bpp.smol
tools/compresSmol/compresSmol -w build/assets/graphics/pokemon/tatsugiri/stretchy/overworld.png_mwidth_4__mheight_4.4bpp build/assets/graphics/pokemon/tatsugiri/stretchy/overworld.png_mwidth_4__mheight_4.4bpp.smol
tools/compresSmol/compresSmol -w build/assets/graphics/pokemon/tauros/anim_front.png.4bpp build/assets/graphics/pokemon/tauros/anim_front.png.4bpp.smol
tools/compresSmol/compresSmol -w build/assets/graphics/pokemon/tauros/anim_front_gba.png.4bpp build/assets/graphics/pokemon/tauros/anim_front_gba.png.4bpp.smol
tools/compresSmol/compresSmol -w build/assets/graphics/pokemon/tauros/back.png.4bpp build/assets/graphics/pokemon/tauros/back.png.4bpp.smol
tools/compresSmol/compresSmol -w build/assets/graphics/pokemon/tauros/back_gba.png.4bpp build/assets/graphics/pokemon/tauros/back_gba.png.4bpp.smol
tools/compresSmol/compresSmol -w build/assets/graphics/pokemon/tauros/overworld.png_mwidth_4__mheight_4.4bpp build/assets/graphics/pokemon/tauros/overworld.png_mwidth_4__mheight_4.4bpp.smol
tools/compresSmol/compresSmol -w build/assets/graphics/pokemon/tauros/paldea_aqua/back.png.4bpp build/assets/graphics/pokemon/tauros/paldea_aqua/back.png.4bpp.smol
tools/compresSmol/compresSmol -w build/assets/graphics/pokemon/tauros/paldea_aqua/front.png.4bpp build/assets/graphics/pokemon/tauros/paldea_aqua/front.png.4bpp.smol
tools/compresSmol/compresSmol -w build/assets/graphics/pokemon/tauros/paldea_aqua/overworld.png_mwidth_4__mheight_4.4bpp build/assets/graphics/pokemon/tauros/paldea_aqua/overworld.png_mwidth_4__mheight_4.4bpp.smol
tools/compresSmol/compresSmol -w build/assets/graphics/pokemon/tauros/paldea_blaze/back.png.4bpp build/assets/graphics/pokemon/tauros/paldea_blaze/back.png.4bpp.smol
tools/compresSmol/compresSmol -w build/assets/graphics/pokemon/tauros/paldea_blaze/front.png.4bpp build/assets/graphics/pokemon/tauros/paldea_blaze/front.png.4bpp.smol
tools/compresSmol/compresSmol -w build/assets/graphics/pokemon/tauros/paldea_blaze/overworld.png_mwidth_4__mheight_4.4bpp build/assets/graphics/pokemon/tauros/paldea_blaze/overworld.png_mwidth_4__mheight_4.4bpp.smol
tools/compresSmol/compresSmol -w build/assets/graphics/pokemon/tauros/paldea_combat/back.png.4bpp build/assets/graphics/pokemon/tauros/paldea_combat/back.png.4bpp.smol
tools/compresSmol/compresSmol -w build/assets/graphics/pokemon/tauros/paldea_combat/front.png.4bpp build/assets/graphics/pokemon/tauros/paldea_combat/front.png.4bpp.smol
tools/compresSmol/compresSmol -w build/assets/graphics/pokemon/tauros/paldea_combat/overworld.png_mwidth_4__mheight_4.4bpp build/assets/graphics/pokemon/tauros/paldea_combat/overworld.png_mwidth_4__mheight_4.4bpp.smol
tools/compresSmol/compresSmol -w build/assets/graphics/pokemon/teddiursa/anim_front.png.4bpp build/assets/graphics/pokemon/teddiursa/anim_front.png.4bpp.smol
tools/compresSmol/compresSmol -w build/assets/graphics/pokemon/teddiursa/anim_front_gba.png.4bpp build/assets/graphics/pokemon/teddiursa/anim_front_gba.png.4bpp.smol
tools/compresSmol/compresSmol -w build/assets/graphics/pokemon/teddiursa/back.png.4bpp build/assets/graphics/pokemon/teddiursa/back.png.4bpp.smol
tools/compresSmol/compresSmol -w build/assets/graphics/pokemon/teddiursa/back_gba.png.4bpp build/assets/graphics/pokemon/teddiursa/back_gba.png.4bpp.smol
tools/compresSmol/compresSmol -w build/assets/graphics/pokemon/teddiursa/overworld.png_mwidth_4__mheight_4.4bpp build/assets/graphics/pokemon/teddiursa/overworld.png_mwidth_4__mheight_4.4bpp.smol
tools/compresSmol/compresSmol -w build/assets/graphics/pokemon/tentacool/anim_front.png.4bpp build/assets/graphics/pokemon/tentacool/anim_front.png.4bpp.smol
tools/compresSmol/compresSmol -w build/assets/graphics/pokemon/tentacool/anim_front_gba.png.4bpp build/assets/graphics/pokemon/tentacool/anim_front_gba.png.4bpp.smol
tools/compresSmol/compresSmol -w build/assets/graphics/pokemon/tentacool/back.png.4bpp build/assets/graphics/pokemon/tentacool/back.png.4bpp.smol
tools/compresSmol/compresSmol -w build/assets/graphics/pokemon/tentacool/back_gba.png.4bpp build/assets/graphics/pokemon/tentacool/back_gba.png.4bpp.smol
tools/compresSmol/compresSmol -w build/assets/graphics/pokemon/tentacool/overworld.png_mwidth_4__mheight_4.4bpp build/assets/graphics/pokemon/tentacool/overworld.png_mwidth_4__mheight_4.4bpp.smol
tools/compresSmol/compresSmol -w build/assets/graphics/pokemon/tentacruel/anim_front.png.4bpp build/assets/graphics/pokemon/tentacruel/anim_front.png.4bpp.smol
tools/compresSmol/compresSmol -w build/assets/graphics/pokemon/tentacruel/anim_front_gba.png.4bpp build/assets/graphics/pokemon/tentacruel/anim_front_gba.png.4bpp.smol
tools/compresSmol/compresSmol -w build/assets/graphics/pokemon/tentacruel/back.png.4bpp build/assets/graphics/pokemon/tentacruel/back.png.4bpp.smol
tools/compresSmol/compresSmol -w build/assets/graphics/pokemon/tentacruel/back_gba.png.4bpp build/assets/graphics/pokemon/tentacruel/back_gba.png.4bpp.smol
tools/compresSmol/compresSmol -w build/assets/graphics/pokemon/tentacruel/overworld.png_mwidth_4__mheight_4.4bpp build/assets/graphics/pokemon/tentacruel/overworld.png_mwidth_4__mheight_4.4bpp.smol
tools/compresSmol/compresSmol -w build/assets/graphics/pokemon/tepig/anim_front.png.4bpp build/assets/graphics/pokemon/tepig/anim_front.png.4bpp.smol
tools/compresSmol/compresSmol -w build/assets/graphics/pokemon/tepig/back.png.4bpp build/assets/graphics/pokemon/tepig/back.png.4bpp.smol
tools/compresSmol/compresSmol -w build/assets/graphics/pokemon/tepig/overworld.png_mwidth_4__mheight_4.4bpp build/assets/graphics/pokemon/tepig/overworld.png_mwidth_4__mheight_4.4bpp.smol
tools/compresSmol/compresSmol -w build/assets/graphics/pokemon/terapagos/back.png.4bpp build/assets/graphics/pokemon/terapagos/back.png.4bpp.smol
tools/compresSmol/compresSmol -w build/assets/graphics/pokemon/terapagos/front.png.4bpp build/assets/graphics/pokemon/terapagos/front.png.4bpp.smol
tools/compresSmol/compresSmol -w build/assets/graphics/pokemon/terapagos/overworld.png_mwidth_4__mheight_4.4bpp build/assets/graphics/pokemon/terapagos/overworld.png_mwidth_4__mheight_4.4bpp.smol
tools/compresSmol/compresSmol -w build/assets/graphics/pokemon/terapagos/stellar/back.png.4bpp build/assets/graphics/pokemon/terapagos/stellar/back.png.4bpp.smol
tools/compresSmol/compresSmol -w build/assets/graphics/pokemon/terapagos/stellar/front.png.4bpp build/assets/graphics/pokemon/terapagos/stellar/front.png.4bpp.smol
tools/compresSmol/compresSmol -w build/assets/graphics/pokemon/terapagos/terastal/back.png.4bpp build/assets/graphics/pokemon/terapagos/terastal/back.png.4bpp.smol
tools/compresSmol/compresSmol -w build/assets/graphics/pokemon/terapagos/terastal/front.png.4bpp build/assets/graphics/pokemon/terapagos/terastal/front.png.4bpp.smol
tools/compresSmol/compresSmol -w build/assets/graphics/pokemon/terapagos/terastal/overworld.png_mwidth_4__mheight_4.4bpp build/assets/graphics/pokemon/terapagos/terastal/overworld.png_mwidth_4__mheight_4.4bpp.smol
tools/compresSmol/compresSmol -w build/assets/graphics/pokemon/terrakion/anim_front.png.4bpp build/assets/graphics/pokemon/terrakion/anim_front.png.4bpp.smol
tools/compresSmol/compresSmol -w build/assets/graphics/pokemon/terrakion/back.png.4bpp build/assets/graphics/pokemon/terrakion/back.png.4bpp.smol
tools/compresSmol/compresSmol -w build/assets/graphics/pokemon/terrakion/overworld.png_mwidth_4__mheight_4.4bpp build/assets/graphics/pokemon/terrakion/overworld.png_mwidth_4__mheight_4.4bpp.smol
tools/compresSmol/compresSmol -w build/assets/graphics/pokemon/thievul/back.png.4bpp build/assets/graphics/pokemon/thievul/back.png.4bpp.smol
tools/compresSmol/compresSmol -w build/assets/graphics/pokemon/thievul/front.png.4bpp build/assets/graphics/pokemon/thievul/front.png.4bpp.smol
tools/compresSmol/compresSmol -w build/assets/graphics/pokemon/thievul/overworld.png_mwidth_4__mheight_4.4bpp build/assets/graphics/pokemon/thievul/overworld.png_mwidth_4__mheight_4.4bpp.smol
tools/compresSmol/compresSmol -w build/assets/graphics/pokemon/throh/anim_front.png.4bpp build/assets/graphics/pokemon/throh/anim_front.png.4bpp.smol
tools/compresSmol/compresSmol -w build/assets/graphics/pokemon/throh/back.png.4bpp build/assets/graphics/pokemon/throh/back.png.4bpp.smol
tools/compresSmol/compresSmol -w build/assets/graphics/pokemon/throh/overworld.png_mwidth_4__mheight_4.4bpp build/assets/graphics/pokemon/throh/overworld.png_mwidth_4__mheight_4.4bpp.smol
tools/compresSmol/compresSmol -w build/assets/graphics/pokemon/thundurus/anim_front.png.4bpp build/assets/graphics/pokemon/thundurus/anim_front.png.4bpp.smol
tools/compresSmol/compresSmol -w build/assets/graphics/pokemon/thundurus/back.png.4bpp build/assets/graphics/pokemon/thundurus/back.png.4bpp.smol
tools/compresSmol/compresSmol -w build/assets/graphics/pokemon/thundurus/overworld.png_mwidth_4__mheight_4.4bpp build/assets/graphics/pokemon/thundurus/overworld.png_mwidth_4__mheight_4.4bpp.smol
tools/compresSmol/compresSmol -w build/assets/graphics/pokemon/thundurus/therian/anim_front.png.4bpp build/assets/graphics/pokemon/thundurus/therian/anim_front.png.4bpp.smol
tools/compresSmol/compresSmol -w build/assets/graphics/pokemon/thundurus/therian/back.png.4bpp build/assets/graphics/pokemon/thundurus/therian/back.png.4bpp.smol
tools/compresSmol/compresSmol -w build/assets/graphics/pokemon/thundurus/therian/overworld.png_mwidth_8__mheight_8.4bpp build/assets/graphics/pokemon/thundurus/therian/overworld.png_mwidth_8__mheight_8.4bpp.smol
tools/compresSmol/compresSmol -w build/assets/graphics/pokemon/thwackey/back.png.4bpp build/assets/graphics/pokemon/thwackey/back.png.4bpp.smol
tools/compresSmol/compresSmol -w build/assets/graphics/pokemon/thwackey/front.png.4bpp build/assets/graphics/pokemon/thwackey/front.png.4bpp.smol
tools/compresSmol/compresSmol -w build/assets/graphics/pokemon/thwackey/overworld.png_mwidth_4__mheight_4.4bpp build/assets/graphics/pokemon/thwackey/overworld.png_mwidth_4__mheight_4.4bpp.smol
tools/compresSmol/compresSmol -w build/assets/graphics/pokemon/timburr/anim_front.png.4bpp build/assets/graphics/pokemon/timburr/anim_front.png.4bpp.smol
tools/compresSmol/compresSmol -w build/assets/graphics/pokemon/timburr/back.png.4bpp build/assets/graphics/pokemon/timburr/back.png.4bpp.smol
tools/compresSmol/compresSmol -w build/assets/graphics/pokemon/timburr/overworld.png_mwidth_4__mheight_4.4bpp build/assets/graphics/pokemon/timburr/overworld.png_mwidth_4__mheight_4.4bpp.smol
tools/compresSmol/compresSmol -w build/assets/graphics/pokemon/ting_lu/back.png.4bpp build/assets/graphics/pokemon/ting_lu/back.png.4bpp.smol
tools/compresSmol/compresSmol -w build/assets/graphics/pokemon/ting_lu/front.png.4bpp build/assets/graphics/pokemon/ting_lu/front.png.4bpp.smol
tools/compresSmol/compresSmol -w build/assets/graphics/pokemon/ting_lu/overworld.png_mwidth_4__mheight_4.4bpp build/assets/graphics/pokemon/ting_lu/overworld.png_mwidth_4__mheight_4.4bpp.smol
tools/compresSmol/compresSmol -w build/assets/graphics/pokemon/tinkatink/back.png.4bpp build/assets/graphics/pokemon/tinkatink/back.png.4bpp.smol
tools/compresSmol/compresSmol -w build/assets/graphics/pokemon/tinkatink/front.png.4bpp build/assets/graphics/pokemon/tinkatink/front.png.4bpp.smol
tools/compresSmol/compresSmol -w build/assets/graphics/pokemon/tinkatink/overworld.png_mwidth_4__mheight_4.4bpp build/assets/graphics/pokemon/tinkatink/overworld.png_mwidth_4__mheight_4.4bpp.smol
tools/compresSmol/compresSmol -w build/assets/graphics/pokemon/tinkaton/back.png.4bpp build/assets/graphics/pokemon/tinkaton/back.png.4bpp.smol
tools/compresSmol/compresSmol -w build/assets/graphics/pokemon/tinkaton/front.png.4bpp build/assets/graphics/pokemon/tinkaton/front.png.4bpp.smol
tools/compresSmol/compresSmol -w build/assets/graphics/pokemon/tinkaton/overworld.png_mwidth_4__mheight_4.4bpp build/assets/graphics/pokemon/tinkaton/overworld.png_mwidth_4__mheight_4.4bpp.smol
tools/compresSmol/compresSmol -w build/assets/graphics/pokemon/tinkatuff/back.png.4bpp build/assets/graphics/pokemon/tinkatuff/back.png.4bpp.smol
tools/compresSmol/compresSmol -w build/assets/graphics/pokemon/tinkatuff/front.png.4bpp build/assets/graphics/pokemon/tinkatuff/front.png.4bpp.smol
tools/compresSmol/compresSmol -w build/assets/graphics/pokemon/tinkatuff/overworld.png_mwidth_4__mheight_4.4bpp build/assets/graphics/pokemon/tinkatuff/overworld.png_mwidth_4__mheight_4.4bpp.smol
tools/compresSmol/compresSmol -w build/assets/graphics/pokemon/tirtouga/anim_front.png.4bpp build/assets/graphics/pokemon/tirtouga/anim_front.png.4bpp.smol
tools/compresSmol/compresSmol -w build/assets/graphics/pokemon/tirtouga/back.png.4bpp build/assets/graphics/pokemon/tirtouga/back.png.4bpp.smol
tools/compresSmol/compresSmol -w build/assets/graphics/pokemon/tirtouga/overworld.png_mwidth_4__mheight_4.4bpp build/assets/graphics/pokemon/tirtouga/overworld.png_mwidth_4__mheight_4.4bpp.smol
tools/compresSmol/compresSmol -w build/assets/graphics/pokemon/toedscool/back.png.4bpp build/assets/graphics/pokemon/toedscool/back.png.4bpp.smol
tools/compresSmol/compresSmol -w build/assets/graphics/pokemon/toedscool/front.png.4bpp build/assets/graphics/pokemon/toedscool/front.png.4bpp.smol
tools/compresSmol/compresSmol -w build/assets/graphics/pokemon/toedscool/overworld.png_mwidth_4__mheight_4.4bpp build/assets/graphics/pokemon/toedscool/overworld.png_mwidth_4__mheight_4.4bpp.smol
tools/compresSmol/compresSmol -w build/assets/graphics/pokemon/toedscruel/back.png.4bpp build/assets/graphics/pokemon/toedscruel/back.png.4bpp.smol
tools/compresSmol/compresSmol -w build/assets/graphics/pokemon/toedscruel/front.png.4bpp build/assets/graphics/pokemon/toedscruel/front.png.4bpp.smol
tools/compresSmol/compresSmol -w build/assets/graphics/pokemon/toedscruel/overworld.png_mwidth_4__mheight_4.4bpp build/assets/graphics/pokemon/toedscruel/overworld.png_mwidth_4__mheight_4.4bpp.smol
tools/compresSmol/compresSmol -w build/assets/graphics/pokemon/togedemaru/anim_front.png.4bpp build/assets/graphics/pokemon/togedemaru/anim_front.png.4bpp.smol
tools/compresSmol/compresSmol -w build/assets/graphics/pokemon/togedemaru/back.png.4bpp build/assets/graphics/pokemon/togedemaru/back.png.4bpp.smol
tools/compresSmol/compresSmol -w build/assets/graphics/pokemon/togedemaru/overworld.png_mwidth_4__mheight_4.4bpp build/assets/graphics/pokemon/togedemaru/overworld.png_mwidth_4__mheight_4.4bpp.smol
tools/compresSmol/compresSmol -w build/assets/graphics/pokemon/togekiss/anim_front.png.4bpp build/assets/graphics/pokemon/togekiss/anim_front.png.4bpp.smol
tools/compresSmol/compresSmol -w build/assets/graphics/pokemon/togekiss/back.png.4bpp build/assets/graphics/pokemon/togekiss/back.png.4bpp.smol
tools/compresSmol/compresSmol -w build/assets/graphics/pokemon/togekiss/overworld.png_mwidth_4__mheight_4.4bpp build/assets/graphics/pokemon/togekiss/overworld.png_mwidth_4__mheight_4.4bpp.smol
tools/compresSmol/compresSmol -w build/assets/graphics/pokemon/togepi/anim_front.png.4bpp build/assets/graphics/pokemon/togepi/anim_front.png.4bpp.smol
tools/compresSmol/compresSmol -w build/assets/graphics/pokemon/togepi/anim_front_gba.png.4bpp build/assets/graphics/pokemon/togepi/anim_front_gba.png.4bpp.smol
tools/compresSmol/compresSmol -w build/assets/graphics/pokemon/togepi/back.png.4bpp build/assets/graphics/pokemon/togepi/back.png.4bpp.smol
tools/compresSmol/compresSmol -w build/assets/graphics/pokemon/togepi/back_gba.png.4bpp build/assets/graphics/pokemon/togepi/back_gba.png.4bpp.smol
tools/compresSmol/compresSmol -w build/assets/graphics/pokemon/togepi/overworld.png_mwidth_4__mheight_4.4bpp build/assets/graphics/pokemon/togepi/overworld.png_mwidth_4__mheight_4.4bpp.smol
tools/compresSmol/compresSmol -w build/assets/graphics/pokemon/togetic/anim_front.png.4bpp build/assets/graphics/pokemon/togetic/anim_front.png.4bpp.smol
tools/compresSmol/compresSmol -w build/assets/graphics/pokemon/togetic/anim_front_gba.png.4bpp build/assets/graphics/pokemon/togetic/anim_front_gba.png.4bpp.smol
tools/compresSmol/compresSmol -w build/assets/graphics/pokemon/togetic/back.png.4bpp build/assets/graphics/pokemon/togetic/back.png.4bpp.smol
tools/compresSmol/compresSmol -w build/assets/graphics/pokemon/togetic/back_gba.png.4bpp build/assets/graphics/pokemon/togetic/back_gba.png.4bpp.smol
tools/compresSmol/compresSmol -w build/assets/graphics/pokemon/togetic/overworld.png_mwidth_4__mheight_4.4bpp build/assets/graphics/pokemon/togetic/overworld.png_mwidth_4__mheight_4.4bpp.smol
tools/compresSmol/compresSmol -w build/assets/graphics/pokemon/torchic/anim_front.png.4bpp build/assets/graphics/pokemon/torchic/anim_front.png.4bpp.smol
tools/compresSmol/compresSmol -w build/assets/graphics/pokemon/torchic/anim_front_gba.png.4bpp build/assets/graphics/pokemon/torchic/anim_front_gba.png.4bpp.smol
tools/compresSmol/compresSmol -w build/assets/graphics/pokemon/torchic/back.png.4bpp build/assets/graphics/pokemon/torchic/back.png.4bpp.smol
tools/compresSmol/compresSmol -w build/assets/graphics/pokemon/torchic/back_gba.png.4bpp build/assets/graphics/pokemon/torchic/back_gba.png.4bpp.smol
tools/compresSmol/compresSmol -w build/assets/graphics/pokemon/torchic/backf.png.4bpp build/assets/graphics/pokemon/torchic/backf.png.4bpp.smol
tools/compresSmol/compresSmol -w build/assets/graphics/pokemon/torchic/overworld.png_mwidth_4__mheight_4.4bpp build/assets/graphics/pokemon/torchic/overworld.png_mwidth_4__mheight_4.4bpp.smol
tools/compresSmol/compresSmol -w build/assets/graphics/pokemon/torchic/overworldf.png_mwidth_4__mheight_4.4bpp build/assets/graphics/pokemon/torchic/overworldf.png_mwidth_4__mheight_4.4bpp.smol
tools/compresSmol/compresSmol -w build/assets/graphics/pokemon/torkoal/anim_front.png.4bpp build/assets/graphics/pokemon/torkoal/anim_front.png.4bpp.smol
tools/compresSmol/compresSmol -w build/assets/graphics/pokemon/torkoal/anim_front_gba.png.4bpp build/assets/graphics/pokemon/torkoal/anim_front_gba.png.4bpp.smol
tools/compresSmol/compresSmol -w build/assets/graphics/pokemon/torkoal/back.png.4bpp build/assets/graphics/pokemon/torkoal/back.png.4bpp.smol
tools/compresSmol/compresSmol -w build/assets/graphics/pokemon/torkoal/back_gba.png.4bpp build/assets/graphics/pokemon/torkoal/back_gba.png.4bpp.smol
tools/compresSmol/compresSmol -w build/assets/graphics/pokemon/torkoal/overworld.png_mwidth_4__mheight_4.4bpp build/assets/graphics/pokemon/torkoal/overworld.png_mwidth_4__mheight_4.4bpp.smol
tools/compresSmol/compresSmol -w build/assets/graphics/pokemon/tornadus/anim_front.png.4bpp build/assets/graphics/pokemon/tornadus/anim_front.png.4bpp.smol
tools/compresSmol/compresSmol -w build/assets/graphics/pokemon/tornadus/back.png.4bpp build/assets/graphics/pokemon/tornadus/back.png.4bpp.smol
tools/compresSmol/compresSmol -w build/assets/graphics/pokemon/tornadus/overworld.png_mwidth_4__mheight_4.4bpp build/assets/graphics/pokemon/tornadus/overworld.png_mwidth_4__mheight_4.4bpp.smol
tools/compresSmol/compresSmol -w build/assets/graphics/pokemon/tornadus/therian/anim_front.png.4bpp build/assets/graphics/pokemon/tornadus/therian/anim_front.png.4bpp.smol
tools/compresSmol/compresSmol -w build/assets/graphics/pokemon/tornadus/therian/back.png.4bpp build/assets/graphics/pokemon/tornadus/therian/back.png.4bpp.smol
tools/compresSmol/compresSmol -w build/assets/graphics/pokemon/tornadus/therian/overworld.png_mwidth_8__mheight_8.4bpp build/assets/graphics/pokemon/tornadus/therian/overworld.png_mwidth_8__mheight_8.4bpp.smol
tools/compresSmol/compresSmol -w build/assets/graphics/pokemon/torracat/back.png.4bpp build/assets/graphics/pokemon/torracat/back.png.4bpp.smol
tools/compresSmol/compresSmol -w build/assets/graphics/pokemon/torracat/front.png.4bpp build/assets/graphics/pokemon/torracat/front.png.4bpp.smol
tools/compresSmol/compresSmol -w build/assets/graphics/pokemon/torracat/overworld.png_mwidth_4__mheight_4.4bpp build/assets/graphics/pokemon/torracat/overworld.png_mwidth_4__mheight_4.4bpp.smol
tools/compresSmol/compresSmol -w build/assets/graphics/pokemon/torterra/anim_front.png.4bpp build/assets/graphics/pokemon/torterra/anim_front.png.4bpp.smol
tools/compresSmol/compresSmol -w build/assets/graphics/pokemon/torterra/back.png.4bpp build/assets/graphics/pokemon/torterra/back.png.4bpp.smol
tools/compresSmol/compresSmol -w build/assets/graphics/pokemon/torterra/overworld.png_mwidth_4__mheight_4.4bpp build/assets/graphics/pokemon/torterra/overworld.png_mwidth_4__mheight_4.4bpp.smol
tools/compresSmol/compresSmol -w build/assets/graphics/pokemon/totodile/anim_front.png.4bpp build/assets/graphics/pokemon/totodile/anim_front.png.4bpp.smol
tools/compresSmol/compresSmol -w build/assets/graphics/pokemon/totodile/anim_front_gba.png.4bpp build/assets/graphics/pokemon/totodile/anim_front_gba.png.4bpp.smol
tools/compresSmol/compresSmol -w build/assets/graphics/pokemon/totodile/back.png.4bpp build/assets/graphics/pokemon/totodile/back.png.4bpp.smol
tools/compresSmol/compresSmol -w build/assets/graphics/pokemon/totodile/back_gba.png.4bpp build/assets/graphics/pokemon/totodile/back_gba.png.4bpp.smol
tools/compresSmol/compresSmol -w build/assets/graphics/pokemon/totodile/overworld.png_mwidth_4__mheight_4.4bpp build/assets/graphics/pokemon/totodile/overworld.png_mwidth_4__mheight_4.4bpp.smol
tools/compresSmol/compresSmol -w build/assets/graphics/pokemon/toucannon/anim_front.png.4bpp build/assets/graphics/pokemon/toucannon/anim_front.png.4bpp.smol
tools/compresSmol/compresSmol -w build/assets/graphics/pokemon/toucannon/back.png.4bpp build/assets/graphics/pokemon/toucannon/back.png.4bpp.smol
tools/compresSmol/compresSmol -w build/assets/graphics/pokemon/toucannon/overworld.png_mwidth_4__mheight_4.4bpp build/assets/graphics/pokemon/toucannon/overworld.png_mwidth_4__mheight_4.4bpp.smol
tools/compresSmol/compresSmol -w build/assets/graphics/pokemon/toxapex/back.png.4bpp build/assets/graphics/pokemon/toxapex/back.png.4bpp.smol
tools/compresSmol/compresSmol -w build/assets/graphics/pokemon/toxapex/front.png.4bpp build/assets/graphics/pokemon/toxapex/front.png.4bpp.smol
tools/compresSmol/compresSmol -w build/assets/graphics/pokemon/toxapex/overworld.png_mwidth_4__mheight_4.4bpp build/assets/graphics/pokemon/toxapex/overworld.png_mwidth_4__mheight_4.4bpp.smol
tools/compresSmol/compresSmol -w build/assets/graphics/pokemon/toxel/back.png.4bpp build/assets/graphics/pokemon/toxel/back.png.4bpp.smol
tools/compresSmol/compresSmol -w build/assets/graphics/pokemon/toxel/front.png.4bpp build/assets/graphics/pokemon/toxel/front.png.4bpp.smol
tools/compresSmol/compresSmol -w build/assets/graphics/pokemon/toxel/overworld.png_mwidth_4__mheight_4.4bpp build/assets/graphics/pokemon/toxel/overworld.png_mwidth_4__mheight_4.4bpp.smol
tools/compresSmol/compresSmol -w build/assets/graphics/pokemon/toxicroak/anim_front.png.4bpp build/assets/graphics/pokemon/toxicroak/anim_front.png.4bpp.smol
tools/compresSmol/compresSmol -w build/assets/graphics/pokemon/toxicroak/anim_frontf.png.4bpp build/assets/graphics/pokemon/toxicroak/anim_frontf.png.4bpp.smol
tools/compresSmol/compresSmol -w build/assets/graphics/pokemon/toxicroak/back.png.4bpp build/assets/graphics/pokemon/toxicroak/back.png.4bpp.smol
tools/compresSmol/compresSmol -w build/assets/graphics/pokemon/toxicroak/backf.png.4bpp build/assets/graphics/pokemon/toxicroak/backf.png.4bpp.smol
tools/compresSmol/compresSmol -w build/assets/graphics/pokemon/toxicroak/overworld.png_mwidth_4__mheight_4.4bpp build/assets/graphics/pokemon/toxicroak/overworld.png_mwidth_4__mheight_4.4bpp.smol
tools/compresSmol/compresSmol -w build/assets/graphics/pokemon/toxicroak/overworldf.png_mwidth_4__mheight_4.4bpp build/assets/graphics/pokemon/toxicroak/overworldf.png_mwidth_4__mheight_4.4bpp.smol
tools/compresSmol/compresSmol -w build/assets/graphics/pokemon/toxtricity/back.png.4bpp build/assets/graphics/pokemon/toxtricity/back.png.4bpp.smol
tools/compresSmol/compresSmol -w build/assets/graphics/pokemon/toxtricity/front.png.4bpp build/assets/graphics/pokemon/toxtricity/front.png.4bpp.smol
tools/compresSmol/compresSmol -w build/assets/graphics/pokemon/toxtricity/gmax/back.png.4bpp build/assets/graphics/pokemon/toxtricity/gmax/back.png.4bpp.smol
tools/compresSmol/compresSmol -w build/assets/graphics/pokemon/toxtricity/gmax/front.png.4bpp build/assets/graphics/pokemon/toxtricity/gmax/front.png.4bpp.smol
tools/compresSmol/compresSmol -w build/assets/graphics/pokemon/toxtricity/low_key/back.png.4bpp build/assets/graphics/pokemon/toxtricity/low_key/back.png.4bpp.smol
tools/compresSmol/compresSmol -w build/assets/graphics/pokemon/toxtricity/low_key/front.png.4bpp build/assets/graphics/pokemon/toxtricity/low_key/front.png.4bpp.smol
tools/compresSmol/compresSmol -w build/assets/graphics/pokemon/toxtricity/low_key/overworld.png_mwidth_4__mheight_4.4bpp build/assets/graphics/pokemon/toxtricity/low_key/overworld.png_mwidth_4__mheight_4.4bpp.smol
tools/compresSmol/compresSmol -w build/assets/graphics/pokemon/toxtricity/overworld.png_mwidth_4__mheight_4.4bpp build/assets/graphics/pokemon/toxtricity/overworld.png_mwidth_4__mheight_4.4bpp.smol
tools/compresSmol/compresSmol -w build/assets/graphics/pokemon/tranquill/anim_front.png.4bpp build/assets/graphics/pokemon/tranquill/anim_front.png.4bpp.smol
tools/compresSmol/compresSmol -w build/assets/graphics/pokemon/tranquill/back.png.4bpp build/assets/graphics/pokemon/tranquill/back.png.4bpp.smol
tools/compresSmol/compresSmol -w build/assets/graphics/pokemon/tranquill/overworld.png_mwidth_4__mheight_4.4bpp build/assets/graphics/pokemon/tranquill/overworld.png_mwidth_4__mheight_4.4bpp.smol
tools/compresSmol/compresSmol -w build/assets/graphics/pokemon/trapinch/anim_front.png.4bpp build/assets/graphics/pokemon/trapinch/anim_front.png.4bpp.smol
tools/compresSmol/compresSmol -w build/assets/graphics/pokemon/trapinch/anim_front_gba.png.4bpp build/assets/graphics/pokemon/trapinch/anim_front_gba.png.4bpp.smol
tools/compresSmol/compresSmol -w build/assets/graphics/pokemon/trapinch/back.png.4bpp build/assets/graphics/pokemon/trapinch/back.png.4bpp.smol
tools/compresSmol/compresSmol -w build/assets/graphics/pokemon/trapinch/back_gba.png.4bpp build/assets/graphics/pokemon/trapinch/back_gba.png.4bpp.smol
tools/compresSmol/compresSmol -w build/assets/graphics/pokemon/trapinch/overworld.png_mwidth_4__mheight_4.4bpp build/assets/graphics/pokemon/trapinch/overworld.png_mwidth_4__mheight_4.4bpp.smol
tools/compresSmol/compresSmol -w build/assets/graphics/pokemon/treecko/anim_front.png.4bpp build/assets/graphics/pokemon/treecko/anim_front.png.4bpp.smol
tools/compresSmol/compresSmol -w build/assets/graphics/pokemon/treecko/anim_front_gba.png.4bpp build/assets/graphics/pokemon/treecko/anim_front_gba.png.4bpp.smol
tools/compresSmol/compresSmol -w build/assets/graphics/pokemon/treecko/back.png.4bpp build/assets/graphics/pokemon/treecko/back.png.4bpp.smol
tools/compresSmol/compresSmol -w build/assets/graphics/pokemon/treecko/back_gba.png.4bpp build/assets/graphics/pokemon/treecko/back_gba.png.4bpp.smol
tools/compresSmol/compresSmol -w build/assets/graphics/pokemon/treecko/overworld.png_mwidth_4__mheight_4.4bpp build/assets/graphics/pokemon/treecko/overworld.png_mwidth_4__mheight_4.4bpp.smol
tools/compresSmol/compresSmol -w build/assets/graphics/pokemon/trevenant/anim_front.png.4bpp build/assets/graphics/pokemon/trevenant/anim_front.png.4bpp.smol
tools/compresSmol/compresSmol -w build/assets/graphics/pokemon/trevenant/back.png.4bpp build/assets/graphics/pokemon/trevenant/back.png.4bpp.smol
tools/compresSmol/compresSmol -w build/assets/graphics/pokemon/trevenant/overworld.png_mwidth_4__mheight_4.4bpp build/assets/graphics/pokemon/trevenant/overworld.png_mwidth_4__mheight_4.4bpp.smol
tools/compresSmol/compresSmol -w build/assets/graphics/pokemon/tropius/anim_front.png.4bpp build/assets/graphics/pokemon/tropius/anim_front.png.4bpp.smol
tools/compresSmol/compresSmol -w build/assets/graphics/pokemon/tropius/anim_front_gba.png.4bpp build/assets/graphics/pokemon/tropius/anim_front_gba.png.4bpp.smol
tools/compresSmol/compresSmol -w build/assets/graphics/pokemon/tropius/back.png.4bpp build/assets/graphics/pokemon/tropius/back.png.4bpp.smol
tools/compresSmol/compresSmol -w build/assets/graphics/pokemon/tropius/back_gba.png.4bpp build/assets/graphics/pokemon/tropius/back_gba.png.4bpp.smol
tools/compresSmol/compresSmol -w build/assets/graphics/pokemon/tropius/overworld.png_mwidth_4__mheight_4.4bpp build/assets/graphics/pokemon/tropius/overworld.png_mwidth_4__mheight_4.4bpp.smol
tools/compresSmol/compresSmol -w build/assets/graphics/pokemon/trubbish/anim_front.png.4bpp build/assets/graphics/pokemon/trubbish/anim_front.png.4bpp.smol
tools/compresSmol/compresSmol -w build/assets/graphics/pokemon/trubbish/back.png.4bpp build/assets/graphics/pokemon/trubbish/back.png.4bpp.smol
tools/compresSmol/compresSmol -w build/assets/graphics/pokemon/trubbish/overworld.png_mwidth_4__mheight_4.4bpp build/assets/graphics/pokemon/trubbish/overworld.png_mwidth_4__mheight_4.4bpp.smol
tools/compresSmol/compresSmol -w build/assets/graphics/pokemon/trumbeak/anim_front.png.4bpp build/assets/graphics/pokemon/trumbeak/anim_front.png.4bpp.smol
tools/compresSmol/compresSmol -w build/assets/graphics/pokemon/trumbeak/back.png.4bpp build/assets/graphics/pokemon/trumbeak/back.png.4bpp.smol
tools/compresSmol/compresSmol -w build/assets/graphics/pokemon/trumbeak/overworld.png_mwidth_4__mheight_4.4bpp build/assets/graphics/pokemon/trumbeak/overworld.png_mwidth_4__mheight_4.4bpp.smol
tools/compresSmol/compresSmol -w build/assets/graphics/pokemon/tsareena/back.png.4bpp build/assets/graphics/pokemon/tsareena/back.png.4bpp.smol
tools/compresSmol/compresSmol -w build/assets/graphics/pokemon/tsareena/front.png.4bpp build/assets/graphics/pokemon/tsareena/front.png.4bpp.smol
tools/compresSmol/compresSmol -w build/assets/graphics/pokemon/tsareena/overworld.png_mwidth_4__mheight_4.4bpp build/assets/graphics/pokemon/tsareena/overworld.png_mwidth_4__mheight_4.4bpp.smol
tools/compresSmol/compresSmol -w build/assets/graphics/pokemon/turtonator/anim_front.png.4bpp build/assets/graphics/pokemon/turtonator/anim_front.png.4bpp.smol
tools/compresSmol/compresSmol -w build/assets/graphics/pokemon/turtonator/back.png.4bpp build/assets/graphics/pokemon/turtonator/back.png.4bpp.smol
tools/compresSmol/compresSmol -w build/assets/graphics/pokemon/turtonator/overworld.png_mwidth_4__mheight_4.4bpp build/assets/graphics/pokemon/turtonator/overworld.png_mwidth_4__mheight_4.4bpp.smol
tools/compresSmol/compresSmol -w build/assets/graphics/pokemon/turtwig/anim_front.png.4bpp build/assets/graphics/pokemon/turtwig/anim_front.png.4bpp.smol
tools/compresSmol/compresSmol -w build/assets/graphics/pokemon/turtwig/back.png.4bpp build/assets/graphics/pokemon/turtwig/back.png.4bpp.smol
tools/compresSmol/compresSmol -w build/assets/graphics/pokemon/turtwig/overworld.png_mwidth_4__mheight_4.4bpp build/assets/graphics/pokemon/turtwig/overworld.png_mwidth_4__mheight_4.4bpp.smol
tools/compresSmol/compresSmol -w build/assets/graphics/pokemon/tympole/anim_front.png.4bpp build/assets/graphics/pokemon/tympole/anim_front.png.4bpp.smol
tools/compresSmol/compresSmol -w build/assets/graphics/pokemon/tympole/back.png.4bpp build/assets/graphics/pokemon/tympole/back.png.4bpp.smol
tools/compresSmol/compresSmol -w build/assets/graphics/pokemon/tympole/overworld.png_mwidth_4__mheight_4.4bpp build/assets/graphics/pokemon/tympole/overworld.png_mwidth_4__mheight_4.4bpp.smol
tools/compresSmol/compresSmol -w build/assets/graphics/pokemon/tynamo/anim_front.png.4bpp build/assets/graphics/pokemon/tynamo/anim_front.png.4bpp.smol
tools/compresSmol/compresSmol -w build/assets/graphics/pokemon/tynamo/back.png.4bpp build/assets/graphics/pokemon/tynamo/back.png.4bpp.smol
tools/compresSmol/compresSmol -w build/assets/graphics/pokemon/tynamo/overworld.png_mwidth_4__mheight_4.4bpp build/assets/graphics/pokemon/tynamo/overworld.png_mwidth_4__mheight_4.4bpp.smol
tools/compresSmol/compresSmol -w build/assets/graphics/pokemon/type_null/back.png.4bpp build/assets/graphics/pokemon/type_null/back.png.4bpp.smol
tools/compresSmol/compresSmol -w build/assets/graphics/pokemon/type_null/front.png.4bpp build/assets/graphics/pokemon/type_null/front.png.4bpp.smol
tools/compresSmol/compresSmol -w build/assets/graphics/pokemon/type_null/overworld.png_mwidth_4__mheight_4.4bpp build/assets/graphics/pokemon/type_null/overworld.png_mwidth_4__mheight_4.4bpp.smol
tools/compresSmol/compresSmol -w build/assets/graphics/pokemon/typhlosion/anim_front.png.4bpp build/assets/graphics/pokemon/typhlosion/anim_front.png.4bpp.smol
tools/compresSmol/compresSmol -w build/assets/graphics/pokemon/typhlosion/anim_front_gba.png.4bpp build/assets/graphics/pokemon/typhlosion/anim_front_gba.png.4bpp.smol
tools/compresSmol/compresSmol -w build/assets/graphics/pokemon/typhlosion/back.png.4bpp build/assets/graphics/pokemon/typhlosion/back.png.4bpp.smol
tools/compresSmol/compresSmol -w build/assets/graphics/pokemon/typhlosion/back_gba.png.4bpp build/assets/graphics/pokemon/typhlosion/back_gba.png.4bpp.smol
tools/compresSmol/compresSmol -w build/assets/graphics/pokemon/typhlosion/hisui/back.png.4bpp build/assets/graphics/pokemon/typhlosion/hisui/back.png.4bpp.smol
tools/compresSmol/compresSmol -w build/assets/graphics/pokemon/typhlosion/hisui/front.png.4bpp build/assets/graphics/pokemon/typhlosion/hisui/front.png.4bpp.smol
tools/compresSmol/compresSmol -w build/assets/graphics/pokemon/typhlosion/hisui/overworld.png_mwidth_4__mheight_4.4bpp build/assets/graphics/pokemon/typhlosion/hisui/overworld.png_mwidth_4__mheight_4.4bpp.smol
tools/compresSmol/compresSmol -w build/assets/graphics/pokemon/typhlosion/overworld.png_mwidth_4__mheight_4.4bpp build/assets/graphics/pokemon/typhlosion/overworld.png_mwidth_4__mheight_4.4bpp.smol
tools/compresSmol/compresSmol -w build/assets/graphics/pokemon/tyranitar/anim_front.png.4bpp build/assets/graphics/pokemon/tyranitar/anim_front.png.4bpp.smol
tools/compresSmol/compresSmol -w build/assets/graphics/pokemon/tyranitar/anim_front_gba.png.4bpp build/assets/graphics/pokemon/tyranitar/anim_front_gba.png.4bpp.smol
tools/compresSmol/compresSmol -w build/assets/graphics/pokemon/tyranitar/back.png.4bpp build/assets/graphics/pokemon/tyranitar/back.png.4bpp.smol
tools/compresSmol/compresSmol -w build/assets/graphics/pokemon/tyranitar/back_gba.png.4bpp build/assets/graphics/pokemon/tyranitar/back_gba.png.4bpp.smol
tools/compresSmol/compresSmol -w build/assets/graphics/pokemon/tyranitar/mega/back.png.4bpp build/assets/graphics/pokemon/tyranitar/mega/back.png.4bpp.smol
tools/compresSmol/compresSmol -w build/assets/graphics/pokemon/tyranitar/mega/front.png.4bpp build/assets/graphics/pokemon/tyranitar/mega/front.png.4bpp.smol
tools/compresSmol/compresSmol -w build/assets/graphics/pokemon/tyranitar/mega/overworld.png_mwidth_4__mheight_4.4bpp build/assets/graphics/pokemon/tyranitar/mega/overworld.png_mwidth_4__mheight_4.4bpp.smol
tools/compresSmol/compresSmol -w build/assets/graphics/pokemon/tyranitar/overworld.png_mwidth_4__mheight_4.4bpp build/assets/graphics/pokemon/tyranitar/overworld.png_mwidth_4__mheight_4.4bpp.smol
tools/compresSmol/compresSmol -w build/assets/graphics/pokemon/tyrantrum/anim_front.png.4bpp build/assets/graphics/pokemon/tyrantrum/anim_front.png.4bpp.smol
tools/compresSmol/compresSmol -w build/assets/graphics/pokemon/tyrantrum/back.png.4bpp build/assets/graphics/pokemon/tyrantrum/back.png.4bpp.smol
tools/compresSmol/compresSmol -w build/assets/graphics/pokemon/tyrantrum/overworld.png_mwidth_4__mheight_4.4bpp build/assets/graphics/pokemon/tyrantrum/overworld.png_mwidth_4__mheight_4.4bpp.smol
tools/compresSmol/compresSmol -w build/assets/graphics/pokemon/tyrogue/anim_front.png.4bpp build/assets/graphics/pokemon/tyrogue/anim_front.png.4bpp.smol
tools/compresSmol/compresSmol -w build/assets/graphics/pokemon/tyrogue/anim_front_gba.png.4bpp build/assets/graphics/pokemon/tyrogue/anim_front_gba.png.4bpp.smol
tools/compresSmol/compresSmol -w build/assets/graphics/pokemon/tyrogue/back.png.4bpp build/assets/graphics/pokemon/tyrogue/back.png.4bpp.smol
tools/compresSmol/compresSmol -w build/assets/graphics/pokemon/tyrogue/back_gba.png.4bpp build/assets/graphics/pokemon/tyrogue/back_gba.png.4bpp.smol
tools/compresSmol/compresSmol -w build/assets/graphics/pokemon/tyrogue/overworld.png_mwidth_4__mheight_4.4bpp build/assets/graphics/pokemon/tyrogue/overworld.png_mwidth_4__mheight_4.4bpp.smol
tools/compresSmol/compresSmol -w build/assets/graphics/pokemon/tyrunt/anim_front.png.4bpp build/assets/graphics/pokemon/tyrunt/anim_front.png.4bpp.smol
tools/compresSmol/compresSmol -w build/assets/graphics/pokemon/tyrunt/back.png.4bpp build/assets/graphics/pokemon/tyrunt/back.png.4bpp.smol
tools/compresSmol/compresSmol -w build/assets/graphics/pokemon/tyrunt/overworld.png_mwidth_4__mheight_4.4bpp build/assets/graphics/pokemon/tyrunt/overworld.png_mwidth_4__mheight_4.4bpp.smol
tools/compresSmol/compresSmol -w build/assets/graphics/pokemon/umbreon/anim_front.png.4bpp build/assets/graphics/pokemon/umbreon/anim_front.png.4bpp.smol
tools/compresSmol/compresSmol -w build/assets/graphics/pokemon/umbreon/anim_front_gba.png.4bpp build/assets/graphics/pokemon/umbreon/anim_front_gba.png.4bpp.smol
tools/compresSmol/compresSmol -w build/assets/graphics/pokemon/umbreon/back.png.4bpp build/assets/graphics/pokemon/umbreon/back.png.4bpp.smol
tools/compresSmol/compresSmol -w build/assets/graphics/pokemon/umbreon/back_gba.png.4bpp build/assets/graphics/pokemon/umbreon/back_gba.png.4bpp.smol
tools/compresSmol/compresSmol -w build/assets/graphics/pokemon/umbreon/overworld.png_mwidth_4__mheight_4.4bpp build/assets/graphics/pokemon/umbreon/overworld.png_mwidth_4__mheight_4.4bpp.smol
tools/compresSmol/compresSmol -w build/assets/graphics/pokemon/unfezant/anim_front.png.4bpp build/assets/graphics/pokemon/unfezant/anim_front.png.4bpp.smol
tools/compresSmol/compresSmol -w build/assets/graphics/pokemon/unfezant/anim_frontf.png.4bpp build/assets/graphics/pokemon/unfezant/anim_frontf.png.4bpp.smol
tools/compresSmol/compresSmol -w build/assets/graphics/pokemon/unfezant/back.png.4bpp build/assets/graphics/pokemon/unfezant/back.png.4bpp.smol
tools/compresSmol/compresSmol -w build/assets/graphics/pokemon/unfezant/backf.png.4bpp build/assets/graphics/pokemon/unfezant/backf.png.4bpp.smol
tools/compresSmol/compresSmol -w build/assets/graphics/pokemon/unfezant/overworld.png_mwidth_4__mheight_4.4bpp build/assets/graphics/pokemon/unfezant/overworld.png_mwidth_4__mheight_4.4bpp.smol
tools/compresSmol/compresSmol -w build/assets/graphics/pokemon/unfezant/overworldf.png_mwidth_4__mheight_4.4bpp build/assets/graphics/pokemon/unfezant/overworldf.png_mwidth_4__mheight_4.4bpp.smol
tools/compresSmol/compresSmol -w build/assets/graphics/pokemon/unown/b/back.png.4bpp build/assets/graphics/pokemon/unown/b/back.png.4bpp.smol
tools/compresSmol/compresSmol -w build/assets/graphics/pokemon/unown/b/front.png.4bpp build/assets/graphics/pokemon/unown/b/front.png.4bpp.smol
tools/compresSmol/compresSmol -w build/assets/graphics/pokemon/unown/b/overworld.png_mwidth_4__mheight_4.4bpp build/assets/graphics/pokemon/unown/b/overworld.png_mwidth_4__mheight_4.4bpp.smol
tools/compresSmol/compresSmol -w build/assets/graphics/pokemon/unown/back.png.4bpp build/assets/graphics/pokemon/unown/back.png.4bpp.smol
tools/compresSmol/compresSmol -w build/assets/graphics/pokemon/unown/c/back.png.4bpp build/assets/graphics/pokemon/unown/c/back.png.4bpp.smol
tools/compresSmol/compresSmol -w build/assets/graphics/pokemon/unown/c/front.png.4bpp build/assets/graphics/pokemon/unown/c/front.png.4bpp.smol
tools/compresSmol/compresSmol -w build/assets/graphics/pokemon/unown/c/overworld.png_mwidth_4__mheight_4.4bpp build/assets/graphics/pokemon/unown/c/overworld.png_mwidth_4__mheight_4.4bpp.smol
tools/compresSmol/compresSmol -w build/assets/graphics/pokemon/unown/d/back.png.4bpp build/assets/graphics/pokemon/unown/d/back.png.4bpp.smol
tools/compresSmol/compresSmol -w build/assets/graphics/pokemon/unown/d/front.png.4bpp build/assets/graphics/pokemon/unown/d/front.png.4bpp.smol
tools/compresSmol/compresSmol -w build/assets/graphics/pokemon/unown/d/overworld.png_mwidth_4__mheight_4.4bpp build/assets/graphics/pokemon/unown/d/overworld.png_mwidth_4__mheight_4.4bpp.smol
tools/compresSmol/compresSmol -w build/assets/graphics/pokemon/unown/e/back.png.4bpp build/assets/graphics/pokemon/unown/e/back.png.4bpp.smol
tools/compresSmol/compresSmol -w build/assets/graphics/pokemon/unown/e/front.png.4bpp build/assets/graphics/pokemon/unown/e/front.png.4bpp.smol
tools/compresSmol/compresSmol -w build/assets/graphics/pokemon/unown/e/overworld.png_mwidth_4__mheight_4.4bpp build/assets/graphics/pokemon/unown/e/overworld.png_mwidth_4__mheight_4.4bpp.smol
tools/compresSmol/compresSmol -w build/assets/graphics/pokemon/unown/exclamation/back.png.4bpp build/assets/graphics/pokemon/unown/exclamation/back.png.4bpp.smol
tools/compresSmol/compresSmol -w build/assets/graphics/pokemon/unown/exclamation/front.png.4bpp build/assets/graphics/pokemon/unown/exclamation/front.png.4bpp.smol
tools/compresSmol/compresSmol -w build/assets/graphics/pokemon/unown/exclamation/overworld.png_mwidth_4__mheight_4.4bpp build/assets/graphics/pokemon/unown/exclamation/overworld.png_mwidth_4__mheight_4.4bpp.smol
tools/compresSmol/compresSmol -w build/assets/graphics/pokemon/unown/f/back.png.4bpp build/assets/graphics/pokemon/unown/f/back.png.4bpp.smol
tools/compresSmol/compresSmol -w build/assets/graphics/pokemon/unown/f/front.png.4bpp build/assets/graphics/pokemon/unown/f/front.png.4bpp.smol
tools/compresSmol/compresSmol -w build/assets/graphics/pokemon/unown/f/overworld.png_mwidth_4__mheight_4.4bpp build/assets/graphics/pokemon/unown/f/overworld.png_mwidth_4__mheight_4.4bpp.smol
tools/compresSmol/compresSmol -w build/assets/graphics/pokemon/unown/front.png.4bpp build/assets/graphics/pokemon/unown/front.png.4bpp.smol
tools/compresSmol/compresSmol -w build/assets/graphics/pokemon/unown/g/back.png.4bpp build/assets/graphics/pokemon/unown/g/back.png.4bpp.smol
tools/compresSmol/compresSmol -w build/assets/graphics/pokemon/unown/g/front.png.4bpp build/assets/graphics/pokemon/unown/g/front.png.4bpp.smol
tools/compresSmol/compresSmol -w build/assets/graphics/pokemon/unown/g/overworld.png_mwidth_4__mheight_4.4bpp build/assets/graphics/pokemon/unown/g/overworld.png_mwidth_4__mheight_4.4bpp.smol
tools/compresSmol/compresSmol -w build/assets/graphics/pokemon/unown/h/back.png.4bpp build/assets/graphics/pokemon/unown/h/back.png.4bpp.smol
tools/compresSmol/compresSmol -w build/assets/graphics/pokemon/unown/h/front.png.4bpp build/assets/graphics/pokemon/unown/h/front.png.4bpp.smol
tools/compresSmol/compresSmol -w build/assets/graphics/pokemon/unown/h/overworld.png_mwidth_4__mheight_4.4bpp build/assets/graphics/pokemon/unown/h/overworld.png_mwidth_4__mheight_4.4bpp.smol
tools/compresSmol/compresSmol -w build/assets/graphics/pokemon/unown/i/back.png.4bpp build/assets/graphics/pokemon/unown/i/back.png.4bpp.smol
tools/compresSmol/compresSmol -w build/assets/graphics/pokemon/unown/i/front.png.4bpp build/assets/graphics/pokemon/unown/i/front.png.4bpp.smol
tools/compresSmol/compresSmol -w build/assets/graphics/pokemon/unown/i/overworld.png_mwidth_4__mheight_4.4bpp build/assets/graphics/pokemon/unown/i/overworld.png_mwidth_4__mheight_4.4bpp.smol
tools/compresSmol/compresSmol -w build/assets/graphics/pokemon/unown/j/back.png.4bpp build/assets/graphics/pokemon/unown/j/back.png.4bpp.smol
tools/compresSmol/compresSmol -w build/assets/graphics/pokemon/unown/j/front.png.4bpp build/assets/graphics/pokemon/unown/j/front.png.4bpp.smol
tools/compresSmol/compresSmol -w build/assets/graphics/pokemon/unown/j/overworld.png_mwidth_4__mheight_4.4bpp build/assets/graphics/pokemon/unown/j/overworld.png_mwidth_4__mheight_4.4bpp.smol
tools/compresSmol/compresSmol -w build/assets/graphics/pokemon/unown/k/back.png.4bpp build/assets/graphics/pokemon/unown/k/back.png.4bpp.smol
tools/compresSmol/compresSmol -w build/assets/graphics/pokemon/unown/k/front.png.4bpp build/assets/graphics/pokemon/unown/k/front.png.4bpp.smol
tools/compresSmol/compresSmol -w build/assets/graphics/pokemon/unown/k/overworld.png_mwidth_4__mheight_4.4bpp build/assets/graphics/pokemon/unown/k/overworld.png_mwidth_4__mheight_4.4bpp.smol
tools/compresSmol/compresSmol -w build/assets/graphics/pokemon/unown/l/back.png.4bpp build/assets/graphics/pokemon/unown/l/back.png.4bpp.smol
tools/compresSmol/compresSmol -w build/assets/graphics/pokemon/unown/l/front.png.4bpp build/assets/graphics/pokemon/unown/l/front.png.4bpp.smol
tools/compresSmol/compresSmol -w build/assets/graphics/pokemon/unown/l/overworld.png_mwidth_4__mheight_4.4bpp build/assets/graphics/pokemon/unown/l/overworld.png_mwidth_4__mheight_4.4bpp.smol
tools/compresSmol/compresSmol -w build/assets/graphics/pokemon/unown/m/back.png.4bpp build/assets/graphics/pokemon/unown/m/back.png.4bpp.smol
tools/compresSmol/compresSmol -w build/assets/graphics/pokemon/unown/m/front.png.4bpp build/assets/graphics/pokemon/unown/m/front.png.4bpp.smol
tools/compresSmol/compresSmol -w build/assets/graphics/pokemon/unown/m/overworld.png_mwidth_4__mheight_4.4bpp build/assets/graphics/pokemon/unown/m/overworld.png_mwidth_4__mheight_4.4bpp.smol
tools/compresSmol/compresSmol -w build/assets/graphics/pokemon/unown/n/back.png.4bpp build/assets/graphics/pokemon/unown/n/back.png.4bpp.smol
tools/compresSmol/compresSmol -w build/assets/graphics/pokemon/unown/n/front.png.4bpp build/assets/graphics/pokemon/unown/n/front.png.4bpp.smol
tools/compresSmol/compresSmol -w build/assets/graphics/pokemon/unown/n/overworld.png_mwidth_4__mheight_4.4bpp build/assets/graphics/pokemon/unown/n/overworld.png_mwidth_4__mheight_4.4bpp.smol
tools/compresSmol/compresSmol -w build/assets/graphics/pokemon/unown/o/back.png.4bpp build/assets/graphics/pokemon/unown/o/back.png.4bpp.smol
tools/compresSmol/compresSmol -w build/assets/graphics/pokemon/unown/o/front.png.4bpp build/assets/graphics/pokemon/unown/o/front.png.4bpp.smol
tools/compresSmol/compresSmol -w build/assets/graphics/pokemon/unown/o/overworld.png_mwidth_4__mheight_4.4bpp build/assets/graphics/pokemon/unown/o/overworld.png_mwidth_4__mheight_4.4bpp.smol
tools/compresSmol/compresSmol -w build/assets/graphics/pokemon/unown/overworld.png_mwidth_4__mheight_4.4bpp build/assets/graphics/pokemon/unown/overworld.png_mwidth_4__mheight_4.4bpp.smol
tools/compresSmol/compresSmol -w build/assets/graphics/pokemon/unown/p/back.png.4bpp build/assets/graphics/pokemon/unown/p/back.png.4bpp.smol
tools/compresSmol/compresSmol -w build/assets/graphics/pokemon/unown/p/front.png.4bpp build/assets/graphics/pokemon/unown/p/front.png.4bpp.smol
tools/compresSmol/compresSmol -w build/assets/graphics/pokemon/unown/p/overworld.png_mwidth_4__mheight_4.4bpp build/assets/graphics/pokemon/unown/p/overworld.png_mwidth_4__mheight_4.4bpp.smol
tools/compresSmol/compresSmol -w build/assets/graphics/pokemon/unown/q/back.png.4bpp build/assets/graphics/pokemon/unown/q/back.png.4bpp.smol
tools/compresSmol/compresSmol -w build/assets/graphics/pokemon/unown/q/front.png.4bpp build/assets/graphics/pokemon/unown/q/front.png.4bpp.smol
tools/compresSmol/compresSmol -w build/assets/graphics/pokemon/unown/q/overworld.png_mwidth_4__mheight_4.4bpp build/assets/graphics/pokemon/unown/q/overworld.png_mwidth_4__mheight_4.4bpp.smol
tools/compresSmol/compresSmol -w build/assets/graphics/pokemon/unown/question/back.png.4bpp build/assets/graphics/pokemon/unown/question/back.png.4bpp.smol
tools/compresSmol/compresSmol -w build/assets/graphics/pokemon/unown/question/front.png.4bpp build/assets/graphics/pokemon/unown/question/front.png.4bpp.smol
tools/compresSmol/compresSmol -w build/assets/graphics/pokemon/unown/question/overworld.png_mwidth_4__mheight_4.4bpp build/assets/graphics/pokemon/unown/question/overworld.png_mwidth_4__mheight_4.4bpp.smol
tools/compresSmol/compresSmol -w build/assets/graphics/pokemon/unown/r/back.png.4bpp build/assets/graphics/pokemon/unown/r/back.png.4bpp.smol
tools/compresSmol/compresSmol -w build/assets/graphics/pokemon/unown/r/front.png.4bpp build/assets/graphics/pokemon/unown/r/front.png.4bpp.smol
tools/compresSmol/compresSmol -w build/assets/graphics/pokemon/unown/r/overworld.png_mwidth_4__mheight_4.4bpp build/assets/graphics/pokemon/unown/r/overworld.png_mwidth_4__mheight_4.4bpp.smol
tools/compresSmol/compresSmol -w build/assets/graphics/pokemon/unown/s/back.png.4bpp build/assets/graphics/pokemon/unown/s/back.png.4bpp.smol
tools/compresSmol/compresSmol -w build/assets/graphics/pokemon/unown/s/front.png.4bpp build/assets/graphics/pokemon/unown/s/front.png.4bpp.smol
tools/compresSmol/compresSmol -w build/assets/graphics/pokemon/unown/s/overworld.png_mwidth_4__mheight_4.4bpp build/assets/graphics/pokemon/unown/s/overworld.png_mwidth_4__mheight_4.4bpp.smol
tools/compresSmol/compresSmol -w build/assets/graphics/pokemon/unown/t/back.png.4bpp build/assets/graphics/pokemon/unown/t/back.png.4bpp.smol
tools/compresSmol/compresSmol -w build/assets/graphics/pokemon/unown/t/front.png.4bpp build/assets/graphics/pokemon/unown/t/front.png.4bpp.smol
tools/compresSmol/compresSmol -w build/assets/graphics/pokemon/unown/t/overworld.png_mwidth_4__mheight_4.4bpp build/assets/graphics/pokemon/unown/t/overworld.png_mwidth_4__mheight_4.4bpp.smol
tools/compresSmol/compresSmol -w build/assets/graphics/pokemon/unown/u/back.png.4bpp build/assets/graphics/pokemon/unown/u/back.png.4bpp.smol
tools/compresSmol/compresSmol -w build/assets/graphics/pokemon/unown/u/front.png.4bpp build/assets/graphics/pokemon/unown/u/front.png.4bpp.smol
tools/compresSmol/compresSmol -w build/assets/graphics/pokemon/unown/u/overworld.png_mwidth_4__mheight_4.4bpp build/assets/graphics/pokemon/unown/u/overworld.png_mwidth_4__mheight_4.4bpp.smol
tools/compresSmol/compresSmol -w build/assets/graphics/pokemon/unown/v/back.png.4bpp build/assets/graphics/pokemon/unown/v/back.png.4bpp.smol
tools/compresSmol/compresSmol -w build/assets/graphics/pokemon/unown/v/front.png.4bpp build/assets/graphics/pokemon/unown/v/front.png.4bpp.smol
tools/compresSmol/compresSmol -w build/assets/graphics/pokemon/unown/v/overworld.png_mwidth_4__mheight_4.4bpp build/assets/graphics/pokemon/unown/v/overworld.png_mwidth_4__mheight_4.4bpp.smol
tools/compresSmol/compresSmol -w build/assets/graphics/pokemon/unown/w/back.png.4bpp build/assets/graphics/pokemon/unown/w/back.png.4bpp.smol
tools/compresSmol/compresSmol -w build/assets/graphics/pokemon/unown/w/front.png.4bpp build/assets/graphics/pokemon/unown/w/front.png.4bpp.smol
tools/compresSmol/compresSmol -w build/assets/graphics/pokemon/unown/w/overworld.png_mwidth_4__mheight_4.4bpp build/assets/graphics/pokemon/unown/w/overworld.png_mwidth_4__mheight_4.4bpp.smol
tools/compresSmol/compresSmol -w build/assets/graphics/pokemon/unown/x/back.png.4bpp build/assets/graphics/pokemon/unown/x/back.png.4bpp.smol
tools/compresSmol/compresSmol -w build/assets/graphics/pokemon/unown/x/front.png.4bpp build/assets/graphics/pokemon/unown/x/front.png.4bpp.smol
tools/compresSmol/compresSmol -w build/assets/graphics/pokemon/unown/x/overworld.png_mwidth_4__mheight_4.4bpp build/assets/graphics/pokemon/unown/x/overworld.png_mwidth_4__mheight_4.4bpp.smol
tools/compresSmol/compresSmol -w build/assets/graphics/pokemon/unown/y/back.png.4bpp build/assets/graphics/pokemon/unown/y/back.png.4bpp.smol
tools/compresSmol/compresSmol -w build/assets/graphics/pokemon/unown/y/front.png.4bpp build/assets/graphics/pokemon/unown/y/front.png.4bpp.smol
tools/compresSmol/compresSmol -w build/assets/graphics/pokemon/unown/y/overworld.png_mwidth_4__mheight_4.4bpp build/assets/graphics/pokemon/unown/y/overworld.png_mwidth_4__mheight_4.4bpp.smol
tools/compresSmol/compresSmol -w build/assets/graphics/pokemon/unown/z/back.png.4bpp build/assets/graphics/pokemon/unown/z/back.png.4bpp.smol
tools/compresSmol/compresSmol -w build/assets/graphics/pokemon/unown/z/front.png.4bpp build/assets/graphics/pokemon/unown/z/front.png.4bpp.smol
tools/compresSmol/compresSmol -w build/assets/graphics/pokemon/unown/z/overworld.png_mwidth_4__mheight_4.4bpp build/assets/graphics/pokemon/unown/z/overworld.png_mwidth_4__mheight_4.4bpp.smol
tools/compresSmol/compresSmol -w build/assets/graphics/pokemon/ursaluna/back.png.4bpp build/assets/graphics/pokemon/ursaluna/back.png.4bpp.smol
tools/compresSmol/compresSmol -w build/assets/graphics/pokemon/ursaluna/bloodmoon/back.png.4bpp build/assets/graphics/pokemon/ursaluna/bloodmoon/back.png.4bpp.smol
tools/compresSmol/compresSmol -w build/assets/graphics/pokemon/ursaluna/bloodmoon/front.png.4bpp build/assets/graphics/pokemon/ursaluna/bloodmoon/front.png.4bpp.smol
tools/compresSmol/compresSmol -w build/assets/graphics/pokemon/ursaluna/bloodmoon/overworld.png_mwidth_4__mheight_4.4bpp build/assets/graphics/pokemon/ursaluna/bloodmoon/overworld.png_mwidth_4__mheight_4.4bpp.smol
tools/compresSmol/compresSmol -w build/assets/graphics/pokemon/ursaluna/front.png.4bpp build/assets/graphics/pokemon/ursaluna/front.png.4bpp.smol
tools/compresSmol/compresSmol -w build/assets/graphics/pokemon/ursaluna/overworld.png_mwidth_4__mheight_4.4bpp build/assets/graphics/pokemon/ursaluna/overworld.png_mwidth_4__mheight_4.4bpp.smol
tools/compresSmol/compresSmol -w build/assets/graphics/pokemon/ursaring/anim_front.png.4bpp build/assets/graphics/pokemon/ursaring/anim_front.png.4bpp.smol
tools/compresSmol/compresSmol -w build/assets/graphics/pokemon/ursaring/anim_front_gba.png.4bpp build/assets/graphics/pokemon/ursaring/anim_front_gba.png.4bpp.smol
tools/compresSmol/compresSmol -w build/assets/graphics/pokemon/ursaring/anim_frontf.png.4bpp build/assets/graphics/pokemon/ursaring/anim_frontf.png.4bpp.smol
tools/compresSmol/compresSmol -w build/assets/graphics/pokemon/ursaring/back.png.4bpp build/assets/graphics/pokemon/ursaring/back.png.4bpp.smol
tools/compresSmol/compresSmol -w build/assets/graphics/pokemon/ursaring/back_gba.png.4bpp build/assets/graphics/pokemon/ursaring/back_gba.png.4bpp.smol
tools/compresSmol/compresSmol -w build/assets/graphics/pokemon/ursaring/backf.png.4bpp build/assets/graphics/pokemon/ursaring/backf.png.4bpp.smol
tools/compresSmol/compresSmol -w build/assets/graphics/pokemon/ursaring/overworld.png_mwidth_4__mheight_4.4bpp build/assets/graphics/pokemon/ursaring/overworld.png_mwidth_4__mheight_4.4bpp.smol
tools/compresSmol/compresSmol -w build/assets/graphics/pokemon/ursaring/overworldf.png_mwidth_4__mheight_4.4bpp build/assets/graphics/pokemon/ursaring/overworldf.png_mwidth_4__mheight_4.4bpp.smol
tools/compresSmol/compresSmol -w build/assets/graphics/pokemon/urshifu/back.png.4bpp build/assets/graphics/pokemon/urshifu/back.png.4bpp.smol
tools/compresSmol/compresSmol -w build/assets/graphics/pokemon/urshifu/front.png.4bpp build/assets/graphics/pokemon/urshifu/front.png.4bpp.smol
tools/compresSmol/compresSmol -w build/assets/graphics/pokemon/urshifu/overworld.png_mwidth_4__mheight_4.4bpp build/assets/graphics/pokemon/urshifu/overworld.png_mwidth_4__mheight_4.4bpp.smol
tools/compresSmol/compresSmol -w build/assets/graphics/pokemon/urshifu/rapid_strike/back.png.4bpp build/assets/graphics/pokemon/urshifu/rapid_strike/back.png.4bpp.smol
tools/compresSmol/compresSmol -w build/assets/graphics/pokemon/urshifu/rapid_strike/front.png.4bpp build/assets/graphics/pokemon/urshifu/rapid_strike/front.png.4bpp.smol
tools/compresSmol/compresSmol -w build/assets/graphics/pokemon/urshifu/rapid_strike_gmax/back.png.4bpp build/assets/graphics/pokemon/urshifu/rapid_strike_gmax/back.png.4bpp.smol
tools/compresSmol/compresSmol -w build/assets/graphics/pokemon/urshifu/rapid_strike_gmax/front.png.4bpp build/assets/graphics/pokemon/urshifu/rapid_strike_gmax/front.png.4bpp.smol
tools/compresSmol/compresSmol -w build/assets/graphics/pokemon/urshifu/single_strike_gmax/back.png.4bpp build/assets/graphics/pokemon/urshifu/single_strike_gmax/back.png.4bpp.smol
tools/compresSmol/compresSmol -w build/assets/graphics/pokemon/urshifu/single_strike_gmax/front.png.4bpp build/assets/graphics/pokemon/urshifu/single_strike_gmax/front.png.4bpp.smol
tools/compresSmol/compresSmol -w build/assets/graphics/pokemon/uxie/anim_front.png.4bpp build/assets/graphics/pokemon/uxie/anim_front.png.4bpp.smol
tools/compresSmol/compresSmol -w build/assets/graphics/pokemon/uxie/back.png.4bpp build/assets/graphics/pokemon/uxie/back.png.4bpp.smol
tools/compresSmol/compresSmol -w build/assets/graphics/pokemon/uxie/overworld.png_mwidth_4__mheight_4.4bpp build/assets/graphics/pokemon/uxie/overworld.png_mwidth_4__mheight_4.4bpp.smol
tools/compresSmol/compresSmol -w build/assets/graphics/pokemon/vanillish/anim_front.png.4bpp build/assets/graphics/pokemon/vanillish/anim_front.png.4bpp.smol
tools/compresSmol/compresSmol -w build/assets/graphics/pokemon/vanillish/back.png.4bpp build/assets/graphics/pokemon/vanillish/back.png.4bpp.smol
tools/compresSmol/compresSmol -w build/assets/graphics/pokemon/vanillish/overworld.png_mwidth_4__mheight_4.4bpp build/assets/graphics/pokemon/vanillish/overworld.png_mwidth_4__mheight_4.4bpp.smol
tools/compresSmol/compresSmol -w build/assets/graphics/pokemon/vanillite/anim_front.png.4bpp build/assets/graphics/pokemon/vanillite/anim_front.png.4bpp.smol
tools/compresSmol/compresSmol -w build/assets/graphics/pokemon/vanillite/back.png.4bpp build/assets/graphics/pokemon/vanillite/back.png.4bpp.smol
tools/compresSmol/compresSmol -w build/assets/graphics/pokemon/vanillite/overworld.png_mwidth_4__mheight_4.4bpp build/assets/graphics/pokemon/vanillite/overworld.png_mwidth_4__mheight_4.4bpp.smol
tools/compresSmol/compresSmol -w build/assets/graphics/pokemon/vanilluxe/anim_front.png.4bpp build/assets/graphics/pokemon/vanilluxe/anim_front.png.4bpp.smol
tools/compresSmol/compresSmol -w build/assets/graphics/pokemon/vanilluxe/back.png.4bpp build/assets/graphics/pokemon/vanilluxe/back.png.4bpp.smol
tools/compresSmol/compresSmol -w build/assets/graphics/pokemon/vanilluxe/overworld.png_mwidth_4__mheight_4.4bpp build/assets/graphics/pokemon/vanilluxe/overworld.png_mwidth_4__mheight_4.4bpp.smol
tools/compresSmol/compresSmol -w build/assets/graphics/pokemon/vaporeon/anim_front.png.4bpp build/assets/graphics/pokemon/vaporeon/anim_front.png.4bpp.smol
tools/compresSmol/compresSmol -w build/assets/graphics/pokemon/vaporeon/anim_front_gba.png.4bpp build/assets/graphics/pokemon/vaporeon/anim_front_gba.png.4bpp.smol
tools/compresSmol/compresSmol -w build/assets/graphics/pokemon/vaporeon/back.png.4bpp build/assets/graphics/pokemon/vaporeon/back.png.4bpp.smol
tools/compresSmol/compresSmol -w build/assets/graphics/pokemon/vaporeon/back_gba.png.4bpp build/assets/graphics/pokemon/vaporeon/back_gba.png.4bpp.smol
tools/compresSmol/compresSmol -w build/assets/graphics/pokemon/vaporeon/overworld.png_mwidth_4__mheight_4.4bpp build/assets/graphics/pokemon/vaporeon/overworld.png_mwidth_4__mheight_4.4bpp.smol
tools/compresSmol/compresSmol -w build/assets/graphics/pokemon/varoom/back.png.4bpp build/assets/graphics/pokemon/varoom/back.png.4bpp.smol
tools/compresSmol/compresSmol -w build/assets/graphics/pokemon/varoom/front.png.4bpp build/assets/graphics/pokemon/varoom/front.png.4bpp.smol
tools/compresSmol/compresSmol -w build/assets/graphics/pokemon/varoom/overworld.png_mwidth_4__mheight_4.4bpp build/assets/graphics/pokemon/varoom/overworld.png_mwidth_4__mheight_4.4bpp.smol
tools/compresSmol/compresSmol -w build/assets/graphics/pokemon/veluza/back.png.4bpp build/assets/graphics/pokemon/veluza/back.png.4bpp.smol
tools/compresSmol/compresSmol -w build/assets/graphics/pokemon/veluza/front.png.4bpp build/assets/graphics/pokemon/veluza/front.png.4bpp.smol
tools/compresSmol/compresSmol -w build/assets/graphics/pokemon/veluza/overworld.png_mwidth_4__mheight_4.4bpp build/assets/graphics/pokemon/veluza/overworld.png_mwidth_4__mheight_4.4bpp.smol
tools/compresSmol/compresSmol -w build/assets/graphics/pokemon/venipede/anim_front.png.4bpp build/assets/graphics/pokemon/venipede/anim_front.png.4bpp.smol
tools/compresSmol/compresSmol -w build/assets/graphics/pokemon/venipede/back.png.4bpp build/assets/graphics/pokemon/venipede/back.png.4bpp.smol
tools/compresSmol/compresSmol -w build/assets/graphics/pokemon/venipede/overworld.png_mwidth_4__mheight_4.4bpp build/assets/graphics/pokemon/venipede/overworld.png_mwidth_4__mheight_4.4bpp.smol
tools/compresSmol/compresSmol -w build/assets/graphics/pokemon/venomoth/anim_front.png.4bpp build/assets/graphics/pokemon/venomoth/anim_front.png.4bpp.smol
tools/compresSmol/compresSmol -w build/assets/graphics/pokemon/venomoth/anim_front_gba.png.4bpp build/assets/graphics/pokemon/venomoth/anim_front_gba.png.4bpp.smol
tools/compresSmol/compresSmol -w build/assets/graphics/pokemon/venomoth/back.png.4bpp build/assets/graphics/pokemon/venomoth/back.png.4bpp.smol
tools/compresSmol/compresSmol -w build/assets/graphics/pokemon/venomoth/back_gba.png.4bpp build/assets/graphics/pokemon/venomoth/back_gba.png.4bpp.smol
tools/compresSmol/compresSmol -w build/assets/graphics/pokemon/venomoth/overworld.png_mwidth_4__mheight_4.4bpp build/assets/graphics/pokemon/venomoth/overworld.png_mwidth_4__mheight_4.4bpp.smol
tools/compresSmol/compresSmol -w build/assets/graphics/pokemon/venonat/anim_front.png.4bpp build/assets/graphics/pokemon/venonat/anim_front.png.4bpp.smol
tools/compresSmol/compresSmol -w build/assets/graphics/pokemon/venonat/anim_front_gba.png.4bpp build/assets/graphics/pokemon/venonat/anim_front_gba.png.4bpp.smol
tools/compresSmol/compresSmol -w build/assets/graphics/pokemon/venonat/back.png.4bpp build/assets/graphics/pokemon/venonat/back.png.4bpp.smol
tools/compresSmol/compresSmol -w build/assets/graphics/pokemon/venonat/back_gba.png.4bpp build/assets/graphics/pokemon/venonat/back_gba.png.4bpp.smol
tools/compresSmol/compresSmol -w build/assets/graphics/pokemon/venonat/overworld.png_mwidth_4__mheight_4.4bpp build/assets/graphics/pokemon/venonat/overworld.png_mwidth_4__mheight_4.4bpp.smol
tools/compresSmol/compresSmol -w build/assets/graphics/pokemon/venusaur/anim_front.png.4bpp build/assets/graphics/pokemon/venusaur/anim_front.png.4bpp.smol
tools/compresSmol/compresSmol -w build/assets/graphics/pokemon/venusaur/anim_front_gba.png.4bpp build/assets/graphics/pokemon/venusaur/anim_front_gba.png.4bpp.smol
tools/compresSmol/compresSmol -w build/assets/graphics/pokemon/venusaur/anim_frontf.png.4bpp build/assets/graphics/pokemon/venusaur/anim_frontf.png.4bpp.smol
tools/compresSmol/compresSmol -w build/assets/graphics/pokemon/venusaur/back.png.4bpp build/assets/graphics/pokemon/venusaur/back.png.4bpp.smol
tools/compresSmol/compresSmol -w build/assets/graphics/pokemon/venusaur/back_gba.png.4bpp build/assets/graphics/pokemon/venusaur/back_gba.png.4bpp.smol
tools/compresSmol/compresSmol -w build/assets/graphics/pokemon/venusaur/backf.png.4bpp build/assets/graphics/pokemon/venusaur/backf.png.4bpp.smol
tools/compresSmol/compresSmol -w build/assets/graphics/pokemon/venusaur/gmax/back.png.4bpp build/assets/graphics/pokemon/venusaur/gmax/back.png.4bpp.smol
tools/compresSmol/compresSmol -w build/assets/graphics/pokemon/venusaur/gmax/front.png.4bpp build/assets/graphics/pokemon/venusaur/gmax/front.png.4bpp.smol
tools/compresSmol/compresSmol -w build/assets/graphics/pokemon/venusaur/mega/back.png.4bpp build/assets/graphics/pokemon/venusaur/mega/back.png.4bpp.smol
tools/compresSmol/compresSmol -w build/assets/graphics/pokemon/venusaur/mega/front.png.4bpp build/assets/graphics/pokemon/venusaur/mega/front.png.4bpp.smol
tools/compresSmol/compresSmol -w build/assets/graphics/pokemon/venusaur/mega/overworld.png_mwidth_4__mheight_4.4bpp build/assets/graphics/pokemon/venusaur/mega/overworld.png_mwidth_4__mheight_4.4bpp.smol
tools/compresSmol/compresSmol -w build/assets/graphics/pokemon/venusaur/overworld.png_mwidth_4__mheight_4.4bpp build/assets/graphics/pokemon/venusaur/overworld.png_mwidth_4__mheight_4.4bpp.smol
tools/compresSmol/compresSmol -w build/assets/graphics/pokemon/venusaur/overworldf.png_mwidth_4__mheight_4.4bpp build/assets/graphics/pokemon/venusaur/overworldf.png_mwidth_4__mheight_4.4bpp.smol
tools/compresSmol/compresSmol -w build/assets/graphics/pokemon/vespiquen/anim_front.png.4bpp build/assets/graphics/pokemon/vespiquen/anim_front.png.4bpp.smol
tools/compresSmol/compresSmol -w build/assets/graphics/pokemon/vespiquen/back.png.4bpp build/assets/graphics/pokemon/vespiquen/back.png.4bpp.smol
tools/compresSmol/compresSmol -w build/assets/graphics/pokemon/vespiquen/overworld.png_mwidth_4__mheight_4.4bpp build/assets/graphics/pokemon/vespiquen/overworld.png_mwidth_4__mheight_4.4bpp.smol
tools/compresSmol/compresSmol -w build/assets/graphics/pokemon/vibrava/anim_front.png.4bpp build/assets/graphics/pokemon/vibrava/anim_front.png.4bpp.smol
tools/compresSmol/compresSmol -w build/assets/graphics/pokemon/vibrava/anim_front_gba.png.4bpp build/assets/graphics/pokemon/vibrava/anim_front_gba.png.4bpp.smol
tools/compresSmol/compresSmol -w build/assets/graphics/pokemon/vibrava/back.png.4bpp build/assets/graphics/pokemon/vibrava/back.png.4bpp.smol
tools/compresSmol/compresSmol -w build/assets/graphics/pokemon/vibrava/back_gba.png.4bpp build/assets/graphics/pokemon/vibrava/back_gba.png.4bpp.smol
tools/compresSmol/compresSmol -w build/assets/graphics/pokemon/vibrava/overworld.png_mwidth_4__mheight_4.4bpp build/assets/graphics/pokemon/vibrava/overworld.png_mwidth_4__mheight_4.4bpp.smol
tools/compresSmol/compresSmol -w build/assets/graphics/pokemon/victini/anim_front.png.4bpp build/assets/graphics/pokemon/victini/anim_front.png.4bpp.smol
tools/compresSmol/compresSmol -w build/assets/graphics/pokemon/victini/back.png.4bpp build/assets/graphics/pokemon/victini/back.png.4bpp.smol
tools/compresSmol/compresSmol -w build/assets/graphics/pokemon/victini/overworld.png_mwidth_4__mheight_4.4bpp build/assets/graphics/pokemon/victini/overworld.png_mwidth_4__mheight_4.4bpp.smol
tools/compresSmol/compresSmol -w build/assets/graphics/pokemon/victreebel/anim_front.png.4bpp build/assets/graphics/pokemon/victreebel/anim_front.png.4bpp.smol
tools/compresSmol/compresSmol -w build/assets/graphics/pokemon/victreebel/anim_front_gba.png.4bpp build/assets/graphics/pokemon/victreebel/anim_front_gba.png.4bpp.smol
tools/compresSmol/compresSmol -w build/assets/graphics/pokemon/victreebel/back.png.4bpp build/assets/graphics/pokemon/victreebel/back.png.4bpp.smol
tools/compresSmol/compresSmol -w build/assets/graphics/pokemon/victreebel/back_gba.png.4bpp build/assets/graphics/pokemon/victreebel/back_gba.png.4bpp.smol
tools/compresSmol/compresSmol -w build/assets/graphics/pokemon/victreebel/mega/back.png.4bpp build/assets/graphics/pokemon/victreebel/mega/back.png.4bpp.smol
tools/compresSmol/compresSmol -w build/assets/graphics/pokemon/victreebel/mega/front.png.4bpp build/assets/graphics/pokemon/victreebel/mega/front.png.4bpp.smol
tools/compresSmol/compresSmol -w build/assets/graphics/pokemon/victreebel/overworld.png_mwidth_4__mheight_4.4bpp build/assets/graphics/pokemon/victreebel/overworld.png_mwidth_4__mheight_4.4bpp.smol
tools/compresSmol/compresSmol -w build/assets/graphics/pokemon/vigoroth/anim_front.png.4bpp build/assets/graphics/pokemon/vigoroth/anim_front.png.4bpp.smol
tools/compresSmol/compresSmol -w build/assets/graphics/pokemon/vigoroth/anim_front_gba.png.4bpp build/assets/graphics/pokemon/vigoroth/anim_front_gba.png.4bpp.smol
tools/compresSmol/compresSmol -w build/assets/graphics/pokemon/vigoroth/back.png.4bpp build/assets/graphics/pokemon/vigoroth/back.png.4bpp.smol
tools/compresSmol/compresSmol -w build/assets/graphics/pokemon/vigoroth/back_gba.png.4bpp build/assets/graphics/pokemon/vigoroth/back_gba.png.4bpp.smol
tools/compresSmol/compresSmol -w build/assets/graphics/pokemon/vigoroth/overworld.png_mwidth_4__mheight_4.4bpp build/assets/graphics/pokemon/vigoroth/overworld.png_mwidth_4__mheight_4.4bpp.smol
tools/compresSmol/compresSmol -w build/assets/graphics/pokemon/vikavolt/anim_front.png.4bpp build/assets/graphics/pokemon/vikavolt/anim_front.png.4bpp.smol
tools/compresSmol/compresSmol -w build/assets/graphics/pokemon/vikavolt/back.png.4bpp build/assets/graphics/pokemon/vikavolt/back.png.4bpp.smol
tools/compresSmol/compresSmol -w build/assets/graphics/pokemon/vikavolt/overworld.png_mwidth_4__mheight_4.4bpp build/assets/graphics/pokemon/vikavolt/overworld.png_mwidth_4__mheight_4.4bpp.smol
tools/compresSmol/compresSmol -w build/assets/graphics/pokemon/vileplume/anim_front.png.4bpp build/assets/graphics/pokemon/vileplume/anim_front.png.4bpp.smol
tools/compresSmol/compresSmol -w build/assets/graphics/pokemon/vileplume/anim_front_gba.png.4bpp build/assets/graphics/pokemon/vileplume/anim_front_gba.png.4bpp.smol
tools/compresSmol/compresSmol -w build/assets/graphics/pokemon/vileplume/anim_frontf.png.4bpp build/assets/graphics/pokemon/vileplume/anim_frontf.png.4bpp.smol
tools/compresSmol/compresSmol -w build/assets/graphics/pokemon/vileplume/back.png.4bpp build/assets/graphics/pokemon/vileplume/back.png.4bpp.smol
tools/compresSmol/compresSmol -w build/assets/graphics/pokemon/vileplume/back_gba.png.4bpp build/assets/graphics/pokemon/vileplume/back_gba.png.4bpp.smol
tools/compresSmol/compresSmol -w build/assets/graphics/pokemon/vileplume/backf.png.4bpp build/assets/graphics/pokemon/vileplume/backf.png.4bpp.smol
tools/compresSmol/compresSmol -w build/assets/graphics/pokemon/vileplume/overworld.png_mwidth_4__mheight_4.4bpp build/assets/graphics/pokemon/vileplume/overworld.png_mwidth_4__mheight_4.4bpp.smol
tools/compresSmol/compresSmol -w build/assets/graphics/pokemon/vileplume/overworldf.png_mwidth_4__mheight_4.4bpp build/assets/graphics/pokemon/vileplume/overworldf.png_mwidth_4__mheight_4.4bpp.smol
tools/compresSmol/compresSmol -w build/assets/graphics/pokemon/virizion/anim_front.png.4bpp build/assets/graphics/pokemon/virizion/anim_front.png.4bpp.smol
tools/compresSmol/compresSmol -w build/assets/graphics/pokemon/virizion/back.png.4bpp build/assets/graphics/pokemon/virizion/back.png.4bpp.smol
tools/compresSmol/compresSmol -w build/assets/graphics/pokemon/virizion/overworld.png_mwidth_4__mheight_4.4bpp build/assets/graphics/pokemon/virizion/overworld.png_mwidth_4__mheight_4.4bpp.smol
tools/compresSmol/compresSmol -w build/assets/graphics/pokemon/vivillon/anim_front.png.4bpp build/assets/graphics/pokemon/vivillon/anim_front.png.4bpp.smol
tools/compresSmol/compresSmol -w build/assets/graphics/pokemon/vivillon/archipelago/anim_front.png.4bpp build/assets/graphics/pokemon/vivillon/archipelago/anim_front.png.4bpp.smol
tools/compresSmol/compresSmol -w build/assets/graphics/pokemon/vivillon/archipelago/back.png.4bpp build/assets/graphics/pokemon/vivillon/archipelago/back.png.4bpp.smol
tools/compresSmol/compresSmol -w build/assets/graphics/pokemon/vivillon/archipelago/overworld.png_mwidth_4__mheight_4.4bpp build/assets/graphics/pokemon/vivillon/archipelago/overworld.png_mwidth_4__mheight_4.4bpp.smol
tools/compresSmol/compresSmol -w build/assets/graphics/pokemon/vivillon/back.png.4bpp build/assets/graphics/pokemon/vivillon/back.png.4bpp.smol
tools/compresSmol/compresSmol -w build/assets/graphics/pokemon/vivillon/continental/anim_front.png.4bpp build/assets/graphics/pokemon/vivillon/continental/anim_front.png.4bpp.smol
tools/compresSmol/compresSmol -w build/assets/graphics/pokemon/vivillon/continental/back.png.4bpp build/assets/graphics/pokemon/vivillon/continental/back.png.4bpp.smol
tools/compresSmol/compresSmol -w build/assets/graphics/pokemon/vivillon/continental/overworld.png_mwidth_4__mheight_4.4bpp build/assets/graphics/pokemon/vivillon/continental/overworld.png_mwidth_4__mheight_4.4bpp.smol
tools/compresSmol/compresSmol -w build/assets/graphics/pokemon/vivillon/elegant/anim_front.png.4bpp build/assets/graphics/pokemon/vivillon/elegant/anim_front.png.4bpp.smol
tools/compresSmol/compresSmol -w build/assets/graphics/pokemon/vivillon/elegant/back.png.4bpp build/assets/graphics/pokemon/vivillon/elegant/back.png.4bpp.smol
tools/compresSmol/compresSmol -w build/assets/graphics/pokemon/vivillon/elegant/overworld.png_mwidth_4__mheight_4.4bpp build/assets/graphics/pokemon/vivillon/elegant/overworld.png_mwidth_4__mheight_4.4bpp.smol
tools/compresSmol/compresSmol -w build/assets/graphics/pokemon/vivillon/fancy/anim_front.png.4bpp build/assets/graphics/pokemon/vivillon/fancy/anim_front.png.4bpp.smol
tools/compresSmol/compresSmol -w build/assets/graphics/pokemon/vivillon/fancy/back.png.4bpp build/assets/graphics/pokemon/vivillon/fancy/back.png.4bpp.smol
tools/compresSmol/compresSmol -w build/assets/graphics/pokemon/vivillon/fancy/overworld.png_mwidth_4__mheight_4.4bpp build/assets/graphics/pokemon/vivillon/fancy/overworld.png_mwidth_4__mheight_4.4bpp.smol
tools/compresSmol/compresSmol -w build/assets/graphics/pokemon/vivillon/garden/anim_front.png.4bpp build/assets/graphics/pokemon/vivillon/garden/anim_front.png.4bpp.smol
tools/compresSmol/compresSmol -w build/assets/graphics/pokemon/vivillon/garden/back.png.4bpp build/assets/graphics/pokemon/vivillon/garden/back.png.4bpp.smol
tools/compresSmol/compresSmol -w build/assets/graphics/pokemon/vivillon/garden/overworld.png_mwidth_4__mheight_4.4bpp build/assets/graphics/pokemon/vivillon/garden/overworld.png_mwidth_4__mheight_4.4bpp.smol
tools/compresSmol/compresSmol -w build/assets/graphics/pokemon/vivillon/high_plains/anim_front.png.4bpp build/assets/graphics/pokemon/vivillon/high_plains/anim_front.png.4bpp.smol
tools/compresSmol/compresSmol -w build/assets/graphics/pokemon/vivillon/high_plains/back.png.4bpp build/assets/graphics/pokemon/vivillon/high_plains/back.png.4bpp.smol
tools/compresSmol/compresSmol -w build/assets/graphics/pokemon/vivillon/high_plains/overworld.png_mwidth_4__mheight_4.4bpp build/assets/graphics/pokemon/vivillon/high_plains/overworld.png_mwidth_4__mheight_4.4bpp.smol
tools/compresSmol/compresSmol -w build/assets/graphics/pokemon/vivillon/jungle/anim_front.png.4bpp build/assets/graphics/pokemon/vivillon/jungle/anim_front.png.4bpp.smol
tools/compresSmol/compresSmol -w build/assets/graphics/pokemon/vivillon/jungle/back.png.4bpp build/assets/graphics/pokemon/vivillon/jungle/back.png.4bpp.smol
tools/compresSmol/compresSmol -w build/assets/graphics/pokemon/vivillon/jungle/overworld.png_mwidth_4__mheight_4.4bpp build/assets/graphics/pokemon/vivillon/jungle/overworld.png_mwidth_4__mheight_4.4bpp.smol
tools/compresSmol/compresSmol -w build/assets/graphics/pokemon/vivillon/marine/anim_front.png.4bpp build/assets/graphics/pokemon/vivillon/marine/anim_front.png.4bpp.smol
tools/compresSmol/compresSmol -w build/assets/graphics/pokemon/vivillon/marine/back.png.4bpp build/assets/graphics/pokemon/vivillon/marine/back.png.4bpp.smol
tools/compresSmol/compresSmol -w build/assets/graphics/pokemon/vivillon/marine/overworld.png_mwidth_4__mheight_4.4bpp build/assets/graphics/pokemon/vivillon/marine/overworld.png_mwidth_4__mheight_4.4bpp.smol
tools/compresSmol/compresSmol -w build/assets/graphics/pokemon/vivillon/meadow/anim_front.png.4bpp build/assets/graphics/pokemon/vivillon/meadow/anim_front.png.4bpp.smol
tools/compresSmol/compresSmol -w build/assets/graphics/pokemon/vivillon/meadow/back.png.4bpp build/assets/graphics/pokemon/vivillon/meadow/back.png.4bpp.smol
tools/compresSmol/compresSmol -w build/assets/graphics/pokemon/vivillon/meadow/overworld.png_mwidth_4__mheight_4.4bpp build/assets/graphics/pokemon/vivillon/meadow/overworld.png_mwidth_4__mheight_4.4bpp.smol
tools/compresSmol/compresSmol -w build/assets/graphics/pokemon/vivillon/modern/anim_front.png.4bpp build/assets/graphics/pokemon/vivillon/modern/anim_front.png.4bpp.smol
tools/compresSmol/compresSmol -w build/assets/graphics/pokemon/vivillon/modern/back.png.4bpp build/assets/graphics/pokemon/vivillon/modern/back.png.4bpp.smol
tools/compresSmol/compresSmol -w build/assets/graphics/pokemon/vivillon/modern/overworld.png_mwidth_4__mheight_4.4bpp build/assets/graphics/pokemon/vivillon/modern/overworld.png_mwidth_4__mheight_4.4bpp.smol
tools/compresSmol/compresSmol -w build/assets/graphics/pokemon/vivillon/monsoon/anim_front.png.4bpp build/assets/graphics/pokemon/vivillon/monsoon/anim_front.png.4bpp.smol
tools/compresSmol/compresSmol -w build/assets/graphics/pokemon/vivillon/monsoon/back.png.4bpp build/assets/graphics/pokemon/vivillon/monsoon/back.png.4bpp.smol
tools/compresSmol/compresSmol -w build/assets/graphics/pokemon/vivillon/monsoon/overworld.png_mwidth_4__mheight_4.4bpp build/assets/graphics/pokemon/vivillon/monsoon/overworld.png_mwidth_4__mheight_4.4bpp.smol
tools/compresSmol/compresSmol -w build/assets/graphics/pokemon/vivillon/ocean/anim_front.png.4bpp build/assets/graphics/pokemon/vivillon/ocean/anim_front.png.4bpp.smol
tools/compresSmol/compresSmol -w build/assets/graphics/pokemon/vivillon/ocean/back.png.4bpp build/assets/graphics/pokemon/vivillon/ocean/back.png.4bpp.smol
tools/compresSmol/compresSmol -w build/assets/graphics/pokemon/vivillon/ocean/overworld.png_mwidth_4__mheight_4.4bpp build/assets/graphics/pokemon/vivillon/ocean/overworld.png_mwidth_4__mheight_4.4bpp.smol
tools/compresSmol/compresSmol -w build/assets/graphics/pokemon/vivillon/overworld.png_mwidth_4__mheight_4.4bpp build/assets/graphics/pokemon/vivillon/overworld.png_mwidth_4__mheight_4.4bpp.smol
tools/compresSmol/compresSmol -w build/assets/graphics/pokemon/vivillon/poke_ball/anim_front.png.4bpp build/assets/graphics/pokemon/vivillon/poke_ball/anim_front.png.4bpp.smol
tools/compresSmol/compresSmol -w build/assets/graphics/pokemon/vivillon/poke_ball/back.png.4bpp build/assets/graphics/pokemon/vivillon/poke_ball/back.png.4bpp.smol
tools/compresSmol/compresSmol -w build/assets/graphics/pokemon/vivillon/poke_ball/overworld.png_mwidth_4__mheight_4.4bpp build/assets/graphics/pokemon/vivillon/poke_ball/overworld.png_mwidth_4__mheight_4.4bpp.smol
tools/compresSmol/compresSmol -w build/assets/graphics/pokemon/vivillon/polar/anim_front.png.4bpp build/assets/graphics/pokemon/vivillon/polar/anim_front.png.4bpp.smol
tools/compresSmol/compresSmol -w build/assets/graphics/pokemon/vivillon/polar/back.png.4bpp build/assets/graphics/pokemon/vivillon/polar/back.png.4bpp.smol
tools/compresSmol/compresSmol -w build/assets/graphics/pokemon/vivillon/polar/overworld.png_mwidth_4__mheight_4.4bpp build/assets/graphics/pokemon/vivillon/polar/overworld.png_mwidth_4__mheight_4.4bpp.smol
tools/compresSmol/compresSmol -w build/assets/graphics/pokemon/vivillon/river/anim_front.png.4bpp build/assets/graphics/pokemon/vivillon/river/anim_front.png.4bpp.smol
tools/compresSmol/compresSmol -w build/assets/graphics/pokemon/vivillon/river/back.png.4bpp build/assets/graphics/pokemon/vivillon/river/back.png.4bpp.smol
tools/compresSmol/compresSmol -w build/assets/graphics/pokemon/vivillon/river/overworld.png_mwidth_4__mheight_4.4bpp build/assets/graphics/pokemon/vivillon/river/overworld.png_mwidth_4__mheight_4.4bpp.smol
tools/compresSmol/compresSmol -w build/assets/graphics/pokemon/vivillon/sandstorm/anim_front.png.4bpp build/assets/graphics/pokemon/vivillon/sandstorm/anim_front.png.4bpp.smol
tools/compresSmol/compresSmol -w build/assets/graphics/pokemon/vivillon/sandstorm/back.png.4bpp build/assets/graphics/pokemon/vivillon/sandstorm/back.png.4bpp.smol
tools/compresSmol/compresSmol -w build/assets/graphics/pokemon/vivillon/sandstorm/overworld.png_mwidth_4__mheight_4.4bpp build/assets/graphics/pokemon/vivillon/sandstorm/overworld.png_mwidth_4__mheight_4.4bpp.smol
tools/compresSmol/compresSmol -w build/assets/graphics/pokemon/vivillon/savanna/anim_front.png.4bpp build/assets/graphics/pokemon/vivillon/savanna/anim_front.png.4bpp.smol
tools/compresSmol/compresSmol -w build/assets/graphics/pokemon/vivillon/savanna/back.png.4bpp build/assets/graphics/pokemon/vivillon/savanna/back.png.4bpp.smol
tools/compresSmol/compresSmol -w build/assets/graphics/pokemon/vivillon/savanna/overworld.png_mwidth_4__mheight_4.4bpp build/assets/graphics/pokemon/vivillon/savanna/overworld.png_mwidth_4__mheight_4.4bpp.smol
tools/compresSmol/compresSmol -w build/assets/graphics/pokemon/vivillon/sun/anim_front.png.4bpp build/assets/graphics/pokemon/vivillon/sun/anim_front.png.4bpp.smol
tools/compresSmol/compresSmol -w build/assets/graphics/pokemon/vivillon/sun/back.png.4bpp build/assets/graphics/pokemon/vivillon/sun/back.png.4bpp.smol
tools/compresSmol/compresSmol -w build/assets/graphics/pokemon/vivillon/sun/overworld.png_mwidth_4__mheight_4.4bpp build/assets/graphics/pokemon/vivillon/sun/overworld.png_mwidth_4__mheight_4.4bpp.smol
tools/compresSmol/compresSmol -w build/assets/graphics/pokemon/vivillon/tundra/anim_front.png.4bpp build/assets/graphics/pokemon/vivillon/tundra/anim_front.png.4bpp.smol
tools/compresSmol/compresSmol -w build/assets/graphics/pokemon/vivillon/tundra/back.png.4bpp build/assets/graphics/pokemon/vivillon/tundra/back.png.4bpp.smol
tools/compresSmol/compresSmol -w build/assets/graphics/pokemon/vivillon/tundra/overworld.png_mwidth_4__mheight_4.4bpp build/assets/graphics/pokemon/vivillon/tundra/overworld.png_mwidth_4__mheight_4.4bpp.smol
tools/compresSmol/compresSmol -w build/assets/graphics/pokemon/volbeat/anim_front.png.4bpp build/assets/graphics/pokemon/volbeat/anim_front.png.4bpp.smol
tools/compresSmol/compresSmol -w build/assets/graphics/pokemon/volbeat/anim_front_gba.png.4bpp build/assets/graphics/pokemon/volbeat/anim_front_gba.png.4bpp.smol
tools/compresSmol/compresSmol -w build/assets/graphics/pokemon/volbeat/back.png.4bpp build/assets/graphics/pokemon/volbeat/back.png.4bpp.smol
tools/compresSmol/compresSmol -w build/assets/graphics/pokemon/volbeat/back_gba.png.4bpp build/assets/graphics/pokemon/volbeat/back_gba.png.4bpp.smol
tools/compresSmol/compresSmol -w build/assets/graphics/pokemon/volbeat/overworld.png_mwidth_4__mheight_4.4bpp build/assets/graphics/pokemon/volbeat/overworld.png_mwidth_4__mheight_4.4bpp.smol
tools/compresSmol/compresSmol -w build/assets/graphics/pokemon/volcanion/anim_front.png.4bpp build/assets/graphics/pokemon/volcanion/anim_front.png.4bpp.smol
tools/compresSmol/compresSmol -w build/assets/graphics/pokemon/volcanion/back.png.4bpp build/assets/graphics/pokemon/volcanion/back.png.4bpp.smol
tools/compresSmol/compresSmol -w build/assets/graphics/pokemon/volcanion/overworld.png_mwidth_4__mheight_4.4bpp build/assets/graphics/pokemon/volcanion/overworld.png_mwidth_4__mheight_4.4bpp.smol
tools/compresSmol/compresSmol -w build/assets/graphics/pokemon/volcarona/anim_front.png.4bpp build/assets/graphics/pokemon/volcarona/anim_front.png.4bpp.smol
tools/compresSmol/compresSmol -w build/assets/graphics/pokemon/volcarona/back.png.4bpp build/assets/graphics/pokemon/volcarona/back.png.4bpp.smol
tools/compresSmol/compresSmol -w build/assets/graphics/pokemon/volcarona/overworld.png_mwidth_4__mheight_4.4bpp build/assets/graphics/pokemon/volcarona/overworld.png_mwidth_4__mheight_4.4bpp.smol
tools/compresSmol/compresSmol -w build/assets/graphics/pokemon/voltorb/anim_front.png.4bpp build/assets/graphics/pokemon/voltorb/anim_front.png.4bpp.smol
tools/compresSmol/compresSmol -w build/assets/graphics/pokemon/voltorb/anim_front_gba.png.4bpp build/assets/graphics/pokemon/voltorb/anim_front_gba.png.4bpp.smol
tools/compresSmol/compresSmol -w build/assets/graphics/pokemon/voltorb/back.png.4bpp build/assets/graphics/pokemon/voltorb/back.png.4bpp.smol
tools/compresSmol/compresSmol -w build/assets/graphics/pokemon/voltorb/back_gba.png.4bpp build/assets/graphics/pokemon/voltorb/back_gba.png.4bpp.smol
tools/compresSmol/compresSmol -w build/assets/graphics/pokemon/voltorb/hisui/back.png.4bpp build/assets/graphics/pokemon/voltorb/hisui/back.png.4bpp.smol
tools/compresSmol/compresSmol -w build/assets/graphics/pokemon/voltorb/hisui/front.png.4bpp build/assets/graphics/pokemon/voltorb/hisui/front.png.4bpp.smol
tools/compresSmol/compresSmol -w build/assets/graphics/pokemon/voltorb/hisui/overworld.png_mwidth_4__mheight_4.4bpp build/assets/graphics/pokemon/voltorb/hisui/overworld.png_mwidth_4__mheight_4.4bpp.smol
tools/compresSmol/compresSmol -w build/assets/graphics/pokemon/voltorb/overworld.png_mwidth_4__mheight_4.4bpp build/assets/graphics/pokemon/voltorb/overworld.png_mwidth_4__mheight_4.4bpp.smol
tools/compresSmol/compresSmol -w build/assets/graphics/pokemon/vullaby/anim_front.png.4bpp build/assets/graphics/pokemon/vullaby/anim_front.png.4bpp.smol
tools/compresSmol/compresSmol -w build/assets/graphics/pokemon/vullaby/back.png.4bpp build/assets/graphics/pokemon/vullaby/back.png.4bpp.smol
tools/compresSmol/compresSmol -w build/assets/graphics/pokemon/vullaby/overworld.png_mwidth_4__mheight_4.4bpp build/assets/graphics/pokemon/vullaby/overworld.png_mwidth_4__mheight_4.4bpp.smol
tools/compresSmol/compresSmol -w build/assets/graphics/pokemon/vulpix/alola/back.png.4bpp build/assets/graphics/pokemon/vulpix/alola/back.png.4bpp.smol
tools/compresSmol/compresSmol -w build/assets/graphics/pokemon/vulpix/alola/front.png.4bpp build/assets/graphics/pokemon/vulpix/alola/front.png.4bpp.smol
tools/compresSmol/compresSmol -w build/assets/graphics/pokemon/vulpix/alola/overworld.png_mwidth_4__mheight_4.4bpp build/assets/graphics/pokemon/vulpix/alola/overworld.png_mwidth_4__mheight_4.4bpp.smol
tools/compresSmol/compresSmol -w build/assets/graphics/pokemon/vulpix/anim_front.png.4bpp build/assets/graphics/pokemon/vulpix/anim_front.png.4bpp.smol
tools/compresSmol/compresSmol -w build/assets/graphics/pokemon/vulpix/anim_front_gba.png.4bpp build/assets/graphics/pokemon/vulpix/anim_front_gba.png.4bpp.smol
tools/compresSmol/compresSmol -w build/assets/graphics/pokemon/vulpix/back.png.4bpp build/assets/graphics/pokemon/vulpix/back.png.4bpp.smol
tools/compresSmol/compresSmol -w build/assets/graphics/pokemon/vulpix/back_gba.png.4bpp build/assets/graphics/pokemon/vulpix/back_gba.png.4bpp.smol
tools/compresSmol/compresSmol -w build/assets/graphics/pokemon/vulpix/overworld.png_mwidth_4__mheight_4.4bpp build/assets/graphics/pokemon/vulpix/overworld.png_mwidth_4__mheight_4.4bpp.smol
tools/compresSmol/compresSmol -w build/assets/graphics/pokemon/wailmer/anim_front.png.4bpp build/assets/graphics/pokemon/wailmer/anim_front.png.4bpp.smol
tools/compresSmol/compresSmol -w build/assets/graphics/pokemon/wailmer/anim_front_gba.png.4bpp build/assets/graphics/pokemon/wailmer/anim_front_gba.png.4bpp.smol
tools/compresSmol/compresSmol -w build/assets/graphics/pokemon/wailmer/back.png.4bpp build/assets/graphics/pokemon/wailmer/back.png.4bpp.smol
tools/compresSmol/compresSmol -w build/assets/graphics/pokemon/wailmer/back_gba.png.4bpp build/assets/graphics/pokemon/wailmer/back_gba.png.4bpp.smol
tools/compresSmol/compresSmol -w build/assets/graphics/pokemon/wailmer/overworld.png_mwidth_4__mheight_4.4bpp build/assets/graphics/pokemon/wailmer/overworld.png_mwidth_4__mheight_4.4bpp.smol
tools/compresSmol/compresSmol -w build/assets/graphics/pokemon/wailord/anim_front.png.4bpp build/assets/graphics/pokemon/wailord/anim_front.png.4bpp.smol
tools/compresSmol/compresSmol -w build/assets/graphics/pokemon/wailord/anim_front_gba.png.4bpp build/assets/graphics/pokemon/wailord/anim_front_gba.png.4bpp.smol
tools/compresSmol/compresSmol -w build/assets/graphics/pokemon/wailord/back.png.4bpp build/assets/graphics/pokemon/wailord/back.png.4bpp.smol
tools/compresSmol/compresSmol -w build/assets/graphics/pokemon/wailord/back_gba.png.4bpp build/assets/graphics/pokemon/wailord/back_gba.png.4bpp.smol
tools/compresSmol/compresSmol -w build/assets/graphics/pokemon/wailord/overworld.png_mwidth_8__mheight_8.4bpp build/assets/graphics/pokemon/wailord/overworld.png_mwidth_8__mheight_8.4bpp.smol
tools/compresSmol/compresSmol -w build/assets/graphics/pokemon/walking_wake/back.png.4bpp build/assets/graphics/pokemon/walking_wake/back.png.4bpp.smol
tools/compresSmol/compresSmol -w build/assets/graphics/pokemon/walking_wake/front.png.4bpp build/assets/graphics/pokemon/walking_wake/front.png.4bpp.smol
tools/compresSmol/compresSmol -w build/assets/graphics/pokemon/walking_wake/overworld.png_mwidth_4__mheight_4.4bpp build/assets/graphics/pokemon/walking_wake/overworld.png_mwidth_4__mheight_4.4bpp.smol
tools/compresSmol/compresSmol -w build/assets/graphics/pokemon/walrein/anim_front.png.4bpp build/assets/graphics/pokemon/walrein/anim_front.png.4bpp.smol
tools/compresSmol/compresSmol -w build/assets/graphics/pokemon/walrein/anim_front_gba.png.4bpp build/assets/graphics/pokemon/walrein/anim_front_gba.png.4bpp.smol
tools/compresSmol/compresSmol -w build/assets/graphics/pokemon/walrein/back.png.4bpp build/assets/graphics/pokemon/walrein/back.png.4bpp.smol
tools/compresSmol/compresSmol -w build/assets/graphics/pokemon/walrein/back_gba.png.4bpp build/assets/graphics/pokemon/walrein/back_gba.png.4bpp.smol
tools/compresSmol/compresSmol -w build/assets/graphics/pokemon/walrein/overworld.png_mwidth_4__mheight_4.4bpp build/assets/graphics/pokemon/walrein/overworld.png_mwidth_4__mheight_4.4bpp.smol
tools/compresSmol/compresSmol -w build/assets/graphics/pokemon/wartortle/anim_front.png.4bpp build/assets/graphics/pokemon/wartortle/anim_front.png.4bpp.smol
tools/compresSmol/compresSmol -w build/assets/graphics/pokemon/wartortle/anim_front_gba.png.4bpp build/assets/graphics/pokemon/wartortle/anim_front_gba.png.4bpp.smol
tools/compresSmol/compresSmol -w build/assets/graphics/pokemon/wartortle/back.png.4bpp build/assets/graphics/pokemon/wartortle/back.png.4bpp.smol
tools/compresSmol/compresSmol -w build/assets/graphics/pokemon/wartortle/back_gba.png.4bpp build/assets/graphics/pokemon/wartortle/back_gba.png.4bpp.smol
tools/compresSmol/compresSmol -w build/assets/graphics/pokemon/wartortle/overworld.png_mwidth_4__mheight_4.4bpp build/assets/graphics/pokemon/wartortle/overworld.png_mwidth_4__mheight_4.4bpp.smol
tools/compresSmol/compresSmol -w build/assets/graphics/pokemon/watchog/anim_front.png.4bpp build/assets/graphics/pokemon/watchog/anim_front.png.4bpp.smol
tools/compresSmol/compresSmol -w build/assets/graphics/pokemon/watchog/back.png.4bpp build/assets/graphics/pokemon/watchog/back.png.4bpp.smol
tools/compresSmol/compresSmol -w build/assets/graphics/pokemon/watchog/overworld.png_mwidth_4__mheight_4.4bpp build/assets/graphics/pokemon/watchog/overworld.png_mwidth_4__mheight_4.4bpp.smol
tools/compresSmol/compresSmol -w build/assets/graphics/pokemon/wattrel/back.png.4bpp build/assets/graphics/pokemon/wattrel/back.png.4bpp.smol
tools/compresSmol/compresSmol -w build/assets/graphics/pokemon/wattrel/front.png.4bpp build/assets/graphics/pokemon/wattrel/front.png.4bpp.smol
tools/compresSmol/compresSmol -w build/assets/graphics/pokemon/wattrel/overworld.png_mwidth_4__mheight_4.4bpp build/assets/graphics/pokemon/wattrel/overworld.png_mwidth_4__mheight_4.4bpp.smol
tools/compresSmol/compresSmol -w build/assets/graphics/pokemon/weavile/anim_front.png.4bpp build/assets/graphics/pokemon/weavile/anim_front.png.4bpp.smol
tools/compresSmol/compresSmol -w build/assets/graphics/pokemon/weavile/anim_frontf.png.4bpp build/assets/graphics/pokemon/weavile/anim_frontf.png.4bpp.smol
tools/compresSmol/compresSmol -w build/assets/graphics/pokemon/weavile/back.png.4bpp build/assets/graphics/pokemon/weavile/back.png.4bpp.smol
tools/compresSmol/compresSmol -w build/assets/graphics/pokemon/weavile/backf.png.4bpp build/assets/graphics/pokemon/weavile/backf.png.4bpp.smol
tools/compresSmol/compresSmol -w build/assets/graphics/pokemon/weavile/overworld.png_mwidth_4__mheight_4.4bpp build/assets/graphics/pokemon/weavile/overworld.png_mwidth_4__mheight_4.4bpp.smol
tools/compresSmol/compresSmol -w build/assets/graphics/pokemon/weavile/overworldf.png_mwidth_4__mheight_4.4bpp build/assets/graphics/pokemon/weavile/overworldf.png_mwidth_4__mheight_4.4bpp.smol
tools/compresSmol/compresSmol -w build/assets/graphics/pokemon/weedle/anim_front.png.4bpp build/assets/graphics/pokemon/weedle/anim_front.png.4bpp.smol
tools/compresSmol/compresSmol -w build/assets/graphics/pokemon/weedle/anim_front_gba.png.4bpp build/assets/graphics/pokemon/weedle/anim_front_gba.png.4bpp.smol
tools/compresSmol/compresSmol -w build/assets/graphics/pokemon/weedle/back.png.4bpp build/assets/graphics/pokemon/weedle/back.png.4bpp.smol
tools/compresSmol/compresSmol -w build/assets/graphics/pokemon/weedle/back_gba.png.4bpp build/assets/graphics/pokemon/weedle/back_gba.png.4bpp.smol
tools/compresSmol/compresSmol -w build/assets/graphics/pokemon/weedle/overworld.png_mwidth_4__mheight_4.4bpp build/assets/graphics/pokemon/weedle/overworld.png_mwidth_4__mheight_4.4bpp.smol
tools/compresSmol/compresSmol -w build/assets/graphics/pokemon/weepinbell/anim_front.png.4bpp build/assets/graphics/pokemon/weepinbell/anim_front.png.4bpp.smol
tools/compresSmol/compresSmol -w build/assets/graphics/pokemon/weepinbell/anim_front_gba.png.4bpp build/assets/graphics/pokemon/weepinbell/anim_front_gba.png.4bpp.smol
tools/compresSmol/compresSmol -w build/assets/graphics/pokemon/weepinbell/back.png.4bpp build/assets/graphics/pokemon/weepinbell/back.png.4bpp.smol
tools/compresSmol/compresSmol -w build/assets/graphics/pokemon/weepinbell/back_gba.png.4bpp build/assets/graphics/pokemon/weepinbell/back_gba.png.4bpp.smol
tools/compresSmol/compresSmol -w build/assets/graphics/pokemon/weepinbell/overworld.png_mwidth_4__mheight_4.4bpp build/assets/graphics/pokemon/weepinbell/overworld.png_mwidth_4__mheight_4.4bpp.smol
tools/compresSmol/compresSmol -w build/assets/graphics/pokemon/weezing/anim_front.png.4bpp build/assets/graphics/pokemon/weezing/anim_front.png.4bpp.smol
tools/compresSmol/compresSmol -w build/assets/graphics/pokemon/weezing/anim_front_gba.png.4bpp build/assets/graphics/pokemon/weezing/anim_front_gba.png.4bpp.smol
tools/compresSmol/compresSmol -w build/assets/graphics/pokemon/weezing/back.png.4bpp build/assets/graphics/pokemon/weezing/back.png.4bpp.smol
tools/compresSmol/compresSmol -w build/assets/graphics/pokemon/weezing/back_gba.png.4bpp build/assets/graphics/pokemon/weezing/back_gba.png.4bpp.smol
tools/compresSmol/compresSmol -w build/assets/graphics/pokemon/weezing/galar/back.png.4bpp build/assets/graphics/pokemon/weezing/galar/back.png.4bpp.smol
tools/compresSmol/compresSmol -w build/assets/graphics/pokemon/weezing/galar/front.png.4bpp build/assets/graphics/pokemon/weezing/galar/front.png.4bpp.smol
tools/compresSmol/compresSmol -w build/assets/graphics/pokemon/weezing/galar/overworld.png_mwidth_4__mheight_4.4bpp build/assets/graphics/pokemon/weezing/galar/overworld.png_mwidth_4__mheight_4.4bpp.smol
tools/compresSmol/compresSmol -w build/assets/graphics/pokemon/weezing/overworld.png_mwidth_4__mheight_4.4bpp build/assets/graphics/pokemon/weezing/overworld.png_mwidth_4__mheight_4.4bpp.smol
tools/compresSmol/compresSmol -w build/assets/graphics/pokemon/whimsicott/anim_front.png.4bpp build/assets/graphics/pokemon/whimsicott/anim_front.png.4bpp.smol
tools/compresSmol/compresSmol -w build/assets/graphics/pokemon/whimsicott/back.png.4bpp build/assets/graphics/pokemon/whimsicott/back.png.4bpp.smol
tools/compresSmol/compresSmol -w build/assets/graphics/pokemon/whimsicott/overworld.png_mwidth_4__mheight_4.4bpp build/assets/graphics/pokemon/whimsicott/overworld.png_mwidth_4__mheight_4.4bpp.smol
tools/compresSmol/compresSmol -w build/assets/graphics/pokemon/whirlipede/anim_front.png.4bpp build/assets/graphics/pokemon/whirlipede/anim_front.png.4bpp.smol
tools/compresSmol/compresSmol -w build/assets/graphics/pokemon/whirlipede/back.png.4bpp build/assets/graphics/pokemon/whirlipede/back.png.4bpp.smol
tools/compresSmol/compresSmol -w build/assets/graphics/pokemon/whirlipede/overworld.png_mwidth_4__mheight_4.4bpp build/assets/graphics/pokemon/whirlipede/overworld.png_mwidth_4__mheight_4.4bpp.smol
tools/compresSmol/compresSmol -w build/assets/graphics/pokemon/whiscash/anim_front.png.4bpp build/assets/graphics/pokemon/whiscash/anim_front.png.4bpp.smol
tools/compresSmol/compresSmol -w build/assets/graphics/pokemon/whiscash/anim_front_gba.png.4bpp build/assets/graphics/pokemon/whiscash/anim_front_gba.png.4bpp.smol
tools/compresSmol/compresSmol -w build/assets/graphics/pokemon/whiscash/back.png.4bpp build/assets/graphics/pokemon/whiscash/back.png.4bpp.smol
tools/compresSmol/compresSmol -w build/assets/graphics/pokemon/whiscash/back_gba.png.4bpp build/assets/graphics/pokemon/whiscash/back_gba.png.4bpp.smol
tools/compresSmol/compresSmol -w build/assets/graphics/pokemon/whiscash/overworld.png_mwidth_4__mheight_4.4bpp build/assets/graphics/pokemon/whiscash/overworld.png_mwidth_4__mheight_4.4bpp.smol
tools/compresSmol/compresSmol -w build/assets/graphics/pokemon/whismur/anim_front.png.4bpp build/assets/graphics/pokemon/whismur/anim_front.png.4bpp.smol
tools/compresSmol/compresSmol -w build/assets/graphics/pokemon/whismur/anim_front_gba.png.4bpp build/assets/graphics/pokemon/whismur/anim_front_gba.png.4bpp.smol
tools/compresSmol/compresSmol -w build/assets/graphics/pokemon/whismur/back.png.4bpp build/assets/graphics/pokemon/whismur/back.png.4bpp.smol
tools/compresSmol/compresSmol -w build/assets/graphics/pokemon/whismur/back_gba.png.4bpp build/assets/graphics/pokemon/whismur/back_gba.png.4bpp.smol
tools/compresSmol/compresSmol -w build/assets/graphics/pokemon/whismur/overworld.png_mwidth_4__mheight_4.4bpp build/assets/graphics/pokemon/whismur/overworld.png_mwidth_4__mheight_4.4bpp.smol
tools/compresSmol/compresSmol -w build/assets/graphics/pokemon/wigglytuff/anim_front.png.4bpp build/assets/graphics/pokemon/wigglytuff/anim_front.png.4bpp.smol
tools/compresSmol/compresSmol -w build/assets/graphics/pokemon/wigglytuff/anim_front_gba.png.4bpp build/assets/graphics/pokemon/wigglytuff/anim_front_gba.png.4bpp.smol
tools/compresSmol/compresSmol -w build/assets/graphics/pokemon/wigglytuff/back.png.4bpp build/assets/graphics/pokemon/wigglytuff/back.png.4bpp.smol
tools/compresSmol/compresSmol -w build/assets/graphics/pokemon/wigglytuff/back_gba.png.4bpp build/assets/graphics/pokemon/wigglytuff/back_gba.png.4bpp.smol
tools/compresSmol/compresSmol -w build/assets/graphics/pokemon/wigglytuff/overworld.png_mwidth_4__mheight_4.4bpp build/assets/graphics/pokemon/wigglytuff/overworld.png_mwidth_4__mheight_4.4bpp.smol
tools/compresSmol/compresSmol -w build/assets/graphics/pokemon/wiglett/back.png.4bpp build/assets/graphics/pokemon/wiglett/back.png.4bpp.smol
tools/compresSmol/compresSmol -w build/assets/graphics/pokemon/wiglett/front.png.4bpp build/assets/graphics/pokemon/wiglett/front.png.4bpp.smol
tools/compresSmol/compresSmol -w build/assets/graphics/pokemon/wiglett/overworld.png_mwidth_4__mheight_4.4bpp build/assets/graphics/pokemon/wiglett/overworld.png_mwidth_4__mheight_4.4bpp.smol
tools/compresSmol/compresSmol -w build/assets/graphics/pokemon/wimpod/anim_front.png.4bpp build/assets/graphics/pokemon/wimpod/anim_front.png.4bpp.smol
tools/compresSmol/compresSmol -w build/assets/graphics/pokemon/wimpod/back.png.4bpp build/assets/graphics/pokemon/wimpod/back.png.4bpp.smol
tools/compresSmol/compresSmol -w build/assets/graphics/pokemon/wimpod/overworld.png_mwidth_4__mheight_4.4bpp build/assets/graphics/pokemon/wimpod/overworld.png_mwidth_4__mheight_4.4bpp.smol
tools/compresSmol/compresSmol -w build/assets/graphics/pokemon/wingull/anim_front.png.4bpp build/assets/graphics/pokemon/wingull/anim_front.png.4bpp.smol
tools/compresSmol/compresSmol -w build/assets/graphics/pokemon/wingull/anim_front_gba.png.4bpp build/assets/graphics/pokemon/wingull/anim_front_gba.png.4bpp.smol
tools/compresSmol/compresSmol -w build/assets/graphics/pokemon/wingull/back.png.4bpp build/assets/graphics/pokemon/wingull/back.png.4bpp.smol
tools/compresSmol/compresSmol -w build/assets/graphics/pokemon/wingull/back_gba.png.4bpp build/assets/graphics/pokemon/wingull/back_gba.png.4bpp.smol
tools/compresSmol/compresSmol -w build/assets/graphics/pokemon/wingull/overworld.png_mwidth_4__mheight_4.4bpp build/assets/graphics/pokemon/wingull/overworld.png_mwidth_4__mheight_4.4bpp.smol
tools/compresSmol/compresSmol -w build/assets/graphics/pokemon/wishiwashi/back.png.4bpp build/assets/graphics/pokemon/wishiwashi/back.png.4bpp.smol
tools/compresSmol/compresSmol -w build/assets/graphics/pokemon/wishiwashi/front.png.4bpp build/assets/graphics/pokemon/wishiwashi/front.png.4bpp.smol
tools/compresSmol/compresSmol -w build/assets/graphics/pokemon/wishiwashi/overworld.png_mwidth_4__mheight_4.4bpp build/assets/graphics/pokemon/wishiwashi/overworld.png_mwidth_4__mheight_4.4bpp.smol
tools/compresSmol/compresSmol -w build/assets/graphics/pokemon/wishiwashi/school/back.png.4bpp build/assets/graphics/pokemon/wishiwashi/school/back.png.4bpp.smol
tools/compresSmol/compresSmol -w build/assets/graphics/pokemon/wishiwashi/school/front.png.4bpp build/assets/graphics/pokemon/wishiwashi/school/front.png.4bpp.smol
tools/compresSmol/compresSmol -w build/assets/graphics/pokemon/wo_chien/back.png.4bpp build/assets/graphics/pokemon/wo_chien/back.png.4bpp.smol
tools/compresSmol/compresSmol -w build/assets/graphics/pokemon/wo_chien/front.png.4bpp build/assets/graphics/pokemon/wo_chien/front.png.4bpp.smol
tools/compresSmol/compresSmol -w build/assets/graphics/pokemon/wo_chien/overworld.png_mwidth_4__mheight_4.4bpp build/assets/graphics/pokemon/wo_chien/overworld.png_mwidth_4__mheight_4.4bpp.smol
tools/compresSmol/compresSmol -w build/assets/graphics/pokemon/wobbuffet/anim_front.png.4bpp build/assets/graphics/pokemon/wobbuffet/anim_front.png.4bpp.smol
tools/compresSmol/compresSmol -w build/assets/graphics/pokemon/wobbuffet/anim_front_gba.png.4bpp build/assets/graphics/pokemon/wobbuffet/anim_front_gba.png.4bpp.smol
tools/compresSmol/compresSmol -w build/assets/graphics/pokemon/wobbuffet/anim_frontf.png.4bpp build/assets/graphics/pokemon/wobbuffet/anim_frontf.png.4bpp.smol
tools/compresSmol/compresSmol -w build/assets/graphics/pokemon/wobbuffet/back.png.4bpp build/assets/graphics/pokemon/wobbuffet/back.png.4bpp.smol
tools/compresSmol/compresSmol -w build/assets/graphics/pokemon/wobbuffet/back_gba.png.4bpp build/assets/graphics/pokemon/wobbuffet/back_gba.png.4bpp.smol
tools/compresSmol/compresSmol -w build/assets/graphics/pokemon/wobbuffet/backf.png.4bpp build/assets/graphics/pokemon/wobbuffet/backf.png.4bpp.smol
tools/compresSmol/compresSmol -w build/assets/graphics/pokemon/wobbuffet/overworld.png_mwidth_4__mheight_4.4bpp build/assets/graphics/pokemon/wobbuffet/overworld.png_mwidth_4__mheight_4.4bpp.smol
tools/compresSmol/compresSmol -w build/assets/graphics/pokemon/wobbuffet/overworldf.png_mwidth_4__mheight_4.4bpp build/assets/graphics/pokemon/wobbuffet/overworldf.png_mwidth_4__mheight_4.4bpp.smol
tools/compresSmol/compresSmol -w build/assets/graphics/pokemon/woobat/anim_front.png.4bpp build/assets/graphics/pokemon/woobat/anim_front.png.4bpp.smol
tools/compresSmol/compresSmol -w build/assets/graphics/pokemon/woobat/back.png.4bpp build/assets/graphics/pokemon/woobat/back.png.4bpp.smol
tools/compresSmol/compresSmol -w build/assets/graphics/pokemon/woobat/overworld.png_mwidth_4__mheight_4.4bpp build/assets/graphics/pokemon/woobat/overworld.png_mwidth_4__mheight_4.4bpp.smol
tools/compresSmol/compresSmol -w build/assets/graphics/pokemon/wooloo/back.png.4bpp build/assets/graphics/pokemon/wooloo/back.png.4bpp.smol
tools/compresSmol/compresSmol -w build/assets/graphics/pokemon/wooloo/front.png.4bpp build/assets/graphics/pokemon/wooloo/front.png.4bpp.smol
tools/compresSmol/compresSmol -w build/assets/graphics/pokemon/wooloo/overworld.png_mwidth_4__mheight_4.4bpp build/assets/graphics/pokemon/wooloo/overworld.png_mwidth_4__mheight_4.4bpp.smol
tools/compresSmol/compresSmol -w build/assets/graphics/pokemon/wooper/anim_front.png.4bpp build/assets/graphics/pokemon/wooper/anim_front.png.4bpp.smol
tools/compresSmol/compresSmol -w build/assets/graphics/pokemon/wooper/anim_front_gba.png.4bpp build/assets/graphics/pokemon/wooper/anim_front_gba.png.4bpp.smol
tools/compresSmol/compresSmol -w build/assets/graphics/pokemon/wooper/anim_frontf.png.4bpp build/assets/graphics/pokemon/wooper/anim_frontf.png.4bpp.smol
tools/compresSmol/compresSmol -w build/assets/graphics/pokemon/wooper/back.png.4bpp build/assets/graphics/pokemon/wooper/back.png.4bpp.smol
tools/compresSmol/compresSmol -w build/assets/graphics/pokemon/wooper/back_gba.png.4bpp build/assets/graphics/pokemon/wooper/back_gba.png.4bpp.smol
tools/compresSmol/compresSmol -w build/assets/graphics/pokemon/wooper/backf.png.4bpp build/assets/graphics/pokemon/wooper/backf.png.4bpp.smol
tools/compresSmol/compresSmol -w build/assets/graphics/pokemon/wooper/overworld.png_mwidth_4__mheight_4.4bpp build/assets/graphics/pokemon/wooper/overworld.png_mwidth_4__mheight_4.4bpp.smol
tools/compresSmol/compresSmol -w build/assets/graphics/pokemon/wooper/overworldf.png_mwidth_4__mheight_4.4bpp build/assets/graphics/pokemon/wooper/overworldf.png_mwidth_4__mheight_4.4bpp.smol
tools/compresSmol/compresSmol -w build/assets/graphics/pokemon/wooper/paldea/back.png.4bpp build/assets/graphics/pokemon/wooper/paldea/back.png.4bpp.smol
tools/compresSmol/compresSmol -w build/assets/graphics/pokemon/wooper/paldea/front.png.4bpp build/assets/graphics/pokemon/wooper/paldea/front.png.4bpp.smol
tools/compresSmol/compresSmol -w build/assets/graphics/pokemon/wooper/paldea/overworld.png_mwidth_4__mheight_4.4bpp build/assets/graphics/pokemon/wooper/paldea/overworld.png_mwidth_4__mheight_4.4bpp.smol
tools/compresSmol/compresSmol -w build/assets/graphics/pokemon/wormadam/anim_front.png.4bpp build/assets/graphics/pokemon/wormadam/anim_front.png.4bpp.smol
tools/compresSmol/compresSmol -w build/assets/graphics/pokemon/wormadam/back.png.4bpp build/assets/graphics/pokemon/wormadam/back.png.4bpp.smol
tools/compresSmol/compresSmol -w build/assets/graphics/pokemon/wormadam/overworld.png_mwidth_4__mheight_4.4bpp build/assets/graphics/pokemon/wormadam/overworld.png_mwidth_4__mheight_4.4bpp.smol
tools/compresSmol/compresSmol -w build/assets/graphics/pokemon/wormadam/sandy/anim_front.png.4bpp build/assets/graphics/pokemon/wormadam/sandy/anim_front.png.4bpp.smol
tools/compresSmol/compresSmol -w build/assets/graphics/pokemon/wormadam/sandy/back.png.4bpp build/assets/graphics/pokemon/wormadam/sandy/back.png.4bpp.smol
tools/compresSmol/compresSmol -w build/assets/graphics/pokemon/wormadam/sandy/overworld.png_mwidth_4__mheight_4.4bpp build/assets/graphics/pokemon/wormadam/sandy/overworld.png_mwidth_4__mheight_4.4bpp.smol
tools/compresSmol/compresSmol -w build/assets/graphics/pokemon/wormadam/trash/anim_front.png.4bpp build/assets/graphics/pokemon/wormadam/trash/anim_front.png.4bpp.smol
tools/compresSmol/compresSmol -w build/assets/graphics/pokemon/wormadam/trash/back.png.4bpp build/assets/graphics/pokemon/wormadam/trash/back.png.4bpp.smol
tools/compresSmol/compresSmol -w build/assets/graphics/pokemon/wormadam/trash/overworld.png_mwidth_4__mheight_4.4bpp build/assets/graphics/pokemon/wormadam/trash/overworld.png_mwidth_4__mheight_4.4bpp.smol
tools/compresSmol/compresSmol -w build/assets/graphics/pokemon/wugtrio/back.png.4bpp build/assets/graphics/pokemon/wugtrio/back.png.4bpp.smol
tools/compresSmol/compresSmol -w build/assets/graphics/pokemon/wugtrio/front.png.4bpp build/assets/graphics/pokemon/wugtrio/front.png.4bpp.smol
tools/compresSmol/compresSmol -w build/assets/graphics/pokemon/wugtrio/overworld.png_mwidth_4__mheight_4.4bpp build/assets/graphics/pokemon/wugtrio/overworld.png_mwidth_4__mheight_4.4bpp.smol
tools/compresSmol/compresSmol -w build/assets/graphics/pokemon/wurmple/anim_front.png.4bpp build/assets/graphics/pokemon/wurmple/anim_front.png.4bpp.smol
tools/compresSmol/compresSmol -w build/assets/graphics/pokemon/wurmple/anim_front_gba.png.4bpp build/assets/graphics/pokemon/wurmple/anim_front_gba.png.4bpp.smol
tools/compresSmol/compresSmol -w build/assets/graphics/pokemon/wurmple/back.png.4bpp build/assets/graphics/pokemon/wurmple/back.png.4bpp.smol
tools/compresSmol/compresSmol -w build/assets/graphics/pokemon/wurmple/back_gba.png.4bpp build/assets/graphics/pokemon/wurmple/back_gba.png.4bpp.smol
tools/compresSmol/compresSmol -w build/assets/graphics/pokemon/wurmple/overworld.png_mwidth_4__mheight_4.4bpp build/assets/graphics/pokemon/wurmple/overworld.png_mwidth_4__mheight_4.4bpp.smol
tools/compresSmol/compresSmol -w build/assets/graphics/pokemon/wynaut/anim_front.png.4bpp build/assets/graphics/pokemon/wynaut/anim_front.png.4bpp.smol
tools/compresSmol/compresSmol -w build/assets/graphics/pokemon/wynaut/anim_front_gba.png.4bpp build/assets/graphics/pokemon/wynaut/anim_front_gba.png.4bpp.smol
tools/compresSmol/compresSmol -w build/assets/graphics/pokemon/wynaut/back.png.4bpp build/assets/graphics/pokemon/wynaut/back.png.4bpp.smol
tools/compresSmol/compresSmol -w build/assets/graphics/pokemon/wynaut/back_gba.png.4bpp build/assets/graphics/pokemon/wynaut/back_gba.png.4bpp.smol
tools/compresSmol/compresSmol -w build/assets/graphics/pokemon/wynaut/overworld.png_mwidth_4__mheight_4.4bpp build/assets/graphics/pokemon/wynaut/overworld.png_mwidth_4__mheight_4.4bpp.smol
tools/compresSmol/compresSmol -w build/assets/graphics/pokemon/wyrdeer/back.png.4bpp build/assets/graphics/pokemon/wyrdeer/back.png.4bpp.smol
tools/compresSmol/compresSmol -w build/assets/graphics/pokemon/wyrdeer/front.png.4bpp build/assets/graphics/pokemon/wyrdeer/front.png.4bpp.smol
tools/compresSmol/compresSmol -w build/assets/graphics/pokemon/wyrdeer/overworld.png_mwidth_4__mheight_4.4bpp build/assets/graphics/pokemon/wyrdeer/overworld.png_mwidth_4__mheight_4.4bpp.smol
tools/compresSmol/compresSmol -w build/assets/graphics/pokemon/xatu/anim_front.png.4bpp build/assets/graphics/pokemon/xatu/anim_front.png.4bpp.smol
tools/compresSmol/compresSmol -w build/assets/graphics/pokemon/xatu/anim_front_gba.png.4bpp build/assets/graphics/pokemon/xatu/anim_front_gba.png.4bpp.smol
tools/compresSmol/compresSmol -w build/assets/graphics/pokemon/xatu/anim_frontf.png.4bpp build/assets/graphics/pokemon/xatu/anim_frontf.png.4bpp.smol
tools/compresSmol/compresSmol -w build/assets/graphics/pokemon/xatu/back.png.4bpp build/assets/graphics/pokemon/xatu/back.png.4bpp.smol
tools/compresSmol/compresSmol -w build/assets/graphics/pokemon/xatu/back_gba.png.4bpp build/assets/graphics/pokemon/xatu/back_gba.png.4bpp.smol
tools/compresSmol/compresSmol -w build/assets/graphics/pokemon/xatu/overworld.png_mwidth_4__mheight_4.4bpp build/assets/graphics/pokemon/xatu/overworld.png_mwidth_4__mheight_4.4bpp.smol
tools/compresSmol/compresSmol -w build/assets/graphics/pokemon/xatu/overworldf.png_mwidth_4__mheight_4.4bpp build/assets/graphics/pokemon/xatu/overworldf.png_mwidth_4__mheight_4.4bpp.smol
tools/compresSmol/compresSmol -w build/assets/graphics/pokemon/xerneas/active/anim_front.png.4bpp build/assets/graphics/pokemon/xerneas/active/anim_front.png.4bpp.smol
tools/compresSmol/compresSmol -w build/assets/graphics/pokemon/xerneas/active/back.png.4bpp build/assets/graphics/pokemon/xerneas/active/back.png.4bpp.smol
tools/compresSmol/compresSmol -w build/assets/graphics/pokemon/xerneas/active/overworld.png_mwidth_8__mheight_8.4bpp build/assets/graphics/pokemon/xerneas/active/overworld.png_mwidth_8__mheight_8.4bpp.smol
tools/compresSmol/compresSmol -w build/assets/graphics/pokemon/xerneas/anim_front.png.4bpp build/assets/graphics/pokemon/xerneas/anim_front.png.4bpp.smol
tools/compresSmol/compresSmol -w build/assets/graphics/pokemon/xerneas/back.png.4bpp build/assets/graphics/pokemon/xerneas/back.png.4bpp.smol
tools/compresSmol/compresSmol -w build/assets/graphics/pokemon/xerneas/overworld.png_mwidth_8__mheight_8.4bpp build/assets/graphics/pokemon/xerneas/overworld.png_mwidth_8__mheight_8.4bpp.smol
tools/compresSmol/compresSmol -w build/assets/graphics/pokemon/xurkitree/back.png.4bpp build/assets/graphics/pokemon/xurkitree/back.png.4bpp.smol
tools/compresSmol/compresSmol -w build/assets/graphics/pokemon/xurkitree/front.png.4bpp build/assets/graphics/pokemon/xurkitree/front.png.4bpp.smol
tools/compresSmol/compresSmol -w build/assets/graphics/pokemon/xurkitree/overworld.png_mwidth_4__mheight_4.4bpp build/assets/graphics/pokemon/xurkitree/overworld.png_mwidth_4__mheight_4.4bpp.smol
tools/compresSmol/compresSmol -w build/assets/graphics/pokemon/yamask/anim_front.png.4bpp build/assets/graphics/pokemon/yamask/anim_front.png.4bpp.smol
tools/compresSmol/compresSmol -w build/assets/graphics/pokemon/yamask/back.png.4bpp build/assets/graphics/pokemon/yamask/back.png.4bpp.smol
tools/compresSmol/compresSmol -w build/assets/graphics/pokemon/yamask/galar/back.png.4bpp build/assets/graphics/pokemon/yamask/galar/back.png.4bpp.smol
tools/compresSmol/compresSmol -w build/assets/graphics/pokemon/yamask/galar/front.png.4bpp build/assets/graphics/pokemon/yamask/galar/front.png.4bpp.smol
tools/compresSmol/compresSmol -w build/assets/graphics/pokemon/yamask/galar/overworld.png_mwidth_4__mheight_4.4bpp build/assets/graphics/pokemon/yamask/galar/overworld.png_mwidth_4__mheight_4.4bpp.smol
tools/compresSmol/compresSmol -w build/assets/graphics/pokemon/yamask/overworld.png_mwidth_4__mheight_4.4bpp build/assets/graphics/pokemon/yamask/overworld.png_mwidth_4__mheight_4.4bpp.smol
tools/compresSmol/compresSmol -w build/assets/graphics/pokemon/yamper/back.png.4bpp build/assets/graphics/pokemon/yamper/back.png.4bpp.smol
tools/compresSmol/compresSmol -w build/assets/graphics/pokemon/yamper/front.png.4bpp build/assets/graphics/pokemon/yamper/front.png.4bpp.smol
tools/compresSmol/compresSmol -w build/assets/graphics/pokemon/yamper/overworld.png_mwidth_4__mheight_4.4bpp build/assets/graphics/pokemon/yamper/overworld.png_mwidth_4__mheight_4.4bpp.smol
tools/compresSmol/compresSmol -w build/assets/graphics/pokemon/yanma/anim_front.png.4bpp build/assets/graphics/pokemon/yanma/anim_front.png.4bpp.smol
tools/compresSmol/compresSmol -w build/assets/graphics/pokemon/yanma/anim_front_gba.png.4bpp build/assets/graphics/pokemon/yanma/anim_front_gba.png.4bpp.smol
tools/compresSmol/compresSmol -w build/assets/graphics/pokemon/yanma/back.png.4bpp build/assets/graphics/pokemon/yanma/back.png.4bpp.smol
tools/compresSmol/compresSmol -w build/assets/graphics/pokemon/yanma/back_gba.png.4bpp build/assets/graphics/pokemon/yanma/back_gba.png.4bpp.smol
tools/compresSmol/compresSmol -w build/assets/graphics/pokemon/yanma/overworld.png_mwidth_4__mheight_4.4bpp build/assets/graphics/pokemon/yanma/overworld.png_mwidth_4__mheight_4.4bpp.smol
tools/compresSmol/compresSmol -w build/assets/graphics/pokemon/yanmega/anim_front.png.4bpp build/assets/graphics/pokemon/yanmega/anim_front.png.4bpp.smol
tools/compresSmol/compresSmol -w build/assets/graphics/pokemon/yanmega/back.png.4bpp build/assets/graphics/pokemon/yanmega/back.png.4bpp.smol
tools/compresSmol/compresSmol -w build/assets/graphics/pokemon/yanmega/overworld.png_mwidth_4__mheight_4.4bpp build/assets/graphics/pokemon/yanmega/overworld.png_mwidth_4__mheight_4.4bpp.smol
tools/compresSmol/compresSmol -w build/assets/graphics/pokemon/yungoos/back.png.4bpp build/assets/graphics/pokemon/yungoos/back.png.4bpp.smol
tools/compresSmol/compresSmol -w build/assets/graphics/pokemon/yungoos/front.png.4bpp build/assets/graphics/pokemon/yungoos/front.png.4bpp.smol
tools/compresSmol/compresSmol -w build/assets/graphics/pokemon/yungoos/overworld.png_mwidth_4__mheight_4.4bpp build/assets/graphics/pokemon/yungoos/overworld.png_mwidth_4__mheight_4.4bpp.smol
tools/compresSmol/compresSmol -w build/assets/graphics/pokemon/yveltal/anim_front.png.4bpp build/assets/graphics/pokemon/yveltal/anim_front.png.4bpp.smol
tools/compresSmol/compresSmol -w build/assets/graphics/pokemon/yveltal/back.png.4bpp build/assets/graphics/pokemon/yveltal/back.png.4bpp.smol
tools/compresSmol/compresSmol -w build/assets/graphics/pokemon/yveltal/overworld.png_mwidth_8__mheight_8.4bpp build/assets/graphics/pokemon/yveltal/overworld.png_mwidth_8__mheight_8.4bpp.smol
tools/compresSmol/compresSmol -w build/assets/graphics/pokemon/zacian/back.png.4bpp build/assets/graphics/pokemon/zacian/back.png.4bpp.smol
tools/compresSmol/compresSmol -w build/assets/graphics/pokemon/zacian/crowned_sword/back.png.4bpp build/assets/graphics/pokemon/zacian/crowned_sword/back.png.4bpp.smol
tools/compresSmol/compresSmol -w build/assets/graphics/pokemon/zacian/crowned_sword/front.png.4bpp build/assets/graphics/pokemon/zacian/crowned_sword/front.png.4bpp.smol
tools/compresSmol/compresSmol -w build/assets/graphics/pokemon/zacian/crowned_sword/overworld.png_mwidth_4__mheight_4.4bpp build/assets/graphics/pokemon/zacian/crowned_sword/overworld.png_mwidth_4__mheight_4.4bpp.smol
tools/compresSmol/compresSmol -w build/assets/graphics/pokemon/zacian/front.png.4bpp build/assets/graphics/pokemon/zacian/front.png.4bpp.smol
tools/compresSmol/compresSmol -w build/assets/graphics/pokemon/zacian/overworld.png_mwidth_4__mheight_4.4bpp build/assets/graphics/pokemon/zacian/overworld.png_mwidth_4__mheight_4.4bpp.smol
tools/compresSmol/compresSmol -w build/assets/graphics/pokemon/zamazenta/back.png.4bpp build/assets/graphics/pokemon/zamazenta/back.png.4bpp.smol
tools/compresSmol/compresSmol -w build/assets/graphics/pokemon/zamazenta/crowned_shield/back.png.4bpp build/assets/graphics/pokemon/zamazenta/crowned_shield/back.png.4bpp.smol
tools/compresSmol/compresSmol -w build/assets/graphics/pokemon/zamazenta/crowned_shield/front.png.4bpp build/assets/graphics/pokemon/zamazenta/crowned_shield/front.png.4bpp.smol
tools/compresSmol/compresSmol -w build/assets/graphics/pokemon/zamazenta/crowned_shield/overworld.png_mwidth_4__mheight_4.4bpp build/assets/graphics/pokemon/zamazenta/crowned_shield/overworld.png_mwidth_4__mheight_4.4bpp.smol
tools/compresSmol/compresSmol -w build/assets/graphics/pokemon/zamazenta/front.png.4bpp build/assets/graphics/pokemon/zamazenta/front.png.4bpp.smol
tools/compresSmol/compresSmol -w build/assets/graphics/pokemon/zamazenta/overworld.png_mwidth_4__mheight_4.4bpp build/assets/graphics/pokemon/zamazenta/overworld.png_mwidth_4__mheight_4.4bpp.smol
tools/compresSmol/compresSmol -w build/assets/graphics/pokemon/zangoose/anim_front.png.4bpp build/assets/graphics/pokemon/zangoose/anim_front.png.4bpp.smol
tools/compresSmol/compresSmol -w build/assets/graphics/pokemon/zangoose/anim_front_gba.png.4bpp build/assets/graphics/pokemon/zangoose/anim_front_gba.png.4bpp.smol
tools/compresSmol/compresSmol -w build/assets/graphics/pokemon/zangoose/back.png.4bpp build/assets/graphics/pokemon/zangoose/back.png.4bpp.smol
tools/compresSmol/compresSmol -w build/assets/graphics/pokemon/zangoose/back_gba.png.4bpp build/assets/graphics/pokemon/zangoose/back_gba.png.4bpp.smol
tools/compresSmol/compresSmol -w build/assets/graphics/pokemon/zangoose/overworld.png_mwidth_4__mheight_4.4bpp build/assets/graphics/pokemon/zangoose/overworld.png_mwidth_4__mheight_4.4bpp.smol
tools/compresSmol/compresSmol -w build/assets/graphics/pokemon/zapdos/anim_front.png.4bpp build/assets/graphics/pokemon/zapdos/anim_front.png.4bpp.smol
tools/compresSmol/compresSmol -w build/assets/graphics/pokemon/zapdos/anim_front_gba.png.4bpp build/assets/graphics/pokemon/zapdos/anim_front_gba.png.4bpp.smol
tools/compresSmol/compresSmol -w build/assets/graphics/pokemon/zapdos/back.png.4bpp build/assets/graphics/pokemon/zapdos/back.png.4bpp.smol
tools/compresSmol/compresSmol -w build/assets/graphics/pokemon/zapdos/back_gba.png.4bpp build/assets/graphics/pokemon/zapdos/back_gba.png.4bpp.smol
tools/compresSmol/compresSmol -w build/assets/graphics/pokemon/zapdos/galar/back.png.4bpp build/assets/graphics/pokemon/zapdos/galar/back.png.4bpp.smol
tools/compresSmol/compresSmol -w build/assets/graphics/pokemon/zapdos/galar/front.png.4bpp build/assets/graphics/pokemon/zapdos/galar/front.png.4bpp.smol
tools/compresSmol/compresSmol -w build/assets/graphics/pokemon/zapdos/galar/overworld.png_mwidth_4__mheight_4.4bpp build/assets/graphics/pokemon/zapdos/galar/overworld.png_mwidth_4__mheight_4.4bpp.smol
tools/compresSmol/compresSmol -w build/assets/graphics/pokemon/zapdos/overworld.png_mwidth_4__mheight_4.4bpp build/assets/graphics/pokemon/zapdos/overworld.png_mwidth_4__mheight_4.4bpp.smol
tools/compresSmol/compresSmol -w build/assets/graphics/pokemon/zarude/back.png.4bpp build/assets/graphics/pokemon/zarude/back.png.4bpp.smol
tools/compresSmol/compresSmol -w build/assets/graphics/pokemon/zarude/dada/back.png.4bpp build/assets/graphics/pokemon/zarude/dada/back.png.4bpp.smol
tools/compresSmol/compresSmol -w build/assets/graphics/pokemon/zarude/dada/front.png.4bpp build/assets/graphics/pokemon/zarude/dada/front.png.4bpp.smol
tools/compresSmol/compresSmol -w build/assets/graphics/pokemon/zarude/front.png.4bpp build/assets/graphics/pokemon/zarude/front.png.4bpp.smol
tools/compresSmol/compresSmol -w build/assets/graphics/pokemon/zarude/overworld.png_mwidth_4__mheight_4.4bpp build/assets/graphics/pokemon/zarude/overworld.png_mwidth_4__mheight_4.4bpp.smol
tools/compresSmol/compresSmol -w build/assets/graphics/pokemon/zebstrika/anim_front.png.4bpp build/assets/graphics/pokemon/zebstrika/anim_front.png.4bpp.smol
tools/compresSmol/compresSmol -w build/assets/graphics/pokemon/zebstrika/back.png.4bpp build/assets/graphics/pokemon/zebstrika/back.png.4bpp.smol
tools/compresSmol/compresSmol -w build/assets/graphics/pokemon/zebstrika/overworld.png_mwidth_4__mheight_4.4bpp build/assets/graphics/pokemon/zebstrika/overworld.png_mwidth_4__mheight_4.4bpp.smol
tools/compresSmol/compresSmol -w build/assets/graphics/pokemon/zekrom/anim_front.png.4bpp build/assets/graphics/pokemon/zekrom/anim_front.png.4bpp.smol
tools/compresSmol/compresSmol -w build/assets/graphics/pokemon/zekrom/back.png.4bpp build/assets/graphics/pokemon/zekrom/back.png.4bpp.smol
tools/compresSmol/compresSmol -w build/assets/graphics/pokemon/zekrom/overworld.png_mwidth_8__mheight_8.4bpp build/assets/graphics/pokemon/zekrom/overworld.png_mwidth_8__mheight_8.4bpp.smol
tools/compresSmol/compresSmol -w build/assets/graphics/pokemon/zeraora/back.png.4bpp build/assets/graphics/pokemon/zeraora/back.png.4bpp.smol
tools/compresSmol/compresSmol -w build/assets/graphics/pokemon/zeraora/front.png.4bpp build/assets/graphics/pokemon/zeraora/front.png.4bpp.smol
tools/compresSmol/compresSmol -w build/assets/graphics/pokemon/zeraora/mega/back.png.4bpp build/assets/graphics/pokemon/zeraora/mega/back.png.4bpp.smol
tools/compresSmol/compresSmol -w build/assets/graphics/pokemon/zeraora/mega/front.png.4bpp build/assets/graphics/pokemon/zeraora/mega/front.png.4bpp.smol
tools/compresSmol/compresSmol -w build/assets/graphics/pokemon/zeraora/overworld.png_mwidth_4__mheight_4.4bpp build/assets/graphics/pokemon/zeraora/overworld.png_mwidth_4__mheight_4.4bpp.smol
tools/compresSmol/compresSmol -w build/assets/graphics/pokemon/zigzagoon/anim_front.png.4bpp build/assets/graphics/pokemon/zigzagoon/anim_front.png.4bpp.smol
tools/compresSmol/compresSmol -w build/assets/graphics/pokemon/zigzagoon/anim_front_gba.png.4bpp build/assets/graphics/pokemon/zigzagoon/anim_front_gba.png.4bpp.smol
tools/compresSmol/compresSmol -w build/assets/graphics/pokemon/zigzagoon/back.png.4bpp build/assets/graphics/pokemon/zigzagoon/back.png.4bpp.smol
tools/compresSmol/compresSmol -w build/assets/graphics/pokemon/zigzagoon/back_gba.png.4bpp build/assets/graphics/pokemon/zigzagoon/back_gba.png.4bpp.smol
tools/compresSmol/compresSmol -w build/assets/graphics/pokemon/zigzagoon/galar/back.png.4bpp build/assets/graphics/pokemon/zigzagoon/galar/back.png.4bpp.smol
tools/compresSmol/compresSmol -w build/assets/graphics/pokemon/zigzagoon/galar/front.png.4bpp build/assets/graphics/pokemon/zigzagoon/galar/front.png.4bpp.smol
tools/compresSmol/compresSmol -w build/assets/graphics/pokemon/zigzagoon/galar/overworld.png_mwidth_4__mheight_4.4bpp build/assets/graphics/pokemon/zigzagoon/galar/overworld.png_mwidth_4__mheight_4.4bpp.smol
tools/compresSmol/compresSmol -w build/assets/graphics/pokemon/zigzagoon/overworld.png_mwidth_4__mheight_4.4bpp build/assets/graphics/pokemon/zigzagoon/overworld.png_mwidth_4__mheight_4.4bpp.smol
tools/compresSmol/compresSmol -w build/assets/graphics/pokemon/zoroark/anim_front.png.4bpp build/assets/graphics/pokemon/zoroark/anim_front.png.4bpp.smol
tools/compresSmol/compresSmol -w build/assets/graphics/pokemon/zoroark/back.png.4bpp build/assets/graphics/pokemon/zoroark/back.png.4bpp.smol
tools/compresSmol/compresSmol -w build/assets/graphics/pokemon/zoroark/hisui/back.png.4bpp build/assets/graphics/pokemon/zoroark/hisui/back.png.4bpp.smol
tools/compresSmol/compresSmol -w build/assets/graphics/pokemon/zoroark/hisui/front.png.4bpp build/assets/graphics/pokemon/zoroark/hisui/front.png.4bpp.smol
tools/compresSmol/compresSmol -w build/assets/graphics/pokemon/zoroark/hisui/overworld.png_mwidth_4__mheight_4.4bpp build/assets/graphics/pokemon/zoroark/hisui/overworld.png_mwidth_4__mheight_4.4bpp.smol
tools/compresSmol/compresSmol -w build/assets/graphics/pokemon/zoroark/overworld.png_mwidth_4__mheight_4.4bpp build/assets/graphics/pokemon/zoroark/overworld.png_mwidth_4__mheight_4.4bpp.smol
tools/compresSmol/compresSmol -w build/assets/graphics/pokemon/zorua/anim_front.png.4bpp build/assets/graphics/pokemon/zorua/anim_front.png.4bpp.smol
tools/compresSmol/compresSmol -w build/assets/graphics/pokemon/zorua/back.png.4bpp build/assets/graphics/pokemon/zorua/back.png.4bpp.smol
tools/compresSmol/compresSmol -w build/assets/graphics/pokemon/zorua/hisui/back.png.4bpp build/assets/graphics/pokemon/zorua/hisui/back.png.4bpp.smol
tools/compresSmol/compresSmol -w build/assets/graphics/pokemon/zorua/hisui/front.png.4bpp build/assets/graphics/pokemon/zorua/hisui/front.png.4bpp.smol
tools/compresSmol/compresSmol -w build/assets/graphics/pokemon/zorua/hisui/overworld.png_mwidth_4__mheight_4.4bpp build/assets/graphics/pokemon/zorua/hisui/overworld.png_mwidth_4__mheight_4.4bpp.smol
tools/compresSmol/compresSmol -w build/assets/graphics/pokemon/zorua/overworld.png_mwidth_4__mheight_4.4bpp build/assets/graphics/pokemon/zorua/overworld.png_mwidth_4__mheight_4.4bpp.smol
tools/compresSmol/compresSmol -w build/assets/graphics/pokemon/zubat/anim_front.png.4bpp build/assets/graphics/pokemon/zubat/anim_front.png.4bpp.smol
tools/compresSmol/compresSmol -w build/assets/graphics/pokemon/zubat/anim_front_gba.png.4bpp build/assets/graphics/pokemon/zubat/anim_front_gba.png.4bpp.smol
tools/compresSmol/compresSmol -w build/assets/graphics/pokemon/zubat/anim_frontf.png.4bpp build/assets/graphics/pokemon/zubat/anim_frontf.png.4bpp.smol
tools/compresSmol/compresSmol -w build/assets/graphics/pokemon/zubat/back.png.4bpp build/assets/graphics/pokemon/zubat/back.png.4bpp.smol
tools/compresSmol/compresSmol -w build/assets/graphics/pokemon/zubat/back_gba.png.4bpp build/assets/graphics/pokemon/zubat/back_gba.png.4bpp.smol
tools/compresSmol/compresSmol -w build/assets/graphics/pokemon/zubat/backf.png.4bpp build/assets/graphics/pokemon/zubat/backf.png.4bpp.smol
tools/compresSmol/compresSmol -w build/assets/graphics/pokemon/zubat/overworld.png_mwidth_4__mheight_4.4bpp build/assets/graphics/pokemon/zubat/overworld.png_mwidth_4__mheight_4.4bpp.smol
tools/compresSmol/compresSmol -w build/assets/graphics/pokemon/zubat/overworldf.png_mwidth_4__mheight_4.4bpp build/assets/graphics/pokemon/zubat/overworldf.png_mwidth_4__mheight_4.4bpp.smol
tools/compresSmol/compresSmol -w build/assets/graphics/pokemon/zweilous/anim_front.png.4bpp build/assets/graphics/pokemon/zweilous/anim_front.png.4bpp.smol
tools/compresSmol/compresSmol -w build/assets/graphics/pokemon/zweilous/back.png.4bpp build/assets/graphics/pokemon/zweilous/back.png.4bpp.smol
tools/compresSmol/compresSmol -w build/assets/graphics/pokemon/zweilous/overworld.png_mwidth_4__mheight_4.4bpp build/assets/graphics/pokemon/zweilous/overworld.png_mwidth_4__mheight_4.4bpp.smol
tools/compresSmol/compresSmol -w build/assets/graphics/pokemon/zygarde/10_percent/anim_front.png.4bpp build/assets/graphics/pokemon/zygarde/10_percent/anim_front.png.4bpp.smol
tools/compresSmol/compresSmol -w build/assets/graphics/pokemon/zygarde/10_percent/back.png.4bpp build/assets/graphics/pokemon/zygarde/10_percent/back.png.4bpp.smol
tools/compresSmol/compresSmol -w build/assets/graphics/pokemon/zygarde/10_percent/overworld.png_mwidth_4__mheight_4.4bpp build/assets/graphics/pokemon/zygarde/10_percent/overworld.png_mwidth_4__mheight_4.4bpp.smol
tools/compresSmol/compresSmol -w build/assets/graphics/pokemon/zygarde/anim_front.png.4bpp build/assets/graphics/pokemon/zygarde/anim_front.png.4bpp.smol
tools/compresSmol/compresSmol -w build/assets/graphics/pokemon/zygarde/back.png.4bpp build/assets/graphics/pokemon/zygarde/back.png.4bpp.smol
tools/compresSmol/compresSmol -w build/assets/graphics/pokemon/zygarde/complete/anim_front.png.4bpp build/assets/graphics/pokemon/zygarde/complete/anim_front.png.4bpp.smol
tools/compresSmol/compresSmol -w build/assets/graphics/pokemon/zygarde/complete/back.png.4bpp build/assets/graphics/pokemon/zygarde/complete/back.png.4bpp.smol
tools/compresSmol/compresSmol -w build/assets/graphics/pokemon/zygarde/complete/overworld.png_mwidth_4__mheight_4.4bpp build/assets/graphics/pokemon/zygarde/complete/overworld.png_mwidth_4__mheight_4.4bpp.smol
tools/compresSmol/compresSmol -w build/assets/graphics/pokemon/zygarde/mega/back.png.4bpp build/assets/graphics/pokemon/zygarde/mega/back.png.4bpp.smol
tools/compresSmol/compresSmol -w build/assets/graphics/pokemon/zygarde/mega/front.png.4bpp build/assets/graphics/pokemon/zygarde/mega/front.png.4bpp.smol
tools/compresSmol/compresSmol -w build/assets/graphics/pokemon/zygarde/overworld.png_mwidth_8__mheight_8.4bpp build/assets/graphics/pokemon/zygarde/overworld.png_mwidth_8__mheight_8.4bpp.smol
tools/compresSmol/compresSmol -w graphics/pokemon/garchomp/mega_z/back.4bpp graphics/pokemon/garchomp/mega_z/back.4bpp.smol
tools/compresSmol/compresSmol -w graphics/pokemon/garchomp/mega_z/front.4bpp graphics/pokemon/garchomp/mega_z/front.4bpp.smol
tools/compresSmol/compresSmol -w build/assets/graphics/pokemon_jump/bg.png_num_tiles_63__Wnum_tiles.4bpp build/assets/graphics/pokemon_jump/bg.png_num_tiles_63__Wnum_tiles.4bpp.smol
tools/compresSmol/compresSmol -w build/assets/graphics/pokemon_jump/bonuses.png.4bpp build/assets/graphics/pokemon_jump/bonuses.png.4bpp.smol
tools/compresSmol/compresSmol -w build/assets/graphics/pokemon_jump/star.png.4bpp build/assets/graphics/pokemon_jump/star.png.4bpp.smol
tools/compresSmol/compresSmol -w build/assets/graphics/pokemon_jump/venusaur.png.4bpp build/assets/graphics/pokemon_jump/venusaur.png.4bpp.smol
tools/compresSmol/compresSmol -w build/assets/graphics/pokemon_jump/vine1.png.4bpp build/assets/graphics/pokemon_jump/vine1.png.4bpp.smol
tools/compresSmol/compresSmol -w build/assets/graphics/pokemon_jump/vine2.png.4bpp build/assets/graphics/pokemon_jump/vine2.png.4bpp.smol
tools/compresSmol/compresSmol -w build/assets/graphics/pokemon_jump/vine3.png.4bpp build/assets/graphics/pokemon_jump/vine3.png.4bpp.smol
tools/compresSmol/compresSmol -w build/assets/graphics/pokemon_jump/vine4.png.4bpp build/assets/graphics/pokemon_jump/vine4.png.4bpp.smol
tools/compresSmol/compresSmol -w build/assets/graphics/pokemon_storage/scrolling_bg.png.4bpp build/assets/graphics/pokemon_storage/scrolling_bg.png.4bpp.smol
tools/compresSmol/compresSmol -w build/assets/graphics/pokemon_storage/wallpapers/icons/aqua.png.4bpp build/assets/graphics/pokemon_storage/wallpapers/icons/aqua.png.4bpp.smol
tools/compresSmol/compresSmol -w build/assets/graphics/pokemon_storage/wallpapers/icons/asterisk.png.4bpp build/assets/graphics/pokemon_storage/wallpapers/icons/asterisk.png.4bpp.smol
tools/compresSmol/compresSmol -w build/assets/graphics/pokemon_storage/wallpapers/icons/big_asterisk.png.4bpp build/assets/graphics/pokemon_storage/wallpapers/icons/big_asterisk.png.4bpp.smol
tools/compresSmol/compresSmol -w build/assets/graphics/pokemon_storage/wallpapers/icons/bolt_japan.png.4bpp build/assets/graphics/pokemon_storage/wallpapers/icons/bolt_japan.png.4bpp.smol
tools/compresSmol/compresSmol -w build/assets/graphics/pokemon_storage/wallpapers/icons/brick.png.4bpp build/assets/graphics/pokemon_storage/wallpapers/icons/brick.png.4bpp.smol
tools/compresSmol/compresSmol -w build/assets/graphics/pokemon_storage/wallpapers/icons/circle.png.4bpp build/assets/graphics/pokemon_storage/wallpapers/icons/circle.png.4bpp.smol
tools/compresSmol/compresSmol -w build/assets/graphics/pokemon_storage/wallpapers/icons/cross_japan.png.4bpp build/assets/graphics/pokemon_storage/wallpapers/icons/cross_japan.png.4bpp.smol
tools/compresSmol/compresSmol -w build/assets/graphics/pokemon_storage/wallpapers/icons/crystal.png.4bpp build/assets/graphics/pokemon_storage/wallpapers/icons/crystal.png.4bpp.smol
tools/compresSmol/compresSmol -w build/assets/graphics/pokemon_storage/wallpapers/icons/diglett.png.4bpp build/assets/graphics/pokemon_storage/wallpapers/icons/diglett.png.4bpp.smol
tools/compresSmol/compresSmol -w build/assets/graphics/pokemon_storage/wallpapers/icons/dot.png.4bpp build/assets/graphics/pokemon_storage/wallpapers/icons/dot.png.4bpp.smol
tools/compresSmol/compresSmol -w build/assets/graphics/pokemon_storage/wallpapers/icons/five_star.png.4bpp build/assets/graphics/pokemon_storage/wallpapers/icons/five_star.png.4bpp.smol
tools/compresSmol/compresSmol -w build/assets/graphics/pokemon_storage/wallpapers/icons/footprint.png.4bpp build/assets/graphics/pokemon_storage/wallpapers/icons/footprint.png.4bpp.smol
tools/compresSmol/compresSmol -w build/assets/graphics/pokemon_storage/wallpapers/icons/four_circles.png.4bpp build/assets/graphics/pokemon_storage/wallpapers/icons/four_circles.png.4bpp.smol
tools/compresSmol/compresSmol -w build/assets/graphics/pokemon_storage/wallpapers/icons/four_star.png.4bpp build/assets/graphics/pokemon_storage/wallpapers/icons/four_star.png.4bpp.smol
tools/compresSmol/compresSmol -w build/assets/graphics/pokemon_storage/wallpapers/icons/heart.png.4bpp build/assets/graphics/pokemon_storage/wallpapers/icons/heart.png.4bpp.smol
tools/compresSmol/compresSmol -w build/assets/graphics/pokemon_storage/wallpapers/icons/koffing.png.4bpp build/assets/graphics/pokemon_storage/wallpapers/icons/koffing.png.4bpp.smol
tools/compresSmol/compresSmol -w build/assets/graphics/pokemon_storage/wallpapers/icons/latis.png.4bpp build/assets/graphics/pokemon_storage/wallpapers/icons/latis.png.4bpp.smol
tools/compresSmol/compresSmol -w build/assets/graphics/pokemon_storage/wallpapers/icons/line_circle.png.4bpp build/assets/graphics/pokemon_storage/wallpapers/icons/line_circle.png.4bpp.smol
tools/compresSmol/compresSmol -w build/assets/graphics/pokemon_storage/wallpapers/icons/lotad.png.4bpp build/assets/graphics/pokemon_storage/wallpapers/icons/lotad.png.4bpp.smol
tools/compresSmol/compresSmol -w build/assets/graphics/pokemon_storage/wallpapers/icons/luvdisc.png.4bpp build/assets/graphics/pokemon_storage/wallpapers/icons/luvdisc.png.4bpp.smol
tools/compresSmol/compresSmol -w build/assets/graphics/pokemon_storage/wallpapers/icons/magma.png.4bpp build/assets/graphics/pokemon_storage/wallpapers/icons/magma.png.4bpp.smol
tools/compresSmol/compresSmol -w build/assets/graphics/pokemon_storage/wallpapers/icons/maze.png.4bpp build/assets/graphics/pokemon_storage/wallpapers/icons/maze.png.4bpp.smol
tools/compresSmol/compresSmol -w build/assets/graphics/pokemon_storage/wallpapers/icons/minun.png.4bpp build/assets/graphics/pokemon_storage/wallpapers/icons/minun.png.4bpp.smol
tools/compresSmol/compresSmol -w build/assets/graphics/pokemon_storage/wallpapers/icons/pichu.png.4bpp build/assets/graphics/pokemon_storage/wallpapers/icons/pichu.png.4bpp.smol
tools/compresSmol/compresSmol -w build/assets/graphics/pokemon_storage/wallpapers/icons/plusle_japan.png.4bpp build/assets/graphics/pokemon_storage/wallpapers/icons/plusle_japan.png.4bpp.smol
tools/compresSmol/compresSmol -w build/assets/graphics/pokemon_storage/wallpapers/icons/pokeball.png.4bpp build/assets/graphics/pokemon_storage/wallpapers/icons/pokeball.png.4bpp.smol
tools/compresSmol/compresSmol -w build/assets/graphics/pokemon_storage/wallpapers/icons/ribbon.png.4bpp build/assets/graphics/pokemon_storage/wallpapers/icons/ribbon.png.4bpp.smol
tools/compresSmol/compresSmol -w build/assets/graphics/pokemon_storage/wallpapers/icons/spinda.png.4bpp build/assets/graphics/pokemon_storage/wallpapers/icons/spinda.png.4bpp.smol
tools/compresSmol/compresSmol -w build/assets/graphics/pokemon_storage/wallpapers/icons/star_in_circle.png.4bpp build/assets/graphics/pokemon_storage/wallpapers/icons/star_in_circle.png.4bpp.smol
tools/compresSmol/compresSmol -w build/assets/graphics/pokemon_storage/wallpapers/icons/togepi.png.4bpp build/assets/graphics/pokemon_storage/wallpapers/icons/togepi.png.4bpp.smol
tools/compresSmol/compresSmol -w build/assets/graphics/pokenav/condition/graph_data.png.4bpp build/assets/graphics/pokenav/condition/graph_data.png.4bpp.smol
tools/compresSmol/compresSmol -w build/assets/graphics/pokenav/condition/search_results.png.4bpp build/assets/graphics/pokenav/condition/search_results.png.4bpp.smol
/usr/lib/gcc/arm-none-eabi/10.3.1/cc1 -quiet <flags> -o build/emerald/src/pokemon_summary_screen.o src/pokemon_summary_screen.c
tools/compresSmol/compresSmol -w build/assets/graphics/pokenav/list_arrows.png.4bpp build/assets/graphics/pokenav/list_arrows.png.4bpp.smol
tools/compresSmol/compresSmol -w build/assets/graphics/pokenav/nav_icon.png.4bpp build/assets/graphics/pokenav/nav_icon.png.4bpp.smol
tools/compresSmol/compresSmol -w build/assets/graphics/pokenav/match_call/options_cursor.png.4bpp build/assets/graphics/pokenav/match_call/options_cursor.png.4bpp.smol
tools/compresSmol/compresSmol -w build/assets/graphics/pokenav/match_call/pokeball.png.4bpp build/assets/graphics/pokenav/match_call/pokeball.png.4bpp.smol
tools/compresSmol/compresSmol -w build/assets/graphics/pokenav/match_call/ui.png_num_tiles_13__Wnum_tiles.4bpp build/assets/graphics/pokenav/match_call/ui.png_num_tiles_13__Wnum_tiles.4bpp.smol
tools/compresSmol/compresSmol -w build/assets/graphics/pokenav/bg_dots.png.4bpp build/assets/graphics/pokenav/bg_dots.png.4bpp.smol
tools/compresSmol/compresSmol -w build/assets/graphics/pokenav/device_outline.png_num_tiles_53__Wnum_tiles.4bpp build/assets/graphics/pokenav/device_outline.png_num_tiles_53__Wnum_tiles.4bpp.smol
tools/compresSmol/compresSmol -w build/assets/graphics/pokenav/region_map/zoom_tiles.png.4bpp build/assets/graphics/pokenav/region_map/zoom_tiles.png.4bpp.smol
tools/compresSmol/compresSmol -w build/assets/graphics/pokenav/ribbons/list_bg.png.4bpp build/assets/graphics/pokenav/ribbons/list_bg.png.4bpp.smol
tools/compresSmol/compresSmol -w build/assets/graphics/pokenav/ribbons/icons.png.4bpp build/assets/graphics/pokenav/ribbons/icons.png.4bpp.smol
tools/compresSmol/compresSmol -w build/assets/graphics/pokenav/ribbons/icons_big.png.4bpp build/assets/graphics/pokenav/ribbons/icons_big.png.4bpp.smol
tools/compresSmol/compresSmol -w build/assets/graphics/pokedex/region_map.png_num_tiles_232__Wnum_tiles.8bpp build/assets/graphics/pokedex/region_map.png_num_tiles_232__Wnum_tiles.8bpp.smol
tools/compresSmol/compresSmol -w build/assets/graphics/pokedex/region_map_kanto.png.8bpp build/assets/graphics/pokedex/region_map_kanto.png.8bpp.smol
tools/compresSmol/compresSmol -w build/assets/graphics/pokedex/region_map_sevii123.png.8bpp build/assets/graphics/pokedex/region_map_sevii123.png.8bpp.smol
tools/compresSmol/compresSmol -w build/assets/graphics/pokedex/region_map_sevii45.png.8bpp build/assets/graphics/pokedex/region_map_sevii45.png.8bpp.smol
tools/compresSmol/compresSmol -w build/assets/graphics/pokedex/region_map_sevii67.png.8bpp build/assets/graphics/pokedex/region_map_sevii67.png.8bpp.smol
tools/compresSmol/compresSmol -w build/assets/graphics/pokenav/region_map/cursor_large.png.4bpp build/assets/graphics/pokenav/region_map/cursor_large.png.4bpp.smol
tools/compresSmol/compresSmol -w build/assets/graphics/pokenav/region_map/cursor_small.png.4bpp build/assets/graphics/pokenav/region_map/cursor_small.png.4bpp.smol
tools/compresSmol/compresSmol -w build/assets/graphics/pokenav/region_map/fly_target_icons.png.4bpp build/assets/graphics/pokenav/region_map/fly_target_icons.png.4bpp.smol
tools/compresSmol/compresSmol -w build/assets/graphics/pokenav/region_map/frame.png.4bpp build/assets/graphics/pokenav/region_map/frame.png.4bpp.smol
tools/compresSmol/compresSmol -w build/assets/graphics/pokenav/region_map/map.png_num_tiles_233__Wnum_tiles.8bpp build/assets/graphics/pokenav/region_map/map.png_num_tiles_233__Wnum_tiles.8bpp.smol
tools/compresSmol/compresSmol -w build/assets/graphics/pokenav/region_map/map_kanto.png.8bpp build/assets/graphics/pokenav/region_map/map_kanto.png.8bpp.smol
tools/compresSmol/compresSmol -w build/assets/graphics/pokenav/region_map/map_sevii_123.png.8bpp build/assets/graphics/pokenav/region_map/map_sevii_123.png.8bpp.smol
tools/compresSmol/compresSmol -w build/assets/graphics/pokenav/region_map/map_sevii_45.png.8bpp build/assets/graphics/pokenav/region_map/map_sevii_45.png.8bpp.smol
tools/compresSmol/compresSmol -w build/assets/graphics/pokenav/region_map/map_sevii_67.png.8bpp build/assets/graphics/pokenav/region_map/map_sevii_67.png.8bpp.smol
/usr/lib/gcc/arm-none-eabi/10.3.1/cc1 -quiet <flags> -o build/emerald/src/reset_rtc_screen.o src/reset_rtc_screen.c
/usr/lib/gcc/arm-none-eabi/10.3.1/cc1 -quiet <flags> -o build/emerald/src/rotating_gate.o src/rotating_gate.c
tools/compresSmol/compresSmol -w build/assets/graphics/roulette/ball.png.4bpp build/assets/graphics/roulette/ball.png.4bpp.smol
tools/compresSmol/compresSmol -w build/assets/graphics/roulette/ball_counter.png.4bpp build/assets/graphics/roulette/ball_counter.png.4bpp.smol
tools/compresSmol/compresSmol -w build/assets/graphics/roulette/cursor.png.4bpp build/assets/graphics/roulette/cursor.png.4bpp.smol
tools/compresSmol/compresSmol -w build/assets/graphics/roulette/grid_icons.png.4bpp build/assets/graphics/roulette/grid_icons.png.4bpp.smol
tools/compresSmol/compresSmol -w build/assets/graphics/roulette/shadow.png.4bpp build/assets/graphics/roulette/shadow.png.4bpp.smol
tools/compresSmol/compresSmol -w build/assets/graphics/misc/clock_small.png.4bpp build/assets/graphics/misc/clock_small.png.4bpp.smol
tools/gbagfx/gbagfx build/assets/graphics/mugshots/ana_beatriz.png.4bpp build/assets/graphics/mugshots/ana_beatriz.png.4bpp.lz
tools/gbagfx/gbagfx build/assets/graphics/mugshots/daniel.png.4bpp build/assets/graphics/mugshots/daniel.png.4bpp.lz
tools/gbagfx/gbagfx build/assets/graphics/mugshots/leticia.png.4bpp build/assets/graphics/mugshots/leticia.png.4bpp.lz
tools/gbagfx/gbagfx build/assets/graphics/mugshots/livia.png.4bpp build/assets/graphics/mugshots/livia.png.4bpp.lz
tools/gbagfx/gbagfx build/assets/graphics/mugshots/maria_clara.png.4bpp build/assets/graphics/mugshots/maria_clara.png.4bpp.lz
tools/gbagfx/gbagfx build/assets/graphics/mugshots/matheus.png.4bpp build/assets/graphics/mugshots/matheus.png.4bpp.lz
/usr/lib/gcc/arm-none-eabi/10.3.1/cc1 -quiet <flags> -o build/emerald/src/seagallop.o src/seagallop.c
/usr/lib/gcc/arm-none-eabi/10.3.1/cc1 -quiet <flags> -o build/emerald/src/ss_anne.o src/ss_anne.c
tools/compresSmol/compresSmol -w build/assets/graphics/starter_choose/pokeball_selection.png.4bpp build/assets/graphics/starter_choose/pokeball_selection.png.4bpp.smol
tools/compresSmol/compresSmol -w build/assets/graphics/starter_choose/starter_circle.png.4bpp build/assets/graphics/starter_choose/starter_circle.png.4bpp.smol
tools/compresSmol/compresSmol -w build/assets/graphics/starter_choose/tiles.png.4bpp build/assets/graphics/starter_choose/tiles.png.4bpp.smol
/usr/lib/gcc/arm-none-eabi/10.3.1/cc1 -quiet <flags> -o build/emerald/src/text.o src/text.c
/usr/lib/gcc/arm-none-eabi/10.3.1/cc1 -quiet <flags> -o build/emerald/src/text_window.o src/text_window.c
/usr/lib/gcc/arm-none-eabi/10.3.1/cc1 -quiet <flags> -o build/emerald/src/tileset_anims.o src/tileset_anims.c
tools/compresSmol/compresSmol -w build/assets/data/tilesets/primary/building/tiles.png_num_tiles_502__Wnum_tiles.4bpp build/assets/data/tilesets/primary/building/tiles.png_num_tiles_502__Wnum_tiles.4bpp.smol
tools/compresSmol/compresSmol -w build/assets/data/tilesets/primary/building_frlg/tiles.png.4bpp build/assets/data/tilesets/primary/building_frlg/tiles.png.4bpp.smol
tools/compresSmol/compresSmol -w build/assets/data/tilesets/primary/general_frlg/tiles.png.4bpp build/assets/data/tilesets/primary/general_frlg/tiles.png.4bpp.smol
tools/compresSmol/compresSmol -w build/assets/data/tilesets/secondary/battle_arena/tiles.png.4bpp build/assets/data/tilesets/secondary/battle_arena/tiles.png.4bpp.fastSmol false false false
tools/compresSmol/compresSmol -w build/assets/data/tilesets/secondary/battle_dome/tiles.png.4bpp build/assets/data/tilesets/secondary/battle_dome/tiles.png.4bpp.fastSmol false false false
tools/compresSmol/compresSmol -w build/assets/data/tilesets/secondary/battle_factory/tiles.png_num_tiles_424__Wnum_tiles.4bpp build/assets/data/tilesets/secondary/battle_factory/tiles.png_num_tiles_424__Wnum_tiles.4bpp.fastSmol false false false
tools/compresSmol/compresSmol -w build/assets/data/tilesets/secondary/battle_frontier/tiles.png_num_tiles_310__Wnum_tiles.4bpp build/assets/data/tilesets/secondary/battle_frontier/tiles.png_num_tiles_310__Wnum_tiles.4bpp.fastSmol false false false
tools/compresSmol/compresSmol -w build/assets/data/tilesets/secondary/battle_frontier_outside_east/tiles.png_num_tiles_508__Wnum_tiles.4bpp build/assets/data/tilesets/secondary/battle_frontier_outside_east/tiles.png_num_tiles_508__Wnum_tiles.4bpp.fastSmol false false false
tools/compresSmol/compresSmol -w build/assets/data/tilesets/secondary/battle_frontier_outside_west/tiles.png_num_tiles_508__Wnum_tiles.4bpp build/assets/data/tilesets/secondary/battle_frontier_outside_west/tiles.png_num_tiles_508__Wnum_tiles.4bpp.fastSmol false false false
tools/compresSmol/compresSmol -w build/assets/data/tilesets/secondary/battle_frontier_ranking_hall/tiles.png_num_tiles_136__Wnum_tiles.4bpp build/assets/data/tilesets/secondary/battle_frontier_ranking_hall/tiles.png_num_tiles_136__Wnum_tiles.4bpp.fastSmol false false false
tools/compresSmol/compresSmol -w build/assets/data/tilesets/secondary/battle_palace/tiles.png.4bpp build/assets/data/tilesets/secondary/battle_palace/tiles.png.4bpp.fastSmol false false false
tools/compresSmol/compresSmol -w build/assets/data/tilesets/secondary/battle_pike/tiles.png_num_tiles_382__Wnum_tiles.4bpp build/assets/data/tilesets/secondary/battle_pike/tiles.png_num_tiles_382__Wnum_tiles.4bpp.fastSmol false false false
tools/compresSmol/compresSmol -w build/assets/data/tilesets/secondary/battle_pyramid/tiles.png.4bpp build/assets/data/tilesets/secondary/battle_pyramid/tiles.png.4bpp.fastSmol false false false
tools/compresSmol/compresSmol -w build/assets/data/tilesets/secondary/battle_tent/tiles.png.4bpp build/assets/data/tilesets/secondary/battle_tent/tiles.png.4bpp.fastSmol false false false
tools/compresSmol/compresSmol -w build/assets/data/tilesets/secondary/berry_forest_frlg/tiles.png.4bpp build/assets/data/tilesets/secondary/berry_forest_frlg/tiles.png.4bpp.fastSmol false false false
tools/compresSmol/compresSmol -w build/assets/data/tilesets/secondary/bike_shop/tiles.png.4bpp build/assets/data/tilesets/secondary/bike_shop/tiles.png.4bpp.fastSmol false false false
tools/compresSmol/compresSmol -w build/assets/data/tilesets/secondary/bike_shop_frlg/tiles.png.4bpp build/assets/data/tilesets/secondary/bike_shop_frlg/tiles.png.4bpp.fastSmol false false false
tools/compresSmol/compresSmol -w build/assets/data/tilesets/secondary/brendans_mays_house/tiles.png.4bpp build/assets/data/tilesets/secondary/brendans_mays_house/tiles.png.4bpp.fastSmol false false false
tools/compresSmol/compresSmol -w build/assets/data/tilesets/secondary/burgled_house_frlg/tiles.png.4bpp build/assets/data/tilesets/secondary/burgled_house_frlg/tiles.png.4bpp.fastSmol false false false
tools/compresSmol/compresSmol -w build/assets/data/tilesets/secondary/cave/tiles.png_num_tiles_425__Wnum_tiles.4bpp build/assets/data/tilesets/secondary/cave/tiles.png_num_tiles_425__Wnum_tiles.4bpp.fastSmol false false false
tools/compresSmol/compresSmol -w build/assets/data/tilesets/secondary/cave_frlg/tiles.png.4bpp build/assets/data/tilesets/secondary/cave_frlg/tiles.png.4bpp.fastSmol false false false
tools/compresSmol/compresSmol -w build/assets/data/tilesets/secondary/celadon_city_frlg/tiles.png.4bpp build/assets/data/tilesets/secondary/celadon_city_frlg/tiles.png.4bpp.fastSmol false false false
tools/compresSmol/compresSmol -w build/assets/data/tilesets/secondary/celadon_gym_frlg/tiles.png.4bpp build/assets/data/tilesets/secondary/celadon_gym_frlg/tiles.png.4bpp.fastSmol false false false
tools/compresSmol/compresSmol -w build/assets/data/tilesets/secondary/cerulean_cave_frlg/tiles.png.4bpp build/assets/data/tilesets/secondary/cerulean_cave_frlg/tiles.png.4bpp.fastSmol false false false
tools/compresSmol/compresSmol -w build/assets/data/tilesets/secondary/cerulean_city_frlg/tiles.png.4bpp build/assets/data/tilesets/secondary/cerulean_city_frlg/tiles.png.4bpp.fastSmol false false false
tools/compresSmol/compresSmol -w build/assets/data/tilesets/secondary/cerulean_gym_frlg/tiles.png.4bpp build/assets/data/tilesets/secondary/cerulean_gym_frlg/tiles.png.4bpp.fastSmol false false false
tools/compresSmol/compresSmol -w build/assets/data/tilesets/secondary/cinnabar_gym_frlg/tiles.png.4bpp build/assets/data/tilesets/secondary/cinnabar_gym_frlg/tiles.png.4bpp.fastSmol false false false
tools/compresSmol/compresSmol -w build/assets/data/tilesets/secondary/cinnabar_island_frlg/tiles.png.4bpp build/assets/data/tilesets/secondary/cinnabar_island_frlg/tiles.png.4bpp.fastSmol false false false
tools/compresSmol/compresSmol -w build/assets/data/tilesets/secondary/condominiums_frlg/tiles.png.4bpp build/assets/data/tilesets/secondary/condominiums_frlg/tiles.png.4bpp.fastSmol false false false
tools/compresSmol/compresSmol -w build/assets/data/tilesets/secondary/contest/tiles.png_num_tiles_430__Wnum_tiles.4bpp build/assets/data/tilesets/secondary/contest/tiles.png_num_tiles_430__Wnum_tiles.4bpp.fastSmol false false false
tools/compresSmol/compresSmol -w build/assets/data/tilesets/secondary/department_store_frlg/tiles.png.4bpp build/assets/data/tilesets/secondary/department_store_frlg/tiles.png.4bpp.fastSmol false false false
tools/compresSmol/compresSmol -w build/assets/data/tilesets/secondary/dewford/tiles.png_num_tiles_503__Wnum_tiles.4bpp build/assets/data/tilesets/secondary/dewford/tiles.png_num_tiles_503__Wnum_tiles.4bpp.fastSmol false false false
tools/compresSmol/compresSmol -w build/assets/data/tilesets/secondary/dewford_gym/tiles.png_num_tiles_61__Wnum_tiles.4bpp build/assets/data/tilesets/secondary/dewford_gym/tiles.png_num_tiles_61__Wnum_tiles.4bpp.fastSmol false false false
tools/compresSmol/compresSmol -w build/assets/data/tilesets/secondary/digletts_cave_frlg/tiles.png.4bpp build/assets/data/tilesets/secondary/digletts_cave_frlg/tiles.png.4bpp.fastSmol false false false
tools/compresSmol/compresSmol -w build/assets/data/tilesets/secondary/elite_four/tiles.png_num_tiles_505__Wnum_tiles.4bpp build/assets/data/tilesets/secondary/elite_four/tiles.png_num_tiles_505__Wnum_tiles.4bpp.fastSmol false false false
tools/compresSmol/compresSmol -w build/assets/data/tilesets/secondary/ever_grande/tiles.png.4bpp build/assets/data/tilesets/secondary/ever_grande/tiles.png.4bpp.fastSmol false false false
tools/compresSmol/compresSmol -w build/assets/data/tilesets/secondary/facility/tiles.png.4bpp build/assets/data/tilesets/secondary/facility/tiles.png.4bpp.fastSmol false false false
tools/compresSmol/compresSmol -w build/assets/data/tilesets/secondary/fallarbor/tiles.png.4bpp build/assets/data/tilesets/secondary/fallarbor/tiles.png.4bpp.fastSmol false false false
tools/compresSmol/compresSmol -w build/assets/data/tilesets/secondary/fan_club_daycare_frlg/tiles.png.4bpp build/assets/data/tilesets/secondary/fan_club_daycare_frlg/tiles.png.4bpp.fastSmol false false false
tools/compresSmol/compresSmol -w build/assets/data/tilesets/secondary/fortree/tiles.png_num_tiles_493__Wnum_tiles.4bpp build/assets/data/tilesets/secondary/fortree/tiles.png_num_tiles_493__Wnum_tiles.4bpp.fastSmol false false false
tools/compresSmol/compresSmol -w build/assets/data/tilesets/secondary/fortree_gym/tiles.png_num_tiles_61__Wnum_tiles.4bpp build/assets/data/tilesets/secondary/fortree_gym/tiles.png_num_tiles_61__Wnum_tiles.4bpp.fastSmol false false false
tools/compresSmol/compresSmol -w build/assets/data/tilesets/secondary/fuchsia_city_frlg/tiles.png.4bpp build/assets/data/tilesets/secondary/fuchsia_city_frlg/tiles.png.4bpp.fastSmol false false false
tools/compresSmol/compresSmol -w build/assets/data/tilesets/secondary/fuchsia_gym_frlg/tiles.png.4bpp build/assets/data/tilesets/secondary/fuchsia_gym_frlg/tiles.png.4bpp.fastSmol false false false
tools/compresSmol/compresSmol -w build/assets/data/tilesets/secondary/game_corner_frlg/tiles.png.4bpp build/assets/data/tilesets/secondary/game_corner_frlg/tiles.png.4bpp.fastSmol false false false
tools/compresSmol/compresSmol -w build/assets/data/tilesets/secondary/generic_building/tiles.png_num_tiles_509__Wnum_tiles.4bpp build/assets/data/tilesets/secondary/generic_building/tiles.png_num_tiles_509__Wnum_tiles.4bpp.fastSmol false false false
tools/compresSmol/compresSmol -w build/assets/data/tilesets/secondary/generic_building_1_frlg/tiles.png.4bpp build/assets/data/tilesets/secondary/generic_building_1_frlg/tiles.png.4bpp.fastSmol false false false
tools/compresSmol/compresSmol -w build/assets/data/tilesets/secondary/generic_building_2_frlg/tiles.png.4bpp build/assets/data/tilesets/secondary/generic_building_2_frlg/tiles.png.4bpp.fastSmol false false false
tools/compresSmol/compresSmol -w build/assets/data/tilesets/secondary/hall_of_fame_frlg/tiles.png.4bpp build/assets/data/tilesets/secondary/hall_of_fame_frlg/tiles.png.4bpp.fastSmol false false false
tools/compresSmol/compresSmol -w build/assets/data/tilesets/secondary/hoenn_building_frlg/tiles.png.4bpp build/assets/data/tilesets/secondary/hoenn_building_frlg/tiles.png.4bpp.fastSmol false false false
tools/compresSmol/compresSmol -w build/assets/data/tilesets/secondary/indigo_plateau_frlg/tiles.png.4bpp build/assets/data/tilesets/secondary/indigo_plateau_frlg/tiles.png.4bpp.fastSmol false false false
tools/compresSmol/compresSmol -w build/assets/data/tilesets/secondary/inside_of_truck/tiles.png_num_tiles_62__Wnum_tiles.4bpp build/assets/data/tilesets/secondary/inside_of_truck/tiles.png_num_tiles_62__Wnum_tiles.4bpp.fastSmol false false false
tools/compresSmol/compresSmol -w build/assets/data/tilesets/secondary/inside_ship/tiles.png_num_tiles_342__Wnum_tiles.4bpp build/assets/data/tilesets/secondary/inside_ship/tiles.png_num_tiles_342__Wnum_tiles.4bpp.fastSmol false false false
tools/compresSmol/compresSmol -w build/assets/data/tilesets/secondary/island_harbor/tiles.png_num_tiles_503__Wnum_tiles.4bpp build/assets/data/tilesets/secondary/island_harbor/tiles.png_num_tiles_503__Wnum_tiles.4bpp.fastSmol false false false
tools/compresSmol/compresSmol -w build/assets/data/tilesets/secondary/island_harbor_frlg/tiles.png.4bpp build/assets/data/tilesets/secondary/island_harbor_frlg/tiles.png.4bpp.fastSmol false false false
tools/compresSmol/compresSmol -w build/assets/data/tilesets/secondary/lab/tiles.png_num_tiles_500__Wnum_tiles.4bpp build/assets/data/tilesets/secondary/lab/tiles.png_num_tiles_500__Wnum_tiles.4bpp.fastSmol false false false
tools/compresSmol/compresSmol -w build/assets/data/tilesets/secondary/lab_frlg/tiles.png.4bpp build/assets/data/tilesets/secondary/lab_frlg/tiles.png.4bpp.fastSmol false false false
tools/compresSmol/compresSmol -w build/assets/data/tilesets/secondary/lavaridge/tiles.png_num_tiles_450__Wnum_tiles.4bpp build/assets/data/tilesets/secondary/lavaridge/tiles.png_num_tiles_450__Wnum_tiles.4bpp.fastSmol false false false
tools/compresSmol/compresSmol -w build/assets/data/tilesets/secondary/lavaridge_gym/tiles.png_num_tiles_54__Wnum_tiles.4bpp build/assets/data/tilesets/secondary/lavaridge_gym/tiles.png_num_tiles_54__Wnum_tiles.4bpp.fastSmol false false false
tools/compresSmol/compresSmol -w build/assets/data/tilesets/secondary/lavender_town_frlg/tiles.png.4bpp build/assets/data/tilesets/secondary/lavender_town_frlg/tiles.png.4bpp.fastSmol false false false
tools/compresSmol/compresSmol -w build/assets/data/tilesets/secondary/lilycove/tiles.png.4bpp build/assets/data/tilesets/secondary/lilycove/tiles.png.4bpp.fastSmol false false false
tools/compresSmol/compresSmol -w build/assets/data/tilesets/secondary/lilycove_museum/tiles.png_num_tiles_431__Wnum_tiles.4bpp build/assets/data/tilesets/secondary/lilycove_museum/tiles.png_num_tiles_431__Wnum_tiles.4bpp.fastSmol false false false
tools/compresSmol/compresSmol -w build/assets/data/tilesets/secondary/mart_frlg/tiles.png.4bpp build/assets/data/tilesets/secondary/mart_frlg/tiles.png.4bpp.fastSmol false false false
tools/compresSmol/compresSmol -w build/assets/data/tilesets/secondary/mauville/tiles.png_num_tiles_503__Wnum_tiles.4bpp build/assets/data/tilesets/secondary/mauville/tiles.png_num_tiles_503__Wnum_tiles.4bpp.fastSmol false false false
tools/compresSmol/compresSmol -w build/assets/data/tilesets/secondary/mauville_game_corner/tiles.png_num_tiles_469__Wnum_tiles.4bpp build/assets/data/tilesets/secondary/mauville_game_corner/tiles.png_num_tiles_469__Wnum_tiles.4bpp.fastSmol false false false
tools/compresSmol/compresSmol -w build/assets/data/tilesets/secondary/mauville_gym/tiles.png.4bpp build/assets/data/tilesets/secondary/mauville_gym/tiles.png.4bpp.fastSmol false false false
tools/compresSmol/compresSmol -w build/assets/data/tilesets/secondary/meteor_falls/tiles.png_num_tiles_460__Wnum_tiles.4bpp build/assets/data/tilesets/secondary/meteor_falls/tiles.png_num_tiles_460__Wnum_tiles.4bpp.fastSmol false false false
tools/compresSmol/compresSmol -w build/assets/data/tilesets/secondary/mirage_tower/tiles.png_num_tiles_420__Wnum_tiles.4bpp build/assets/data/tilesets/secondary/mirage_tower/tiles.png_num_tiles_420__Wnum_tiles.4bpp.fastSmol false false false
tools/compresSmol/compresSmol -w build/assets/data/tilesets/secondary/mossdeep/tiles.png.4bpp build/assets/data/tilesets/secondary/mossdeep/tiles.png.4bpp.fastSmol false false false
tools/compresSmol/compresSmol -w build/assets/data/tilesets/secondary/mossdeep_game_corner/tiles.png_num_tiles_95__Wnum_tiles.4bpp build/assets/data/tilesets/secondary/mossdeep_game_corner/tiles.png_num_tiles_95__Wnum_tiles.4bpp.fastSmol false false false
tools/compresSmol/compresSmol -w build/assets/data/tilesets/secondary/mossdeep_gym/tiles.png_num_tiles_82__Wnum_tiles.4bpp build/assets/data/tilesets/secondary/mossdeep_gym/tiles.png_num_tiles_82__Wnum_tiles.4bpp.fastSmol false false false
tools/compresSmol/compresSmol -w build/assets/data/tilesets/secondary/mt_ember_frlg/tiles.png.4bpp build/assets/data/tilesets/secondary/mt_ember_frlg/tiles.png.4bpp.fastSmol false false false
tools/compresSmol/compresSmol -w build/assets/data/tilesets/secondary/museum_frlg/tiles.png.4bpp build/assets/data/tilesets/secondary/museum_frlg/tiles.png.4bpp.fastSmol false false false
tools/compresSmol/compresSmol -w build/assets/data/tilesets/secondary/mystery_events_house/tiles.png_num_tiles_509__Wnum_tiles.4bpp build/assets/data/tilesets/secondary/mystery_events_house/tiles.png_num_tiles_509__Wnum_tiles.4bpp.fastSmol false false false
tools/compresSmol/compresSmol -w build/assets/data/tilesets/secondary/navel_rock/tiles.png_num_tiles_420__Wnum_tiles.4bpp build/assets/data/tilesets/secondary/navel_rock/tiles.png_num_tiles_420__Wnum_tiles.4bpp.fastSmol false false false
tools/compresSmol/compresSmol -w build/assets/data/tilesets/secondary/navel_rock_frlg/tiles.png.4bpp build/assets/data/tilesets/secondary/navel_rock_frlg/tiles.png.4bpp.fastSmol false false false
tools/compresSmol/compresSmol -w build/assets/data/tilesets/secondary/oceanic_museum/tiles.png_num_tiles_319__Wnum_tiles.4bpp build/assets/data/tilesets/secondary/oceanic_museum/tiles.png_num_tiles_319__Wnum_tiles.4bpp.fastSmol false false false
tools/compresSmol/compresSmol -w build/assets/data/tilesets/secondary/pacifidlog/tiles.png_num_tiles_504__Wnum_tiles.4bpp build/assets/data/tilesets/secondary/pacifidlog/tiles.png_num_tiles_504__Wnum_tiles.4bpp.fastSmol false false false
tools/compresSmol/compresSmol -w build/assets/data/tilesets/secondary/pallet_town_frlg/tiles.png.4bpp build/assets/data/tilesets/secondary/pallet_town_frlg/tiles.png.4bpp.fastSmol false false false
tools/compresSmol/compresSmol -w build/assets/data/tilesets/secondary/petalburg/tiles.png_num_tiles_159__Wnum_tiles.4bpp build/assets/data/tilesets/secondary/petalburg/tiles.png_num_tiles_159__Wnum_tiles.4bpp.fastSmol false false false
tools/compresSmol/compresSmol -w build/assets/data/tilesets/secondary/petalburg_gym/tiles.png_num_tiles_148__Wnum_tiles.4bpp build/assets/data/tilesets/secondary/petalburg_gym/tiles.png_num_tiles_148__Wnum_tiles.4bpp.fastSmol false false false
tools/compresSmol/compresSmol -w build/assets/data/tilesets/secondary/pewter_city_frlg/tiles.png.4bpp build/assets/data/tilesets/secondary/pewter_city_frlg/tiles.png.4bpp.fastSmol false false false
tools/compresSmol/compresSmol -w build/assets/data/tilesets/secondary/pewter_gym_frlg/tiles.png.4bpp build/assets/data/tilesets/secondary/pewter_gym_frlg/tiles.png.4bpp.fastSmol false false false
tools/compresSmol/compresSmol -w build/assets/data/tilesets/secondary/pokemon_center/tiles.png_num_tiles_478__Wnum_tiles.4bpp build/assets/data/tilesets/secondary/pokemon_center/tiles.png_num_tiles_478__Wnum_tiles.4bpp.fastSmol false false false
tools/compresSmol/compresSmol -w build/assets/data/tilesets/secondary/pokemon_center_frlg/tiles.png.4bpp build/assets/data/tilesets/secondary/pokemon_center_frlg/tiles.png.4bpp.fastSmol false false false
tools/compresSmol/compresSmol -w build/assets/data/tilesets/secondary/pokemon_day_care/tiles.png_num_tiles_355__Wnum_tiles.4bpp build/assets/data/tilesets/secondary/pokemon_day_care/tiles.png_num_tiles_355__Wnum_tiles.4bpp.fastSmol false false false
tools/compresSmol/compresSmol -w build/assets/data/tilesets/secondary/pokemon_fan_club/tiles.png_num_tiles_319__Wnum_tiles.4bpp build/assets/data/tilesets/secondary/pokemon_fan_club/tiles.png_num_tiles_319__Wnum_tiles.4bpp.fastSmol false false false
tools/compresSmol/compresSmol -w build/assets/data/tilesets/secondary/pokemon_league_frlg/tiles.png.4bpp build/assets/data/tilesets/secondary/pokemon_league_frlg/tiles.png.4bpp.fastSmol false false false
tools/compresSmol/compresSmol -w build/assets/data/tilesets/secondary/pokemon_mansion_frlg/tiles.png.4bpp build/assets/data/tilesets/secondary/pokemon_mansion_frlg/tiles.png.4bpp.fastSmol false false false
tools/compresSmol/compresSmol -w build/assets/data/tilesets/secondary/pokemon_school/tiles.png_num_tiles_278__Wnum_tiles.4bpp build/assets/data/tilesets/secondary/pokemon_school/tiles.png_num_tiles_278__Wnum_tiles.4bpp.fastSmol false false false
tools/compresSmol/compresSmol -w build/assets/data/tilesets/secondary/pokemon_tower_frlg/tiles.png.4bpp build/assets/data/tilesets/secondary/pokemon_tower_frlg/tiles.png.4bpp.fastSmol false false false
tools/compresSmol/compresSmol -w build/assets/data/tilesets/secondary/power_plant_frlg/tiles.png.4bpp build/assets/data/tilesets/secondary/power_plant_frlg/tiles.png.4bpp.fastSmol false false false
tools/compresSmol/compresSmol -w build/assets/data/tilesets/secondary/pretty_petal_flower_shop/tiles.png_num_tiles_345__Wnum_tiles.4bpp build/assets/data/tilesets/secondary/pretty_petal_flower_shop/tiles.png_num_tiles_345__Wnum_tiles.4bpp.fastSmol false false false
tools/compresSmol/compresSmol -w build/assets/data/tilesets/secondary/restaurant_hotel_frlg/tiles.png.4bpp build/assets/data/tilesets/secondary/restaurant_hotel_frlg/tiles.png.4bpp.fastSmol false false false
tools/compresSmol/compresSmol -w build/assets/data/tilesets/secondary/rock_tunnel_frlg/tiles.png.4bpp build/assets/data/tilesets/secondary/rock_tunnel_frlg/tiles.png.4bpp.fastSmol false false false
tools/compresSmol/compresSmol -w build/assets/data/tilesets/secondary/rustboro/tiles.png_num_tiles_498__Wnum_tiles.4bpp build/assets/data/tilesets/secondary/rustboro/tiles.png_num_tiles_498__Wnum_tiles.4bpp.fastSmol false false false
tools/compresSmol/compresSmol -w build/assets/data/tilesets/secondary/rustboro_gym/tiles.png_num_tiles_60__Wnum_tiles.4bpp build/assets/data/tilesets/secondary/rustboro_gym/tiles.png_num_tiles_60__Wnum_tiles.4bpp.fastSmol false false false
tools/compresSmol/compresSmol -w build/assets/data/tilesets/secondary/rusturf_tunnel/tiles.png.4bpp build/assets/data/tilesets/secondary/rusturf_tunnel/tiles.png.4bpp.fastSmol false false false
tools/compresSmol/compresSmol -w build/assets/data/tilesets/secondary/safari_zone_building_frlg/tiles.png.4bpp build/assets/data/tilesets/secondary/safari_zone_building_frlg/tiles.png.4bpp.fastSmol false false false
tools/compresSmol/compresSmol -w build/assets/data/tilesets/secondary/saffron_city_frlg/tiles.png.4bpp build/assets/data/tilesets/secondary/saffron_city_frlg/tiles.png.4bpp.fastSmol false false false
tools/compresSmol/compresSmol -w build/assets/data/tilesets/secondary/saffron_gym_frlg/tiles.png.4bpp build/assets/data/tilesets/secondary/saffron_gym_frlg/tiles.png.4bpp.fastSmol false false false
tools/compresSmol/compresSmol -w build/assets/data/tilesets/secondary/school_frlg/tiles.png.4bpp build/assets/data/tilesets/secondary/school_frlg/tiles.png.4bpp.fastSmol false false false
tools/compresSmol/compresSmol -w build/assets/data/tilesets/secondary/sea_cottage_frlg/tiles.png.4bpp build/assets/data/tilesets/secondary/sea_cottage_frlg/tiles.png.4bpp.fastSmol false false false
tools/compresSmol/compresSmol -w build/assets/data/tilesets/secondary/seafoam_islands_frlg/tiles.png.4bpp build/assets/data/tilesets/secondary/seafoam_islands_frlg/tiles.png.4bpp.fastSmol false false false
tools/compresSmol/compresSmol -w build/assets/data/tilesets/secondary/seashore_house/tiles.png_num_tiles_312__Wnum_tiles.4bpp build/assets/data/tilesets/secondary/seashore_house/tiles.png_num_tiles_312__Wnum_tiles.4bpp.fastSmol false false false
tools/compresSmol/compresSmol -w build/assets/data/tilesets/secondary/secret_base/blue_cave/tiles.png_num_tiles_82__Wnum_tiles.4bpp build/assets/data/tilesets/secondary/secret_base/blue_cave/tiles.png_num_tiles_82__Wnum_tiles.4bpp.fastSmol false false false
tools/compresSmol/compresSmol -w build/assets/data/tilesets/secondary/secret_base/brown_cave/tiles.png_num_tiles_82__Wnum_tiles.4bpp build/assets/data/tilesets/secondary/secret_base/brown_cave/tiles.png_num_tiles_82__Wnum_tiles.4bpp.fastSmol false false false
tools/compresSmol/compresSmol -w build/assets/data/tilesets/secondary/secret_base/red_cave/tiles.png_num_tiles_82__Wnum_tiles.4bpp build/assets/data/tilesets/secondary/secret_base/red_cave/tiles.png_num_tiles_82__Wnum_tiles.4bpp.fastSmol false false false
tools/compresSmol/compresSmol -w build/assets/data/tilesets/secondary/secret_base/shrub/tiles.png_num_tiles_82__Wnum_tiles.4bpp build/assets/data/tilesets/secondary/secret_base/shrub/tiles.png_num_tiles_82__Wnum_tiles.4bpp.fastSmol false false false
tools/compresSmol/compresSmol -w build/assets/data/tilesets/secondary/secret_base/tree/tiles.png_num_tiles_82__Wnum_tiles.4bpp build/assets/data/tilesets/secondary/secret_base/tree/tiles.png_num_tiles_82__Wnum_tiles.4bpp.fastSmol false false false
tools/compresSmol/compresSmol -w build/assets/data/tilesets/secondary/secret_base/yellow_cave/tiles.png_num_tiles_82__Wnum_tiles.4bpp build/assets/data/tilesets/secondary/secret_base/yellow_cave/tiles.png_num_tiles_82__Wnum_tiles.4bpp.fastSmol false false false
tools/compresSmol/compresSmol -w build/assets/data/tilesets/secondary/sevii_islands_123_frlg/tiles.png.4bpp build/assets/data/tilesets/secondary/sevii_islands_123_frlg/tiles.png.4bpp.fastSmol false false false
tools/compresSmol/compresSmol -w build/assets/data/tilesets/secondary/sevii_islands_45_frlg/tiles.png.4bpp build/assets/data/tilesets/secondary/sevii_islands_45_frlg/tiles.png.4bpp.fastSmol false false false
tools/compresSmol/compresSmol -w build/assets/data/tilesets/secondary/sevii_islands_67_frlg/tiles.png.4bpp build/assets/data/tilesets/secondary/sevii_islands_67_frlg/tiles.png.4bpp.fastSmol false false false
tools/compresSmol/compresSmol -w build/assets/data/tilesets/secondary/shop/tiles.png_num_tiles_502__Wnum_tiles.4bpp build/assets/data/tilesets/secondary/shop/tiles.png_num_tiles_502__Wnum_tiles.4bpp.fastSmol false false false
tools/compresSmol/compresSmol -w build/assets/data/tilesets/secondary/slateport/tiles.png_num_tiles_504__Wnum_tiles.4bpp build/assets/data/tilesets/secondary/slateport/tiles.png_num_tiles_504__Wnum_tiles.4bpp.fastSmol false false false
tools/compresSmol/compresSmol -w build/assets/data/tilesets/secondary/sootopolis/tiles.png_num_tiles_328__Wnum_tiles.4bpp build/assets/data/tilesets/secondary/sootopolis/tiles.png_num_tiles_328__Wnum_tiles.4bpp.fastSmol false false false
tools/compresSmol/compresSmol -w build/assets/data/tilesets/secondary/sootopolis_gym/tiles.png_num_tiles_484__Wnum_tiles.4bpp build/assets/data/tilesets/secondary/sootopolis_gym/tiles.png_num_tiles_484__Wnum_tiles.4bpp.fastSmol false false false
tools/compresSmol/compresSmol -w build/assets/data/tilesets/secondary/ss_anne_frlg/tiles.png.4bpp build/assets/data/tilesets/secondary/ss_anne_frlg/tiles.png.4bpp.fastSmol false false false
tools/compresSmol/compresSmol -w build/assets/data/tilesets/secondary/tanoby_ruins_frlg/tiles.png.4bpp build/assets/data/tilesets/secondary/tanoby_ruins_frlg/tiles.png.4bpp.fastSmol false false false
tools/compresSmol/compresSmol -w build/assets/data/tilesets/secondary/trainer_hill/tiles.png_num_tiles_374__Wnum_tiles.4bpp build/assets/data/tilesets/secondary/trainer_hill/tiles.png_num_tiles_374__Wnum_tiles.4bpp.fastSmol false false false
tools/compresSmol/compresSmol -w build/assets/data/tilesets/secondary/trainer_tower_frlg/tiles.png.4bpp build/assets/data/tilesets/secondary/trainer_tower_frlg/tiles.png.4bpp.fastSmol false false false
tools/compresSmol/compresSmol -w build/assets/data/tilesets/secondary/trick_house_puzzle/tiles.png_num_tiles_294__Wnum_tiles.4bpp build/assets/data/tilesets/secondary/trick_house_puzzle/tiles.png_num_tiles_294__Wnum_tiles.4bpp.fastSmol false false false
tools/compresSmol/compresSmol -w build/assets/data/tilesets/secondary/underground_path_frlg/tiles.png.4bpp build/assets/data/tilesets/secondary/underground_path_frlg/tiles.png.4bpp.fastSmol false false false
tools/compresSmol/compresSmol -w build/assets/data/tilesets/secondary/underwater/tiles.png_num_tiles_500__Wnum_tiles.4bpp build/assets/data/tilesets/secondary/underwater/tiles.png_num_tiles_500__Wnum_tiles.4bpp.fastSmol false false false
tools/compresSmol/compresSmol -w build/assets/data/tilesets/secondary/union_room/tiles.png.4bpp build/assets/data/tilesets/secondary/union_room/tiles.png.4bpp.fastSmol false false false
tools/compresSmol/compresSmol -w build/assets/data/tilesets/secondary/unused_1/tiles.png_num_tiles_17__Wnum_tiles.4bpp build/assets/data/tilesets/secondary/unused_1/tiles.png_num_tiles_17__Wnum_tiles.4bpp.fastSmol false false false
tools/compresSmol/compresSmol -w build/assets/data/tilesets/secondary/unused_2/tiles.png_num_tiles_150__Wnum_tiles.4bpp build/assets/data/tilesets/secondary/unused_2/tiles.png_num_tiles_150__Wnum_tiles.4bpp.fastSmol false false false
tools/compresSmol/compresSmol -w build/assets/data/tilesets/secondary/unused_gatehouse_1_frlg/tiles.png.4bpp build/assets/data/tilesets/secondary/unused_gatehouse_1_frlg/tiles.png.4bpp.fastSmol false false false
tools/compresSmol/compresSmol -w build/assets/data/tilesets/secondary/unused_gatehouse_2_frlg/tiles.png.4bpp build/assets/data/tilesets/secondary/unused_gatehouse_2_frlg/tiles.png.4bpp.fastSmol false false false
tools/compresSmol/compresSmol -w build/assets/data/tilesets/secondary/vermilion_city_frlg/tiles.png.4bpp build/assets/data/tilesets/secondary/vermilion_city_frlg/tiles.png.4bpp.fastSmol false false false
tools/compresSmol/compresSmol -w build/assets/data/tilesets/secondary/vermilion_gym_frlg/tiles.png.4bpp build/assets/data/tilesets/secondary/vermilion_gym_frlg/tiles.png.4bpp.fastSmol false false false
tools/compresSmol/compresSmol -w build/assets/data/tilesets/secondary/viridian_city_frlg/tiles.png.4bpp build/assets/data/tilesets/secondary/viridian_city_frlg/tiles.png.4bpp.fastSmol false false false
tools/compresSmol/compresSmol -w build/assets/data/tilesets/secondary/viridian_forest_frlg/tiles.png.4bpp build/assets/data/tilesets/secondary/viridian_forest_frlg/tiles.png.4bpp.fastSmol false false false
tools/compresSmol/compresSmol -w build/assets/data/tilesets/secondary/viridian_gym_frlg/tiles.png.4bpp build/assets/data/tilesets/secondary/viridian_gym_frlg/tiles.png.4bpp.fastSmol false false false
tools/compresSmol/compresSmol -w build/assets/graphics/title_screen/clouds.png.4bpp build/assets/graphics/title_screen/clouds.png.4bpp.smol
tools/compresSmol/compresSmol -w build/assets/graphics/title_screen/logo_shine.png.4bpp build/assets/graphics/title_screen/logo_shine.png.4bpp.smol
tools/compresSmol/compresSmol -w build/assets/graphics/title_screen/rayquaza.png.4bpp build/assets/graphics/title_screen/rayquaza.png.4bpp.smol
tools/compresSmol/compresSmol -w build/assets/graphics/title_screen_frlg/blank_sprite.png.4bpp build/assets/graphics/title_screen_frlg/blank_sprite.png.4bpp.smol
tools/compresSmol/compresSmol -w build/assets/graphics/title_screen_frlg/border_bg.png.4bpp build/assets/graphics/title_screen_frlg/border_bg.png.4bpp.smol
tools/compresSmol/compresSmol -w build/assets/graphics/title_screen_frlg/copyright_press_start.png.4bpp build/assets/graphics/title_screen_frlg/copyright_press_start.png.4bpp.smol
tools/compresSmol/compresSmol -w build/assets/graphics/title_screen_frlg/firered/blank_flames.png.4bpp build/assets/graphics/title_screen_frlg/firered/blank_flames.png.4bpp.smol
tools/compresSmol/compresSmol -w build/assets/graphics/title_screen_frlg/firered/box_art_mon.png.4bpp build/assets/graphics/title_screen_frlg/firered/box_art_mon.png.4bpp.smol
tools/compresSmol/compresSmol -w build/assets/graphics/title_screen_frlg/firered/flames.png.4bpp build/assets/graphics/title_screen_frlg/firered/flames.png.4bpp.smol
tools/compresSmol/compresSmol -w build/assets/graphics/title_screen_frlg/firered/game_title_logo.png.8bpp build/assets/graphics/title_screen_frlg/firered/game_title_logo.png.8bpp.smol
tools/compresSmol/compresSmol -w build/assets/graphics/title_screen_frlg/leafgreen/box_art_mon.png.4bpp build/assets/graphics/title_screen_frlg/leafgreen/box_art_mon.png.4bpp.smol
tools/compresSmol/compresSmol -w build/assets/graphics/title_screen_frlg/leafgreen/game_title_logo.png.8bpp build/assets/graphics/title_screen_frlg/leafgreen/game_title_logo.png.8bpp.smol
tools/compresSmol/compresSmol -w build/assets/graphics/title_screen_frlg/leafgreen/leaves.png.4bpp build/assets/graphics/title_screen_frlg/leafgreen/leaves.png.4bpp.smol
tools/compresSmol/compresSmol -w build/assets/graphics/title_screen_frlg/leafgreen/streak.png.4bpp build/assets/graphics/title_screen_frlg/leafgreen/streak.png.4bpp.smol
tools/compresSmol/compresSmol -w build/assets/graphics/title_screen_frlg/slash.png.4bpp build/assets/graphics/title_screen_frlg/slash.png.4bpp.smol
tools/compresSmol/compresSmol -w build/assets/graphics/trade/wireless_signal.png.4bpp build/assets/graphics/trade/wireless_signal.png.4bpp.smol
tools/compresSmol/compresSmol -w build/assets/graphics/trainer_card/badges.png.4bpp build/assets/graphics/trainer_card/badges.png.4bpp.smol
tools/compresSmol/compresSmol -w build/assets/graphics/trainer_card/frlg/badges.png.4bpp build/assets/graphics/trainer_card/frlg/badges.png.4bpp.smol
tools/compresSmol/compresSmol -w build/assets/graphics/trainer_card/frlg/stickers.png.4bpp build/assets/graphics/trainer_card/frlg/stickers.png.4bpp.smol
/usr/lib/gcc/arm-none-eabi/10.3.1/cc1 -quiet <flags> -o build/emerald/src/trainer_hill.o src/trainer_hill.c
/usr/lib/gcc/arm-none-eabi/10.3.1/cc1 -quiet <flags> -o build/emerald/src/trainer_see.o src/trainer_see.c
tools/compresSmol/compresSmol -w build/assets/graphics/union_room_chat/keyboard_cursor.png.4bpp build/assets/graphics/union_room_chat/keyboard_cursor.png.4bpp.smol
tools/compresSmol/compresSmol -w build/assets/graphics/union_room_chat/r_button.png.4bpp build/assets/graphics/union_room_chat/r_button.png.4bpp.smol
tools/compresSmol/compresSmol -w build/assets/graphics/union_room_chat/text_entry_arrow.png.4bpp build/assets/graphics/union_room_chat/text_entry_arrow.png.4bpp.smol
tools/compresSmol/compresSmol -w build/assets/graphics/union_room_chat/text_entry_cursor.png.4bpp build/assets/graphics/union_room_chat/text_entry_cursor.png.4bpp.smol
/usr/lib/gcc/arm-none-eabi/10.3.1/cc1 -quiet <flags> -o build/emerald/src/use_pokeblock.o src/use_pokeblock.c
tools/compresSmol/compresSmol -w build/assets/graphics/wallclock/hand.png.4bpp build/assets/graphics/wallclock/hand.png.4bpp.smol
tools/compresSmol/compresSmol -w build/assets/graphics/wireless_status_screen/bg.png.4bpp build/assets/graphics/wireless_status_screen/bg.png.4bpp.smol
tools/preproc/preproc -s data/event_scripts.s charmap.txt | arm-none-eabi-cpp -iquote include -Wno-trigraphs -DMODERN=1 -DTESTING=0 -DEMERALD -std=gnu17 -I include - | tools/preproc/preproc -ie data/event_scripts.s charmap.txt | arm-none-eabi-as -mcpu=arm7tdmi -march=armv4t -meabi=5 --defsym MODERN=1 --defsym EMERALD=1 -o build/emerald/data/event_scripts.o
tools/mapjson/mapjson map emerald data/maps/MtEmber_SummitPath_3F_Frlg/map.json data/layouts/layouts.json data/maps/MtEmber_SummitPath_3F_Frlg
tools/mapjson/mapjson map emerald data/maps/MtMoon_1F_Frlg/map.json data/layouts/layouts.json data/maps/MtMoon_1F_Frlg
tools/mapjson/mapjson map emerald data/maps/MtMoon_B1F_Frlg/map.json data/layouts/layouts.json data/maps/MtMoon_B1F_Frlg
tools/mapjson/mapjson map emerald data/maps/MtMoon_B2F_Frlg/map.json data/layouts/layouts.json data/maps/MtMoon_B2F_Frlg
tools/mapjson/mapjson map emerald data/maps/MtPyre_1F/map.json data/layouts/layouts.json data/maps/MtPyre_1F
tools/mapjson/mapjson map emerald data/maps/MtPyre_2F/map.json data/layouts/layouts.json data/maps/MtPyre_2F
tools/mapjson/mapjson map emerald data/maps/MtPyre_3F/map.json data/layouts/layouts.json data/maps/MtPyre_3F
tools/mapjson/mapjson map emerald data/maps/MtPyre_4F/map.json data/layouts/layouts.json data/maps/MtPyre_4F
tools/mapjson/mapjson map emerald data/maps/MtPyre_5F/map.json data/layouts/layouts.json data/maps/MtPyre_5F
tools/mapjson/mapjson map emerald data/maps/MtPyre_6F/map.json data/layouts/layouts.json data/maps/MtPyre_6F
tools/mapjson/mapjson map emerald data/maps/MtPyre_Exterior/map.json data/layouts/layouts.json data/maps/MtPyre_Exterior
tools/mapjson/mapjson map emerald data/maps/MtPyre_Summit/map.json data/layouts/layouts.json data/maps/MtPyre_Summit
tools/mapjson/mapjson map emerald data/maps/NavelRock_1F_Frlg/map.json data/layouts/layouts.json data/maps/NavelRock_1F_Frlg
tools/mapjson/mapjson map emerald data/maps/NavelRock_B1F_Frlg/map.json data/layouts/layouts.json data/maps/NavelRock_B1F_Frlg
tools/mapjson/mapjson map emerald data/maps/NavelRock_B1F/map.json data/layouts/layouts.json data/maps/NavelRock_B1F
tools/mapjson/mapjson map emerald data/maps/NavelRock_Base_Frlg/map.json data/layouts/layouts.json data/maps/NavelRock_Base_Frlg
tools/mapjson/mapjson map emerald data/maps/NavelRock_BasePath_B10F_Frlg/map.json data/layouts/layouts.json data/maps/NavelRock_BasePath_B10F_Frlg
tools/mapjson/mapjson map emerald data/maps/NavelRock_BasePath_B11F_Frlg/map.json data/layouts/layouts.json data/maps/NavelRock_BasePath_B11F_Frlg
tools/mapjson/mapjson map emerald data/maps/NavelRock_BasePath_B1F_Frlg/map.json data/layouts/layouts.json data/maps/NavelRock_BasePath_B1F_Frlg
tools/mapjson/mapjson map emerald data/maps/NavelRock_BasePath_B2F_Frlg/map.json data/layouts/layouts.json data/maps/NavelRock_BasePath_B2F_Frlg
tools/mapjson/mapjson map emerald data/maps/NavelRock_BasePath_B3F_Frlg/map.json data/layouts/layouts.json data/maps/NavelRock_BasePath_B3F_Frlg
tools/mapjson/mapjson map emerald data/maps/NavelRock_BasePath_B4F_Frlg/map.json data/layouts/layouts.json data/maps/NavelRock_BasePath_B4F_Frlg
tools/mapjson/mapjson map emerald data/maps/NavelRock_BasePath_B5F_Frlg/map.json data/layouts/layouts.json data/maps/NavelRock_BasePath_B5F_Frlg
tools/mapjson/mapjson map emerald data/maps/NavelRock_BasePath_B6F_Frlg/map.json data/layouts/layouts.json data/maps/NavelRock_BasePath_B6F_Frlg
tools/mapjson/mapjson map emerald data/maps/NavelRock_BasePath_B7F_Frlg/map.json data/layouts/layouts.json data/maps/NavelRock_BasePath_B7F_Frlg
tools/mapjson/mapjson map emerald data/maps/NavelRock_BasePath_B8F_Frlg/map.json data/layouts/layouts.json data/maps/NavelRock_BasePath_B8F_Frlg
tools/mapjson/mapjson map emerald data/maps/NavelRock_BasePath_B9F_Frlg/map.json data/layouts/layouts.json data/maps/NavelRock_BasePath_B9F_Frlg
tools/mapjson/mapjson map emerald data/maps/NavelRock_Bottom/map.json data/layouts/layouts.json data/maps/NavelRock_Bottom
tools/mapjson/mapjson map emerald data/maps/NavelRock_Down01/map.json data/layouts/layouts.json data/maps/NavelRock_Down01
tools/mapjson/mapjson map emerald data/maps/NavelRock_Down02/map.json data/layouts/layouts.json data/maps/NavelRock_Down02
tools/mapjson/mapjson map emerald data/maps/NavelRock_Down03/map.json data/layouts/layouts.json data/maps/NavelRock_Down03
tools/mapjson/mapjson map emerald data/maps/NavelRock_Down04/map.json data/layouts/layouts.json data/maps/NavelRock_Down04
tools/mapjson/mapjson map emerald data/maps/NavelRock_Down05/map.json data/layouts/layouts.json data/maps/NavelRock_Down05
tools/mapjson/mapjson map emerald data/maps/NavelRock_Down06/map.json data/layouts/layouts.json data/maps/NavelRock_Down06
tools/mapjson/mapjson map emerald data/maps/NavelRock_Down07/map.json data/layouts/layouts.json data/maps/NavelRock_Down07
tools/mapjson/mapjson map emerald data/maps/NavelRock_Down08/map.json data/layouts/layouts.json data/maps/NavelRock_Down08
tools/mapjson/mapjson map emerald data/maps/NavelRock_Down09/map.json data/layouts/layouts.json data/maps/NavelRock_Down09
tools/mapjson/mapjson map emerald data/maps/NavelRock_Down10/map.json data/layouts/layouts.json data/maps/NavelRock_Down10
tools/mapjson/mapjson map emerald data/maps/NavelRock_Down11/map.json data/layouts/layouts.json data/maps/NavelRock_Down11
tools/mapjson/mapjson map emerald data/maps/NavelRock_Entrance/map.json data/layouts/layouts.json data/maps/NavelRock_Entrance
tools/mapjson/mapjson map emerald data/maps/NavelRock_Exterior_Frlg/map.json data/layouts/layouts.json data/maps/NavelRock_Exterior_Frlg
tools/mapjson/mapjson map emerald data/maps/NavelRock_Exterior/map.json data/layouts/layouts.json data/maps/NavelRock_Exterior
tools/mapjson/mapjson map emerald data/maps/NavelRock_Fork_Frlg/map.json data/layouts/layouts.json data/maps/NavelRock_Fork_Frlg
tools/mapjson/mapjson map emerald data/maps/NavelRock_Fork/map.json data/layouts/layouts.json data/maps/NavelRock_Fork
tools/mapjson/mapjson map emerald data/maps/NavelRock_Harbor_Frlg/map.json data/layouts/layouts.json data/maps/NavelRock_Harbor_Frlg
tools/mapjson/mapjson map emerald data/maps/NavelRock_Harbor/map.json data/layouts/layouts.json data/maps/NavelRock_Harbor
tools/mapjson/mapjson map emerald data/maps/NavelRock_Summit_Frlg/map.json data/layouts/layouts.json data/maps/NavelRock_Summit_Frlg
tools/mapjson/mapjson map emerald data/maps/NavelRock_SummitPath_2F_Frlg/map.json data/layouts/layouts.json data/maps/NavelRock_SummitPath_2F_Frlg
tools/mapjson/mapjson map emerald data/maps/NavelRock_SummitPath_3F_Frlg/map.json data/layouts/layouts.json data/maps/NavelRock_SummitPath_3F_Frlg
tools/mapjson/mapjson map emerald data/maps/NavelRock_SummitPath_4F_Frlg/map.json data/layouts/layouts.json data/maps/NavelRock_SummitPath_4F_Frlg
tools/mapjson/mapjson map emerald data/maps/NavelRock_SummitPath_5F_Frlg/map.json data/layouts/layouts.json data/maps/NavelRock_SummitPath_5F_Frlg
tools/mapjson/mapjson map emerald data/maps/NavelRock_Top/map.json data/layouts/layouts.json data/maps/NavelRock_Top
tools/mapjson/mapjson map emerald data/maps/NavelRock_Up1/map.json data/layouts/layouts.json data/maps/NavelRock_Up1
tools/mapjson/mapjson map emerald data/maps/NavelRock_Up2/map.json data/layouts/layouts.json data/maps/NavelRock_Up2
tools/mapjson/mapjson map emerald data/maps/NavelRock_Up3/map.json data/layouts/layouts.json data/maps/NavelRock_Up3
tools/mapjson/mapjson map emerald data/maps/NavelRock_Up4/map.json data/layouts/layouts.json data/maps/NavelRock_Up4
tools/mapjson/mapjson map emerald data/maps/NewMauville_Entrance/map.json data/layouts/layouts.json data/maps/NewMauville_Entrance
tools/mapjson/mapjson map emerald data/maps/NewMauville_Inside/map.json data/layouts/layouts.json data/maps/NewMauville_Inside
tools/mapjson/mapjson map emerald data/maps/OldaleTown_House1/map.json data/layouts/layouts.json data/maps/OldaleTown_House1
tools/mapjson/mapjson map emerald data/maps/OldaleTown_House2/map.json data/layouts/layouts.json data/maps/OldaleTown_House2
tools/mapjson/mapjson map emerald data/maps/OldaleTown/map.json data/layouts/layouts.json data/maps/OldaleTown
tools/mapjson/mapjson map emerald data/maps/OldaleTown_Mart/map.json data/layouts/layouts.json data/maps/OldaleTown_Mart
tools/mapjson/mapjson map emerald data/maps/OldaleTown_PokemonCenter_1F/map.json data/layouts/layouts.json data/maps/OldaleTown_PokemonCenter_1F
tools/mapjson/mapjson map emerald data/maps/OldaleTown_PokemonCenter_2F/map.json data/layouts/layouts.json data/maps/OldaleTown_PokemonCenter_2F
tools/mapjson/mapjson map emerald data/maps/OneIsland_Frlg/map.json data/layouts/layouts.json data/maps/OneIsland_Frlg
tools/mapjson/mapjson map emerald data/maps/OneIsland_Harbor_Frlg/map.json data/layouts/layouts.json data/maps/OneIsland_Harbor_Frlg
tools/mapjson/mapjson map emerald data/maps/OneIsland_House1_Frlg/map.json data/layouts/layouts.json data/maps/OneIsland_House1_Frlg
tools/mapjson/mapjson map emerald data/maps/OneIsland_House2_Frlg/map.json data/layouts/layouts.json data/maps/OneIsland_House2_Frlg
tools/mapjson/mapjson map emerald data/maps/OneIsland_KindleRoad_EmberSpa_Frlg/map.json data/layouts/layouts.json data/maps/OneIsland_KindleRoad_EmberSpa_Frlg
tools/mapjson/mapjson map emerald data/maps/OneIsland_KindleRoad_Frlg/map.json data/layouts/layouts.json data/maps/OneIsland_KindleRoad_Frlg
tools/mapjson/mapjson map emerald data/maps/OneIsland_PokemonCenter_1F_Frlg/map.json data/layouts/layouts.json data/maps/OneIsland_PokemonCenter_1F_Frlg
tools/mapjson/mapjson map emerald data/maps/OneIsland_PokemonCenter_2F_Frlg/map.json data/layouts/layouts.json data/maps/OneIsland_PokemonCenter_2F_Frlg
tools/mapjson/mapjson map emerald data/maps/OneIsland_TreasureBeach_Frlg/map.json data/layouts/layouts.json data/maps/OneIsland_TreasureBeach_Frlg
tools/mapjson/mapjson map emerald data/maps/PacifidlogTown_House1/map.json data/layouts/layouts.json data/maps/PacifidlogTown_House1
tools/mapjson/mapjson map emerald data/maps/PacifidlogTown_House2/map.json data/layouts/layouts.json data/maps/PacifidlogTown_House2
tools/mapjson/mapjson map emerald data/maps/PacifidlogTown_House3/map.json data/layouts/layouts.json data/maps/PacifidlogTown_House3
tools/mapjson/mapjson map emerald data/maps/PacifidlogTown_House4/map.json data/layouts/layouts.json data/maps/PacifidlogTown_House4
tools/mapjson/mapjson map emerald data/maps/PacifidlogTown_House5/map.json data/layouts/layouts.json data/maps/PacifidlogTown_House5
tools/mapjson/mapjson map emerald data/maps/PacifidlogTown/map.json data/layouts/layouts.json data/maps/PacifidlogTown
tools/mapjson/mapjson map emerald data/maps/PacifidlogTown_PokemonCenter_1F/map.json data/layouts/layouts.json data/maps/PacifidlogTown_PokemonCenter_1F
tools/mapjson/mapjson map emerald data/maps/PacifidlogTown_PokemonCenter_2F/map.json data/layouts/layouts.json data/maps/PacifidlogTown_PokemonCenter_2F
tools/mapjson/mapjson map emerald data/maps/PalletTown_Frlg/map.json data/layouts/layouts.json data/maps/PalletTown_Frlg
tools/mapjson/mapjson map emerald data/maps/PalletTown_PlayersHouse_1F_Frlg/map.json data/layouts/layouts.json data/maps/PalletTown_PlayersHouse_1F_Frlg
tools/mapjson/mapjson map emerald data/maps/PalletTown_PlayersHouse_2F_Frlg/map.json data/layouts/layouts.json data/maps/PalletTown_PlayersHouse_2F_Frlg
tools/mapjson/mapjson map emerald data/maps/PalletTown_ProfessorOaksLab_Frlg/map.json data/layouts/layouts.json data/maps/PalletTown_ProfessorOaksLab_Frlg
tools/mapjson/mapjson map emerald data/maps/PalletTown_RivalsHouse_Frlg/map.json data/layouts/layouts.json data/maps/PalletTown_RivalsHouse_Frlg
tools/mapjson/mapjson map emerald data/maps/PetalburgCity_Gym/map.json data/layouts/layouts.json data/maps/PetalburgCity_Gym
tools/mapjson/mapjson map emerald data/maps/PetalburgCity_House1/map.json data/layouts/layouts.json data/maps/PetalburgCity_House1
tools/mapjson/mapjson map emerald data/maps/PetalburgCity_House2/map.json data/layouts/layouts.json data/maps/PetalburgCity_House2
tools/mapjson/mapjson map emerald data/maps/PetalburgCity/map.json data/layouts/layouts.json data/maps/PetalburgCity
tools/mapjson/mapjson map emerald data/maps/PetalburgCity_Mart/map.json data/layouts/layouts.json data/maps/PetalburgCity_Mart
tools/mapjson/mapjson map emerald data/maps/PetalburgCity_PokemonCenter_1F/map.json data/layouts/layouts.json data/maps/PetalburgCity_PokemonCenter_1F
tools/mapjson/mapjson map emerald data/maps/PetalburgCity_PokemonCenter_2F/map.json data/layouts/layouts.json data/maps/PetalburgCity_PokemonCenter_2F
tools/mapjson/mapjson map emerald data/maps/PetalburgCity_WallysHouse/map.json data/layouts/layouts.json data/maps/PetalburgCity_WallysHouse
tools/mapjson/mapjson map emerald data/maps/PetalburgWoods/map.json data/layouts/layouts.json data/maps/PetalburgWoods
tools/mapjson/mapjson map emerald data/maps/PewterCity_Frlg/map.json data/layouts/layouts.json data/maps/PewterCity_Frlg
tools/mapjson/mapjson map emerald data/maps/PewterCity_Gym_Frlg/map.json data/layouts/layouts.json data/maps/PewterCity_Gym_Frlg
tools/mapjson/mapjson map emerald data/maps/PewterCity_House1_Frlg/map.json data/layouts/layouts.json data/maps/PewterCity_House1_Frlg
tools/mapjson/mapjson map emerald data/maps/PewterCity_House2_Frlg/map.json data/layouts/layouts.json data/maps/PewterCity_House2_Frlg
tools/mapjson/mapjson map emerald data/maps/PewterCity_Mart_Frlg/map.json data/layouts/layouts.json data/maps/PewterCity_Mart_Frlg
tools/mapjson/mapjson map emerald data/maps/PewterCity_Museum_1F_Frlg/map.json data/layouts/layouts.json data/maps/PewterCity_Museum_1F_Frlg
tools/mapjson/mapjson map emerald data/maps/PewterCity_Museum_2F_Frlg/map.json data/layouts/layouts.json data/maps/PewterCity_Museum_2F_Frlg
tools/mapjson/mapjson map emerald data/maps/PewterCity_PokemonCenter_1F_Frlg/map.json data/layouts/layouts.json data/maps/PewterCity_PokemonCenter_1F_Frlg
tools/mapjson/mapjson map emerald data/maps/PewterCity_PokemonCenter_2F_Frlg/map.json data/layouts/layouts.json data/maps/PewterCity_PokemonCenter_2F_Frlg
tools/mapjson/mapjson map emerald data/maps/PokemonLeague_AgathasRoom_Frlg/map.json data/layouts/layouts.json data/maps/PokemonLeague_AgathasRoom_Frlg
tools/mapjson/mapjson map emerald data/maps/PokemonLeague_BrunosRoom_Frlg/map.json data/layouts/layouts.json data/maps/PokemonLeague_BrunosRoom_Frlg
tools/mapjson/mapjson map emerald data/maps/PokemonLeague_ChampionsRoom_Frlg/map.json data/layouts/layouts.json data/maps/PokemonLeague_ChampionsRoom_Frlg
tools/mapjson/mapjson map emerald data/maps/PokemonLeague_HallOfFame_Frlg/map.json data/layouts/layouts.json data/maps/PokemonLeague_HallOfFame_Frlg
tools/mapjson/mapjson map emerald data/maps/PokemonLeague_LancesRoom_Frlg/map.json data/layouts/layouts.json data/maps/PokemonLeague_LancesRoom_Frlg
tools/mapjson/mapjson map emerald data/maps/PokemonLeague_LoreleisRoom_Frlg/map.json data/layouts/layouts.json data/maps/PokemonLeague_LoreleisRoom_Frlg
tools/mapjson/mapjson map emerald data/maps/PokemonMansion_1F_Frlg/map.json data/layouts/layouts.json data/maps/PokemonMansion_1F_Frlg
tools/mapjson/mapjson map emerald data/maps/PokemonMansion_2F_Frlg/map.json data/layouts/layouts.json data/maps/PokemonMansion_2F_Frlg
tools/mapjson/mapjson map emerald data/maps/PokemonMansion_3F_Frlg/map.json data/layouts/layouts.json data/maps/PokemonMansion_3F_Frlg
tools/mapjson/mapjson map emerald data/maps/PokemonMansion_B1F_Frlg/map.json data/layouts/layouts.json data/maps/PokemonMansion_B1F_Frlg
tools/mapjson/mapjson map emerald data/maps/PokemonTower_1F_Frlg/map.json data/layouts/layouts.json data/maps/PokemonTower_1F_Frlg
tools/mapjson/mapjson map emerald data/maps/PokemonTower_2F_Frlg/map.json data/layouts/layouts.json data/maps/PokemonTower_2F_Frlg
tools/mapjson/mapjson map emerald data/maps/PokemonTower_3F_Frlg/map.json data/layouts/layouts.json data/maps/PokemonTower_3F_Frlg
tools/mapjson/mapjson map emerald data/maps/PokemonTower_4F_Frlg/map.json data/layouts/layouts.json data/maps/PokemonTower_4F_Frlg
tools/mapjson/mapjson map emerald data/maps/PokemonTower_5F_Frlg/map.json data/layouts/layouts.json data/maps/PokemonTower_5F_Frlg
tools/mapjson/mapjson map emerald data/maps/PokemonTower_6F_Frlg/map.json data/layouts/layouts.json data/maps/PokemonTower_6F_Frlg
tools/mapjson/mapjson map emerald data/maps/PokemonTower_7F_Frlg/map.json data/layouts/layouts.json data/maps/PokemonTower_7F_Frlg
tools/mapjson/mapjson map emerald data/maps/PowerPlant_Frlg/map.json data/layouts/layouts.json data/maps/PowerPlant_Frlg
tools/mapjson/mapjson map emerald data/maps/RecordCorner_Frlg/map.json data/layouts/layouts.json data/maps/RecordCorner_Frlg
tools/mapjson/mapjson map emerald data/maps/RecordCorner/map.json data/layouts/layouts.json data/maps/RecordCorner
tools/mapjson/mapjson map emerald data/maps/RocketHideout_B1F_Frlg/map.json data/layouts/layouts.json data/maps/RocketHideout_B1F_Frlg
tools/mapjson/mapjson map emerald data/maps/RocketHideout_B2F_Frlg/map.json data/layouts/layouts.json data/maps/RocketHideout_B2F_Frlg
tools/mapjson/mapjson map emerald data/maps/RocketHideout_B3F_Frlg/map.json data/layouts/layouts.json data/maps/RocketHideout_B3F_Frlg
tools/mapjson/mapjson map emerald data/maps/RocketHideout_B4F_Frlg/map.json data/layouts/layouts.json data/maps/RocketHideout_B4F_Frlg
tools/mapjson/mapjson map emerald data/maps/RocketHideout_Elevator_Frlg/map.json data/layouts/layouts.json data/maps/RocketHideout_Elevator_Frlg
tools/mapjson/mapjson map emerald data/maps/RockTunnel_1F_Frlg/map.json data/layouts/layouts.json data/maps/RockTunnel_1F_Frlg
tools/mapjson/mapjson map emerald data/maps/RockTunnel_B1F_Frlg/map.json data/layouts/layouts.json data/maps/RockTunnel_B1F_Frlg
tools/mapjson/mapjson map emerald data/maps/Route101/map.json data/layouts/layouts.json data/maps/Route101
tools/mapjson/mapjson map emerald data/maps/Route102/map.json data/layouts/layouts.json data/maps/Route102
tools/mapjson/mapjson map emerald data/maps/Route103/map.json data/layouts/layouts.json data/maps/Route103
tools/mapjson/mapjson map emerald data/maps/Route104/map.json data/layouts/layouts.json data/maps/Route104
tools/mapjson/mapjson map emerald data/maps/Route104_MrBrineysHouse/map.json data/layouts/layouts.json data/maps/Route104_MrBrineysHouse
tools/mapjson/mapjson map emerald data/maps/Route104_PrettyPetalFlowerShop/map.json data/layouts/layouts.json data/maps/Route104_PrettyPetalFlowerShop
tools/mapjson/mapjson map emerald data/maps/Route104_Prototype/map.json data/layouts/layouts.json data/maps/Route104_Prototype
tools/mapjson/mapjson map emerald data/maps/Route104_PrototypePrettyPetalFlowerShop/map.json data/layouts/layouts.json data/maps/Route104_PrototypePrettyPetalFlowerShop
tools/mapjson/mapjson map emerald data/maps/Route105/map.json data/layouts/layouts.json data/maps/Route105
tools/mapjson/mapjson map emerald data/maps/Route106/map.json data/layouts/layouts.json data/maps/Route106
tools/mapjson/mapjson map emerald data/maps/Route107/map.json data/layouts/layouts.json data/maps/Route107
tools/mapjson/mapjson map emerald data/maps/Route108/map.json data/layouts/layouts.json data/maps/Route108
tools/mapjson/mapjson map emerald data/maps/Route109/map.json data/layouts/layouts.json data/maps/Route109
tools/mapjson/mapjson map emerald data/maps/Route109_SeashoreHouse/map.json data/layouts/layouts.json data/maps/Route109_SeashoreHouse
tools/mapjson/mapjson map emerald data/maps/Route10_Frlg/map.json data/layouts/layouts.json data/maps/Route10_Frlg
tools/mapjson/mapjson map emerald data/maps/Route10_PokemonCenter_1F_Frlg/map.json data/layouts/layouts.json data/maps/Route10_PokemonCenter_1F_Frlg
tools/mapjson/mapjson map emerald data/maps/Route10_PokemonCenter_2F_Frlg/map.json data/layouts/layouts.json data/maps/Route10_PokemonCenter_2F_Frlg
tools/mapjson/mapjson map emerald data/maps/Route110/map.json data/layouts/layouts.json data/maps/Route110
tools/mapjson/mapjson map emerald data/maps/Route110_SeasideCyclingRoadNorthEntrance/map.json data/layouts/layouts.json data/maps/Route110_SeasideCyclingRoadNorthEntrance
tools/mapjson/mapjson map emerald data/maps/Route110_SeasideCyclingRoadSouthEntrance/map.json data/layouts/layouts.json data/maps/Route110_SeasideCyclingRoadSouthEntrance
tools/mapjson/mapjson map emerald data/maps/Route110_TrickHouseCorridor/map.json data/layouts/layouts.json data/maps/Route110_TrickHouseCorridor
tools/mapjson/mapjson map emerald data/maps/Route110_TrickHouseEnd/map.json data/layouts/layouts.json data/maps/Route110_TrickHouseEnd
tools/mapjson/mapjson map emerald data/maps/Route110_TrickHouseEntrance/map.json data/layouts/layouts.json data/maps/Route110_TrickHouseEntrance
tools/mapjson/mapjson map emerald data/maps/Route110_TrickHousePuzzle1/map.json data/layouts/layouts.json data/maps/Route110_TrickHousePuzzle1
tools/mapjson/mapjson map emerald data/maps/Route110_TrickHousePuzzle2/map.json data/layouts/layouts.json data/maps/Route110_TrickHousePuzzle2
tools/mapjson/mapjson map emerald data/maps/Route110_TrickHousePuzzle3/map.json data/layouts/layouts.json data/maps/Route110_TrickHousePuzzle3
tools/mapjson/mapjson map emerald data/maps/Route110_TrickHousePuzzle4/map.json data/layouts/layouts.json data/maps/Route110_TrickHousePuzzle4
tools/mapjson/mapjson map emerald data/maps/Route110_TrickHousePuzzle5/map.json data/layouts/layouts.json data/maps/Route110_TrickHousePuzzle5
tools/mapjson/mapjson map emerald data/maps/Route110_TrickHousePuzzle6/map.json data/layouts/layouts.json data/maps/Route110_TrickHousePuzzle6
tools/mapjson/mapjson map emerald data/maps/Route110_TrickHousePuzzle7/map.json data/layouts/layouts.json data/maps/Route110_TrickHousePuzzle7
tools/mapjson/mapjson map emerald data/maps/Route110_TrickHousePuzzle8/map.json data/layouts/layouts.json data/maps/Route110_TrickHousePuzzle8
tools/mapjson/mapjson map emerald data/maps/Route111/map.json data/layouts/layouts.json data/maps/Route111
tools/mapjson/mapjson map emerald data/maps/Route111_OldLadysRestStop/map.json data/layouts/layouts.json data/maps/Route111_OldLadysRestStop
tools/mapjson/mapjson map emerald data/maps/Route111_WinstrateFamilysHouse/map.json data/layouts/layouts.json data/maps/Route111_WinstrateFamilysHouse
tools/mapjson/mapjson map emerald data/maps/Route112_CableCarStation/map.json data/layouts/layouts.json data/maps/Route112_CableCarStation
tools/mapjson/mapjson map emerald data/maps/Route112/map.json data/layouts/layouts.json data/maps/Route112
tools/mapjson/mapjson map emerald data/maps/Route113_GlassWorkshop/map.json data/layouts/layouts.json data/maps/Route113_GlassWorkshop
tools/mapjson/mapjson map emerald data/maps/Route113/map.json data/layouts/layouts.json data/maps/Route113
tools/mapjson/mapjson map emerald data/maps/Route114_FossilManiacsHouse/map.json data/layouts/layouts.json data/maps/Route114_FossilManiacsHouse
tools/mapjson/mapjson map emerald data/maps/Route114_FossilManiacsTunnel/map.json data/layouts/layouts.json data/maps/Route114_FossilManiacsTunnel
tools/mapjson/mapjson map emerald data/maps/Route114_LanettesHouse/map.json data/layouts/layouts.json data/maps/Route114_LanettesHouse
data/maps/LittlerootTown/scripts.inc: Assembler messages:
data/maps/LittlerootTown/scripts.inc:1293: Error: symbol `LittlerootTown_EventScript_Bruno' is already defined
data/maps/LittlerootTown/scripts.inc:1332: Error: Missing value for required parameter `dest' of macro `goto_if_set'
data/maps/LittlerootTown/scripts.inc:1332: Error: Missing value for required parameter `destination' of macro `goto_if'
data/maps/LittlerootTown/scripts.inc:1344: Error: Missing value for required parameter `dest' of macro `goto_if_set'
data/maps/LittlerootTown/scripts.inc:1344: Error: Missing value for required parameter `destination' of macro `goto_if'
data/maps/LittlerootTown/scripts.inc:1356: Error: Missing value for required parameter `dest' of macro `goto_if_set'
data/maps/LittlerootTown/scripts.inc:1356: Error: Missing value for required parameter `destination' of macro `goto_if'
data/maps/LittlerootTown/scripts.inc:1368: Error: Missing value for required parameter `dest' of macro `goto_if_set'
data/maps/LittlerootTown/scripts.inc:1368: Error: Missing value for required parameter `destination' of macro `goto_if'
data/maps/LittlerootTown/scripts.inc:1380: Error: Missing value for required parameter `dest' of macro `goto_if_set'
data/maps/LittlerootTown/scripts.inc:1380: Error: Missing value for required parameter `destination' of macro `goto_if'
data/maps/LittlerootTown/scripts.inc:1392: Error: Missing value for required parameter `dest' of macro `goto_if_set'
data/maps/LittlerootTown/scripts.inc:1392: Error: Missing value for required parameter `destination' of macro `goto_if'
data/maps/LittlerootTown/scripts.inc:1404: Error: Missing value for required parameter `dest' of macro `goto_if_set'
data/maps/LittlerootTown/scripts.inc:1404: Error: Missing value for required parameter `destination' of macro `goto_if'
data/maps/LittlerootTown/scripts.inc:1416: Error: Missing value for required parameter `dest' of macro `goto_if_set'
data/maps/LittlerootTown/scripts.inc:1416: Error: Missing value for required parameter `destination' of macro `goto_if'
data/maps/LittlerootTown/scripts.inc:1428: Error: Missing value for required parameter `dest' of macro `goto_if_set'
data/maps/LittlerootTown/scripts.inc:1428: Error: Missing value for required parameter `destination' of macro `goto_if'
data/maps/LittlerootTown/scripts.inc:1440: Error: Missing value for required parameter `dest' of macro `goto_if_set'
data/maps/LittlerootTown/scripts.inc:1440: Error: Missing value for required parameter `destination' of macro `goto_if'
data/maps/LittlerootTown/scripts.inc:1450: Error: symbol `LittlerootTown_EventScript_MariaClara' is already defined
data/maps/LittlerootTown/scripts.inc:1489: Error: Missing value for required parameter `dest' of macro `goto_if_set'
data/maps/LittlerootTown/scripts.inc:1489: Error: Missing value for required parameter `destination' of macro `goto_if'
data/maps/LittlerootTown/scripts.inc:1501: Error: Missing value for required parameter `dest' of macro `goto_if_set'
data/maps/LittlerootTown/scripts.inc:1501: Error: Missing value for required parameter `destination' of macro `goto_if'
data/maps/LittlerootTown/scripts.inc:1513: Error: Missing value for required parameter `dest' of macro `goto_if_set'
data/maps/LittlerootTown/scripts.inc:1513: Error: Missing value for required parameter `destination' of macro `goto_if'
data/maps/LittlerootTown/scripts.inc:1525: Error: Missing value for required parameter `dest' of macro `goto_if_set'
data/maps/LittlerootTown/scripts.inc:1525: Error: Missing value for required parameter `destination' of macro `goto_if'
data/maps/LittlerootTown/scripts.inc:1537: Error: Missing value for required parameter `dest' of macro `goto_if_set'
data/maps/LittlerootTown/scripts.inc:1537: Error: Missing value for required parameter `destination' of macro `goto_if'
data/maps/LittlerootTown/scripts.inc:1549: Error: Missing value for required parameter `dest' of macro `goto_if_set'
data/maps/LittlerootTown/scripts.inc:1549: Error: Missing value for required parameter `destination' of macro `goto_if'
data/maps/LittlerootTown/scripts.inc:1561: Error: Missing value for required parameter `dest' of macro `goto_if_set'
data/maps/LittlerootTown/scripts.inc:1561: Error: Missing value for required parameter `destination' of macro `goto_if'
data/maps/LittlerootTown/scripts.inc:1573: Error: Missing value for required parameter `dest' of macro `goto_if_set'
data/maps/LittlerootTown/scripts.inc:1573: Error: Missing value for required parameter `destination' of macro `goto_if'
data/maps/LittlerootTown/scripts.inc:1585: Error: Missing value for required parameter `dest' of macro `goto_if_set'
data/maps/LittlerootTown/scripts.inc:1585: Error: Missing value for required parameter `destination' of macro `goto_if'
data/maps/LittlerootTown/scripts.inc:1597: Error: Missing value for required parameter `dest' of macro `goto_if_set'
data/maps/LittlerootTown/scripts.inc:1597: Error: Missing value for required parameter `destination' of macro `goto_if'
data/maps/LittlerootTown/scripts.inc:1607: Error: symbol `LittlerootTown_EventScript_Bruno' is already defined
data/maps/LittlerootTown/scripts.inc:1705: Error: symbol `LittlerootTown_EventScript_Bruno_Reset' is already defined
data/maps/LittlerootTown/scripts.inc:1717: Error: symbol `LittlerootTown_EventScript_MariaClara' is already defined
data/maps/LittlerootTown/scripts.inc:1815: Error: symbol `LittlerootTown_EventScript_MariaClara_Reset' is already defined
tools/mapjson/mapjson map emerald data/maps/Route114/map.json data/layouts/layouts.json data/maps/Route114
tools/mapjson/mapjson map emerald data/maps/Route115/map.json data/layouts/layouts.json data/maps/Route115
tools/mapjson/mapjson map emerald data/maps/Route116/map.json data/layouts/layouts.json data/maps/Route116
tools/mapjson/mapjson map emerald data/maps/Route116_TunnelersRestHouse/map.json data/layouts/layouts.json data/maps/Route116_TunnelersRestHouse
tools/mapjson/mapjson map emerald data/maps/Route117/map.json data/layouts/layouts.json data/maps/Route117
tools/mapjson/mapjson map emerald data/maps/Route117_PokemonDayCare/map.json data/layouts/layouts.json data/maps/Route117_PokemonDayCare
tools/mapjson/mapjson map emerald data/maps/Route118/map.json data/layouts/layouts.json data/maps/Route118
tools/mapjson/mapjson map emerald data/maps/Route119_House/map.json data/layouts/layouts.json data/maps/Route119_House
tools/mapjson/mapjson map emerald data/maps/Route119/map.json data/layouts/layouts.json data/maps/Route119
tools/mapjson/mapjson map emerald data/maps/Route119_WeatherInstitute_1F/map.json data/layouts/layouts.json data/maps/Route119_WeatherInstitute_1F
tools/mapjson/mapjson map emerald data/maps/Route119_WeatherInstitute_2F/map.json data/layouts/layouts.json data/maps/Route119_WeatherInstitute_2F
tools/mapjson/mapjson map emerald data/maps/Route11_EastEntrance_1F_Frlg/map.json data/layouts/layouts.json data/maps/Route11_EastEntrance_1F_Frlg
tools/mapjson/mapjson map emerald data/maps/Route11_EastEntrance_2F_Frlg/map.json data/layouts/layouts.json data/maps/Route11_EastEntrance_2F_Frlg
tools/mapjson/mapjson map emerald data/maps/Route11_Frlg/map.json data/layouts/layouts.json data/maps/Route11_Frlg
tools/mapjson/mapjson map emerald data/maps/Route120/map.json data/layouts/layouts.json data/maps/Route120
data/maps/LittlerootTown/scripts.inc:1332: Error: value of 00018086 too large for field of 2 bytes at 00018129
data/maps/LittlerootTown/scripts.inc:1344: Error: value of 00018086 too large for field of 2 bytes at 00018145
data/maps/LittlerootTown/scripts.inc:1356: Error: value of 00018086 too large for field of 2 bytes at 00018161
data/maps/LittlerootTown/scripts.inc:1368: Error: value of 00018086 too large for field of 2 bytes at 0001817d
data/maps/LittlerootTown/scripts.inc:1380: Error: value of 00018086 too large for field of 2 bytes at 00018199
data/maps/LittlerootTown/scripts.inc:1392: Error: value of 00018086 too large for field of 2 bytes at 000181b5
data/maps/LittlerootTown/scripts.inc:1404: Error: value of 00018086 too large for field of 2 bytes at 000181d1
data/maps/LittlerootTown/scripts.inc:1416: Error: value of 00018086 too large for field of 2 bytes at 000181ed
data/maps/LittlerootTown/scripts.inc:1428: Error: value of 00018086 too large for field of 2 bytes at 00018209
data/maps/LittlerootTown/scripts.inc:1440: Error: value of 00018086 too large for field of 2 bytes at 00018225
data/maps/LittlerootTown/scripts.inc:1489: Error: value of 0001824f too large for field of 2 bytes at 000182f2
data/maps/LittlerootTown/scripts.inc:1501: Error: value of 0001824f too large for field of 2 bytes at 0001830e
data/maps/LittlerootTown/scripts.inc:1513: Error: value of 0001824f too large for field of 2 bytes at 0001832a
data/maps/LittlerootTown/scripts.inc:1525: Error: value of 0001824f too large for field of 2 bytes at 00018346
data/maps/LittlerootTown/scripts.inc:1537: Error: value of 0001824f too large for field of 2 bytes at 00018362
data/maps/LittlerootTown/scripts.inc:1549: Error: value of 0001824f too large for field of 2 bytes at 0001837e
data/maps/LittlerootTown/scripts.inc:1561: Error: value of 0001824f too large for field of 2 bytes at 0001839a
data/maps/LittlerootTown/scripts.inc:1573: Error: value of 0001824f too large for field of 2 bytes at 000183b6
data/maps/LittlerootTown/scripts.inc:1585: Error: value of 0001824f too large for field of 2 bytes at 000183d2
data/maps/LittlerootTown/scripts.inc:1597: Error: value of 0001824f too large for field of 2 bytes at 000183ee
make: *** [Makefile:524: build/emerald/data/event_scripts.o] Error 1
make: *** Waiting for unfinished jobs....
