data/
data/battle_anim_scripts.s
data/battle_scripts_1.s
data/battle_scripts_2.s
data/contest_ai_scripts.s
data/event_scripts.s
data/field_effect_scripts.s
data/layouts
data/layouts/.gitignore
data/layouts/AbandonedShip_CaptainsOffice
data/layouts/AbandonedShip_CaptainsOffice/border.bin
data/layouts/AbandonedShip_CaptainsOffice/map.bin
data/layouts/AbandonedShip_Corridors_1F
data/layouts/AbandonedShip_Corridors_1F/border.bin
data/layouts/AbandonedShip_Corridors_1F/map.bin
data/layouts/AbandonedShip_Corridors_B1F
data/layouts/AbandonedShip_Corridors_B1F/border.bin
data/layouts/AbandonedShip_Corridors_B1F/map.bin
data/layouts/AbandonedShip_Deck
data/layouts/AbandonedShip_Deck/border.bin
data/layouts/AbandonedShip_Deck/map.bin
data/layouts/AbandonedShip_HiddenFloorCorridors
data/layouts/AbandonedShip_HiddenFloorCorridors/border.bin
data/layouts/AbandonedShip_HiddenFloorCorridors/map.bin
data/layouts/AbandonedShip_HiddenFloorRooms
data/layouts/AbandonedShip_HiddenFloorRooms/border.bin
data/layouts/AbandonedShip_HiddenFloorRooms/map.bin
data/layouts/AbandonedShip_Rooms2_1F
data/layouts/AbandonedShip_Rooms2_1F/border.bin
data/layouts/AbandonedShip_Rooms2_1F/map.bin
data/layouts/AbandonedShip_Rooms2_B1F
data/layouts/AbandonedShip_Rooms2_B1F/border.bin
data/layouts/AbandonedShip_Rooms2_B1F/map.bin
data/layouts/AbandonedShip_Rooms_1F
data/layouts/AbandonedShip_Rooms_1F/border.bin
data/layouts/AbandonedShip_Rooms_1F/map.bin
data/layouts/AbandonedShip_Rooms_B1F
data/layouts/AbandonedShip_Rooms_B1F/border.bin
data/layouts/AbandonedShip_Rooms_B1F/map.bin
data/layouts/AbandonedShip_Room_B1F
data/layouts/AbandonedShip_Room_B1F/border.bin
data/layouts/AbandonedShip_Room_B1F/map.bin
data/layouts/AbandonedShip_Underwater1
data/layouts/AbandonedShip_Underwater1/border.bin
data/layouts/AbandonedShip_Underwater1/map.bin
data/layouts/AbandonedShip_Underwater2
data/layouts/AbandonedShip_Underwater2/border.bin
data/layouts/AbandonedShip_Underwater2/map.bin
data/layouts/AlteringCave
data/layouts/AlteringCave/border.bin
data/layouts/AlteringCave/map.bin
data/layouts/AncientTomb
data/layouts/AncientTomb/border.bin
data/layouts/AncientTomb/map.bin
data/layouts/AquaHideout_1F
data/layouts/AquaHideout_1F/border.bin
data/layouts/AquaHideout_1F/map.bin
data/layouts/AquaHideout_B1F
data/layouts/AquaHideout_B1F/border.bin
data/layouts/AquaHideout_B1F/map.bin
data/layouts/AquaHideout_B2F
data/layouts/AquaHideout_B2F/border.bin
data/layouts/AquaHideout_B2F/map.bin
data/layouts/AquaHideout_UnusedRubyMap1
data/layouts/AquaHideout_UnusedRubyMap1/border.bin
data/layouts/AquaHideout_UnusedRubyMap1/map.bin
data/layouts/AquaHideout_UnusedRubyMap2
data/layouts/AquaHideout_UnusedRubyMap2/border.bin
data/layouts/AquaHideout_UnusedRubyMap2/map.bin
data/layouts/AquaHideout_UnusedRubyMap3
data/layouts/AquaHideout_UnusedRubyMap3/border.bin
data/layouts/AquaHideout_UnusedRubyMap3/map.bin
data/layouts/ArtisanCave_1F
data/layouts/ArtisanCave_1F/border.bin
data/layouts/ArtisanCave_1F/map.bin
data/layouts/ArtisanCave_B1F
data/layouts/ArtisanCave_B1F/border.bin
data/layouts/ArtisanCave_B1F/map.bin
data/layouts/BattleColosseum_2P
data/layouts/BattleColosseum_2P/border.bin
data/layouts/BattleColosseum_2P/map.bin
data/layouts/BattleColosseum_2P_Frlg
data/layouts/BattleColosseum_2P_Frlg/border.bin
data/layouts/BattleColosseum_2P_Frlg/map.bin
data/layouts/BattleColosseum_4P
data/layouts/BattleColosseum_4P/border.bin
data/layouts/BattleColosseum_4P/map.bin
data/layouts/BattleColosseum_4P_Frlg
data/layouts/BattleColosseum_4P_Frlg/border.bin
data/layouts/BattleColosseum_4P_Frlg/map.bin
data/layouts/BattleElevator
data/layouts/BattleElevator/border.bin
data/layouts/BattleElevator/map.bin
data/layouts/BattleFrontier_BattleArenaBattleRoom
data/layouts/BattleFrontier_BattleArenaBattleRoom/border.bin
data/layouts/BattleFrontier_BattleArenaBattleRoom/map.bin
data/layouts/BattleFrontier_BattleArenaCorridor
data/layouts/BattleFrontier_BattleArenaCorridor/border.bin
data/layouts/BattleFrontier_BattleArenaCorridor/map.bin
data/layouts/BattleFrontier_BattleArenaLobby
data/layouts/BattleFrontier_BattleArenaLobby/border.bin
data/layouts/BattleFrontier_BattleArenaLobby/map.bin
data/layouts/BattleFrontier_BattleDomeBattleRoom
data/layouts/BattleFrontier_BattleDomeBattleRoom/border.bin
data/layouts/BattleFrontier_BattleDomeBattleRoom/map.bin
data/layouts/BattleFrontier_BattleDomeCorridor
data/layouts/BattleFrontier_BattleDomeCorridor/border.bin
data/layouts/BattleFrontier_BattleDomeCorridor/map.bin
data/layouts/BattleFrontier_BattleDomeLobby
data/layouts/BattleFrontier_BattleDomeLobby/border.bin
data/layouts/BattleFrontier_BattleDomeLobby/map.bin
data/layouts/BattleFrontier_BattleDomePreBattleRoom
data/layouts/BattleFrontier_BattleDomePreBattleRoom/border.bin
data/layouts/BattleFrontier_BattleDomePreBattleRoom/map.bin
data/layouts/BattleFrontier_BattleFactoryBattleRoom
data/layouts/BattleFrontier_BattleFactoryBattleRoom/border.bin
data/layouts/BattleFrontier_BattleFactoryBattleRoom/map.bin
data/layouts/BattleFrontier_BattleFactoryLobby
data/layouts/BattleFrontier_BattleFactoryLobby/border.bin
data/layouts/BattleFrontier_BattleFactoryLobby/map.bin
data/layouts/BattleFrontier_BattleFactoryPreBattleRoom
data/layouts/BattleFrontier_BattleFactoryPreBattleRoom/border.bin
data/layouts/BattleFrontier_BattleFactoryPreBattleRoom/map.bin
data/layouts/BattleFrontier_BattlePalaceBattleRoom
data/layouts/BattleFrontier_BattlePalaceBattleRoom/border.bin
data/layouts/BattleFrontier_BattlePalaceBattleRoom/map.bin
data/layouts/BattleFrontier_BattlePalaceCorridor
data/layouts/BattleFrontier_BattlePalaceCorridor/border.bin
data/layouts/BattleFrontier_BattlePalaceCorridor/map.bin
data/layouts/BattleFrontier_BattlePalaceLobby
data/layouts/BattleFrontier_BattlePalaceLobby/border.bin
data/layouts/BattleFrontier_BattlePalaceLobby/map.bin
data/layouts/BattleFrontier_BattlePikeCorridor
data/layouts/BattleFrontier_BattlePikeCorridor/border.bin
data/layouts/BattleFrontier_BattlePikeCorridor/map.bin
data/layouts/BattleFrontier_BattlePikeLobby
data/layouts/BattleFrontier_BattlePikeLobby/border.bin
data/layouts/BattleFrontier_BattlePikeLobby/map.bin
data/layouts/BattleFrontier_BattlePikeRoomFinal
data/layouts/BattleFrontier_BattlePikeRoomFinal/border.bin
data/layouts/BattleFrontier_BattlePikeRoomFinal/map.bin
data/layouts/BattleFrontier_BattlePikeRoomNormal
data/layouts/BattleFrontier_BattlePikeRoomNormal/border.bin
data/layouts/BattleFrontier_BattlePikeRoomNormal/map.bin
data/layouts/BattleFrontier_BattlePikeRoomUnused
data/layouts/BattleFrontier_BattlePikeRoomUnused/border.bin
data/layouts/BattleFrontier_BattlePikeRoomUnused/map.bin
data/layouts/BattleFrontier_BattlePikeRoomWildMons
data/layouts/BattleFrontier_BattlePikeRoomWildMons/border.bin
data/layouts/BattleFrontier_BattlePikeRoomWildMons/map.bin
data/layouts/BattleFrontier_BattlePikeThreePathRoom
data/layouts/BattleFrontier_BattlePikeThreePathRoom/border.bin
data/layouts/BattleFrontier_BattlePikeThreePathRoom/map.bin
data/layouts/BattleFrontier_BattlePyramidFloor
data/layouts/BattleFrontier_BattlePyramidFloor/border.bin
data/layouts/BattleFrontier_BattlePyramidFloor/map.bin
data/layouts/BattleFrontier_BattlePyramidLobby
data/layouts/BattleFrontier_BattlePyramidLobby/border.bin
data/layouts/BattleFrontier_BattlePyramidLobby/map.bin
data/layouts/BattleFrontier_BattlePyramidTop
data/layouts/BattleFrontier_BattlePyramidTop/border.bin
data/layouts/BattleFrontier_BattlePyramidTop/map.bin
data/layouts/BattleFrontier_BattleTowerBattleRoom
data/layouts/BattleFrontier_BattleTowerBattleRoom/border.bin
data/layouts/BattleFrontier_BattleTowerBattleRoom/map.bin
data/layouts/BattleFrontier_BattleTowerCorridor
data/layouts/BattleFrontier_BattleTowerCorridor/border.bin
data/layouts/BattleFrontier_BattleTowerCorridor/map.bin
data/layouts/BattleFrontier_BattleTowerLobby
data/layouts/BattleFrontier_BattleTowerLobby/border.bin
data/layouts/BattleFrontier_BattleTowerLobby/map.bin
data/layouts/BattleFrontier_BattleTowerMultiCorridor
data/layouts/BattleFrontier_BattleTowerMultiCorridor/border.bin
data/layouts/BattleFrontier_BattleTowerMultiCorridor/map.bin
data/layouts/BattleFrontier_BattleTowerMultiPartnerRoom
data/layouts/BattleFrontier_BattleTowerMultiPartnerRoom/border.bin
data/layouts/BattleFrontier_BattleTowerMultiPartnerRoom/map.bin
data/layouts/BattleFrontier_ExchangeServiceCorner
data/layouts/BattleFrontier_ExchangeServiceCorner/border.bin
data/layouts/BattleFrontier_ExchangeServiceCorner/map.bin
data/layouts/BattleFrontier_Lounge1
data/layouts/BattleFrontier_Lounge1/border.bin
data/layouts/BattleFrontier_Lounge1/map.bin
data/layouts/BattleFrontier_Lounge2
data/layouts/BattleFrontier_Lounge2/border.bin
data/layouts/BattleFrontier_Lounge2/map.bin
data/layouts/BattleFrontier_OutsideEast
data/layouts/BattleFrontier_OutsideEast/border.bin
data/layouts/BattleFrontier_OutsideEast/map.bin
data/layouts/BattleFrontier_OutsideWest
data/layouts/BattleFrontier_OutsideWest/border.bin
data/layouts/BattleFrontier_OutsideWest/map.bin
data/layouts/BattleFrontier_RankingHall
data/layouts/BattleFrontier_RankingHall/border.bin
data/layouts/BattleFrontier_RankingHall/map.bin
data/layouts/BattleFrontier_ReceptionGate
data/layouts/BattleFrontier_ReceptionGate/border.bin
data/layouts/BattleFrontier_ReceptionGate/map.bin
data/layouts/BattleFrontier_ScottsHouse
data/layouts/BattleFrontier_ScottsHouse/border.bin
data/layouts/BattleFrontier_ScottsHouse/map.bin
data/layouts/BattlePyramidSquare01
data/layouts/BattlePyramidSquare01/border.bin
data/layouts/BattlePyramidSquare01/map.bin
data/layouts/BattlePyramidSquare02
data/layouts/BattlePyramidSquare02/border.bin
data/layouts/BattlePyramidSquare02/map.bin
data/layouts/BattlePyramidSquare03
data/layouts/BattlePyramidSquare03/border.bin
data/layouts/BattlePyramidSquare03/map.bin
data/layouts/BattlePyramidSquare04
data/layouts/BattlePyramidSquare04/border.bin
data/layouts/BattlePyramidSquare04/map.bin
data/layouts/BattlePyramidSquare05
data/layouts/BattlePyramidSquare05/border.bin
data/layouts/BattlePyramidSquare05/map.bin
data/layouts/BattlePyramidSquare06
data/layouts/BattlePyramidSquare06/border.bin
data/layouts/BattlePyramidSquare06/map.bin
data/layouts/BattlePyramidSquare07
data/layouts/BattlePyramidSquare07/border.bin
data/layouts/BattlePyramidSquare07/map.bin
data/layouts/BattlePyramidSquare08
data/layouts/BattlePyramidSquare08/border.bin
data/layouts/BattlePyramidSquare08/map.bin
data/layouts/BattlePyramidSquare09
data/layouts/BattlePyramidSquare09/border.bin
data/layouts/BattlePyramidSquare09/map.bin
data/layouts/BattlePyramidSquare10
data/layouts/BattlePyramidSquare10/border.bin
data/layouts/BattlePyramidSquare10/map.bin
data/layouts/BattlePyramidSquare11
data/layouts/BattlePyramidSquare11/border.bin
data/layouts/BattlePyramidSquare11/map.bin
data/layouts/BattlePyramidSquare12
data/layouts/BattlePyramidSquare12/border.bin
data/layouts/BattlePyramidSquare12/map.bin
data/layouts/BattlePyramidSquare13
data/layouts/BattlePyramidSquare13/border.bin
data/layouts/BattlePyramidSquare13/map.bin
data/layouts/BattlePyramidSquare14
data/layouts/BattlePyramidSquare14/border.bin
data/layouts/BattlePyramidSquare14/map.bin
data/layouts/BattlePyramidSquare15
data/layouts/BattlePyramidSquare15/border.bin
data/layouts/BattlePyramidSquare15/map.bin
data/layouts/BattlePyramidSquare16
data/layouts/BattlePyramidSquare16/border.bin
data/layouts/BattlePyramidSquare16/map.bin
data/layouts/BattleTentBattleRoom
data/layouts/BattleTentBattleRoom/border.bin
data/layouts/BattleTentBattleRoom/map.bin
data/layouts/BattleTentCorridor
data/layouts/BattleTentCorridor/border.bin
data/layouts/BattleTentCorridor/map.bin
data/layouts/BattleTentLobby
data/layouts/BattleTentLobby/border.bin
data/layouts/BattleTentLobby/map.bin
data/layouts/BirthIsland_Exterior
data/layouts/BirthIsland_Exterior/border.bin
data/layouts/BirthIsland_Exterior/map.bin
data/layouts/BirthIsland_Exterior_Frlg
data/layouts/BirthIsland_Exterior_Frlg/border.bin
data/layouts/BirthIsland_Exterior_Frlg/map.bin
data/layouts/CableCarStation
data/layouts/CableCarStation/border.bin
data/layouts/CableCarStation/map.bin
data/layouts/CaveOfOrigin_1F
data/layouts/CaveOfOrigin_1F/border.bin
data/layouts/CaveOfOrigin_1F/map.bin
data/layouts/CaveOfOrigin_B1F
data/layouts/CaveOfOrigin_B1F/border.bin
data/layouts/CaveOfOrigin_B1F/map.bin
data/layouts/CaveOfOrigin_Entrance
data/layouts/CaveOfOrigin_Entrance/border.bin
data/layouts/CaveOfOrigin_Entrance/map.bin
data/layouts/CaveOfOrigin_UnusedRubySapphireMap1
data/layouts/CaveOfOrigin_UnusedRubySapphireMap1/border.bin
data/layouts/CaveOfOrigin_UnusedRubySapphireMap1/map.bin
data/layouts/CaveOfOrigin_UnusedRubySapphireMap2
data/layouts/CaveOfOrigin_UnusedRubySapphireMap2/border.bin
data/layouts/CaveOfOrigin_UnusedRubySapphireMap2/map.bin
data/layouts/CaveOfOrigin_UnusedRubySapphireMap3
data/layouts/CaveOfOrigin_UnusedRubySapphireMap3/border.bin
data/layouts/CaveOfOrigin_UnusedRubySapphireMap3/map.bin
data/layouts/CaveOfOrigin_Unused_B4F_Lava
data/layouts/CaveOfOrigin_Unused_B4F_Lava/border.bin
data/layouts/CaveOfOrigin_Unused_B4F_Lava/map.bin
data/layouts/CeladonCity_Condominiums_1F_Frlg
data/layouts/CeladonCity_Condominiums_1F_Frlg/border.bin
data/layouts/CeladonCity_Condominiums_1F_Frlg/map.bin
data/layouts/CeladonCity_Condominiums_2F_Frlg
data/layouts/CeladonCity_Condominiums_2F_Frlg/border.bin
data/layouts/CeladonCity_Condominiums_2F_Frlg/map.bin
data/layouts/CeladonCity_Condominiums_3F_Frlg
data/layouts/CeladonCity_Condominiums_3F_Frlg/border.bin
data/layouts/CeladonCity_Condominiums_3F_Frlg/map.bin
data/layouts/CeladonCity_Condominiums_RoofRoom_Frlg
data/layouts/CeladonCity_Condominiums_RoofRoom_Frlg/border.bin
data/layouts/CeladonCity_Condominiums_RoofRoom_Frlg/map.bin
data/layouts/CeladonCity_Condominiums_Roof_Frlg
data/layouts/CeladonCity_Condominiums_Roof_Frlg/border.bin
data/layouts/CeladonCity_Condominiums_Roof_Frlg/map.bin
data/layouts/CeladonCity_DepartmentStore_1F_Frlg
data/layouts/CeladonCity_DepartmentStore_1F_Frlg/border.bin
data/layouts/CeladonCity_DepartmentStore_1F_Frlg/map.bin
data/layouts/CeladonCity_DepartmentStore_2F_Frlg
data/layouts/CeladonCity_DepartmentStore_2F_Frlg/border.bin
data/layouts/CeladonCity_DepartmentStore_2F_Frlg/map.bin
data/layouts/CeladonCity_DepartmentStore_3F_Frlg
data/layouts/CeladonCity_DepartmentStore_3F_Frlg/border.bin
data/layouts/CeladonCity_DepartmentStore_3F_Frlg/map.bin
data/layouts/CeladonCity_DepartmentStore_4F_Frlg
data/layouts/CeladonCity_DepartmentStore_4F_Frlg/border.bin
data/layouts/CeladonCity_DepartmentStore_4F_Frlg/map.bin
data/layouts/CeladonCity_DepartmentStore_5F_Frlg
data/layouts/CeladonCity_DepartmentStore_5F_Frlg/border.bin
data/layouts/CeladonCity_DepartmentStore_5F_Frlg/map.bin
data/layouts/CeladonCity_DepartmentStore_Elevator_Frlg
data/layouts/CeladonCity_DepartmentStore_Elevator_Frlg/border.bin
data/layouts/CeladonCity_DepartmentStore_Elevator_Frlg/map.bin
data/layouts/CeladonCity_DepartmentStore_Roof_Frlg
data/layouts/CeladonCity_DepartmentStore_Roof_Frlg/border.bin
data/layouts/CeladonCity_DepartmentStore_Roof_Frlg/map.bin
data/layouts/CeladonCity_Frlg
data/layouts/CeladonCity_Frlg/border.bin
data/layouts/CeladonCity_Frlg/map.bin
data/layouts/CeladonCity_GameCorner_Frlg
data/layouts/CeladonCity_GameCorner_Frlg/border.bin
data/layouts/CeladonCity_GameCorner_Frlg/map.bin
data/layouts/CeladonCity_GameCorner_PrizeRoom_Frlg
data/layouts/CeladonCity_GameCorner_PrizeRoom_Frlg/border.bin
data/layouts/CeladonCity_GameCorner_PrizeRoom_Frlg/map.bin
data/layouts/CeladonCity_Gym_Frlg
data/layouts/CeladonCity_Gym_Frlg/border.bin
data/layouts/CeladonCity_Gym_Frlg/map.bin
data/layouts/CeladonCity_Hotel_Duplicate_Frlg
data/layouts/CeladonCity_Hotel_Duplicate_Frlg/border.bin
data/layouts/CeladonCity_Hotel_Duplicate_Frlg/map.bin
data/layouts/CeladonCity_Hotel_Frlg
data/layouts/CeladonCity_Hotel_Frlg/border.bin
data/layouts/CeladonCity_Hotel_Frlg/map.bin
data/layouts/CeladonCity_Restaurant_Duplicate_Frlg
data/layouts/CeladonCity_Restaurant_Duplicate_Frlg/border.bin
data/layouts/CeladonCity_Restaurant_Duplicate_Frlg/map.bin
data/layouts/CeladonCity_Restaurant_Frlg
data/layouts/CeladonCity_Restaurant_Frlg/border.bin
data/layouts/CeladonCity_Restaurant_Frlg/map.bin
data/layouts/CeruleanCave_1F_Frlg
data/layouts/CeruleanCave_1F_Frlg/border.bin
data/layouts/CeruleanCave_1F_Frlg/map.bin
data/layouts/CeruleanCave_2F_Frlg
data/layouts/CeruleanCave_2F_Frlg/border.bin
data/layouts/CeruleanCave_2F_Frlg/map.bin
data/layouts/CeruleanCave_B1F_Frlg
data/layouts/CeruleanCave_B1F_Frlg/border.bin
data/layouts/CeruleanCave_B1F_Frlg/map.bin
data/layouts/CeruleanCity_BikeShop_Frlg
data/layouts/CeruleanCity_BikeShop_Frlg/border.bin
data/layouts/CeruleanCity_BikeShop_Frlg/map.bin
data/layouts/CeruleanCity_Frlg
data/layouts/CeruleanCity_Frlg/border.bin
data/layouts/CeruleanCity_Frlg/map.bin
data/layouts/CeruleanCity_Gym_Frlg
data/layouts/CeruleanCity_Gym_Frlg/border.bin
data/layouts/CeruleanCity_Gym_Frlg/map.bin
data/layouts/CeruleanCity_House1_Frlg
data/layouts/CeruleanCity_House1_Frlg/border.bin
data/layouts/CeruleanCity_House1_Frlg/map.bin
data/layouts/CeruleanCity_House2_Frlg
data/layouts/CeruleanCity_House2_Frlg/border.bin
data/layouts/CeruleanCity_House2_Frlg/map.bin
data/layouts/CeruleanCity_House5_Frlg
data/layouts/CeruleanCity_House5_Frlg/border.bin
data/layouts/CeruleanCity_House5_Frlg/map.bin
data/layouts/CinnabarIsland_Frlg
data/layouts/CinnabarIsland_Frlg/border.bin
data/layouts/CinnabarIsland_Frlg/map.bin
data/layouts/CinnabarIsland_Gym_Frlg
data/layouts/CinnabarIsland_Gym_Frlg/border.bin
data/layouts/CinnabarIsland_Gym_Frlg/map.bin
data/layouts/CinnabarIsland_PokemonLab_Entrance_Frlg
data/layouts/CinnabarIsland_PokemonLab_Entrance_Frlg/border.bin
data/layouts/CinnabarIsland_PokemonLab_Entrance_Frlg/map.bin
data/layouts/CinnabarIsland_PokemonLab_ExperimentRoom_Frlg
data/layouts/CinnabarIsland_PokemonLab_ExperimentRoom_Frlg/border.bin
data/layouts/CinnabarIsland_PokemonLab_ExperimentRoom_Frlg/map.bin
data/layouts/CinnabarIsland_PokemonLab_Lounge_Frlg
data/layouts/CinnabarIsland_PokemonLab_Lounge_Frlg/border.bin
data/layouts/CinnabarIsland_PokemonLab_Lounge_Frlg/map.bin
data/layouts/CinnabarIsland_PokemonLab_ResearchRoom_Frlg
data/layouts/CinnabarIsland_PokemonLab_ResearchRoom_Frlg/border.bin
data/layouts/CinnabarIsland_PokemonLab_ResearchRoom_Frlg/map.bin
data/layouts/ContestHall
data/layouts/ContestHall/border.bin
data/layouts/ContestHall/map.bin
data/layouts/ContestHallBeauty
data/layouts/ContestHallBeauty/border.bin
data/layouts/ContestHallBeauty/map.bin
data/layouts/ContestHallCool
data/layouts/ContestHallCool/border.bin
data/layouts/ContestHallCool/map.bin
data/layouts/ContestHallCute
data/layouts/ContestHallCute/border.bin
data/layouts/ContestHallCute/map.bin
data/layouts/ContestHallSmart
data/layouts/ContestHallSmart/border.bin
data/layouts/ContestHallSmart/map.bin
data/layouts/ContestHallTough
data/layouts/ContestHallTough/border.bin
data/layouts/ContestHallTough/map.bin
data/layouts/DesertRuins
data/layouts/DesertRuins/border.bin
data/layouts/DesertRuins/map.bin
data/layouts/DesertUnderpass
data/layouts/DesertUnderpass/border.bin
data/layouts/DesertUnderpass/map.bin
data/layouts/DewfordTown
data/layouts/DewfordTown/border.bin
data/layouts/DewfordTown/map.bin
data/layouts/DewfordTown_Gym
data/layouts/DewfordTown_Gym/border.bin
data/layouts/DewfordTown_Gym/map.bin
data/layouts/DewfordTown_Hall
data/layouts/DewfordTown_Hall/border.bin
data/layouts/DewfordTown_Hall/map.bin
data/layouts/DiglettsCave_B1F_Frlg
data/layouts/DiglettsCave_B1F_Frlg/border.bin
data/layouts/DiglettsCave_B1F_Frlg/map.bin
data/layouts/DiglettsCave_NorthEntrance_Frlg
data/layouts/DiglettsCave_NorthEntrance_Frlg/border.bin
data/layouts/DiglettsCave_NorthEntrance_Frlg/map.bin
data/layouts/DiglettsCave_SouthEntrance_Frlg
data/layouts/DiglettsCave_SouthEntrance_Frlg/border.bin
data/layouts/DiglettsCave_SouthEntrance_Frlg/map.bin
data/layouts/Entrance_1F_Frlg
data/layouts/Entrance_1F_Frlg/border.bin
data/layouts/Entrance_1F_Frlg/map.bin
data/layouts/Entrance_2F_Frlg
data/layouts/Entrance_2F_Frlg/border.bin
data/layouts/Entrance_2F_Frlg/map.bin
data/layouts/EverGrandeCity
data/layouts/EverGrandeCity/border.bin
data/layouts/EverGrandeCity/map.bin
data/layouts/EverGrandeCity_ChampionsRoom
data/layouts/EverGrandeCity_ChampionsRoom/border.bin
data/layouts/EverGrandeCity_ChampionsRoom/map.bin
data/layouts/EverGrandeCity_DrakesRoom
data/layouts/EverGrandeCity_DrakesRoom/border.bin
data/layouts/EverGrandeCity_DrakesRoom/map.bin
data/layouts/EverGrandeCity_GlaciasRoom
data/layouts/EverGrandeCity_GlaciasRoom/border.bin
data/layouts/EverGrandeCity_GlaciasRoom/map.bin
data/layouts/EverGrandeCity_Hall4
data/layouts/EverGrandeCity_Hall4/border.bin
data/layouts/EverGrandeCity_Hall4/map.bin
data/layouts/EverGrandeCity_HallOfFame
data/layouts/EverGrandeCity_HallOfFame/border.bin
data/layouts/EverGrandeCity_HallOfFame/map.bin
data/layouts/EverGrandeCity_HallOfFame_Frlg
data/layouts/EverGrandeCity_HallOfFame_Frlg/border.bin
data/layouts/EverGrandeCity_HallOfFame_Frlg/map.bin
data/layouts/EverGrandeCity_PhoebesRoom
data/layouts/EverGrandeCity_PhoebesRoom/border.bin
data/layouts/EverGrandeCity_PhoebesRoom/map.bin
data/layouts/EverGrandeCity_PokemonLeague_1F
data/layouts/EverGrandeCity_PokemonLeague_1F/border.bin
data/layouts/EverGrandeCity_PokemonLeague_1F/map.bin
data/layouts/EverGrandeCity_ShortHall
data/layouts/EverGrandeCity_ShortHall/border.bin
data/layouts/EverGrandeCity_ShortHall/map.bin
data/layouts/EverGrandeCity_SidneysRoom
data/layouts/EverGrandeCity_SidneysRoom/border.bin
data/layouts/EverGrandeCity_SidneysRoom/map.bin
data/layouts/FallarborTown
data/layouts/FallarborTown/border.bin
data/layouts/FallarborTown/map.bin
data/layouts/FallarborTown_LeftoverRSContestHall
data/layouts/FallarborTown_LeftoverRSContestHall/border.bin
data/layouts/FallarborTown_LeftoverRSContestHall/map.bin
data/layouts/FallarborTown_LeftoverRSContestLobby
data/layouts/FallarborTown_LeftoverRSContestLobby/border.bin
data/layouts/FallarborTown_LeftoverRSContestLobby/map.bin
data/layouts/FarawayIsland_Entrance
data/layouts/FarawayIsland_Entrance/border.bin
data/layouts/FarawayIsland_Entrance/map.bin
data/layouts/FarawayIsland_Interior
data/layouts/FarawayIsland_Interior/border.bin
data/layouts/FarawayIsland_Interior/map.bin
data/layouts/FieryPath
data/layouts/FieryPath/border.bin
data/layouts/FieryPath/map.bin
data/layouts/FiveIsland_Frlg
data/layouts/FiveIsland_Frlg/border.bin
data/layouts/FiveIsland_Frlg/map.bin
data/layouts/FiveIsland_LostCave_Entrance_Frlg
data/layouts/FiveIsland_LostCave_Entrance_Frlg/border.bin
data/layouts/FiveIsland_LostCave_Entrance_Frlg/map.bin
data/layouts/FiveIsland_LostCave_Room10_Frlg
data/layouts/FiveIsland_LostCave_Room10_Frlg/border.bin
data/layouts/FiveIsland_LostCave_Room10_Frlg/map.bin
data/layouts/FiveIsland_LostCave_Room11_Frlg
data/layouts/FiveIsland_LostCave_Room11_Frlg/border.bin
data/layouts/FiveIsland_LostCave_Room11_Frlg/map.bin
data/layouts/FiveIsland_LostCave_Room12_Frlg
data/layouts/FiveIsland_LostCave_Room12_Frlg/border.bin
data/layouts/FiveIsland_LostCave_Room12_Frlg/map.bin
data/layouts/FiveIsland_LostCave_Room13_Frlg
data/layouts/FiveIsland_LostCave_Room13_Frlg/border.bin
data/layouts/FiveIsland_LostCave_Room13_Frlg/map.bin
data/layouts/FiveIsland_LostCave_Room14_Frlg
data/layouts/FiveIsland_LostCave_Room14_Frlg/border.bin
data/layouts/FiveIsland_LostCave_Room14_Frlg/map.bin
data/layouts/FiveIsland_LostCave_Room1_Frlg
data/layouts/FiveIsland_Lo